Log file created at: 2020/05/26 16:21:37
Running on machine: ai06
Log line format: [IWEF]mmdd hh:mm:ss.uuuuuu threadid file:line] msg
I0526 16:21:37.368166 106332 util.h:71] NewGlobal N7oneflow7EnvDescE
I0526 16:21:37.373607 106332 util.h:71] NewGlobal N7oneflow10CtrlServerE
I0526 16:21:37.385293 106332 ctrl_server.cpp:39] CtrlServer listening on 0.0.0.0:9789
I0526 16:21:37.385380 106332 util.h:71] NewGlobal N7oneflow10CtrlClientE
I0526 16:21:37.386427 106332 ctrl_client.cpp:187] LoadServer 127.0.0.1 Successful at 0 times
I0526 16:21:37.386494 106332 util.h:71] NewGlobal N7oneflow10MachineCtxE
I0526 16:21:37.386512 106332 machine_context.cpp:16] this machine id: 0
I0526 16:21:37.402523 106332 util.h:71] NewGlobal N7oneflow12ResourceDescE
I0526 16:21:37.402539 106332 util.h:71] NewGlobal N7oneflow6IOConfE
I0526 16:21:37.402544 106332 util.h:71] NewGlobal N7oneflow12ProfilerConfE
I0526 16:21:37.402549 106332 util.h:71] NewGlobal N7oneflow5IDMgrE
I0526 16:21:37.494832 106332 util.h:71] NewGlobal N7oneflow16AvailableMemDescE
I0526 16:21:37.495082 106332 util.h:71] NewGlobal St13unordered_mapISslSt4hashISsESt8equal_toISsESaISt4pairIKSslEEE
I0526 16:21:37.495101 106332 util.h:71] NewGlobal N7oneflow19CriticalSectionDescE
I0526 16:21:37.495110 106332 util.h:71] NewGlobal N7oneflow16InterUserJobInfoE
I0526 16:21:37.495121 106332 util.h:71] NewGlobal N7oneflow22JobBuildAndInferCtxMgrE
I0526 16:21:37.495131 106332 util.h:71] NewGlobal N7oneflow18LbiDiffWatcherInfoE
I0526 16:21:37.495141 106332 util.h:71] NewGlobal N7oneflow16JobSetCompileCtxE
I0526 16:21:37.495151 106332 util.h:71] NewGlobal N7oneflow26RuntimeBufferManagersScopeE
I0526 16:21:37.495159 106332 util.h:71] NewGlobal N7oneflow9BufferMgrIlEE
I0526 16:21:37.495167 106332 util.h:71] NewGlobal N7oneflow9BufferMgrISt10shared_ptrINS_18ForeignJobInstanceEEEE
I0526 16:21:37.498755 106332 oneflow_internal_helper.h:79] NewGlobal N7oneflow25SessionGlobalObjectsScopeE
I0526 16:21:37.500973 106332 util.h:71] NewGlobal N7oneflow7JobDescE
I0526 16:21:37.501000 106332 job_desc.cpp:90] Set piece_num_of_experiment_phase 19
I0526 16:21:38.156798 106332 util.h:76] DeleteGlobal N7oneflow7JobDescE
I0526 16:21:38.156826 106332 util.h:71] NewGlobal N7oneflow7JobDescE
I0526 16:21:38.156836 106332 job_desc.cpp:90] Set piece_num_of_experiment_phase 19
I0526 16:21:40.445129 106332 util.h:76] DeleteGlobal N7oneflow7JobDescE
I0526 16:21:40.451632 106332 util.h:71] NewGlobal N7oneflow24InterJobReuseMemStrategyE
I0526 16:21:40.451656 106332 util.h:71] NewGlobal N7oneflow7OneflowE
I0526 16:21:40.459693 106332 job_desc.cpp:90] Set piece_num_of_experiment_phase 19
I0526 16:21:40.462915 106332 job_desc.cpp:90] Set piece_num_of_experiment_phase 19
I0526 16:21:40.465179 106332 job_desc.cpp:90] Set piece_num_of_experiment_phase 19
I0526 16:21:40.466521 106332 job_desc.cpp:90] Set piece_num_of_experiment_phase 19
I0526 16:21:40.466534 106332 job_desc.cpp:90] Set piece_num_of_experiment_phase 19
I0526 16:21:40.466539 106332 job_desc.cpp:90] Set piece_num_of_experiment_phase 19
I0526 16:21:40.466544 106332 job_desc.cpp:90] Set piece_num_of_experiment_phase 19
I0526 16:21:40.468418 106332 util.h:71] NewGlobal N7oneflow7JobDescE
I0526 16:21:40.468431 106332 job_desc.cpp:90] Set piece_num_of_experiment_phase 19
I0526 16:21:41.268317 106332 util.h:71] NewGlobal N7oneflow7OpGraphE
I0526 16:21:41.515156 106332 util.h:76] DeleteGlobal N7oneflow7OpGraphE
I0526 16:21:41.548141 106332 oneflow.cpp:137] compile time: 1.06648e+09
I0526 16:21:41.641729 106332 oneflow.cpp:144] push_pull_plan:1.16755e+09
I0526 16:21:41.652325 106332 oneflow.cpp:168] compile and improve time: 1.18388e+09
I0526 16:21:41.676021 106332 util.h:76] DeleteGlobal N7oneflow7JobDescE
I0526 16:21:41.676067 106332 util.h:71] NewGlobal N7oneflow7JobDescE
I0526 16:21:41.676082 106332 job_desc.cpp:90] Set piece_num_of_experiment_phase 19
I0526 16:21:42.059958 106332 util.h:71] NewGlobal N7oneflow7OpGraphE
I0526 16:21:42.228930 106332 util.h:76] DeleteGlobal N7oneflow7OpGraphE
I0526 16:21:42.251232 106332 oneflow.cpp:137] compile time: 5.66121e+08
I0526 16:21:42.333662 106332 oneflow.cpp:144] push_pull_plan:6.53988e+08
I0526 16:21:42.354421 106332 oneflow.cpp:168] compile and improve time: 6.7832e+08
I0526 16:21:42.374272 106332 util.h:76] DeleteGlobal N7oneflow7JobDescE
I0526 16:21:42.374330 106332 util.h:71] NewGlobal N7oneflow7JobDescE
I0526 16:21:42.374425 106332 job_desc.cpp:90] Set piece_num_of_experiment_phase 19
I0526 16:21:42.739564 106332 util.h:71] NewGlobal N7oneflow7OpGraphE
I0526 16:21:42.885841 106332 util.h:76] DeleteGlobal N7oneflow7OpGraphE
I0526 16:21:42.905655 106332 oneflow.cpp:137] compile time: 5.23744e+08
I0526 16:21:42.985651 106332 oneflow.cpp:144] push_pull_plan:6.07812e+08
I0526 16:21:42.993389 106332 oneflow.cpp:168] compile and improve time: 6.18897e+08
I0526 16:21:43.007715 106332 util.h:76] DeleteGlobal N7oneflow7JobDescE
I0526 16:21:43.007789 106332 util.h:71] NewGlobal N7oneflow7JobDescE
I0526 16:21:43.007814 106332 job_desc.cpp:90] Set piece_num_of_experiment_phase 19
I0526 16:21:43.394251 106332 util.h:71] NewGlobal N7oneflow7OpGraphE
I0526 16:21:43.560863 106332 util.h:76] DeleteGlobal N7oneflow7OpGraphE
I0526 16:21:43.577136 106332 oneflow.cpp:137] compile time: 5.68995e+08
I0526 16:21:43.677047 106332 oneflow.cpp:144] push_pull_plan:6.65672e+08
I0526 16:21:43.686122 106332 oneflow.cpp:168] compile and improve time: 6.78285e+08
I0526 16:21:43.705076 106332 util.h:76] DeleteGlobal N7oneflow7JobDescE
I0526 16:21:43.705217 106332 util.h:71] NewGlobal N7oneflow7JobDescE
I0526 16:21:43.705313 106332 job_desc.cpp:90] Set piece_num_of_experiment_phase 19
I0526 16:21:43.713135 106332 util.h:71] NewGlobal N7oneflow7OpGraphE
I0526 16:21:43.717628 106332 util.h:76] DeleteGlobal N7oneflow7OpGraphE
I0526 16:21:43.718155 106332 oneflow.cpp:137] compile time: 1.26804e+07
I0526 16:21:43.719561 106332 oneflow.cpp:144] push_pull_plan:1.4154e+07
I0526 16:21:43.719807 106332 oneflow.cpp:168] compile and improve time: 1.44543e+07
I0526 16:21:43.720098 106332 util.h:76] DeleteGlobal N7oneflow7JobDescE
I0526 16:21:43.720125 106332 util.h:71] NewGlobal N7oneflow7JobDescE
I0526 16:21:43.720145 106332 job_desc.cpp:90] Set piece_num_of_experiment_phase 19
I0526 16:21:43.724618 106332 util.h:71] NewGlobal N7oneflow7OpGraphE
I0526 16:21:43.727429 106332 util.h:76] DeleteGlobal N7oneflow7OpGraphE
I0526 16:21:43.727744 106332 oneflow.cpp:137] compile time: 7.50362e+06
I0526 16:21:43.728859 106332 oneflow.cpp:144] push_pull_plan:8.6359e+06
I0526 16:21:43.729013 106332 oneflow.cpp:168] compile and improve time: 8.84634e+06
I0526 16:21:43.729199 106332 util.h:76] DeleteGlobal N7oneflow7JobDescE
I0526 16:21:43.729221 106332 util.h:71] NewGlobal N7oneflow7JobDescE
I0526 16:21:43.729230 106332 job_desc.cpp:90] Set piece_num_of_experiment_phase 19
I0526 16:21:43.732491 106332 util.h:71] NewGlobal N7oneflow7OpGraphE
I0526 16:21:43.734176 106332 util.h:76] DeleteGlobal N7oneflow7OpGraphE
I0526 16:21:43.734831 106332 oneflow.cpp:137] compile time: 5.4761e+06
I0526 16:21:43.736449 106332 oneflow.cpp:144] push_pull_plan:7.15008e+06
I0526 16:21:43.736717 106332 oneflow.cpp:168] compile and improve time: 7.4793e+06
I0526 16:21:43.737053 106332 util.h:76] DeleteGlobal N7oneflow7JobDescE
I0526 16:21:43.737072 106332 util.h:71] NewGlobal N7oneflow7JobDescE
I0526 16:21:43.737085 106332 job_desc.cpp:90] Set piece_num_of_experiment_phase 19
I0526 16:21:43.744267 106332 util.h:71] NewGlobal N7oneflow7OpGraphE
I0526 16:21:43.748286 106332 util.h:76] DeleteGlobal N7oneflow7OpGraphE
I0526 16:21:43.748787 106332 oneflow.cpp:137] compile time: 1.1586e+07
I0526 16:21:43.750257 106332 oneflow.cpp:144] push_pull_plan:1.3098e+07
I0526 16:21:43.750555 106332 oneflow.cpp:168] compile and improve time: 1.34556e+07
I0526 16:21:43.750916 106332 util.h:76] DeleteGlobal N7oneflow7JobDescE
I0526 16:21:43.750952 106332 util.h:71] NewGlobal N7oneflow7JobDescE
I0526 16:21:43.750978 106332 job_desc.cpp:90] Set piece_num_of_experiment_phase 19
I0526 16:21:43.758028 106332 util.h:71] NewGlobal N7oneflow7OpGraphE
I0526 16:21:43.760782 106332 util.h:76] DeleteGlobal N7oneflow7OpGraphE
I0526 16:21:43.761041 106332 oneflow.cpp:137] compile time: 9.9776e+06
I0526 16:21:43.762068 106332 oneflow.cpp:144] push_pull_plan:1.10277e+07
I0526 16:21:43.762499 106332 oneflow.cpp:168] compile and improve time: 1.14947e+07
I0526 16:21:43.762723 106332 util.h:76] DeleteGlobal N7oneflow7JobDescE
I0526 16:21:43.886081 106332 util.h:71] NewGlobal N7oneflow7JobDescE
I0526 16:21:43.886864 106332 job_desc.cpp:90] Set piece_num_of_experiment_phase 19
I0526 16:21:43.886886 106332 util.h:71] NewGlobal N7oneflow7OpGraphE
I0526 16:21:43.899492 106332 util.h:76] DeleteGlobal N7oneflow7OpGraphE
I0526 16:21:43.900343 106332 oneflow.cpp:137] compile time: 1.31927e+07
I0526 16:21:43.906042 106332 oneflow.cpp:144] push_pull_plan:1.87779e+07
I0526 16:21:43.906811 106332 oneflow.cpp:168] compile and improve time: 1.99235e+07
I0526 16:21:43.908027 106332 util.h:76] DeleteGlobal N7oneflow7JobDescE
I0526 16:21:44.433225 106332 util.h:71] NewGlobal N7oneflow10RuntimeCtxE
I0526 16:21:44.435667 106332 util.h:71] NewGlobal N7oneflow15MemoryAllocatorE
I0526 16:21:44.436101 106332 util.h:71] NewGlobal N7oneflow8RegstMgrE
I0526 16:21:45.103037 106332 util.h:71] NewGlobal N7oneflow11ActorMsgBusE
I0526 16:21:45.104557 106332 util.h:71] NewGlobal N7oneflow9ThreadMgrE
I0526 16:21:45.106739 106332 util.h:71] NewGlobal N7oneflow11NcclCommMgrE
I0526 16:21:45.106812 106332 util.h:71] NewGlobal N7oneflow15RuntimeJobDescsE
I0526 16:21:45.106833 106332 job_desc.cpp:90] Set piece_num_of_experiment_phase 19
I0526 16:21:45.106842 106332 job_desc.cpp:90] Set piece_num_of_experiment_phase 19
I0526 16:21:45.106848 106332 job_desc.cpp:90] Set piece_num_of_experiment_phase 19
I0526 16:21:45.106855 106332 job_desc.cpp:90] Set piece_num_of_experiment_phase 19
I0526 16:21:45.106863 106332 job_desc.cpp:90] Set piece_num_of_experiment_phase 19
I0526 16:21:45.106873 106332 job_desc.cpp:90] Set piece_num_of_experiment_phase 19
I0526 16:21:45.106882 106332 job_desc.cpp:90] Set piece_num_of_experiment_phase 19
I0526 16:21:45.106889 106332 job_desc.cpp:90] Set piece_num_of_experiment_phase 19
I0526 16:21:45.106896 106332 job_desc.cpp:90] Set piece_num_of_experiment_phase 19
I0526 16:21:45.106904 106332 job_desc.cpp:90] Set piece_num_of_experiment_phase 19
I0526 16:21:45.108240 106332 runtime_context.cpp:6] NewCounter constructing_actor_cnt 2273
I0526 16:21:45.108675 109782 thread.cpp:60] thread 0 construct actor 663
I0526 16:21:45.108747 109800 thread.cpp:60] thread 11 construct actor 48378511622144
I0526 16:21:45.108762 109803 thread.cpp:60] thread 14 construct actor 61572651155462
I0526 16:21:45.108752 109804 thread.cpp:60] thread 15 construct actor 65970697666560
I0526 16:21:45.108762 109855 thread.cpp:60] thread 66 construct actor 290271069732864
I0526 16:21:45.108757 109799 thread.cpp:60] thread 10 construct actor 43980465111043
I0526 16:21:45.108762 109811 thread.cpp:60] thread 22 construct actor 96757023244288
I0526 16:21:45.109457 109799 tick_compute_actor.cpp:7] actor 43980465111043 switch to &TickComputeActor::HandlerNormal
I0526 16:21:45.109536 109799 runtime_context.cpp:12] DecreaseCounter constructing_actor_cnt, current val is 2272
I0526 16:21:45.109544 109799 thread.cpp:60] thread 10 construct actor 43980465111046
I0526 16:21:45.109752 109804 tick_compute_actor.cpp:7] actor 65970697666560 switch to &TickComputeActor::HandlerNormal
I0526 16:21:45.109850 109803 tick_compute_actor.cpp:7] actor 61572651155462 switch to &TickComputeActor::HandlerNormal
I0526 16:21:45.109876 109811 tick_compute_actor.cpp:7] actor 96757023244288 switch to &TickComputeActor::HandlerNormal
I0526 16:21:45.109851 109804 runtime_context.cpp:12] DecreaseCounter constructing_actor_cnt, current val is 2271
I0526 16:21:45.109902 109799 tick_compute_actor.cpp:7] actor 43980465111046 switch to &TickComputeActor::HandlerNormal
I0526 16:21:45.109942 109804 thread.cpp:60] thread 15 construct actor 65970697666563
I0526 16:21:45.109966 109800 tick_compute_actor.cpp:7] actor 48378511622144 switch to &TickComputeActor::HandlerNormal
I0526 16:21:45.109980 109803 runtime_context.cpp:12] DecreaseCounter constructing_actor_cnt, current val is 2270
I0526 16:21:45.110004 109799 runtime_context.cpp:12] DecreaseCounter constructing_actor_cnt, current val is 2269
I0526 16:21:45.110101 109803 thread.cpp:60] thread 14 construct actor 61572651155463
I0526 16:21:45.110062 109800 runtime_context.cpp:12] DecreaseCounter constructing_actor_cnt, current val is 2267
I0526 16:21:45.110111 109799 thread.cpp:60] thread 10 construct actor 43980465111047
I0526 16:21:45.110153 109800 thread.cpp:60] thread 11 construct actor 48378511622145
I0526 16:21:45.110010 109811 runtime_context.cpp:12] DecreaseCounter constructing_actor_cnt, current val is 2268
I0526 16:21:45.110502 109799 tick_compute_actor.cpp:7] actor 43980465111047 switch to &TickComputeActor::HandlerNormal
I0526 16:21:45.110607 109804 tick_compute_actor.cpp:7] actor 65970697666563 switch to &TickComputeActor::HandlerNormal
I0526 16:21:45.110780 109803 tick_compute_actor.cpp:7] actor 61572651155463 switch to &TickComputeActor::HandlerNormal
I0526 16:21:45.110971 109799 runtime_context.cpp:12] DecreaseCounter constructing_actor_cnt, current val is 2266
I0526 16:21:45.111018 109804 runtime_context.cpp:12] DecreaseCounter constructing_actor_cnt, current val is 2265
I0526 16:21:45.111037 109799 thread.cpp:60] thread 10 construct actor 43980465111048
I0526 16:21:45.111040 109800 tick_compute_actor.cpp:7] actor 48378511622145 switch to &TickComputeActor::HandlerNormal
I0526 16:21:45.111042 109803 runtime_context.cpp:12] DecreaseCounter constructing_actor_cnt, current val is 2264
I0526 16:21:45.111212 109800 runtime_context.cpp:12] DecreaseCounter constructing_actor_cnt, current val is 2263
I0526 16:21:45.111207 109803 thread.cpp:60] thread 14 construct actor 61572651155464
I0526 16:21:45.111248 109800 thread.cpp:60] thread 11 construct actor 48378511622146
I0526 16:21:45.111913 109799 tick_compute_actor.cpp:7] actor 43980465111048 switch to &TickComputeActor::HandlerNormal
I0526 16:21:45.112015 109799 runtime_context.cpp:12] DecreaseCounter constructing_actor_cnt, current val is 2262
I0526 16:21:45.112035 109803 tick_compute_actor.cpp:7] actor 61572651155464 switch to &TickComputeActor::HandlerNormal
I0526 16:21:45.112021 109800 tick_compute_actor.cpp:7] actor 48378511622146 switch to &TickComputeActor::HandlerNormal
I0526 16:21:45.112113 109803 runtime_context.cpp:12] DecreaseCounter constructing_actor_cnt, current val is 2261
I0526 16:21:45.112152 109800 runtime_context.cpp:12] DecreaseCounter constructing_actor_cnt, current val is 2260
I0526 16:21:45.132318 109782 tick_compute_actor.cpp:7] actor 663 switch to &TickComputeActor::HandlerNormal
I0526 16:21:45.132434 109782 runtime_context.cpp:12] DecreaseCounter constructing_actor_cnt, current val is 2259
I0526 16:21:45.132488 109782 thread.cpp:60] thread 0 construct actor 1030
I0526 16:21:45.133656 109782 tick_compute_actor.cpp:7] actor 1030 switch to &TickComputeActor::HandlerNormal
I0526 16:21:45.133733 109782 runtime_context.cpp:12] DecreaseCounter constructing_actor_cnt, current val is 2258
I0526 16:21:45.133760 109782 thread.cpp:60] thread 0 construct actor 1031
I0526 16:21:45.138284 109855 wait_and_send_ids_compute_actor.cpp:12] actor 290271069732864 switch to &WaitAndSendIdsCompActor::HandlerWaitToStart
I0526 16:21:45.138370 109855 runtime_context.cpp:12] DecreaseCounter constructing_actor_cnt, current val is 2257
I0526 16:21:45.142684 109782 tick_compute_actor.cpp:7] actor 1031 switch to &TickComputeActor::HandlerNormal
I0526 16:21:45.143030 109782 runtime_context.cpp:12] DecreaseCounter constructing_actor_cnt, current val is 2256
I0526 16:21:45.143081 109782 thread.cpp:60] thread 0 construct actor 1398
I0526 16:21:45.144667 109782 tick_compute_actor.cpp:7] actor 1398 switch to &TickComputeActor::HandlerNormal
I0526 16:21:45.144935 109782 runtime_context.cpp:12] DecreaseCounter constructing_actor_cnt, current val is 2255
I0526 16:21:45.144961 109782 thread.cpp:60] thread 0 construct actor 1399
I0526 16:21:45.146235 109782 tick_compute_actor.cpp:7] actor 1399 switch to &TickComputeActor::HandlerNormal
I0526 16:21:45.146313 109782 runtime_context.cpp:12] DecreaseCounter constructing_actor_cnt, current val is 2254
I0526 16:21:45.146430 109782 thread.cpp:60] thread 0 construct actor 1767
I0526 16:21:45.154359 109782 tick_compute_actor.cpp:7] actor 1767 switch to &TickComputeActor::HandlerNormal
I0526 16:21:45.155055 109782 runtime_context.cpp:12] DecreaseCounter constructing_actor_cnt, current val is 2253
I0526 16:21:45.155117 109782 thread.cpp:60] thread 0 construct actor 1769
I0526 16:21:45.155799 109782 tick_compute_actor.cpp:7] actor 1769 switch to &TickComputeActor::HandlerNormal
I0526 16:21:45.155895 109782 runtime_context.cpp:12] DecreaseCounter constructing_actor_cnt, current val is 2252
I0526 16:21:45.155910 109782 thread.cpp:60] thread 0 construct actor 1770
I0526 16:21:45.156661 109782 tick_compute_actor.cpp:7] actor 1770 switch to &TickComputeActor::HandlerNormal
I0526 16:21:45.156710 109782 runtime_context.cpp:12] DecreaseCounter constructing_actor_cnt, current val is 2251
I0526 16:21:45.156728 109782 thread.cpp:60] thread 0 construct actor 1772
I0526 16:21:45.162331 109782 tick_compute_actor.cpp:7] actor 1772 switch to &TickComputeActor::HandlerNormal
I0526 16:21:45.162407 109782 runtime_context.cpp:12] DecreaseCounter constructing_actor_cnt, current val is 2250
I0526 16:21:45.162428 109782 thread.cpp:60] thread 0 construct actor 1773
I0526 16:21:45.163136 109782 tick_compute_actor.cpp:7] actor 1773 switch to &TickComputeActor::HandlerNormal
I0526 16:21:45.163205 109782 runtime_context.cpp:12] DecreaseCounter constructing_actor_cnt, current val is 2249
I0526 16:21:45.166896 109782 thread.cpp:60] thread 0 construct actor 0
I0526 16:21:45.167085 109803 thread.cpp:60] thread 14 construct actor 61572651155456
I0526 16:21:45.167321 109786 thread.cpp:60] thread 2 construct actor 8796093022208
I0526 16:21:45.167379 109801 thread.cpp:60] thread 12 construct actor 52776558133248
I0526 16:21:45.167423 109810 thread.cpp:60] thread 21 construct actor 92358976733184
I0526 16:21:45.167345 109797 thread.cpp:60] thread 8 construct actor 35184372088832
I0526 16:21:45.167541 109800 thread.cpp:60] thread 11 construct actor 48378511622147
I0526 16:21:45.167336 109804 thread.cpp:60] thread 15 construct actor 65970697666561
I0526 16:21:45.167382 109802 thread.cpp:60] thread 13 construct actor 57174604644352
I0526 16:21:45.167687 109796 thread.cpp:60] thread 7 construct actor 30786325577728
I0526 16:21:45.167416 109818 thread.cpp:60] thread 29 construct actor 127543348822016
I0526 16:21:45.167775 109850 thread.cpp:60] thread 61 construct actor 268280837177344
I0526 16:21:45.167825 109851 thread.cpp:60] thread 62 construct actor 272678883688448
I0526 16:21:45.167454 109809 thread.cpp:60] thread 20 construct actor 87960930222080
I0526 16:21:45.167424 109813 thread.cpp:60] thread 24 construct actor 105553116266496
I0526 16:21:45.167512 109817 thread.cpp:60] thread 28 construct actor 123145302310912
I0526 16:21:45.167379 109856 thread.cpp:60] thread 67 construct actor 294669116243968
I0526 16:21:45.167547 109811 thread.cpp:60] thread 22 construct actor 96757023244289
I0526 16:21:45.167567 109806 thread.cpp:60] thread 17 construct actor 74766790688769
I0526 16:21:45.167562 109847 thread.cpp:60] thread 58 construct actor 255086697644032
I0526 16:21:45.167575 109816 thread.cpp:60] thread 27 construct actor 118747255799808
I0526 16:21:45.167577 109807 thread.cpp:60] thread 18 construct actor 79164837199872
I0526 16:21:45.167578 109814 thread.cpp:60] thread 25 construct actor 109951162777600
I0526 16:21:45.167578 109846 thread.cpp:60] thread 57 construct actor 250688651132928
I0526 16:21:45.167623 109799 thread.cpp:60] thread 10 construct actor 43980465111044
I0526 16:21:45.168640 109810 tick_compute_actor.cpp:7] actor 92358976733184 switch to &TickComputeActor::HandlerNormal
I0526 16:21:45.168726 109810 runtime_context.cpp:12] DecreaseCounter constructing_actor_cnt, current val is 2248
I0526 16:21:45.168756 109801 tick_compute_actor.cpp:7] actor 52776558133248 switch to &TickComputeActor::HandlerNormal
I0526 16:21:45.168792 109817 esac_compute_actor.cpp:21] actor 123145302310912 switch to &EsacCompActor::HandlerNormal
I0526 16:21:45.167421 109808 thread.cpp:60] thread 19 construct actor 83562883710976
I0526 16:21:45.167830 109815 thread.cpp:60] thread 26 construct actor 114349209288704
I0526 16:21:45.167830 109854 thread.cpp:60] thread 65 construct actor 285873023221760
I0526 16:21:45.168967 109796 normal_forward_compute_actor.cpp:13] actor 30786325577728 switch to &NormalForwardCompActor::HandlerNormal
I0526 16:21:45.169018 109816 tick_compute_actor.cpp:7] actor 118747255799808 switch to &TickComputeActor::HandlerNormal
I0526 16:21:45.169068 109796 runtime_context.cpp:12] DecreaseCounter constructing_actor_cnt, current val is 2245
I0526 16:21:45.167855 109812 thread.cpp:60] thread 23 construct actor 101155069755393
I0526 16:21:45.169459 109811 tick_compute_actor.cpp:7] actor 96757023244289 switch to &TickComputeActor::HandlerNormal
I0526 16:21:45.168102 109800 tick_compute_actor.cpp:7] actor 48378511622147 switch to &TickComputeActor::HandlerNormal
I0526 16:21:45.168180 109782 normal_forward_compute_actor.cpp:13] actor 0 switch to &NormalForwardCompActor::HandlerNormal
I0526 16:21:45.168331 109856 sink_compute_actor.cpp:6] actor 294669116243968 switch to &SinkCompActor::HandlerNormal
I0526 16:21:45.169643 109807 tick_compute_actor.cpp:7] actor 79164837199872 switch to &TickComputeActor::HandlerNormal
I0526 16:21:45.167662 109849 thread.cpp:60] thread 60 construct actor 263882790666240
I0526 16:21:45.167428 109805 thread.cpp:60] thread 16 construct actor 70368744177664
I0526 16:21:45.168769 109810 thread.cpp:60] thread 21 construct actor 92358976733185
I0526 16:21:45.167769 109848 thread.cpp:60] thread 59 construct actor 259484744155136
I0526 16:21:45.169864 109846 normal_forward_compute_actor.cpp:13] actor 250688651132928 switch to &NormalForwardCompActor::HandlerNormal
I0526 16:21:45.168830 109801 runtime_context.cpp:12] DecreaseCounter constructing_actor_cnt, current val is 2247
I0526 16:21:45.168920 109817 runtime_context.cpp:12] DecreaseCounter constructing_actor_cnt, current val is 2246
I0526 16:21:45.168970 109850 normal_forward_compute_actor.cpp:13] actor 268280837177344 switch to &NormalForwardCompActor::HandlerNormal
I0526 16:21:45.167337 109798 thread.cpp:60] thread 9 construct actor 39582418599936
I0526 16:21:45.169102 109816 runtime_context.cpp:12] DecreaseCounter constructing_actor_cnt, current val is 2244
I0526 16:21:45.169175 109796 thread.cpp:60] thread 7 construct actor 30786325577729
I0526 16:21:45.169189 109809 tick_compute_actor.cpp:7] actor 87960930222080 switch to &TickComputeActor::HandlerNormal
I0526 16:21:45.170172 109851 normal_forward_compute_actor.cpp:13] actor 272678883688448 switch to &NormalForwardCompActor::HandlerNormal
I0526 16:21:45.167851 109853 thread.cpp:60] thread 64 construct actor 281474976710656
I0526 16:21:45.169286 109854 normal_forward_compute_actor.cpp:13] actor 285873023221760 switch to &NormalForwardCompActor::HandlerNormal
I0526 16:21:45.169296 109808 tick_compute_actor.cpp:7] actor 83562883710976 switch to &TickComputeActor::HandlerNormal
I0526 16:21:45.167881 109852 thread.cpp:60] thread 63 construct actor 277076930199552
I0526 16:21:45.169486 109802 tick_compute_actor.cpp:7] actor 57174604644352 switch to &TickComputeActor::HandlerNormal
I0526 16:21:45.169533 109811 runtime_context.cpp:12] DecreaseCounter constructing_actor_cnt, current val is 2243
I0526 16:21:45.169549 109800 runtime_context.cpp:12] DecreaseCounter constructing_actor_cnt, current val is 2242
I0526 16:21:45.169600 109818 esac_compute_actor.cpp:21] actor 127543348822016 switch to &EsacCompActor::HandlerNormal
I0526 16:21:45.169612 109806 tick_compute_actor.cpp:7] actor 74766790688769 switch to &TickComputeActor::HandlerNormal
I0526 16:21:45.170620 109853 normal_forward_compute_actor.cpp:13] actor 281474976710656 switch to &NormalForwardCompActor::HandlerNormal
I0526 16:21:45.169715 109782 runtime_context.cpp:12] DecreaseCounter constructing_actor_cnt, current val is 2241
I0526 16:21:45.169720 109847 normal_forward_compute_actor.cpp:13] actor 255086697644032 switch to &NormalForwardCompActor::HandlerNormal
I0526 16:21:45.169716 109814 tick_compute_actor.cpp:7] actor 109951162777600 switch to &TickComputeActor::HandlerNormal
I0526 16:21:45.170922 109796 tick_compute_actor.cpp:7] actor 30786325577729 switch to &TickComputeActor::HandlerNormal
I0526 16:21:45.169741 109807 runtime_context.cpp:12] DecreaseCounter constructing_actor_cnt, current val is 2239
I0526 16:21:45.169765 109786 copy_hd_actor.cpp:8] actor 8796093022208 switch to &CopyHdActor::HandlerNormal
I0526 16:21:45.169806 109815 tick_compute_actor.cpp:7] actor 114349209288704 switch to &TickComputeActor::HandlerNormal
I0526 16:21:45.168802 109803 tick_compute_actor.cpp:7] actor 61572651155456 switch to &TickComputeActor::HandlerNormal
I0526 16:21:45.169970 109801 thread.cpp:60] thread 12 construct actor 52776558133249
I0526 16:21:45.169970 109846 runtime_context.cpp:12] DecreaseCounter constructing_actor_cnt, current val is 2238
I0526 16:21:45.170092 109850 runtime_context.cpp:12] DecreaseCounter constructing_actor_cnt, current val is 2237
I0526 16:21:45.169253 109813 tick_compute_actor.cpp:7] actor 105553116266496 switch to &TickComputeActor::HandlerNormal
I0526 16:21:45.170220 109809 runtime_context.cpp:12] DecreaseCounter constructing_actor_cnt, current val is 2236
I0526 16:21:45.170236 109812 tick_compute_actor.cpp:7] actor 101155069755393 switch to &TickComputeActor::HandlerNormal
I0526 16:21:45.170280 109851 runtime_context.cpp:12] DecreaseCounter constructing_actor_cnt, current val is 2235
I0526 16:21:45.170379 109854 runtime_context.cpp:12] DecreaseCounter constructing_actor_cnt, current val is 2234
I0526 16:21:45.170418 109808 runtime_context.cpp:12] DecreaseCounter constructing_actor_cnt, current val is 2233
I0526 16:21:45.170516 109802 runtime_context.cpp:12] DecreaseCounter constructing_actor_cnt, current val is 2232
I0526 16:21:45.170557 109800 thread.cpp:60] thread 11 construct actor 48378511622148
I0526 16:21:45.170624 109799 tick_compute_actor.cpp:7] actor 43980465111044 switch to &TickComputeActor::HandlerNormal
I0526 16:21:45.168738 109797 normal_forward_compute_actor.cpp:13] actor 35184372088832 switch to &NormalForwardCompActor::HandlerNormal
I0526 16:21:45.170680 109852 normal_forward_compute_actor.cpp:13] actor 277076930199552 switch to &NormalForwardCompActor::HandlerNormal
I0526 16:21:45.170693 109818 runtime_context.cpp:12] DecreaseCounter constructing_actor_cnt, current val is 2231
I0526 16:21:45.170711 109806 runtime_context.cpp:12] DecreaseCounter constructing_actor_cnt, current val is 2230
I0526 16:21:45.170718 109853 runtime_context.cpp:12] DecreaseCounter constructing_actor_cnt, current val is 2229
I0526 16:21:45.170747 109782 thread.cpp:60] thread 0 construct actor 1
I0526 16:21:45.170791 109810 tick_compute_actor.cpp:7] actor 92358976733185 switch to &TickComputeActor::HandlerNormal
I0526 16:21:45.170836 109804 tick_compute_actor.cpp:7] actor 65970697666561 switch to &TickComputeActor::HandlerNormal
I0526 16:21:45.170837 109849 normal_forward_compute_actor.cpp:13] actor 263882790666240 switch to &NormalForwardCompActor::HandlerNormal
I0526 16:21:45.170941 109847 runtime_context.cpp:12] DecreaseCounter constructing_actor_cnt, current val is 2228
I0526 16:21:45.169718 109856 runtime_context.cpp:12] DecreaseCounter constructing_actor_cnt, current val is 2240
I0526 16:21:45.170989 109805 tick_compute_actor.cpp:7] actor 70368744177664 switch to &TickComputeActor::HandlerNormal
I0526 16:21:45.171018 109807 thread.cpp:60] thread 18 construct actor 79164837199873
I0526 16:21:45.171027 109814 runtime_context.cpp:12] DecreaseCounter constructing_actor_cnt, current val is 2227
I0526 16:21:45.171036 109796 runtime_context.cpp:12] DecreaseCounter constructing_actor_cnt, current val is 2226
I0526 16:21:45.171048 109798 normal_forward_compute_actor.cpp:13] actor 39582418599936 switch to &NormalForwardCompActor::HandlerNormal
I0526 16:21:45.172654 109805 runtime_context.cpp:12] DecreaseCounter constructing_actor_cnt, current val is 2215
I0526 16:21:45.171186 109815 runtime_context.cpp:12] DecreaseCounter constructing_actor_cnt, current val is 2224
I0526 16:21:45.171453 109803 runtime_context.cpp:12] DecreaseCounter constructing_actor_cnt, current val is 2223
I0526 16:21:45.171715 109809 thread.cpp:60] thread 20 construct actor 87960930222081
I0526 16:21:45.171717 109813 runtime_context.cpp:12] DecreaseCounter constructing_actor_cnt, current val is 2222
I0526 16:21:45.171790 109812 runtime_context.cpp:12] DecreaseCounter constructing_actor_cnt, current val is 2221
I0526 16:21:45.171875 109808 thread.cpp:60] thread 19 construct actor 83562883710977
I0526 16:21:45.171902 109802 thread.cpp:60] thread 13 construct actor 57174604644353
I0526 16:21:45.172009 109799 runtime_context.cpp:12] DecreaseCounter constructing_actor_cnt, current val is 2220
I0526 16:21:45.172034 109797 runtime_context.cpp:12] DecreaseCounter constructing_actor_cnt, current val is 2219
I0526 16:21:45.172067 109852 runtime_context.cpp:12] DecreaseCounter constructing_actor_cnt, current val is 2218
I0526 16:21:45.172127 109806 thread.cpp:60] thread 17 construct actor 74766790688770
I0526 16:21:45.172258 109810 runtime_context.cpp:12] DecreaseCounter constructing_actor_cnt, current val is 2217
I0526 16:21:45.172317 109801 tick_compute_actor.cpp:7] actor 52776558133249 switch to &TickComputeActor::HandlerNormal
I0526 16:21:45.172395 109849 runtime_context.cpp:12] DecreaseCounter constructing_actor_cnt, current val is 2216
I0526 16:21:45.172582 109814 thread.cpp:60] thread 25 construct actor 109951162777601
I0526 16:21:45.173642 109801 runtime_context.cpp:12] DecreaseCounter constructing_actor_cnt, current val is 2212
I0526 16:21:45.171080 109786 runtime_context.cpp:12] DecreaseCounter constructing_actor_cnt, current val is 2225
I0526 16:21:45.172710 109805 thread.cpp:60] thread 16 construct actor 70368744177671
I0526 16:21:45.173768 109808 tick_compute_actor.cpp:7] actor 83562883710977 switch to &TickComputeActor::HandlerNormal
I0526 16:21:45.172798 109798 runtime_context.cpp:12] DecreaseCounter constructing_actor_cnt, current val is 2214
I0526 16:21:45.172871 109803 thread.cpp:60] thread 14 construct actor 61572651155457
I0526 16:21:45.172912 109804 runtime_context.cpp:12] DecreaseCounter constructing_actor_cnt, current val is 2213
I0526 16:21:45.172940 109813 thread.cpp:60] thread 24 construct actor 105553116266497
I0526 16:21:45.172984 109782 normal_forward_compute_actor.cpp:13] actor 1 switch to &NormalForwardCompActor::HandlerNormal
I0526 16:21:45.173386 109799 thread.cpp:60] thread 10 construct actor 43980465111045
I0526 16:21:45.173434 109797 thread.cpp:60] thread 8 construct actor 35184372088833
I0526 16:21:45.173523 109807 tick_compute_actor.cpp:7] actor 79164837199873 switch to &TickComputeActor::HandlerNormal
I0526 16:21:45.172631 109796 thread.cpp:60] thread 7 construct actor 30786325577730
I0526 16:21:45.173699 109801 thread.cpp:60] thread 12 construct actor 52776558133250
I0526 16:21:45.173700 109809 tick_compute_actor.cpp:7] actor 87960930222081 switch to &TickComputeActor::HandlerNormal
I0526 16:21:45.173751 109786 thread.cpp:60] thread 2 construct actor 8796093022209
I0526 16:21:45.174288 109806 tick_compute_actor.cpp:7] actor 74766790688770 switch to &TickComputeActor::HandlerNormal
I0526 16:21:45.173856 109808 runtime_context.cpp:12] DecreaseCounter constructing_actor_cnt, current val is 2211
I0526 16:21:45.173877 109798 thread.cpp:60] thread 9 construct actor 39582418599937
I0526 16:21:45.173954 109804 thread.cpp:60] thread 15 construct actor 65970697666562
I0526 16:21:45.174096 109782 runtime_context.cpp:12] DecreaseCounter constructing_actor_cnt, current val is 2210
I0526 16:21:45.174484 109782 thread.cpp:60] thread 0 construct actor 2
I0526 16:21:45.174204 109807 runtime_context.cpp:12] DecreaseCounter constructing_actor_cnt, current val is 2209
I0526 16:21:45.172732 109800 tick_compute_actor.cpp:7] actor 48378511622148 switch to &TickComputeActor::HandlerNormal
I0526 16:21:45.174319 109809 runtime_context.cpp:12] DecreaseCounter constructing_actor_cnt, current val is 2208
I0526 16:21:45.174366 109808 thread.cpp:60] thread 19 construct actor 83562883710978
I0526 16:21:45.174746 109800 runtime_context.cpp:12] DecreaseCounter constructing_actor_cnt, current val is 2206
I0526 16:21:45.174430 109814 tick_compute_actor.cpp:7] actor 109951162777601 switch to &TickComputeActor::HandlerNormal
I0526 16:21:45.174132 109802 tick_compute_actor.cpp:7] actor 57174604644353 switch to &TickComputeActor::HandlerNormal
I0526 16:21:45.174571 109805 tick_compute_actor.cpp:7] actor 70368744177671 switch to &TickComputeActor::HandlerNormal
I0526 16:21:45.175006 109802 runtime_context.cpp:12] DecreaseCounter constructing_actor_cnt, current val is 2204
I0526 16:21:45.175065 109801 tick_compute_actor.cpp:7] actor 52776558133250 switch to &TickComputeActor::HandlerNormal
I0526 16:21:45.174376 109806 runtime_context.cpp:12] DecreaseCounter constructing_actor_cnt, current val is 2207
I0526 16:21:45.174837 109800 thread.cpp:60] thread 11 construct actor 48378511622149
I0526 16:21:45.174894 109813 tick_compute_actor.cpp:7] actor 105553116266497 switch to &TickComputeActor::HandlerNormal
I0526 16:21:45.174924 109814 runtime_context.cpp:12] DecreaseCounter constructing_actor_cnt, current val is 2205
I0526 16:21:45.175325 109782 normal_forward_compute_actor.cpp:13] actor 2 switch to &NormalForwardCompActor::HandlerNormal
I0526 16:21:45.174605 109807 thread.cpp:60] thread 18 construct actor 79164837199874
I0526 16:21:45.175021 109799 tick_compute_actor.cpp:7] actor 43980465111045 switch to &TickComputeActor::HandlerNormal
I0526 16:21:45.175045 109805 runtime_context.cpp:12] DecreaseCounter constructing_actor_cnt, current val is 2203
I0526 16:21:45.175786 109799 runtime_context.cpp:12] DecreaseCounter constructing_actor_cnt, current val is 2199
I0526 16:21:45.175078 109802 thread.cpp:60] thread 13 construct actor 57174604644354
I0526 16:21:45.175154 109801 runtime_context.cpp:12] DecreaseCounter constructing_actor_cnt, current val is 2202
I0526 16:21:45.175195 109806 thread.cpp:60] thread 17 construct actor 74766790688771
I0526 16:21:45.175226 109798 tick_compute_actor.cpp:7] actor 39582418599937 switch to &TickComputeActor::HandlerNormal
I0526 16:21:45.175302 109813 runtime_context.cpp:12] DecreaseCounter constructing_actor_cnt, current val is 2201
I0526 16:21:45.176880 109798 runtime_context.cpp:12] DecreaseCounter constructing_actor_cnt, current val is 2198
I0526 16:21:45.175441 109782 runtime_context.cpp:12] DecreaseCounter constructing_actor_cnt, current val is 2200
I0526 16:21:45.175642 109786 copy_hd_actor.cpp:8] actor 8796093022209 switch to &CopyHdActor::HandlerNormal
I0526 16:21:45.175666 109808 tick_compute_actor.cpp:7] actor 83562883710978 switch to &TickComputeActor::HandlerNormal
I0526 16:21:45.174666 109803 tick_compute_actor.cpp:7] actor 61572651155457 switch to &TickComputeActor::HandlerNormal
I0526 16:21:45.175799 109805 thread.cpp:60] thread 16 construct actor 70368744177668
I0526 16:21:45.177090 109803 runtime_context.cpp:12] DecreaseCounter constructing_actor_cnt, current val is 2195
I0526 16:21:45.175892 109848 normal_forward_compute_actor.cpp:13] actor 259484744155136 switch to &NormalForwardCompActor::HandlerNormal
I0526 16:21:45.176102 109800 tick_compute_actor.cpp:7] actor 48378511622149 switch to &TickComputeActor::HandlerNormal
I0526 16:21:45.176436 109807 tick_compute_actor.cpp:7] actor 79164837199874 switch to &TickComputeActor::HandlerNormal
I0526 16:21:45.176740 109801 thread.cpp:60] thread 12 construct actor 52776558133251
I0526 16:21:45.176741 109802 tick_compute_actor.cpp:7] actor 57174604644354 switch to &TickComputeActor::HandlerNormal
I0526 16:21:45.177312 109807 runtime_context.cpp:12] DecreaseCounter constructing_actor_cnt, current val is 2193
I0526 16:21:45.176913 109798 thread.cpp:60] thread 9 construct actor 39582418599938
I0526 16:21:45.176949 109782 thread.cpp:60] thread 0 construct actor 3
I0526 16:21:45.177022 109786 runtime_context.cpp:12] DecreaseCounter constructing_actor_cnt, current val is 2197
I0526 16:21:45.177040 109808 runtime_context.cpp:12] DecreaseCounter constructing_actor_cnt, current val is 2196
I0526 16:21:45.175823 109799 thread.cpp:60] thread 10 construct actor 43980465111049
I0526 16:21:45.177125 109803 thread.cpp:60] thread 14 construct actor 61572651155458
I0526 16:21:45.177268 109800 runtime_context.cpp:12] DecreaseCounter constructing_actor_cnt, current val is 2194
I0526 16:21:45.174968 109796 tick_compute_actor.cpp:7] actor 30786325577730 switch to &TickComputeActor::HandlerNormal
I0526 16:21:45.177345 109807 thread.cpp:60] thread 18 construct actor 79164837199875
I0526 16:21:45.177359 109804 tick_compute_actor.cpp:7] actor 65970697666562 switch to &TickComputeActor::HandlerNormal
I0526 16:21:45.177381 109802 runtime_context.cpp:12] DecreaseCounter constructing_actor_cnt, current val is 2192
I0526 16:21:45.177428 109786 thread.cpp:60] thread 2 construct actor 8796093022210
I0526 16:21:45.177614 109800 thread.cpp:60] thread 11 construct actor 48378511622150
I0526 16:21:45.177714 109796 runtime_context.cpp:12] DecreaseCounter constructing_actor_cnt, current val is 2191
I0526 16:21:45.178108 109796 thread.cpp:60] thread 7 construct actor 30786325577731
I0526 16:21:45.177891 109806 tick_compute_actor.cpp:7] actor 74766790688771 switch to &TickComputeActor::HandlerNormal
I0526 16:21:45.178015 109802 thread.cpp:60] thread 13 construct actor 57174604644355
I0526 16:21:45.177875 109805 tick_compute_actor.cpp:7] actor 70368744177668 switch to &TickComputeActor::HandlerNormal
I0526 16:21:45.178149 109798 tick_compute_actor.cpp:7] actor 39582418599938 switch to &TickComputeActor::HandlerNormal
I0526 16:21:45.178189 109801 tick_compute_actor.cpp:7] actor 52776558133251 switch to &TickComputeActor::HandlerNormal
I0526 16:21:45.178300 109806 runtime_context.cpp:12] DecreaseCounter constructing_actor_cnt, current val is 2190
I0526 16:21:45.178360 109803 tick_compute_actor.cpp:7] actor 61572651155458 switch to &TickComputeActor::HandlerNormal
I0526 16:21:45.178411 109805 runtime_context.cpp:12] DecreaseCounter constructing_actor_cnt, current val is 2189
I0526 16:21:45.178436 109806 thread.cpp:60] thread 17 construct actor 74766790688775
I0526 16:21:45.178474 109798 runtime_context.cpp:12] DecreaseCounter constructing_actor_cnt, current val is 2188
I0526 16:21:45.178581 109803 runtime_context.cpp:12] DecreaseCounter constructing_actor_cnt, current val is 2186
I0526 16:21:45.178527 109801 runtime_context.cpp:12] DecreaseCounter constructing_actor_cnt, current val is 2187
I0526 16:21:45.178515 109805 thread.cpp:60] thread 16 construct actor 70368744177669
I0526 16:21:45.178683 109799 tick_compute_actor.cpp:7] actor 43980465111049 switch to &TickComputeActor::HandlerNormal
I0526 16:21:45.178617 109782 normal_forward_compute_actor.cpp:13] actor 3 switch to &NormalForwardCompActor::HandlerNormal
I0526 16:21:45.178620 109803 thread.cpp:60] thread 14 construct actor 61572651155459
I0526 16:21:45.178660 109801 thread.cpp:60] thread 12 construct actor 52776558133254
I0526 16:21:45.178587 109798 thread.cpp:60] thread 9 construct actor 39582418599940
I0526 16:21:45.178803 109807 tick_compute_actor.cpp:7] actor 79164837199875 switch to &TickComputeActor::HandlerNormal
I0526 16:21:45.178869 109799 runtime_context.cpp:12] DecreaseCounter constructing_actor_cnt, current val is 2185
I0526 16:21:45.178910 109800 tick_compute_actor.cpp:7] actor 48378511622150 switch to &TickComputeActor::HandlerNormal
I0526 16:21:45.179021 109796 tick_compute_actor.cpp:7] actor 30786325577731 switch to &TickComputeActor::HandlerNormal
I0526 16:21:45.179109 109782 runtime_context.cpp:12] DecreaseCounter constructing_actor_cnt, current val is 2184
I0526 16:21:45.179114 109807 runtime_context.cpp:12] DecreaseCounter constructing_actor_cnt, current val is 2183
I0526 16:21:45.179173 109796 runtime_context.cpp:12] DecreaseCounter constructing_actor_cnt, current val is 2180
I0526 16:21:45.179147 109782 thread.cpp:60] thread 0 construct actor 4
I0526 16:21:45.179163 109800 runtime_context.cpp:12] DecreaseCounter constructing_actor_cnt, current val is 2181
I0526 16:21:45.179126 109848 runtime_context.cpp:12] DecreaseCounter constructing_actor_cnt, current val is 2182
I0526 16:21:45.179188 109807 thread.cpp:60] thread 18 construct actor 79164837199876
I0526 16:21:45.179206 109796 thread.cpp:60] thread 7 construct actor 30786325577732
I0526 16:21:45.179261 109800 thread.cpp:60] thread 11 construct actor 48378511622151
I0526 16:21:45.179304 109804 runtime_context.cpp:12] DecreaseCounter constructing_actor_cnt, current val is 2179
I0526 16:21:45.179505 109804 thread.cpp:60] thread 15 construct actor 65970697666567
I0526 16:21:45.179600 109803 tick_compute_actor.cpp:7] actor 61572651155459 switch to &TickComputeActor::HandlerNormal
I0526 16:21:45.179662 109806 tick_compute_actor.cpp:7] actor 74766790688775 switch to &TickComputeActor::HandlerNormal
I0526 16:21:45.179683 109803 runtime_context.cpp:12] DecreaseCounter constructing_actor_cnt, current val is 2178
I0526 16:21:45.179841 109805 tick_compute_actor.cpp:7] actor 70368744177669 switch to &TickComputeActor::HandlerNormal
I0526 16:21:45.179842 109801 tick_compute_actor.cpp:7] actor 52776558133254 switch to &TickComputeActor::HandlerNormal
I0526 16:21:45.180070 109805 runtime_context.cpp:12] DecreaseCounter constructing_actor_cnt, current val is 2176
I0526 16:21:45.179932 109782 normal_forward_compute_actor.cpp:13] actor 4 switch to &NormalForwardCompActor::HandlerNormal
I0526 16:21:45.180006 109803 thread.cpp:60] thread 14 construct actor 61572651155460
I0526 16:21:45.180018 109806 runtime_context.cpp:12] DecreaseCounter constructing_actor_cnt, current val is 2177
I0526 16:21:45.180012 109798 tick_compute_actor.cpp:7] actor 39582418599940 switch to &TickComputeActor::HandlerNormal
I0526 16:21:45.179883 109786 copy_hd_actor.cpp:8] actor 8796093022210 switch to &CopyHdActor::HandlerNormal
I0526 16:21:45.180102 109801 runtime_context.cpp:12] DecreaseCounter constructing_actor_cnt, current val is 2175
I0526 16:21:45.180105 109805 thread.cpp:60] thread 16 construct actor 70368744177670
I0526 16:21:45.180160 109782 runtime_context.cpp:12] DecreaseCounter constructing_actor_cnt, current val is 2174
I0526 16:21:45.180204 109806 thread.cpp:60] thread 17 construct actor 74766790688772
I0526 16:21:45.180235 109796 tick_compute_actor.cpp:7] actor 30786325577732 switch to &TickComputeActor::HandlerNormal
I0526 16:21:45.180290 109798 runtime_context.cpp:12] DecreaseCounter constructing_actor_cnt, current val is 2173
I0526 16:21:45.180297 109800 tick_compute_actor.cpp:7] actor 48378511622151 switch to &TickComputeActor::HandlerNormal
I0526 16:21:45.180306 109786 runtime_context.cpp:12] DecreaseCounter constructing_actor_cnt, current val is 2172
I0526 16:21:45.180316 109801 thread.cpp:60] thread 12 construct actor 52776558133255
I0526 16:21:45.180357 109807 tick_compute_actor.cpp:7] actor 79164837199876 switch to &TickComputeActor::HandlerNormal
I0526 16:21:45.180382 109782 thread.cpp:60] thread 0 construct actor 5
I0526 16:21:45.180657 109807 runtime_context.cpp:12] DecreaseCounter constructing_actor_cnt, current val is 2169
I0526 16:21:45.180480 109796 runtime_context.cpp:12] DecreaseCounter constructing_actor_cnt, current val is 2171
I0526 16:21:45.180495 109798 thread.cpp:60] thread 9 construct actor 39582418599941
I0526 16:21:45.180569 109800 runtime_context.cpp:12] DecreaseCounter constructing_actor_cnt, current val is 2170
I0526 16:21:45.180570 109786 thread.cpp:60] thread 2 construct actor 8796093022211
I0526 16:21:45.180402 109804 tick_compute_actor.cpp:7] actor 65970697666567 switch to &TickComputeActor::HandlerNormal
I0526 16:21:45.180727 109796 thread.cpp:60] thread 7 construct actor 30786325577733
I0526 16:21:45.180791 109800 thread.cpp:60] thread 11 construct actor 48378511622152
I0526 16:21:45.180879 109803 tick_compute_actor.cpp:7] actor 61572651155460 switch to &TickComputeActor::HandlerNormal
I0526 16:21:45.180915 109804 runtime_context.cpp:12] DecreaseCounter constructing_actor_cnt, current val is 2168
I0526 16:21:45.181006 109803 runtime_context.cpp:12] DecreaseCounter constructing_actor_cnt, current val is 2167
I0526 16:21:45.181058 109803 thread.cpp:60] thread 14 construct actor 61572651155461
I0526 16:21:45.181201 109806 tick_compute_actor.cpp:7] actor 74766790688772 switch to &TickComputeActor::HandlerNormal
I0526 16:21:45.181246 109805 tick_compute_actor.cpp:7] actor 70368744177670 switch to &TickComputeActor::HandlerNormal
I0526 16:21:45.181318 109806 runtime_context.cpp:12] DecreaseCounter constructing_actor_cnt, current val is 2166
I0526 16:21:45.181352 109782 normal_forward_compute_actor.cpp:13] actor 5 switch to &NormalForwardCompActor::HandlerNormal
I0526 16:21:45.181367 109805 runtime_context.cpp:12] DecreaseCounter constructing_actor_cnt, current val is 2165
I0526 16:21:45.181428 109782 runtime_context.cpp:12] DecreaseCounter constructing_actor_cnt, current val is 2164
I0526 16:21:45.181367 109806 thread.cpp:60] thread 17 construct actor 74766790688773
I0526 16:21:45.181475 109798 tick_compute_actor.cpp:7] actor 39582418599941 switch to &TickComputeActor::HandlerNormal
I0526 16:21:45.181457 109782 thread.cpp:60] thread 0 construct actor 6
I0526 16:21:45.181459 109802 tick_compute_actor.cpp:7] actor 57174604644355 switch to &TickComputeActor::HandlerNormal
I0526 16:21:45.181787 109800 tick_compute_actor.cpp:7] actor 48378511622152 switch to &TickComputeActor::HandlerNormal
I0526 16:21:45.181537 109798 runtime_context.cpp:12] DecreaseCounter constructing_actor_cnt, current val is 2163
I0526 16:21:45.181663 109796 tick_compute_actor.cpp:7] actor 30786325577733 switch to &TickComputeActor::HandlerNormal
I0526 16:21:45.181787 109803 tick_compute_actor.cpp:7] actor 61572651155461 switch to &TickComputeActor::HandlerNormal
I0526 16:21:45.181453 109801 tick_compute_actor.cpp:7] actor 52776558133255 switch to &TickComputeActor::HandlerNormal
I0526 16:21:45.181877 109798 thread.cpp:60] thread 9 construct actor 39582418599945
I0526 16:21:45.181993 109796 runtime_context.cpp:12] DecreaseCounter constructing_actor_cnt, current val is 2161
I0526 16:21:45.181923 109800 runtime_context.cpp:12] DecreaseCounter constructing_actor_cnt, current val is 2162
I0526 16:21:45.182045 109803 runtime_context.cpp:12] DecreaseCounter constructing_actor_cnt, current val is 2160
I0526 16:21:45.182067 109801 runtime_context.cpp:12] DecreaseCounter constructing_actor_cnt, current val is 2159
I0526 16:21:45.182051 109800 thread.cpp:60] thread 11 construct actor 48378511622153
I0526 16:21:45.182024 109796 thread.cpp:60] thread 7 construct actor 30786325577734
I0526 16:21:45.182076 109803 thread.cpp:60] thread 14 construct actor 61572651155465
I0526 16:21:45.182108 109801 thread.cpp:60] thread 12 construct actor 52776558133256
I0526 16:21:45.182225 109806 tick_compute_actor.cpp:7] actor 74766790688773 switch to &TickComputeActor::HandlerNormal
I0526 16:21:45.182209 109786 copy_hd_actor.cpp:8] actor 8796093022211 switch to &CopyHdActor::HandlerNormal
I0526 16:21:45.182396 109806 runtime_context.cpp:12] DecreaseCounter constructing_actor_cnt, current val is 2158
I0526 16:21:45.182428 109786 runtime_context.cpp:12] DecreaseCounter constructing_actor_cnt, current val is 2157
I0526 16:21:45.182461 109806 thread.cpp:60] thread 17 construct actor 74766790688774
I0526 16:21:45.182538 109782 normal_forward_compute_actor.cpp:13] actor 6 switch to &NormalForwardCompActor::HandlerNormal
I0526 16:21:45.182691 109782 runtime_context.cpp:12] DecreaseCounter constructing_actor_cnt, current val is 2156
I0526 16:21:45.182693 109786 thread.cpp:60] thread 2 construct actor 8796093022212
I0526 16:21:45.182734 109782 thread.cpp:60] thread 0 construct actor 7
I0526 16:21:45.182787 109798 tick_compute_actor.cpp:7] actor 39582418599945 switch to &TickComputeActor::HandlerNormal
I0526 16:21:45.182830 109802 runtime_context.cpp:12] DecreaseCounter constructing_actor_cnt, current val is 2155
I0526 16:21:45.182874 109802 thread.cpp:60] thread 13 construct actor 57174604644356
I0526 16:21:45.182885 109798 runtime_context.cpp:12] DecreaseCounter constructing_actor_cnt, current val is 2154
I0526 16:21:45.182974 109796 normal_forward_compute_actor.cpp:13] actor 30786325577734 switch to &NormalForwardCompActor::HandlerNormal
I0526 16:21:45.182974 109800 tick_compute_actor.cpp:7] actor 48378511622153 switch to &TickComputeActor::HandlerNormal
I0526 16:21:45.183054 109796 runtime_context.cpp:12] DecreaseCounter constructing_actor_cnt, current val is 2153
I0526 16:21:45.183063 109803 tick_compute_actor.cpp:7] actor 61572651155465 switch to &TickComputeActor::HandlerNormal
I0526 16:21:45.183104 109800 runtime_context.cpp:12] DecreaseCounter constructing_actor_cnt, current val is 2152
I0526 16:21:45.183151 109796 thread.cpp:60] thread 7 construct actor 30786325577735
I0526 16:21:45.183281 109803 runtime_context.cpp:12] DecreaseCounter constructing_actor_cnt, current val is 2151
I0526 16:21:45.183295 109801 tick_compute_actor.cpp:7] actor 52776558133256 switch to &TickComputeActor::HandlerNormal
I0526 16:21:45.183368 109806 tick_compute_actor.cpp:7] actor 74766790688774 switch to &TickComputeActor::HandlerNormal
