Log file created at: 2020/05/26 09:45:28
Running on machine: ai06
Log line format: [IWEF]mmdd hh:mm:ss.uuuuuu threadid file:line] msg
I0526 09:45:28.515028 175797 util.h:71] NewGlobal N7oneflow7EnvDescE
I0526 09:45:28.523257 175797 util.h:71] NewGlobal N7oneflow10CtrlServerE
I0526 09:45:28.533985 175797 ctrl_server.cpp:39] CtrlServer listening on 0.0.0.0:9789
I0526 09:45:28.534062 175797 util.h:71] NewGlobal N7oneflow10CtrlClientE
I0526 09:45:28.534958 175797 ctrl_client.cpp:187] LoadServer 127.0.0.1 Successful at 0 times
I0526 09:45:28.535009 175797 util.h:71] NewGlobal N7oneflow10MachineCtxE
I0526 09:45:28.535023 175797 machine_context.cpp:16] this machine id: 0
I0526 09:45:28.555140 175797 util.h:71] NewGlobal N7oneflow12ResourceDescE
I0526 09:45:28.555166 175797 util.h:71] NewGlobal N7oneflow6IOConfE
I0526 09:45:28.555176 175797 util.h:71] NewGlobal N7oneflow12ProfilerConfE
I0526 09:45:28.555181 175797 util.h:71] NewGlobal N7oneflow5IDMgrE
I0526 09:45:28.592917 175797 util.h:71] NewGlobal N7oneflow16AvailableMemDescE
I0526 09:45:28.593119 175797 util.h:71] NewGlobal St13unordered_mapISslSt4hashISsESt8equal_toISsESaISt4pairIKSslEEE
I0526 09:45:28.593128 175797 util.h:71] NewGlobal N7oneflow19CriticalSectionDescE
I0526 09:45:28.593132 175797 util.h:71] NewGlobal N7oneflow16InterUserJobInfoE
I0526 09:45:28.593139 175797 util.h:71] NewGlobal N7oneflow22JobBuildAndInferCtxMgrE
I0526 09:45:28.593145 175797 util.h:71] NewGlobal N7oneflow18LbiDiffWatcherInfoE
I0526 09:45:28.593152 175797 util.h:71] NewGlobal N7oneflow16JobSetCompileCtxE
I0526 09:45:28.593158 175797 util.h:71] NewGlobal N7oneflow26RuntimeBufferManagersScopeE
I0526 09:45:28.593163 175797 util.h:71] NewGlobal N7oneflow9BufferMgrIlEE
I0526 09:45:28.593166 175797 util.h:71] NewGlobal N7oneflow9BufferMgrISt10shared_ptrINS_18ForeignJobInstanceEEEE
I0526 09:45:28.595362 175797 oneflow_internal_helper.h:79] NewGlobal N7oneflow25SessionGlobalObjectsScopeE
I0526 09:45:28.596949 175797 util.h:71] NewGlobal N7oneflow7JobDescE
I0526 09:45:28.596967 175797 job_desc.cpp:90] Set piece_num_of_experiment_phase 19
I0526 09:45:29.237524 175797 util.h:76] DeleteGlobal N7oneflow7JobDescE
I0526 09:45:29.237560 175797 util.h:71] NewGlobal N7oneflow7JobDescE
I0526 09:45:29.237569 175797 job_desc.cpp:90] Set piece_num_of_experiment_phase 19
I0526 09:45:31.359596 175797 util.h:76] DeleteGlobal N7oneflow7JobDescE
I0526 09:45:31.365223 175797 util.h:71] NewGlobal N7oneflow24InterJobReuseMemStrategyE
I0526 09:45:31.365253 175797 util.h:71] NewGlobal N7oneflow7OneflowE
I0526 09:45:31.373836 175797 job_desc.cpp:90] Set piece_num_of_experiment_phase 19
I0526 09:45:31.377316 175797 job_desc.cpp:90] Set piece_num_of_experiment_phase 19
I0526 09:45:31.379684 175797 job_desc.cpp:90] Set piece_num_of_experiment_phase 19
I0526 09:45:31.381230 175797 job_desc.cpp:90] Set piece_num_of_experiment_phase 19
I0526 09:45:31.381245 175797 job_desc.cpp:90] Set piece_num_of_experiment_phase 19
I0526 09:45:31.381251 175797 job_desc.cpp:90] Set piece_num_of_experiment_phase 19
I0526 09:45:31.381256 175797 job_desc.cpp:90] Set piece_num_of_experiment_phase 19
I0526 09:45:31.383652 175797 util.h:71] NewGlobal N7oneflow7JobDescE
I0526 09:45:31.383666 175797 job_desc.cpp:90] Set piece_num_of_experiment_phase 19
I0526 09:45:32.103996 175797 util.h:71] NewGlobal N7oneflow7OpGraphE
I0526 09:45:32.328042 175797 util.h:76] DeleteGlobal N7oneflow7OpGraphE
I0526 09:45:32.362891 175797 oneflow.cpp:137] compile time: 9.65411e+08
I0526 09:45:32.463929 175797 oneflow.cpp:144] push_pull_plan:1.07458e+09
I0526 09:45:32.475111 175797 oneflow.cpp:168] compile and improve time: 1.09143e+09
I0526 09:45:32.502763 175797 util.h:76] DeleteGlobal N7oneflow7JobDescE
I0526 09:45:32.502815 175797 util.h:71] NewGlobal N7oneflow7JobDescE
I0526 09:45:32.502835 175797 job_desc.cpp:90] Set piece_num_of_experiment_phase 19
I0526 09:45:32.847978 175797 util.h:71] NewGlobal N7oneflow7OpGraphE
I0526 09:45:32.985211 175797 util.h:76] DeleteGlobal N7oneflow7OpGraphE
I0526 09:45:33.009080 175797 oneflow.cpp:137] compile time: 4.96954e+08
I0526 09:45:33.096740 175797 oneflow.cpp:144] push_pull_plan:5.89764e+08
I0526 09:45:33.116247 175797 oneflow.cpp:168] compile and improve time: 6.13388e+08
I0526 09:45:33.144662 175797 util.h:76] DeleteGlobal N7oneflow7JobDescE
I0526 09:45:33.144719 175797 util.h:71] NewGlobal N7oneflow7JobDescE
I0526 09:45:33.144781 175797 job_desc.cpp:90] Set piece_num_of_experiment_phase 19
I0526 09:45:33.501142 175797 util.h:71] NewGlobal N7oneflow7OpGraphE
I0526 09:45:33.641707 175797 util.h:76] DeleteGlobal N7oneflow7OpGraphE
I0526 09:45:33.665763 175797 oneflow.cpp:137] compile time: 5.10475e+08
I0526 09:45:33.751116 175797 oneflow.cpp:144] push_pull_plan:6.02285e+08
I0526 09:45:33.759102 175797 oneflow.cpp:168] compile and improve time: 6.14301e+08
I0526 09:45:33.778065 175797 util.h:76] DeleteGlobal N7oneflow7JobDescE
I0526 09:45:33.778146 175797 util.h:71] NewGlobal N7oneflow7JobDescE
I0526 09:45:33.778169 175797 job_desc.cpp:90] Set piece_num_of_experiment_phase 19
I0526 09:45:34.170341 175797 util.h:71] NewGlobal N7oneflow7OpGraphE
I0526 09:45:34.352322 175797 util.h:76] DeleteGlobal N7oneflow7OpGraphE
I0526 09:45:34.379371 175797 oneflow.cpp:137] compile time: 5.9106e+08
I0526 09:45:34.481588 175797 oneflow.cpp:144] push_pull_plan:6.97405e+08
I0526 09:45:34.492789 175797 oneflow.cpp:168] compile and improve time: 7.14583e+08
I0526 09:45:34.516805 175797 util.h:76] DeleteGlobal N7oneflow7JobDescE
I0526 09:45:34.516891 175797 util.h:71] NewGlobal N7oneflow7JobDescE
I0526 09:45:34.516911 175797 job_desc.cpp:90] Set piece_num_of_experiment_phase 19
I0526 09:45:34.520589 175797 util.h:71] NewGlobal N7oneflow7OpGraphE
I0526 09:45:34.522859 175797 util.h:76] DeleteGlobal N7oneflow7OpGraphE
I0526 09:45:34.523181 175797 oneflow.cpp:137] compile time: 6.18317e+06
I0526 09:45:34.524034 175797 oneflow.cpp:144] push_pull_plan:7.06867e+06
I0526 09:45:34.524188 175797 oneflow.cpp:168] compile and improve time: 7.26374e+06
I0526 09:45:34.524382 175797 util.h:76] DeleteGlobal N7oneflow7JobDescE
I0526 09:45:34.524394 175797 util.h:71] NewGlobal N7oneflow7JobDescE
I0526 09:45:34.524400 175797 job_desc.cpp:90] Set piece_num_of_experiment_phase 19
I0526 09:45:34.527556 175797 util.h:71] NewGlobal N7oneflow7OpGraphE
I0526 09:45:34.529565 175797 util.h:76] DeleteGlobal N7oneflow7OpGraphE
I0526 09:45:34.529778 175797 oneflow.cpp:137] compile time: 5.31814e+06
I0526 09:45:34.530566 175797 oneflow.cpp:144] push_pull_plan:6.12531e+06
I0526 09:45:34.530717 175797 oneflow.cpp:168] compile and improve time: 6.30938e+06
I0526 09:45:34.530915 175797 util.h:76] DeleteGlobal N7oneflow7JobDescE
I0526 09:45:34.530925 175797 util.h:71] NewGlobal N7oneflow7JobDescE
I0526 09:45:34.530946 175797 job_desc.cpp:90] Set piece_num_of_experiment_phase 19
I0526 09:45:34.534214 175797 util.h:71] NewGlobal N7oneflow7OpGraphE
I0526 09:45:34.535964 175797 util.h:76] DeleteGlobal N7oneflow7OpGraphE
I0526 09:45:34.536181 175797 oneflow.cpp:137] compile time: 5.18349e+06
I0526 09:45:34.536861 175797 oneflow.cpp:144] push_pull_plan:5.88288e+06
I0526 09:45:34.537000 175797 oneflow.cpp:168] compile and improve time: 6.04877e+06
I0526 09:45:34.537169 175797 util.h:76] DeleteGlobal N7oneflow7JobDescE
I0526 09:45:34.537190 175797 util.h:71] NewGlobal N7oneflow7JobDescE
I0526 09:45:34.537209 175797 job_desc.cpp:90] Set piece_num_of_experiment_phase 19
I0526 09:45:34.540465 175797 util.h:71] NewGlobal N7oneflow7OpGraphE
I0526 09:45:34.542194 175797 util.h:76] DeleteGlobal N7oneflow7OpGraphE
I0526 09:45:34.542395 175797 oneflow.cpp:137] compile time: 5.12845e+06
I0526 09:45:34.543093 175797 oneflow.cpp:144] push_pull_plan:5.84371e+06
I0526 09:45:34.543231 175797 oneflow.cpp:168] compile and improve time: 6.00678e+06
I0526 09:45:34.543407 175797 util.h:76] DeleteGlobal N7oneflow7JobDescE
I0526 09:45:34.543426 175797 util.h:71] NewGlobal N7oneflow7JobDescE
I0526 09:45:34.543443 175797 job_desc.cpp:90] Set piece_num_of_experiment_phase 19
I0526 09:45:34.546684 175797 util.h:71] NewGlobal N7oneflow7OpGraphE
I0526 09:45:34.548418 175797 util.h:76] DeleteGlobal N7oneflow7OpGraphE
I0526 09:45:34.548627 175797 oneflow.cpp:137] compile time: 5.12384e+06
I0526 09:45:34.549389 175797 oneflow.cpp:144] push_pull_plan:5.90362e+06
I0526 09:45:34.550482 175797 oneflow.cpp:168] compile and improve time: 7.01056e+06
I0526 09:45:34.551074 175797 util.h:76] DeleteGlobal N7oneflow7JobDescE
I0526 09:45:34.680047 175797 util.h:71] NewGlobal N7oneflow7JobDescE
I0526 09:45:34.680189 175797 job_desc.cpp:90] Set piece_num_of_experiment_phase 19
I0526 09:45:34.680245 175797 util.h:71] NewGlobal N7oneflow7OpGraphE
I0526 09:45:34.694125 175797 util.h:76] DeleteGlobal N7oneflow7OpGraphE
I0526 09:45:34.695453 175797 oneflow.cpp:137] compile time: 1.48977e+07
I0526 09:45:34.698700 175797 oneflow.cpp:144] push_pull_plan:1.82131e+07
I0526 09:45:34.699313 175797 oneflow.cpp:168] compile and improve time: 1.90679e+07
I0526 09:45:34.700201 175797 util.h:76] DeleteGlobal N7oneflow7JobDescE
I0526 09:45:35.300801 175797 util.h:71] NewGlobal N7oneflow10RuntimeCtxE
I0526 09:45:35.302516 175797 util.h:71] NewGlobal N7oneflow15MemoryAllocatorE
I0526 09:45:35.303001 175797 util.h:71] NewGlobal N7oneflow8RegstMgrE
I0526 09:45:35.974754 175797 util.h:71] NewGlobal N7oneflow11ActorMsgBusE
I0526 09:45:35.974900 175797 util.h:71] NewGlobal N7oneflow9ThreadMgrE
I0526 09:45:35.978653 175797 util.h:71] NewGlobal N7oneflow11NcclCommMgrE
I0526 09:45:35.978873 175797 util.h:71] NewGlobal N7oneflow15RuntimeJobDescsE
I0526 09:45:35.978960 175797 job_desc.cpp:90] Set piece_num_of_experiment_phase 19
I0526 09:45:35.978986 175797 job_desc.cpp:90] Set piece_num_of_experiment_phase 19
I0526 09:45:35.979004 175797 job_desc.cpp:90] Set piece_num_of_experiment_phase 19
I0526 09:45:35.979022 175797 job_desc.cpp:90] Set piece_num_of_experiment_phase 19
I0526 09:45:35.979038 175797 job_desc.cpp:90] Set piece_num_of_experiment_phase 19
I0526 09:45:35.979068 175797 job_desc.cpp:90] Set piece_num_of_experiment_phase 19
I0526 09:45:35.979091 175797 job_desc.cpp:90] Set piece_num_of_experiment_phase 19
I0526 09:45:35.979110 175797 job_desc.cpp:90] Set piece_num_of_experiment_phase 19
I0526 09:45:35.979130 175797 job_desc.cpp:90] Set piece_num_of_experiment_phase 19
I0526 09:45:35.979147 175797 job_desc.cpp:90] Set piece_num_of_experiment_phase 19
I0526 09:45:35.980712 175797 runtime_context.cpp:6] NewCounter constructing_actor_cnt 2273
I0526 09:45:35.981711 178831 thread.cpp:60] thread 0 construct actor 663
I0526 09:45:35.981869 178861 thread.cpp:60] thread 22 construct actor 96757023244288
I0526 09:45:35.981901 178853 thread.cpp:60] thread 14 construct actor 61572651155459
I0526 09:45:35.981878 178905 thread.cpp:60] thread 66 construct actor 290271069732864
I0526 09:45:35.981894 178850 thread.cpp:60] thread 11 construct actor 48378511622144
I0526 09:45:35.981895 178854 thread.cpp:60] thread 15 construct actor 65970697666560
I0526 09:45:35.981875 178849 thread.cpp:60] thread 10 construct actor 43980465111043
I0526 09:45:35.982925 178861 tick_compute_actor.cpp:7] actor 96757023244288 switch to &TickComputeActor::HandlerNormal
I0526 09:45:35.982926 178853 tick_compute_actor.cpp:7] actor 61572651155459 switch to &TickComputeActor::HandlerNormal
I0526 09:45:35.982991 178850 tick_compute_actor.cpp:7] actor 48378511622144 switch to &TickComputeActor::HandlerNormal
I0526 09:45:35.983098 178861 runtime_context.cpp:12] DecreaseCounter constructing_actor_cnt, current val is 2272
I0526 09:45:35.983062 178854 tick_compute_actor.cpp:7] actor 65970697666560 switch to &TickComputeActor::HandlerNormal
I0526 09:45:35.983103 178849 tick_compute_actor.cpp:7] actor 43980465111043 switch to &TickComputeActor::HandlerNormal
I0526 09:45:35.983139 178853 runtime_context.cpp:12] DecreaseCounter constructing_actor_cnt, current val is 2271
I0526 09:45:35.983153 178850 runtime_context.cpp:12] DecreaseCounter constructing_actor_cnt, current val is 2270
I0526 09:45:35.983260 178853 thread.cpp:60] thread 14 construct actor 61572651155462
I0526 09:45:35.983260 178854 runtime_context.cpp:12] DecreaseCounter constructing_actor_cnt, current val is 2269
I0526 09:45:35.983290 178850 thread.cpp:60] thread 11 construct actor 48378511622145
I0526 09:45:35.983299 178849 runtime_context.cpp:12] DecreaseCounter constructing_actor_cnt, current val is 2268
I0526 09:45:35.983475 178849 thread.cpp:60] thread 10 construct actor 43980465111046
I0526 09:45:35.983969 178853 tick_compute_actor.cpp:7] actor 61572651155462 switch to &TickComputeActor::HandlerNormal
I0526 09:45:35.984138 178849 tick_compute_actor.cpp:7] actor 43980465111046 switch to &TickComputeActor::HandlerNormal
I0526 09:45:35.984220 178850 tick_compute_actor.cpp:7] actor 48378511622145 switch to &TickComputeActor::HandlerNormal
I0526 09:45:35.984299 178853 runtime_context.cpp:12] DecreaseCounter constructing_actor_cnt, current val is 2267
I0526 09:45:35.984339 178849 runtime_context.cpp:12] DecreaseCounter constructing_actor_cnt, current val is 2266
I0526 09:45:35.984344 178853 thread.cpp:60] thread 14 construct actor 61572651155463
I0526 09:45:35.984371 178849 thread.cpp:60] thread 10 construct actor 43980465111047
I0526 09:45:35.984381 178850 runtime_context.cpp:12] DecreaseCounter constructing_actor_cnt, current val is 2265
I0526 09:45:35.984457 178850 thread.cpp:60] thread 11 construct actor 48378511622146
I0526 09:45:35.985051 178849 tick_compute_actor.cpp:7] actor 43980465111047 switch to &TickComputeActor::HandlerNormal
I0526 09:45:35.985054 178853 tick_compute_actor.cpp:7] actor 61572651155463 switch to &TickComputeActor::HandlerNormal
I0526 09:45:35.985118 178850 tick_compute_actor.cpp:7] actor 48378511622146 switch to &TickComputeActor::HandlerNormal
I0526 09:45:35.985154 178849 runtime_context.cpp:12] DecreaseCounter constructing_actor_cnt, current val is 2264
I0526 09:45:35.985183 178849 thread.cpp:60] thread 10 construct actor 43980465111048
I0526 09:45:35.985203 178853 runtime_context.cpp:12] DecreaseCounter constructing_actor_cnt, current val is 2263
I0526 09:45:35.985213 178850 runtime_context.cpp:12] DecreaseCounter constructing_actor_cnt, current val is 2262
I0526 09:45:35.985237 178853 thread.cpp:60] thread 14 construct actor 61572651155464
I0526 09:45:35.985827 178849 tick_compute_actor.cpp:7] actor 43980465111048 switch to &TickComputeActor::HandlerNormal
I0526 09:45:35.985895 178849 runtime_context.cpp:12] DecreaseCounter constructing_actor_cnt, current val is 2261
I0526 09:45:35.985910 178853 tick_compute_actor.cpp:7] actor 61572651155464 switch to &TickComputeActor::HandlerNormal
I0526 09:45:35.986006 178853 runtime_context.cpp:12] DecreaseCounter constructing_actor_cnt, current val is 2260
I0526 09:45:35.991605 178831 tick_compute_actor.cpp:7] actor 663 switch to &TickComputeActor::HandlerNormal
I0526 09:45:35.991677 178831 runtime_context.cpp:12] DecreaseCounter constructing_actor_cnt, current val is 2259
I0526 09:45:35.991709 178831 thread.cpp:60] thread 0 construct actor 1030
I0526 09:45:36.003588 178831 tick_compute_actor.cpp:7] actor 1030 switch to &TickComputeActor::HandlerNormal
I0526 09:45:36.003680 178831 runtime_context.cpp:12] DecreaseCounter constructing_actor_cnt, current val is 2258
I0526 09:45:36.003746 178831 thread.cpp:60] thread 0 construct actor 1031
I0526 09:45:36.005687 178831 tick_compute_actor.cpp:7] actor 1031 switch to &TickComputeActor::HandlerNormal
I0526 09:45:36.005844 178831 runtime_context.cpp:12] DecreaseCounter constructing_actor_cnt, current val is 2257
I0526 09:45:36.005883 178831 thread.cpp:60] thread 0 construct actor 1398
I0526 09:45:36.014827 178831 tick_compute_actor.cpp:7] actor 1398 switch to &TickComputeActor::HandlerNormal
I0526 09:45:36.015182 178831 runtime_context.cpp:12] DecreaseCounter constructing_actor_cnt, current val is 2256
I0526 09:45:36.015214 178831 thread.cpp:60] thread 0 construct actor 1399
I0526 09:45:36.016877 178831 tick_compute_actor.cpp:7] actor 1399 switch to &TickComputeActor::HandlerNormal
I0526 09:45:36.017175 178831 runtime_context.cpp:12] DecreaseCounter constructing_actor_cnt, current val is 2255
I0526 09:45:36.017210 178831 thread.cpp:60] thread 0 construct actor 1767
I0526 09:45:36.018416 178905 wait_and_send_ids_compute_actor.cpp:12] actor 290271069732864 switch to &WaitAndSendIdsCompActor::HandlerWaitToStart
I0526 09:45:36.018527 178905 runtime_context.cpp:12] DecreaseCounter constructing_actor_cnt, current val is 2254
I0526 09:45:36.018640 178831 tick_compute_actor.cpp:7] actor 1767 switch to &TickComputeActor::HandlerNormal
I0526 09:45:36.018710 178831 runtime_context.cpp:12] DecreaseCounter constructing_actor_cnt, current val is 2253
I0526 09:45:36.018729 178831 thread.cpp:60] thread 0 construct actor 1769
I0526 09:45:36.023561 178831 tick_compute_actor.cpp:7] actor 1769 switch to &TickComputeActor::HandlerNormal
I0526 09:45:36.023947 178831 runtime_context.cpp:12] DecreaseCounter constructing_actor_cnt, current val is 2252
I0526 09:45:36.023979 178831 thread.cpp:60] thread 0 construct actor 1770
I0526 09:45:36.029844 178831 tick_compute_actor.cpp:7] actor 1770 switch to &TickComputeActor::HandlerNormal
I0526 09:45:36.029976 178831 runtime_context.cpp:12] DecreaseCounter constructing_actor_cnt, current val is 2251
I0526 09:45:36.030004 178831 thread.cpp:60] thread 0 construct actor 1772
I0526 09:45:36.030670 178831 tick_compute_actor.cpp:7] actor 1772 switch to &TickComputeActor::HandlerNormal
I0526 09:45:36.030726 178831 runtime_context.cpp:12] DecreaseCounter constructing_actor_cnt, current val is 2250
I0526 09:45:36.030737 178831 thread.cpp:60] thread 0 construct actor 1773
I0526 09:45:36.031410 178831 tick_compute_actor.cpp:7] actor 1773 switch to &TickComputeActor::HandlerNormal
I0526 09:45:36.031471 178831 runtime_context.cpp:12] DecreaseCounter constructing_actor_cnt, current val is 2249
I0526 09:45:36.047207 178831 thread.cpp:60] thread 0 construct actor 0
I0526 09:45:36.047350 178853 thread.cpp:60] thread 14 construct actor 61572651155456
I0526 09:45:36.047477 178854 thread.cpp:60] thread 15 construct actor 65970697666561
I0526 09:45:36.047519 178846 thread.cpp:60] thread 7 construct actor 30786325577728
I0526 09:45:36.047549 178835 thread.cpp:60] thread 2 construct actor 8796093022208
I0526 09:45:36.047639 178855 thread.cpp:60] thread 16 construct actor 70368744177664
I0526 09:45:36.047655 178858 thread.cpp:60] thread 19 construct actor 83562883710976
I0526 09:45:36.047658 178850 thread.cpp:60] thread 11 construct actor 48378511622147
I0526 09:45:36.047663 178861 thread.cpp:60] thread 22 construct actor 96757023244289
I0526 09:45:36.047668 178857 thread.cpp:60] thread 18 construct actor 79164837199872
I0526 09:45:36.047663 178848 thread.cpp:60] thread 9 construct actor 39582418599936
I0526 09:45:36.047668 178868 thread.cpp:60] thread 29 construct actor 127543348822016
I0526 09:45:36.048040 178902 thread.cpp:60] thread 63 construct actor 277076930199552
I0526 09:45:36.047709 178864 thread.cpp:60] thread 25 construct actor 109951162777600
I0526 09:45:36.047709 178860 thread.cpp:60] thread 21 construct actor 92358976733184
I0526 09:45:36.047713 178906 thread.cpp:60] thread 67 construct actor 294669116243968
I0526 09:45:36.047720 178851 thread.cpp:60] thread 12 construct actor 52776558133248
I0526 09:45:36.047714 178847 thread.cpp:60] thread 8 construct actor 35184372088832
I0526 09:45:36.047730 178849 thread.cpp:60] thread 10 construct actor 43980465111044
I0526 09:45:36.047735 178866 thread.cpp:60] thread 27 construct actor 118747255799808
I0526 09:45:36.047747 178863 thread.cpp:60] thread 24 construct actor 105553116266496
I0526 09:45:36.047744 178897 thread.cpp:60] thread 58 construct actor 255086697644032
I0526 09:45:36.047755 178856 thread.cpp:60] thread 17 construct actor 74766790688769
I0526 09:45:36.047773 178865 thread.cpp:60] thread 26 construct actor 114349209288704
I0526 09:45:36.047861 178867 thread.cpp:60] thread 28 construct actor 123145302310912
I0526 09:45:36.047905 178852 thread.cpp:60] thread 13 construct actor 57174604644352
I0526 09:45:36.047912 178896 thread.cpp:60] thread 57 construct actor 250688651132928
I0526 09:45:36.047974 178898 thread.cpp:60] thread 59 construct actor 259484744155136
I0526 09:45:36.048862 178861 tick_compute_actor.cpp:7] actor 96757023244289 switch to &TickComputeActor::HandlerNormal
I0526 09:45:36.048923 178902 normal_forward_compute_actor.cpp:13] actor 277076930199552 switch to &NormalForwardCompActor::HandlerNormal
I0526 09:45:36.048044 178901 thread.cpp:60] thread 62 construct actor 272678883688448
I0526 09:45:36.048053 178903 thread.cpp:60] thread 64 construct actor 281474976710656
I0526 09:45:36.048028 178899 thread.cpp:60] thread 60 construct actor 263882790666240
I0526 09:45:36.047695 178859 thread.cpp:60] thread 20 construct actor 87960930222080
I0526 09:45:36.049304 178850 tick_compute_actor.cpp:7] actor 48378511622147 switch to &TickComputeActor::HandlerNormal
I0526 09:45:36.048024 178900 thread.cpp:60] thread 61 construct actor 268280837177344
I0526 09:45:36.048027 178862 thread.cpp:60] thread 23 construct actor 101155069755393
I0526 09:45:36.049010 178861 runtime_context.cpp:12] DecreaseCounter constructing_actor_cnt, current val is 2248
I0526 09:45:36.049135 178902 runtime_context.cpp:12] DecreaseCounter constructing_actor_cnt, current val is 2247
I0526 09:45:36.050287 178866 tick_compute_actor.cpp:7] actor 118747255799808 switch to &TickComputeActor::HandlerNormal
I0526 09:45:36.050359 178901 normal_forward_compute_actor.cpp:13] actor 272678883688448 switch to &NormalForwardCompActor::HandlerNormal
I0526 09:45:36.049343 178864 tick_compute_actor.cpp:7] actor 109951162777600 switch to &TickComputeActor::HandlerNormal
I0526 09:45:36.049427 178848 normal_forward_compute_actor.cpp:13] actor 39582418599936 switch to &NormalForwardCompActor::HandlerNormal
I0526 09:45:36.049562 178846 normal_forward_compute_actor.cpp:13] actor 30786325577728 switch to &NormalForwardCompActor::HandlerNormal
I0526 09:45:36.049613 178847 normal_forward_compute_actor.cpp:13] actor 35184372088832 switch to &NormalForwardCompActor::HandlerNormal
I0526 09:45:36.049644 178858 tick_compute_actor.cpp:7] actor 83562883710976 switch to &TickComputeActor::HandlerNormal
I0526 09:45:36.049649 178849 tick_compute_actor.cpp:7] actor 43980465111044 switch to &TickComputeActor::HandlerNormal
I0526 09:45:36.050657 178897 normal_forward_compute_actor.cpp:13] actor 255086697644032 switch to &NormalForwardCompActor::HandlerNormal
I0526 09:45:36.050720 178848 runtime_context.cpp:12] DecreaseCounter constructing_actor_cnt, current val is 2242
I0526 09:45:36.049854 178853 tick_compute_actor.cpp:7] actor 61572651155456 switch to &TickComputeActor::HandlerNormal
I0526 09:45:36.049870 178831 normal_forward_compute_actor.cpp:13] actor 0 switch to &NormalForwardCompActor::HandlerNormal
I0526 09:45:36.049904 178903 normal_forward_compute_actor.cpp:13] actor 281474976710656 switch to &NormalForwardCompActor::HandlerNormal
I0526 09:45:36.049985 178896 normal_forward_compute_actor.cpp:13] actor 250688651132928 switch to &NormalForwardCompActor::HandlerNormal
I0526 09:45:36.050056 178850 runtime_context.cpp:12] DecreaseCounter constructing_actor_cnt, current val is 2246
I0526 09:45:36.050993 178849 runtime_context.cpp:12] DecreaseCounter constructing_actor_cnt, current val is 2238
I0526 09:45:36.051017 178903 runtime_context.cpp:12] DecreaseCounter constructing_actor_cnt, current val is 2237
I0526 09:45:36.049203 178906 sink_compute_actor.cpp:6] actor 294669116243968 switch to &SinkCompActor::HandlerNormal
I0526 09:45:36.048065 178904 thread.cpp:60] thread 65 construct actor 285873023221760
I0526 09:45:36.051120 178896 runtime_context.cpp:12] DecreaseCounter constructing_actor_cnt, current val is 2234
I0526 09:45:36.050426 178866 runtime_context.cpp:12] DecreaseCounter constructing_actor_cnt, current val is 2245
I0526 09:45:36.050562 178863 tick_compute_actor.cpp:7] actor 105553116266496 switch to &TickComputeActor::HandlerNormal
I0526 09:45:36.051268 178862 tick_compute_actor.cpp:7] actor 101155069755393 switch to &TickComputeActor::HandlerNormal
I0526 09:45:36.051311 178863 runtime_context.cpp:12] DecreaseCounter constructing_actor_cnt, current val is 2231
I0526 09:45:36.051357 178862 runtime_context.cpp:12] DecreaseCounter constructing_actor_cnt, current val is 2230
I0526 09:45:36.050628 178852 tick_compute_actor.cpp:7] actor 57174604644352 switch to &TickComputeActor::HandlerNormal
I0526 09:45:36.050659 178856 tick_compute_actor.cpp:7] actor 74766790688769 switch to &TickComputeActor::HandlerNormal
I0526 09:45:36.049751 178857 tick_compute_actor.cpp:7] actor 79164837199872 switch to &TickComputeActor::HandlerNormal
I0526 09:45:36.049831 178855 tick_compute_actor.cpp:7] actor 70368744177664 switch to &TickComputeActor::HandlerNormal
I0526 09:45:36.050756 178899 normal_forward_compute_actor.cpp:13] actor 263882790666240 switch to &NormalForwardCompActor::HandlerNormal
I0526 09:45:36.051656 178855 runtime_context.cpp:12] DecreaseCounter constructing_actor_cnt, current val is 2226
I0526 09:45:36.051681 178899 runtime_context.cpp:12] DecreaseCounter constructing_actor_cnt, current val is 2225
I0526 09:45:36.050884 178846 runtime_context.cpp:12] DecreaseCounter constructing_actor_cnt, current val is 2240
I0526 09:45:36.050945 178847 runtime_context.cpp:12] DecreaseCounter constructing_actor_cnt, current val is 2239
I0526 09:45:36.050953 178867 esac_compute_actor.cpp:21] actor 123145302310912 switch to &EsacCompActor::HandlerNormal
I0526 09:45:36.050973 178851 tick_compute_actor.cpp:7] actor 52776558133248 switch to &TickComputeActor::HandlerNormal
I0526 09:45:36.050173 178860 tick_compute_actor.cpp:7] actor 92358976733184 switch to &TickComputeActor::HandlerNormal
I0526 09:45:36.051017 178850 thread.cpp:60] thread 11 construct actor 48378511622148
I0526 09:45:36.050235 178865 tick_compute_actor.cpp:7] actor 114349209288704 switch to &TickComputeActor::HandlerNormal
I0526 09:45:36.051034 178849 thread.cpp:60] thread 10 construct actor 43980465111045
I0526 09:45:36.052031 178865 runtime_context.cpp:12] DecreaseCounter constructing_actor_cnt, current val is 2221
I0526 09:45:36.051085 178897 runtime_context.cpp:12] DecreaseCounter constructing_actor_cnt, current val is 2235
I0526 09:45:36.051115 178868 esac_compute_actor.cpp:21] actor 127543348822016 switch to &EsacCompActor::HandlerNormal
I0526 09:45:36.051129 178831 runtime_context.cpp:12] DecreaseCounter constructing_actor_cnt, current val is 2233
I0526 09:45:36.051138 178906 runtime_context.cpp:12] DecreaseCounter constructing_actor_cnt, current val is 2232
I0526 09:45:36.050366 178835 copy_hd_actor.cpp:8] actor 8796093022208 switch to &CopyHdActor::HandlerNormal
I0526 09:45:36.050571 178864 runtime_context.cpp:12] DecreaseCounter constructing_actor_cnt, current val is 2244
I0526 09:45:36.052318 178864 thread.cpp:60] thread 25 construct actor 109951162777601
I0526 09:45:36.050578 178901 runtime_context.cpp:12] DecreaseCounter constructing_actor_cnt, current val is 2243
I0526 09:45:36.051370 178863 thread.cpp:60] thread 24 construct actor 105553116266497
I0526 09:45:36.051398 178900 normal_forward_compute_actor.cpp:13] actor 268280837177344 switch to &NormalForwardCompActor::HandlerNormal
I0526 09:45:36.051434 178904 normal_forward_compute_actor.cpp:13] actor 285873023221760 switch to &NormalForwardCompActor::HandlerNormal
I0526 09:45:36.051481 178852 runtime_context.cpp:12] DecreaseCounter constructing_actor_cnt, current val is 2229
I0526 09:45:36.051602 178856 runtime_context.cpp:12] DecreaseCounter constructing_actor_cnt, current val is 2228
I0526 09:45:36.051625 178857 runtime_context.cpp:12] DecreaseCounter constructing_actor_cnt, current val is 2227
I0526 09:45:36.050763 178848 thread.cpp:60] thread 9 construct actor 39582418599937
I0526 09:45:36.050804 178858 runtime_context.cpp:12] DecreaseCounter constructing_actor_cnt, current val is 2241
I0526 09:45:36.051692 178855 thread.cpp:60] thread 16 construct actor 70368744177671
I0526 09:45:36.051751 178846 thread.cpp:60] thread 7 construct actor 30786325577729
I0526 09:45:36.051793 178847 thread.cpp:60] thread 8 construct actor 35184372088833
I0526 09:45:36.051957 178851 runtime_context.cpp:12] DecreaseCounter constructing_actor_cnt, current val is 2224
I0526 09:45:36.051972 178867 runtime_context.cpp:12] DecreaseCounter constructing_actor_cnt, current val is 2223
I0526 09:45:36.051978 178860 runtime_context.cpp:12] DecreaseCounter constructing_actor_cnt, current val is 2222
I0526 09:45:36.051064 178853 runtime_context.cpp:12] DecreaseCounter constructing_actor_cnt, current val is 2236
I0526 09:45:36.052150 178854 tick_compute_actor.cpp:7] actor 65970697666561 switch to &TickComputeActor::HandlerNormal
I0526 09:45:36.052220 178868 runtime_context.cpp:12] DecreaseCounter constructing_actor_cnt, current val is 2220
I0526 09:45:36.052222 178831 thread.cpp:60] thread 0 construct actor 1
I0526 09:45:36.052305 178835 runtime_context.cpp:12] DecreaseCounter constructing_actor_cnt, current val is 2219
I0526 09:45:36.050565 178859 tick_compute_actor.cpp:7] actor 87960930222080 switch to &TickComputeActor::HandlerNormal
I0526 09:45:36.052511 178900 runtime_context.cpp:12] DecreaseCounter constructing_actor_cnt, current val is 2218
I0526 09:45:36.052534 178852 thread.cpp:60] thread 13 construct actor 57174604644353
I0526 09:45:36.052539 178904 runtime_context.cpp:12] DecreaseCounter constructing_actor_cnt, current val is 2217
I0526 09:45:36.053297 178859 runtime_context.cpp:12] DecreaseCounter constructing_actor_cnt, current val is 2216
I0526 09:45:36.052597 178857 thread.cpp:60] thread 18 construct actor 79164837199873
I0526 09:45:36.052661 178858 thread.cpp:60] thread 19 construct actor 83562883710977
I0526 09:45:36.052711 178864 tick_compute_actor.cpp:7] actor 109951162777601 switch to &TickComputeActor::HandlerNormal
I0526 09:45:36.052752 178850 tick_compute_actor.cpp:7] actor 48378511622148 switch to &TickComputeActor::HandlerNormal
I0526 09:45:36.052755 178849 tick_compute_actor.cpp:7] actor 43980465111045 switch to &TickComputeActor::HandlerNormal
I0526 09:45:36.052852 178851 thread.cpp:60] thread 12 construct actor 52776558133249
I0526 09:45:36.053565 178863 tick_compute_actor.cpp:7] actor 105553116266497 switch to &TickComputeActor::HandlerNormal
I0526 09:45:36.053603 178846 tick_compute_actor.cpp:7] actor 30786325577729 switch to &TickComputeActor::HandlerNormal
I0526 09:45:36.053162 178835 thread.cpp:60] thread 2 construct actor 8796093022209
I0526 09:45:36.052564 178856 thread.cpp:60] thread 17 construct actor 74766790688770
I0526 09:45:36.053722 178850 runtime_context.cpp:12] DecreaseCounter constructing_actor_cnt, current val is 2214
I0526 09:45:36.053447 178848 tick_compute_actor.cpp:7] actor 39582418599937 switch to &TickComputeActor::HandlerNormal
I0526 09:45:36.053512 178855 tick_compute_actor.cpp:7] actor 70368744177671 switch to &TickComputeActor::HandlerNormal
I0526 09:45:36.053552 178864 runtime_context.cpp:12] DecreaseCounter constructing_actor_cnt, current val is 2215
I0526 09:45:36.053898 178846 runtime_context.cpp:12] DecreaseCounter constructing_actor_cnt, current val is 2211
I0526 09:45:36.053022 178853 thread.cpp:60] thread 14 construct actor 61572651155457
I0526 09:45:36.053331 178859 thread.cpp:60] thread 20 construct actor 87960930222081
I0526 09:45:36.053763 178849 runtime_context.cpp:12] DecreaseCounter constructing_actor_cnt, current val is 2213
I0526 09:45:36.053786 178850 thread.cpp:60] thread 11 construct actor 48378511622149
I0526 09:45:36.054065 178848 runtime_context.cpp:12] DecreaseCounter constructing_actor_cnt, current val is 2209
I0526 09:45:36.052932 178860 thread.cpp:60] thread 21 construct actor 92358976733185
I0526 09:45:36.053936 178846 thread.cpp:60] thread 7 construct actor 30786325577730
I0526 09:45:36.054040 178831 normal_forward_compute_actor.cpp:13] actor 1 switch to &NormalForwardCompActor::HandlerNormal
I0526 09:45:36.054232 178851 tick_compute_actor.cpp:7] actor 52776558133249 switch to &TickComputeActor::HandlerNormal
I0526 09:45:36.054060 178855 runtime_context.cpp:12] DecreaseCounter constructing_actor_cnt, current val is 2210
I0526 09:45:36.054296 178857 tick_compute_actor.cpp:7] actor 79164837199873 switch to &TickComputeActor::HandlerNormal
I0526 09:45:36.054107 178848 thread.cpp:60] thread 9 construct actor 39582418599938
I0526 09:45:36.054364 178858 tick_compute_actor.cpp:7] actor 83562883710977 switch to &TickComputeActor::HandlerNormal
I0526 09:45:36.054044 178849 thread.cpp:60] thread 10 construct actor 43980465111049
I0526 09:45:36.053884 178863 runtime_context.cpp:12] DecreaseCounter constructing_actor_cnt, current val is 2212
I0526 09:45:36.054314 178855 thread.cpp:60] thread 16 construct actor 70368744177668
I0526 09:45:36.054186 178852 tick_compute_actor.cpp:7] actor 57174604644353 switch to &TickComputeActor::HandlerNormal
I0526 09:45:36.054594 178857 runtime_context.cpp:12] DecreaseCounter constructing_actor_cnt, current val is 2206
I0526 09:45:36.054445 178831 runtime_context.cpp:12] DecreaseCounter constructing_actor_cnt, current val is 2208
I0526 09:45:36.054447 178851 runtime_context.cpp:12] DecreaseCounter constructing_actor_cnt, current val is 2207
I0526 09:45:36.054620 178858 runtime_context.cpp:12] DecreaseCounter constructing_actor_cnt, current val is 2205
I0526 09:45:36.054744 178856 tick_compute_actor.cpp:7] actor 74766790688770 switch to &TickComputeActor::HandlerNormal
I0526 09:45:36.054679 178831 thread.cpp:60] thread 0 construct actor 2
I0526 09:45:36.054721 178851 thread.cpp:60] thread 12 construct actor 52776558133250
I0526 09:45:36.054637 178857 thread.cpp:60] thread 18 construct actor 79164837199874
I0526 09:45:36.054893 178853 tick_compute_actor.cpp:7] actor 61572651155457 switch to &TickComputeActor::HandlerNormal
I0526 09:45:36.054760 178852 runtime_context.cpp:12] DecreaseCounter constructing_actor_cnt, current val is 2204
I0526 09:45:36.054760 178858 thread.cpp:60] thread 19 construct actor 83562883710978
I0526 09:45:36.054993 178852 thread.cpp:60] thread 13 construct actor 57174604644354
I0526 09:45:36.055011 178856 runtime_context.cpp:12] DecreaseCounter constructing_actor_cnt, current val is 2203
I0526 09:45:36.055128 178853 runtime_context.cpp:12] DecreaseCounter constructing_actor_cnt, current val is 2202
I0526 09:45:36.055066 178850 tick_compute_actor.cpp:7] actor 48378511622149 switch to &TickComputeActor::HandlerNormal
I0526 09:45:36.055111 178860 tick_compute_actor.cpp:7] actor 92358976733185 switch to &TickComputeActor::HandlerNormal
I0526 09:45:36.055131 178855 tick_compute_actor.cpp:7] actor 70368744177668 switch to &TickComputeActor::HandlerNormal
I0526 09:45:36.055028 178859 tick_compute_actor.cpp:7] actor 87960930222081 switch to &TickComputeActor::HandlerNormal
I0526 09:45:36.055137 178856 thread.cpp:60] thread 17 construct actor 74766790688771
I0526 09:45:36.055151 178846 tick_compute_actor.cpp:7] actor 30786325577730 switch to &TickComputeActor::HandlerNormal
I0526 09:45:36.055434 178855 runtime_context.cpp:12] DecreaseCounter constructing_actor_cnt, current val is 2201
I0526 09:45:36.055439 178849 tick_compute_actor.cpp:7] actor 43980465111049 switch to &TickComputeActor::HandlerNormal
I0526 09:45:36.055378 178848 tick_compute_actor.cpp:7] actor 39582418599938 switch to &TickComputeActor::HandlerNormal
I0526 09:45:36.055518 178860 runtime_context.cpp:12] DecreaseCounter constructing_actor_cnt, current val is 2199
I0526 09:45:36.055459 178855 thread.cpp:60] thread 16 construct actor 70368744177669
I0526 09:45:36.055235 178835 copy_hd_actor.cpp:8] actor 8796093022209 switch to &CopyHdActor::HandlerNormal
I0526 09:45:36.055460 178850 runtime_context.cpp:12] DecreaseCounter constructing_actor_cnt, current val is 2200
I0526 09:45:36.055173 178853 thread.cpp:60] thread 14 construct actor 61572651155458
I0526 09:45:36.055701 178850 thread.cpp:60] thread 11 construct actor 48378511622150
I0526 09:45:36.055776 178854 runtime_context.cpp:12] DecreaseCounter constructing_actor_cnt, current val is 2198
I0526 09:45:36.055814 178848 runtime_context.cpp:12] DecreaseCounter constructing_actor_cnt, current val is 2194
I0526 09:45:36.055837 178835 runtime_context.cpp:12] DecreaseCounter constructing_actor_cnt, current val is 2193
I0526 09:45:36.055858 178857 tick_compute_actor.cpp:7] actor 79164837199874 switch to &TickComputeActor::HandlerNormal
I0526 09:45:36.055806 178849 runtime_context.cpp:12] DecreaseCounter constructing_actor_cnt, current val is 2195
I0526 09:45:36.055940 178851 tick_compute_actor.cpp:7] actor 52776558133250 switch to &TickComputeActor::HandlerNormal
I0526 09:45:36.055794 178846 runtime_context.cpp:12] DecreaseCounter constructing_actor_cnt, current val is 2197
I0526 09:45:36.055850 178848 thread.cpp:60] thread 9 construct actor 39582418599940
I0526 09:45:36.055856 178831 normal_forward_compute_actor.cpp:13] actor 2 switch to &NormalForwardCompActor::HandlerNormal
I0526 09:45:36.055820 178854 thread.cpp:60] thread 15 construct actor 65970697666562
I0526 09:45:36.055891 178835 thread.cpp:60] thread 2 construct actor 8796093022210
I0526 09:45:36.056191 178831 runtime_context.cpp:12] DecreaseCounter constructing_actor_cnt, current val is 2190
I0526 09:45:36.055971 178857 runtime_context.cpp:12] DecreaseCounter constructing_actor_cnt, current val is 2192
I0526 09:45:36.056051 178851 runtime_context.cpp:12] DecreaseCounter constructing_actor_cnt, current val is 2191
I0526 09:45:36.056067 178846 thread.cpp:60] thread 7 construct actor 30786325577731
I0526 09:45:36.055806 178859 runtime_context.cpp:12] DecreaseCounter constructing_actor_cnt, current val is 2196
I0526 09:45:36.056228 178831 thread.cpp:60] thread 0 construct actor 3
I0526 09:45:36.056421 178855 tick_compute_actor.cpp:7] actor 70368744177669 switch to &TickComputeActor::HandlerNormal
I0526 09:45:36.056306 178851 thread.cpp:60] thread 12 construct actor 52776558133251
I0526 09:45:36.056341 178852 tick_compute_actor.cpp:7] actor 57174604644354 switch to &TickComputeActor::HandlerNormal
I0526 09:45:36.056356 178858 tick_compute_actor.cpp:7] actor 83562883710978 switch to &TickComputeActor::HandlerNormal
I0526 09:45:36.056268 178857 thread.cpp:60] thread 18 construct actor 79164837199875
I0526 09:45:36.056527 178853 tick_compute_actor.cpp:7] actor 61572651155458 switch to &TickComputeActor::HandlerNormal
I0526 09:45:36.056548 178850 tick_compute_actor.cpp:7] actor 48378511622150 switch to &TickComputeActor::HandlerNormal
I0526 09:45:36.056574 178855 runtime_context.cpp:12] DecreaseCounter constructing_actor_cnt, current val is 2189
I0526 09:45:36.056608 178856 tick_compute_actor.cpp:7] actor 74766790688771 switch to &TickComputeActor::HandlerNormal
I0526 09:45:36.056658 178852 runtime_context.cpp:12] DecreaseCounter constructing_actor_cnt, current val is 2188
I0526 09:45:36.056692 178858 runtime_context.cpp:12] DecreaseCounter constructing_actor_cnt, current val is 2187
I0526 09:45:36.056828 178855 thread.cpp:60] thread 16 construct actor 70368744177670
I0526 09:45:36.056847 178853 runtime_context.cpp:12] DecreaseCounter constructing_actor_cnt, current val is 2186
I0526 09:45:36.056877 178848 tick_compute_actor.cpp:7] actor 39582418599940 switch to &TickComputeActor::HandlerNormal
I0526 09:45:36.056880 178850 runtime_context.cpp:12] DecreaseCounter constructing_actor_cnt, current val is 2185
I0526 09:45:36.056917 178852 thread.cpp:60] thread 13 construct actor 57174604644355
I0526 09:45:36.057173 178848 runtime_context.cpp:12] DecreaseCounter constructing_actor_cnt, current val is 2183
I0526 09:45:36.057050 178853 thread.cpp:60] thread 14 construct actor 61572651155460
I0526 09:45:36.057139 178850 thread.cpp:60] thread 11 construct actor 48378511622151
I0526 09:45:36.057144 178846 tick_compute_actor.cpp:7] actor 30786325577731 switch to &TickComputeActor::HandlerNormal
I0526 09:45:36.056939 178856 runtime_context.cpp:12] DecreaseCounter constructing_actor_cnt, current val is 2184
I0526 09:45:36.057215 178848 thread.cpp:60] thread 9 construct actor 39582418599941
I0526 09:45:36.057397 178846 runtime_context.cpp:12] DecreaseCounter constructing_actor_cnt, current val is 2182
I0526 09:45:36.057374 178856 thread.cpp:60] thread 17 construct actor 74766790688775
I0526 09:45:36.057310 178851 tick_compute_actor.cpp:7] actor 52776558133251 switch to &TickComputeActor::HandlerNormal
I0526 09:45:36.057435 178846 thread.cpp:60] thread 7 construct actor 30786325577732
I0526 09:45:36.057505 178835 copy_hd_actor.cpp:8] actor 8796093022210 switch to &CopyHdActor::HandlerNormal
I0526 09:45:36.057597 178851 runtime_context.cpp:12] DecreaseCounter constructing_actor_cnt, current val is 2181
I0526 09:45:36.057651 178851 thread.cpp:60] thread 12 construct actor 52776558133254
I0526 09:45:36.057744 178835 runtime_context.cpp:12] DecreaseCounter constructing_actor_cnt, current val is 2180
I0526 09:45:36.057761 178831 normal_forward_compute_actor.cpp:13] actor 3 switch to &NormalForwardCompActor::HandlerNormal
I0526 09:45:36.057791 178855 tick_compute_actor.cpp:7] actor 70368744177670 switch to &TickComputeActor::HandlerNormal
I0526 09:45:36.057794 178857 tick_compute_actor.cpp:7] actor 79164837199875 switch to &TickComputeActor::HandlerNormal
I0526 09:45:36.057849 178835 thread.cpp:60] thread 2 construct actor 8796093022211
I0526 09:45:36.057963 178852 tick_compute_actor.cpp:7] actor 57174604644355 switch to &TickComputeActor::HandlerNormal
I0526 09:45:36.058037 178855 runtime_context.cpp:12] DecreaseCounter constructing_actor_cnt, current val is 2179
I0526 09:45:36.058066 178853 tick_compute_actor.cpp:7] actor 61572651155460 switch to &TickComputeActor::HandlerNormal
I0526 09:45:36.058085 178850 tick_compute_actor.cpp:7] actor 48378511622151 switch to &TickComputeActor::HandlerNormal
I0526 09:45:36.058142 178857 runtime_context.cpp:12] DecreaseCounter constructing_actor_cnt, current val is 2178
I0526 09:45:36.058212 178857 thread.cpp:60] thread 18 construct actor 79164837199876
I0526 09:45:36.058220 178831 runtime_context.cpp:12] DecreaseCounter constructing_actor_cnt, current val is 2177
I0526 09:45:36.058225 178848 tick_compute_actor.cpp:7] actor 39582418599941 switch to &TickComputeActor::HandlerNormal
I0526 09:45:36.058315 178856 tick_compute_actor.cpp:7] actor 74766790688775 switch to &TickComputeActor::HandlerNormal
I0526 09:45:36.058297 178853 runtime_context.cpp:12] DecreaseCounter constructing_actor_cnt, current val is 2175
I0526 09:45:36.058301 178831 thread.cpp:60] thread 0 construct actor 4
I0526 09:45:36.058415 178846 tick_compute_actor.cpp:7] actor 30786325577732 switch to &TickComputeActor::HandlerNormal
I0526 09:45:36.058221 178852 runtime_context.cpp:12] DecreaseCounter constructing_actor_cnt, current val is 2176
I0526 09:45:36.058351 178848 runtime_context.cpp:12] DecreaseCounter constructing_actor_cnt, current val is 2173
I0526 09:45:36.058529 178848 thread.cpp:60] thread 9 construct actor 39582418599945
I0526 09:45:36.058401 178856 runtime_context.cpp:12] DecreaseCounter constructing_actor_cnt, current val is 2172
I0526 09:45:36.058310 178850 runtime_context.cpp:12] DecreaseCounter constructing_actor_cnt, current val is 2174
I0526 09:45:36.058471 178851 tick_compute_actor.cpp:7] actor 52776558133254 switch to &TickComputeActor::HandlerNormal
I0526 09:45:36.058504 178846 runtime_context.cpp:12] DecreaseCounter constructing_actor_cnt, current val is 2171
I0526 09:45:36.058504 178852 thread.cpp:60] thread 13 construct actor 57174604644356
I0526 09:45:36.058398 178853 thread.cpp:60] thread 14 construct actor 61572651155461
I0526 09:45:36.058590 178856 thread.cpp:60] thread 17 construct actor 74766790688772
I0526 09:45:36.058630 178850 thread.cpp:60] thread 11 construct actor 48378511622152
I0526 09:45:36.058715 178846 thread.cpp:60] thread 7 construct actor 30786325577733
I0526 09:45:36.058753 178851 runtime_context.cpp:12] DecreaseCounter constructing_actor_cnt, current val is 2170
I0526 09:45:36.058972 178848 tick_compute_actor.cpp:7] actor 39582418599945 switch to &TickComputeActor::HandlerNormal
I0526 09:45:36.059051 178857 tick_compute_actor.cpp:7] actor 79164837199876 switch to &TickComputeActor::HandlerNormal
I0526 09:45:36.059085 178898 normal_forward_compute_actor.cpp:13] actor 259484744155136 switch to &NormalForwardCompActor::HandlerNormal
I0526 09:45:36.059144 178831 normal_forward_compute_actor.cpp:13] actor 4 switch to &NormalForwardCompActor::HandlerNormal
I0526 09:45:36.059381 178835 copy_hd_actor.cpp:8] actor 8796093022211 switch to &CopyHdActor::HandlerNormal
I0526 09:45:36.059446 178850 tick_compute_actor.cpp:7] actor 48378511622152 switch to &TickComputeActor::HandlerNormal
I0526 09:45:36.059478 178852 tick_compute_actor.cpp:7] actor 57174604644356 switch to &TickComputeActor::HandlerNormal
I0526 09:45:36.059545 178853 tick_compute_actor.cpp:7] actor 61572651155461 switch to &TickComputeActor::HandlerNormal
I0526 09:45:36.059550 178856 tick_compute_actor.cpp:7] actor 74766790688772 switch to &TickComputeActor::HandlerNormal
I0526 09:45:36.059603 178851 thread.cpp:60] thread 12 construct actor 52776558133255
I0526 09:45:36.059664 178848 runtime_context.cpp:12] DecreaseCounter constructing_actor_cnt, current val is 2169
I0526 09:45:36.059708 178857 runtime_context.cpp:12] DecreaseCounter constructing_actor_cnt, current val is 2168
I0526 09:45:36.059715 178854 tick_compute_actor.cpp:7] actor 65970697666562 switch to &TickComputeActor::HandlerNormal
I0526 09:45:36.059955 178831 runtime_context.cpp:12] DecreaseCounter constructing_actor_cnt, current val is 2167
I0526 09:45:36.060192 178853 runtime_context.cpp:12] DecreaseCounter constructing_actor_cnt, current val is 2163
I0526 09:45:36.060225 178856 runtime_context.cpp:12] DecreaseCounter constructing_actor_cnt, current val is 2162
I0526 09:45:36.060142 178852 runtime_context.cpp:12] DecreaseCounter constructing_actor_cnt, current val is 2164
I0526 09:45:36.059993 178850 runtime_context.cpp:12] DecreaseCounter constructing_actor_cnt, current val is 2166
I0526 09:45:36.060202 178831 thread.cpp:60] thread 0 construct actor 5
I0526 09:45:36.060025 178835 runtime_context.cpp:12] DecreaseCounter constructing_actor_cnt, current val is 2165
I0526 09:45:36.060235 178853 thread.cpp:60] thread 14 construct actor 61572651155465
I0526 09:45:36.060264 178856 thread.cpp:60] thread 17 construct actor 74766790688773
I0526 09:45:36.060302 178852 thread.cpp:60] thread 13 construct actor 57174604644357
I0526 09:45:36.060326 178850 thread.cpp:60] thread 11 construct actor 48378511622153
I0526 09:45:36.060360 178846 tick_compute_actor.cpp:7] actor 30786325577733 switch to &TickComputeActor::HandlerNormal
I0526 09:45:36.060606 178835 thread.cpp:60] thread 2 construct actor 8796093022212
I0526 09:45:36.060746 178846 runtime_context.cpp:12] DecreaseCounter constructing_actor_cnt, current val is 2161
I0526 09:45:36.060786 178846 thread.cpp:60] thread 7 construct actor 30786325577734
I0526 09:45:36.060926 178851 tick_compute_actor.cpp:7] actor 52776558133255 switch to &TickComputeActor::HandlerNormal
I0526 09:45:36.061169 178851 runtime_context.cpp:12] DecreaseCounter constructing_actor_cnt, current val is 2160
I0526 09:45:36.061205 178851 thread.cpp:60] thread 12 construct actor 52776558133256
I0526 09:45:36.061223 178831 normal_forward_compute_actor.cpp:13] actor 5 switch to &NormalForwardCompActor::HandlerNormal
I0526 09:45:36.061230 178850 tick_compute_actor.cpp:7] actor 48378511622153 switch to &TickComputeActor::HandlerNormal
I0526 09:45:36.061347 178853 tick_compute_actor.cpp:7] actor 61572651155465 switch to &TickComputeActor::HandlerNormal
I0526 09:45:36.061367 178856 tick_compute_actor.cpp:7] actor 74766790688773 switch to &TickComputeActor::HandlerNormal
I0526 09:45:36.061404 178852 tick_compute_actor.cpp:7] actor 57174604644357 switch to &TickComputeActor::HandlerNormal
I0526 09:45:36.061522 178831 runtime_context.cpp:12] DecreaseCounter constructing_actor_cnt, current val is 2159
I0526 09:45:36.061529 178850 runtime_context.cpp:12] DecreaseCounter constructing_actor_cnt, current val is 2158
I0526 09:45:36.061561 178831 thread.cpp:60] thread 0 construct actor 6
I0526 09:45:36.061686 178853 runtime_context.cpp:12] DecreaseCounter constructing_actor_cnt, current val is 2157
I0526 09:45:36.061704 178846 normal_forward_compute_actor.cpp:13] actor 30786325577734 switch to &NormalForwardCompActor::HandlerNormal
I0526 09:45:36.061725 178856 runtime_context.cpp:12] DecreaseCounter constructing_actor_cnt, current val is 2156
I0526 09:45:36.061746 178852 runtime_context.cpp:12] DecreaseCounter constructing_actor_cnt, current val is 2155
I0526 09:45:36.061792 178856 thread.cpp:60] thread 17 construct actor 74766790688774
I0526 09:45:36.061826 178852 thread.cpp:60] thread 13 construct actor 57174604644358
I0526 09:45:36.061944 178846 runtime_context.cpp:12] DecreaseCounter constructing_actor_cnt, current val is 2154
I0526 09:45:36.061980 178846 thread.cpp:60] thread 7 construct actor 30786325577735
I0526 09:45:36.062137 178851 tick_compute_actor.cpp:7] actor 52776558133256 switch to &TickComputeActor::HandlerNormal
I0526 09:45:36.062180 178835 copy_hd_actor.cpp:8] actor 8796093022212 switch to &CopyHdActor::HandlerNormal
I0526 09:45:36.062362 178835 runtime_context.cpp:12] DecreaseCounter constructing_actor_cnt, current val is 2153
I0526 09:45:36.062367 178851 runtime_context.cpp:12] DecreaseCounter constructing_actor_cnt, current val is 2152
I0526 09:45:36.062404 178835 thread.cpp:60] thread 2 construct actor 8796093022213
I0526 09:45:36.062438 178851 thread.cpp:60] thread 12 construct actor 52776558133257
I0526 09:45:36.062490 178831 normal_forward_compute_actor.cpp:13] actor 6 switch to &NormalForwardCompActor::HandlerNormal
