Log file created at: 2020/05/25 19:57:09
Running on machine: ai06
Log line format: [IWEF]mmdd hh:mm:ss.uuuuuu threadid file:line] msg
I0525 19:57:09.865164 191389 util.h:71] NewGlobal N7oneflow7EnvDescE
I0525 19:57:09.870817 191389 util.h:71] NewGlobal N7oneflow10CtrlServerE
I0525 19:57:09.881616 191389 ctrl_server.cpp:39] CtrlServer listening on 0.0.0.0:9789
I0525 19:57:09.881707 191389 util.h:71] NewGlobal N7oneflow10CtrlClientE
I0525 19:57:09.882722 191389 ctrl_client.cpp:187] LoadServer 127.0.0.1 Successful at 0 times
I0525 19:57:09.882819 191389 util.h:71] NewGlobal N7oneflow10MachineCtxE
I0525 19:57:09.882840 191389 machine_context.cpp:16] this machine id: 0
I0525 19:57:09.901696 191389 util.h:71] NewGlobal N7oneflow12ResourceDescE
I0525 19:57:09.901731 191389 util.h:71] NewGlobal N7oneflow6IOConfE
I0525 19:57:09.901738 191389 util.h:71] NewGlobal N7oneflow12ProfilerConfE
I0525 19:57:09.901744 191389 util.h:71] NewGlobal N7oneflow5IDMgrE
I0525 19:57:09.937248 191389 util.h:71] NewGlobal N7oneflow16AvailableMemDescE
I0525 19:57:09.937443 191389 util.h:71] NewGlobal St13unordered_mapISslSt4hashISsESt8equal_toISsESaISt4pairIKSslEEE
I0525 19:57:09.937451 191389 util.h:71] NewGlobal N7oneflow19CriticalSectionDescE
I0525 19:57:09.937455 191389 util.h:71] NewGlobal N7oneflow16InterUserJobInfoE
I0525 19:57:09.937463 191389 util.h:71] NewGlobal N7oneflow22JobBuildAndInferCtxMgrE
I0525 19:57:09.937467 191389 util.h:71] NewGlobal N7oneflow18LbiDiffWatcherInfoE
I0525 19:57:09.937474 191389 util.h:71] NewGlobal N7oneflow16JobSetCompileCtxE
I0525 19:57:09.937480 191389 util.h:71] NewGlobal N7oneflow26RuntimeBufferManagersScopeE
I0525 19:57:09.937484 191389 util.h:71] NewGlobal N7oneflow9BufferMgrIlEE
I0525 19:57:09.937489 191389 util.h:71] NewGlobal N7oneflow9BufferMgrISt10shared_ptrINS_18ForeignJobInstanceEEEE
I0525 19:57:09.939653 191389 oneflow_internal_helper.h:79] NewGlobal N7oneflow25SessionGlobalObjectsScopeE
I0525 19:57:09.941182 191389 util.h:71] NewGlobal N7oneflow7JobDescE
I0525 19:57:09.941200 191389 job_desc.cpp:90] Set piece_num_of_experiment_phase 19
I0525 19:57:10.590963 191389 util.h:76] DeleteGlobal N7oneflow7JobDescE
I0525 19:57:10.590999 191389 util.h:71] NewGlobal N7oneflow7JobDescE
I0525 19:57:10.591009 191389 job_desc.cpp:90] Set piece_num_of_experiment_phase 19
I0525 19:57:12.685060 191389 util.h:76] DeleteGlobal N7oneflow7JobDescE
I0525 19:57:12.689805 191389 util.h:71] NewGlobal N7oneflow24InterJobReuseMemStrategyE
I0525 19:57:12.689826 191389 util.h:71] NewGlobal N7oneflow7OneflowE
I0525 19:57:12.697471 191389 job_desc.cpp:90] Set piece_num_of_experiment_phase 19
I0525 19:57:12.700753 191389 job_desc.cpp:90] Set piece_num_of_experiment_phase 19
I0525 19:57:12.703014 191389 job_desc.cpp:90] Set piece_num_of_experiment_phase 19
I0525 19:57:12.704368 191389 job_desc.cpp:90] Set piece_num_of_experiment_phase 19
I0525 19:57:12.704382 191389 job_desc.cpp:90] Set piece_num_of_experiment_phase 19
I0525 19:57:12.704388 191389 job_desc.cpp:90] Set piece_num_of_experiment_phase 19
I0525 19:57:12.704393 191389 job_desc.cpp:90] Set piece_num_of_experiment_phase 19
I0525 19:57:12.706305 191389 util.h:71] NewGlobal N7oneflow7JobDescE
I0525 19:57:12.706318 191389 job_desc.cpp:90] Set piece_num_of_experiment_phase 19
I0525 19:57:13.369642 191389 util.h:71] NewGlobal N7oneflow7OpGraphE
I0525 19:57:13.572604 191389 util.h:76] DeleteGlobal N7oneflow7OpGraphE
I0525 19:57:13.598402 191389 oneflow.cpp:137] compile time: 8.82375e+08
I0525 19:57:13.675640 191389 oneflow.cpp:144] push_pull_plan:9.66051e+08
I0525 19:57:13.684222 191389 oneflow.cpp:168] compile and improve time: 9.77895e+08
I0525 19:57:13.709704 191389 util.h:76] DeleteGlobal N7oneflow7JobDescE
I0525 19:57:13.709765 191389 util.h:71] NewGlobal N7oneflow7JobDescE
I0525 19:57:13.709785 191389 job_desc.cpp:90] Set piece_num_of_experiment_phase 19
I0525 19:57:14.065598 191389 util.h:71] NewGlobal N7oneflow7OpGraphE
I0525 19:57:14.205621 191389 util.h:76] DeleteGlobal N7oneflow7OpGraphE
I0525 19:57:14.229502 191389 oneflow.cpp:137] compile time: 5.09958e+08
I0525 19:57:14.318320 191389 oneflow.cpp:144] push_pull_plan:6.06013e+08
I0525 19:57:14.325387 191389 oneflow.cpp:168] compile and improve time: 6.15585e+08
I0525 19:57:14.352664 191389 util.h:76] DeleteGlobal N7oneflow7JobDescE
I0525 19:57:14.352716 191389 util.h:71] NewGlobal N7oneflow7JobDescE
I0525 19:57:14.352771 191389 job_desc.cpp:90] Set piece_num_of_experiment_phase 19
I0525 19:57:14.708366 191389 util.h:71] NewGlobal N7oneflow7OpGraphE
I0525 19:57:14.855100 191389 util.h:76] DeleteGlobal N7oneflow7OpGraphE
I0525 19:57:14.871753 191389 oneflow.cpp:137] compile time: 5.1237e+08
I0525 19:57:14.966416 191389 oneflow.cpp:144] push_pull_plan:6.09688e+08
I0525 19:57:14.974818 191389 oneflow.cpp:168] compile and improve time: 6.22029e+08
I0525 19:57:14.992384 191389 util.h:76] DeleteGlobal N7oneflow7JobDescE
I0525 19:57:14.992458 191389 util.h:71] NewGlobal N7oneflow7JobDescE
I0525 19:57:14.992491 191389 job_desc.cpp:90] Set piece_num_of_experiment_phase 19
I0525 19:57:15.375603 191389 util.h:71] NewGlobal N7oneflow7OpGraphE
I0525 19:57:15.571261 191389 util.h:76] DeleteGlobal N7oneflow7OpGraphE
I0525 19:57:15.606804 191389 oneflow.cpp:137] compile time: 6.13899e+08
I0525 19:57:15.704810 191389 oneflow.cpp:144] push_pull_plan:7.07445e+08
I0525 19:57:15.714109 191389 oneflow.cpp:168] compile and improve time: 7.21599e+08
I0525 19:57:15.733062 191389 util.h:76] DeleteGlobal N7oneflow7JobDescE
I0525 19:57:15.733153 191389 util.h:71] NewGlobal N7oneflow7JobDescE
I0525 19:57:15.733170 191389 job_desc.cpp:90] Set piece_num_of_experiment_phase 19
I0525 19:57:15.736728 191389 util.h:71] NewGlobal N7oneflow7OpGraphE
I0525 19:57:15.739028 191389 util.h:76] DeleteGlobal N7oneflow7OpGraphE
I0525 19:57:15.739336 191389 oneflow.cpp:137] compile time: 6.07974e+06
I0525 19:57:15.740195 191389 oneflow.cpp:144] push_pull_plan:6.97011e+06
I0525 19:57:15.740371 191389 oneflow.cpp:168] compile and improve time: 7.18925e+06
I0525 19:57:15.740586 191389 util.h:76] DeleteGlobal N7oneflow7JobDescE
I0525 19:57:15.740608 191389 util.h:71] NewGlobal N7oneflow7JobDescE
I0525 19:57:15.740625 191389 job_desc.cpp:90] Set piece_num_of_experiment_phase 19
I0525 19:57:15.743808 191389 util.h:71] NewGlobal N7oneflow7OpGraphE
I0525 19:57:15.745841 191389 util.h:76] DeleteGlobal N7oneflow7OpGraphE
I0525 19:57:15.746080 191389 oneflow.cpp:137] compile time: 5.3865e+06
I0525 19:57:15.746904 191389 oneflow.cpp:144] push_pull_plan:6.22822e+06
I0525 19:57:15.747084 191389 oneflow.cpp:168] compile and improve time: 6.4425e+06
I0525 19:57:15.747288 191389 util.h:76] DeleteGlobal N7oneflow7JobDescE
I0525 19:57:15.747309 191389 util.h:71] NewGlobal N7oneflow7JobDescE
I0525 19:57:15.747328 191389 job_desc.cpp:90] Set piece_num_of_experiment_phase 19
I0525 19:57:15.750610 191389 util.h:71] NewGlobal N7oneflow7OpGraphE
I0525 19:57:15.752369 191389 util.h:76] DeleteGlobal N7oneflow7OpGraphE
I0525 19:57:15.752579 191389 oneflow.cpp:137] compile time: 5.18938e+06
I0525 19:57:15.753248 191389 oneflow.cpp:144] push_pull_plan:5.87725e+06
I0525 19:57:15.753386 191389 oneflow.cpp:168] compile and improve time: 6.04058e+06
I0525 19:57:15.753549 191389 util.h:76] DeleteGlobal N7oneflow7JobDescE
I0525 19:57:15.753566 191389 util.h:71] NewGlobal N7oneflow7JobDescE
I0525 19:57:15.753581 191389 job_desc.cpp:90] Set piece_num_of_experiment_phase 19
I0525 19:57:15.756846 191389 util.h:71] NewGlobal N7oneflow7OpGraphE
I0525 19:57:15.758536 191389 util.h:76] DeleteGlobal N7oneflow7OpGraphE
I0525 19:57:15.758738 191389 oneflow.cpp:137] compile time: 5.09875e+06
I0525 19:57:15.759418 191389 oneflow.cpp:144] push_pull_plan:5.79814e+06
I0525 19:57:15.759559 191389 oneflow.cpp:168] compile and improve time: 5.96506e+06
I0525 19:57:15.759721 191389 util.h:76] DeleteGlobal N7oneflow7JobDescE
I0525 19:57:15.759738 191389 util.h:71] NewGlobal N7oneflow7JobDescE
I0525 19:57:15.759744 191389 job_desc.cpp:90] Set piece_num_of_experiment_phase 19
I0525 19:57:15.762981 191389 util.h:71] NewGlobal N7oneflow7OpGraphE
I0525 19:57:15.764678 191389 util.h:76] DeleteGlobal N7oneflow7OpGraphE
I0525 19:57:15.764883 191389 oneflow.cpp:137] compile time: 5.088e+06
I0525 19:57:15.765642 191389 oneflow.cpp:144] push_pull_plan:5.86547e+06
I0525 19:57:15.766367 191389 oneflow.cpp:168] compile and improve time: 6.60915e+06
I0525 19:57:15.766788 191389 util.h:76] DeleteGlobal N7oneflow7JobDescE
I0525 19:57:15.895939 191389 util.h:71] NewGlobal N7oneflow7JobDescE
I0525 19:57:15.896106 191389 job_desc.cpp:90] Set piece_num_of_experiment_phase 19
I0525 19:57:15.896160 191389 util.h:71] NewGlobal N7oneflow7OpGraphE
I0525 19:57:15.909860 191389 util.h:76] DeleteGlobal N7oneflow7OpGraphE
I0525 19:57:15.911114 191389 oneflow.cpp:137] compile time: 1.45759e+07
I0525 19:57:15.914288 191389 oneflow.cpp:144] push_pull_plan:1.792e+07
I0525 19:57:15.914886 191389 oneflow.cpp:168] compile and improve time: 1.87264e+07
I0525 19:57:15.915771 191389 util.h:76] DeleteGlobal N7oneflow7JobDescE
I0525 19:57:16.409081 191389 util.h:71] NewGlobal N7oneflow10RuntimeCtxE
I0525 19:57:16.410708 191389 util.h:71] NewGlobal N7oneflow15MemoryAllocatorE
I0525 19:57:16.411178 191389 util.h:71] NewGlobal N7oneflow8RegstMgrE
I0525 19:57:17.344296 191389 util.h:71] NewGlobal N7oneflow11ActorMsgBusE
I0525 19:57:17.344583 191389 util.h:71] NewGlobal N7oneflow9ThreadMgrE
I0525 19:57:17.346992 191389 util.h:71] NewGlobal N7oneflow11NcclCommMgrE
I0525 19:57:17.347838 191389 util.h:71] NewGlobal N7oneflow15RuntimeJobDescsE
I0525 19:57:17.347858 191389 job_desc.cpp:90] Set piece_num_of_experiment_phase 19
I0525 19:57:17.347868 191389 job_desc.cpp:90] Set piece_num_of_experiment_phase 19
I0525 19:57:17.347874 191389 job_desc.cpp:90] Set piece_num_of_experiment_phase 19
I0525 19:57:17.347880 191389 job_desc.cpp:90] Set piece_num_of_experiment_phase 19
I0525 19:57:17.347887 191389 job_desc.cpp:90] Set piece_num_of_experiment_phase 19
I0525 19:57:17.347898 191389 job_desc.cpp:90] Set piece_num_of_experiment_phase 19
I0525 19:57:17.347905 191389 job_desc.cpp:90] Set piece_num_of_experiment_phase 19
I0525 19:57:17.347913 191389 job_desc.cpp:90] Set piece_num_of_experiment_phase 19
I0525 19:57:17.347919 191389 job_desc.cpp:90] Set piece_num_of_experiment_phase 19
I0525 19:57:17.347925 191389 job_desc.cpp:90] Set piece_num_of_experiment_phase 19
I0525 19:57:17.349234 191389 runtime_context.cpp:6] NewCounter constructing_actor_cnt 2273
I0525 19:57:17.349663 194574 thread.cpp:60] thread 0 construct actor 663
I0525 19:57:17.349753 194592 thread.cpp:60] thread 11 construct actor 48378511622144
I0525 19:57:17.349787 194596 thread.cpp:60] thread 15 construct actor 65970697666560
I0525 19:57:17.349800 194647 thread.cpp:60] thread 66 construct actor 290271069732864
I0525 19:57:17.349792 194591 thread.cpp:60] thread 10 construct actor 43980465111043
I0525 19:57:17.349792 194603 thread.cpp:60] thread 22 construct actor 96757023244288
I0525 19:57:17.349802 194595 thread.cpp:60] thread 14 construct actor 61572651155459
I0525 19:57:17.350675 194596 tick_compute_actor.cpp:7] actor 65970697666560 switch to &TickComputeActor::HandlerNormal
I0525 19:57:17.350766 194591 tick_compute_actor.cpp:7] actor 43980465111043 switch to &TickComputeActor::HandlerNormal
I0525 19:57:17.350795 194596 runtime_context.cpp:12] DecreaseCounter constructing_actor_cnt, current val is 2272
I0525 19:57:17.350817 194603 tick_compute_actor.cpp:7] actor 96757023244288 switch to &TickComputeActor::HandlerNormal
I0525 19:57:17.350837 194595 tick_compute_actor.cpp:7] actor 61572651155459 switch to &TickComputeActor::HandlerNormal
I0525 19:57:17.350841 194591 runtime_context.cpp:12] DecreaseCounter constructing_actor_cnt, current val is 2271
I0525 19:57:17.350858 194592 tick_compute_actor.cpp:7] actor 48378511622144 switch to &TickComputeActor::HandlerNormal
I0525 19:57:17.350904 194591 thread.cpp:60] thread 10 construct actor 43980465111046
I0525 19:57:17.350920 194603 runtime_context.cpp:12] DecreaseCounter constructing_actor_cnt, current val is 2270
I0525 19:57:17.350983 194595 runtime_context.cpp:12] DecreaseCounter constructing_actor_cnt, current val is 2269
I0525 19:57:17.351006 194592 runtime_context.cpp:12] DecreaseCounter constructing_actor_cnt, current val is 2268
I0525 19:57:17.351011 194595 thread.cpp:60] thread 14 construct actor 61572651155462
I0525 19:57:17.351114 194592 thread.cpp:60] thread 11 construct actor 48378511622145
I0525 19:57:17.351577 194591 tick_compute_actor.cpp:7] actor 43980465111046 switch to &TickComputeActor::HandlerNormal
I0525 19:57:17.351743 194595 tick_compute_actor.cpp:7] actor 61572651155462 switch to &TickComputeActor::HandlerNormal
I0525 19:57:17.352006 194592 tick_compute_actor.cpp:7] actor 48378511622145 switch to &TickComputeActor::HandlerNormal
I0525 19:57:17.352103 194591 runtime_context.cpp:12] DecreaseCounter constructing_actor_cnt, current val is 2267
I0525 19:57:17.352144 194591 thread.cpp:60] thread 10 construct actor 43980465111047
I0525 19:57:17.352149 194595 runtime_context.cpp:12] DecreaseCounter constructing_actor_cnt, current val is 2266
I0525 19:57:17.352144 194592 runtime_context.cpp:12] DecreaseCounter constructing_actor_cnt, current val is 2265
I0525 19:57:17.352185 194595 thread.cpp:60] thread 14 construct actor 61572651155463
I0525 19:57:17.352248 194592 thread.cpp:60] thread 11 construct actor 48378511622146
I0525 19:57:17.352985 194591 tick_compute_actor.cpp:7] actor 43980465111047 switch to &TickComputeActor::HandlerNormal
I0525 19:57:17.353020 194595 tick_compute_actor.cpp:7] actor 61572651155463 switch to &TickComputeActor::HandlerNormal
I0525 19:57:17.353098 194591 runtime_context.cpp:12] DecreaseCounter constructing_actor_cnt, current val is 2264
I0525 19:57:17.353113 194591 thread.cpp:60] thread 10 construct actor 43980465111048
I0525 19:57:17.353114 194595 runtime_context.cpp:12] DecreaseCounter constructing_actor_cnt, current val is 2263
I0525 19:57:17.353143 194595 thread.cpp:60] thread 14 construct actor 61572651155464
I0525 19:57:17.353348 194592 tick_compute_actor.cpp:7] actor 48378511622146 switch to &TickComputeActor::HandlerNormal
I0525 19:57:17.353467 194592 runtime_context.cpp:12] DecreaseCounter constructing_actor_cnt, current val is 2262
I0525 19:57:17.353775 194591 tick_compute_actor.cpp:7] actor 43980465111048 switch to &TickComputeActor::HandlerNormal
I0525 19:57:17.353794 194595 tick_compute_actor.cpp:7] actor 61572651155464 switch to &TickComputeActor::HandlerNormal
I0525 19:57:17.353895 194591 runtime_context.cpp:12] DecreaseCounter constructing_actor_cnt, current val is 2261
I0525 19:57:17.353901 194595 runtime_context.cpp:12] DecreaseCounter constructing_actor_cnt, current val is 2260
I0525 19:57:17.371253 194574 tick_compute_actor.cpp:7] actor 663 switch to &TickComputeActor::HandlerNormal
I0525 19:57:17.371377 194574 runtime_context.cpp:12] DecreaseCounter constructing_actor_cnt, current val is 2259
I0525 19:57:17.371438 194574 thread.cpp:60] thread 0 construct actor 1030
I0525 19:57:17.372689 194574 tick_compute_actor.cpp:7] actor 1030 switch to &TickComputeActor::HandlerNormal
I0525 19:57:17.372766 194574 runtime_context.cpp:12] DecreaseCounter constructing_actor_cnt, current val is 2258
I0525 19:57:17.372792 194574 thread.cpp:60] thread 0 construct actor 1031
I0525 19:57:17.383931 194574 tick_compute_actor.cpp:7] actor 1031 switch to &TickComputeActor::HandlerNormal
I0525 19:57:17.384222 194574 runtime_context.cpp:12] DecreaseCounter constructing_actor_cnt, current val is 2257
I0525 19:57:17.384249 194574 thread.cpp:60] thread 0 construct actor 1398
I0525 19:57:17.385885 194574 tick_compute_actor.cpp:7] actor 1398 switch to &TickComputeActor::HandlerNormal
I0525 19:57:17.386135 194574 runtime_context.cpp:12] DecreaseCounter constructing_actor_cnt, current val is 2256
I0525 19:57:17.386159 194574 thread.cpp:60] thread 0 construct actor 1399
I0525 19:57:17.387050 194647 wait_and_send_ids_compute_actor.cpp:12] actor 290271069732864 switch to &WaitAndSendIdsCompActor::HandlerWaitToStart
I0525 19:57:17.387169 194647 runtime_context.cpp:12] DecreaseCounter constructing_actor_cnt, current val is 2255
I0525 19:57:17.387782 194574 tick_compute_actor.cpp:7] actor 1399 switch to &TickComputeActor::HandlerNormal
I0525 19:57:17.388020 194574 runtime_context.cpp:12] DecreaseCounter constructing_actor_cnt, current val is 2254
I0525 19:57:17.388129 194574 thread.cpp:60] thread 0 construct actor 1767
I0525 19:57:17.389372 194574 tick_compute_actor.cpp:7] actor 1767 switch to &TickComputeActor::HandlerNormal
I0525 19:57:17.389760 194574 runtime_context.cpp:12] DecreaseCounter constructing_actor_cnt, current val is 2253
I0525 19:57:17.389837 194574 thread.cpp:60] thread 0 construct actor 1769
I0525 19:57:17.395972 194574 tick_compute_actor.cpp:7] actor 1769 switch to &TickComputeActor::HandlerNormal
I0525 19:57:17.396136 194574 runtime_context.cpp:12] DecreaseCounter constructing_actor_cnt, current val is 2252
I0525 19:57:17.396190 194574 thread.cpp:60] thread 0 construct actor 1770
I0525 19:57:17.397138 194574 tick_compute_actor.cpp:7] actor 1770 switch to &TickComputeActor::HandlerNormal
I0525 19:57:17.397282 194574 runtime_context.cpp:12] DecreaseCounter constructing_actor_cnt, current val is 2251
I0525 19:57:17.397343 194574 thread.cpp:60] thread 0 construct actor 1772
I0525 19:57:17.398026 194574 tick_compute_actor.cpp:7] actor 1772 switch to &TickComputeActor::HandlerNormal
I0525 19:57:17.398098 194574 runtime_context.cpp:12] DecreaseCounter constructing_actor_cnt, current val is 2250
I0525 19:57:17.398110 194574 thread.cpp:60] thread 0 construct actor 1773
I0525 19:57:17.398779 194574 tick_compute_actor.cpp:7] actor 1773 switch to &TickComputeActor::HandlerNormal
I0525 19:57:17.398833 194574 runtime_context.cpp:12] DecreaseCounter constructing_actor_cnt, current val is 2249
I0525 19:57:17.413908 194574 thread.cpp:60] thread 0 construct actor 0
I0525 19:57:17.414113 194595 thread.cpp:60] thread 14 construct actor 61572651155456
I0525 19:57:17.414263 194588 thread.cpp:60] thread 7 construct actor 30786325577728
I0525 19:57:17.414342 194596 thread.cpp:60] thread 15 construct actor 65970697666561
I0525 19:57:17.414410 194578 thread.cpp:60] thread 2 construct actor 8796093022208
I0525 19:57:17.414453 194648 thread.cpp:60] thread 67 construct actor 294669116243968
I0525 19:57:17.414515 194597 thread.cpp:60] thread 16 construct actor 70368744177664
I0525 19:57:17.414557 194603 thread.cpp:60] thread 22 construct actor 96757023244289
I0525 19:57:17.414582 194605 thread.cpp:60] thread 24 construct actor 105553116266496
I0525 19:57:17.414649 194607 thread.cpp:60] thread 26 construct actor 114349209288704
I0525 19:57:17.414510 194609 thread.cpp:60] thread 28 construct actor 123145302310912
I0525 19:57:17.414423 194590 thread.cpp:60] thread 9 construct actor 39582418599936
I0525 19:57:17.414549 194592 thread.cpp:60] thread 11 construct actor 48378511622147
I0525 19:57:17.414814 194604 thread.cpp:60] thread 23 construct actor 101155069755393
I0525 19:57:17.414455 194589 thread.cpp:60] thread 8 construct actor 35184372088832
I0525 19:57:17.414603 194594 thread.cpp:60] thread 13 construct actor 57174604644352
I0525 19:57:17.414626 194602 thread.cpp:60] thread 21 construct actor 92358976733184
I0525 19:57:17.414634 194591 thread.cpp:60] thread 10 construct actor 43980465111044
I0525 19:57:17.414479 194610 thread.cpp:60] thread 29 construct actor 127543348822016
I0525 19:57:17.414681 194598 thread.cpp:60] thread 17 construct actor 74766790688769
I0525 19:57:17.414690 194606 thread.cpp:60] thread 25 construct actor 109951162777600
I0525 19:57:17.414713 194639 thread.cpp:60] thread 58 construct actor 255086697644032
I0525 19:57:17.414755 194599 thread.cpp:60] thread 18 construct actor 79164837199872
I0525 19:57:17.414811 194600 thread.cpp:60] thread 19 construct actor 83562883710976
I0525 19:57:17.414827 194638 thread.cpp:60] thread 57 construct actor 250688651132928
I0525 19:57:17.414454 194593 thread.cpp:60] thread 12 construct actor 52776558133248
I0525 19:57:17.414844 194601 thread.cpp:60] thread 20 construct actor 87960930222080
I0525 19:57:17.414885 194645 thread.cpp:60] thread 64 construct actor 281474976710656
I0525 19:57:17.414896 194646 thread.cpp:60] thread 65 construct actor 285873023221760
I0525 19:57:17.414901 194608 thread.cpp:60] thread 27 construct actor 118747255799808
I0525 19:57:17.415053 194643 thread.cpp:60] thread 62 construct actor 272678883688448
I0525 19:57:17.415099 194641 thread.cpp:60] thread 60 construct actor 263882790666240
I0525 19:57:17.415257 194640 thread.cpp:60] thread 59 construct actor 259484744155136
I0525 19:57:17.415303 194642 thread.cpp:60] thread 61 construct actor 268280837177344
I0525 19:57:17.415321 194644 thread.cpp:60] thread 63 construct actor 277076930199552
I0525 19:57:17.416101 194605 tick_compute_actor.cpp:7] actor 105553116266496 switch to &TickComputeActor::HandlerNormal
I0525 19:57:17.416424 194602 tick_compute_actor.cpp:7] actor 92358976733184 switch to &TickComputeActor::HandlerNormal
I0525 19:57:17.416139 194609 esac_compute_actor.cpp:21] actor 123145302310912 switch to &EsacCompActor::HandlerNormal
I0525 19:57:17.415326 194574 normal_forward_compute_actor.cpp:13] actor 0 switch to &NormalForwardCompActor::HandlerNormal
I0525 19:57:17.416576 194602 runtime_context.cpp:12] DecreaseCounter constructing_actor_cnt, current val is 2247
I0525 19:57:17.416270 194644 normal_forward_compute_actor.cpp:13] actor 277076930199552 switch to &NormalForwardCompActor::HandlerNormal
I0525 19:57:17.416673 194574 runtime_context.cpp:12] DecreaseCounter constructing_actor_cnt, current val is 2245
I0525 19:57:17.416469 194605 runtime_context.cpp:12] DecreaseCounter constructing_actor_cnt, current val is 2248
I0525 19:57:17.416553 194643 normal_forward_compute_actor.cpp:13] actor 272678883688448 switch to &NormalForwardCompActor::HandlerNormal
I0525 19:57:17.416236 194607 tick_compute_actor.cpp:7] actor 114349209288704 switch to &TickComputeActor::HandlerNormal
I0525 19:57:17.416622 194594 tick_compute_actor.cpp:7] actor 57174604644352 switch to &TickComputeActor::HandlerNormal
I0525 19:57:17.416880 194607 runtime_context.cpp:12] DecreaseCounter constructing_actor_cnt, current val is 2242
I0525 19:57:17.416643 194591 tick_compute_actor.cpp:7] actor 43980465111044 switch to &TickComputeActor::HandlerNormal
I0525 19:57:17.416659 194609 runtime_context.cpp:12] DecreaseCounter constructing_actor_cnt, current val is 2246
I0525 19:57:17.415475 194595 tick_compute_actor.cpp:7] actor 61572651155456 switch to &TickComputeActor::HandlerNormal
I0525 19:57:17.416683 194597 tick_compute_actor.cpp:7] actor 70368744177664 switch to &TickComputeActor::HandlerNormal
I0525 19:57:17.416715 194644 runtime_context.cpp:12] DecreaseCounter constructing_actor_cnt, current val is 2244
I0525 19:57:17.417093 194595 runtime_context.cpp:12] DecreaseCounter constructing_actor_cnt, current val is 2239
I0525 19:57:17.416754 194605 thread.cpp:60] thread 24 construct actor 105553116266497
I0525 19:57:17.416750 194604 tick_compute_actor.cpp:7] actor 101155069755393 switch to &TickComputeActor::HandlerNormal
I0525 19:57:17.416846 194643 runtime_context.cpp:12] DecreaseCounter constructing_actor_cnt, current val is 2243
I0525 19:57:17.417264 194578 copy_hd_actor.cpp:8] actor 8796093022208 switch to &CopyHdActor::HandlerNormal
I0525 19:57:17.416915 194594 runtime_context.cpp:12] DecreaseCounter constructing_actor_cnt, current val is 2241
I0525 19:57:17.417333 194578 runtime_context.cpp:12] DecreaseCounter constructing_actor_cnt, current val is 2236
I0525 19:57:17.417033 194600 tick_compute_actor.cpp:7] actor 83562883710976 switch to &TickComputeActor::HandlerNormal
I0525 19:57:17.416720 194574 thread.cpp:60] thread 0 construct actor 1
I0525 19:57:17.416987 194591 runtime_context.cpp:12] DecreaseCounter constructing_actor_cnt, current val is 2240
I0525 19:57:17.417141 194599 tick_compute_actor.cpp:7] actor 79164837199872 switch to &TickComputeActor::HandlerNormal
I0525 19:57:17.417146 194595 thread.cpp:60] thread 14 construct actor 61572651155457
I0525 19:57:17.416038 194603 tick_compute_actor.cpp:7] actor 96757023244289 switch to &TickComputeActor::HandlerNormal
I0525 19:57:17.417229 194610 esac_compute_actor.cpp:21] actor 127543348822016 switch to &EsacCompActor::HandlerNormal
I0525 19:57:17.417254 194604 runtime_context.cpp:12] DecreaseCounter constructing_actor_cnt, current val is 2237
I0525 19:57:17.416641 194602 thread.cpp:60] thread 21 construct actor 92358976733185
I0525 19:57:17.417343 194594 thread.cpp:60] thread 13 construct actor 57174604644353
I0525 19:57:17.417104 194597 runtime_context.cpp:12] DecreaseCounter constructing_actor_cnt, current val is 2238
I0525 19:57:17.417346 194639 normal_forward_compute_actor.cpp:13] actor 255086697644032 switch to &NormalForwardCompActor::HandlerNormal
I0525 19:57:17.417351 194606 tick_compute_actor.cpp:7] actor 109951162777600 switch to &TickComputeActor::HandlerNormal
I0525 19:57:17.418056 194639 runtime_context.cpp:12] DecreaseCounter constructing_actor_cnt, current val is 2231
I0525 19:57:17.418097 194606 runtime_context.cpp:12] DecreaseCounter constructing_actor_cnt, current val is 2230
I0525 19:57:17.417467 194645 normal_forward_compute_actor.cpp:13] actor 281474976710656 switch to &NormalForwardCompActor::HandlerNormal
I0525 19:57:17.417520 194591 thread.cpp:60] thread 10 construct actor 43980465111045
I0525 19:57:17.418639 194645 runtime_context.cpp:12] DecreaseCounter constructing_actor_cnt, current val is 2229
I0525 19:57:17.417825 194598 tick_compute_actor.cpp:7] actor 74766790688769 switch to &TickComputeActor::HandlerNormal
I0525 19:57:17.417871 194592 tick_compute_actor.cpp:7] actor 48378511622147 switch to &TickComputeActor::HandlerNormal
I0525 19:57:17.418735 194598 runtime_context.cpp:12] DecreaseCounter constructing_actor_cnt, current val is 2228
I0525 19:57:17.417969 194597 thread.cpp:60] thread 16 construct actor 70368744177671
I0525 19:57:17.417775 194610 runtime_context.cpp:12] DecreaseCounter constructing_actor_cnt, current val is 2232
I0525 19:57:17.418089 194593 tick_compute_actor.cpp:7] actor 52776558133248 switch to &TickComputeActor::HandlerNormal
I0525 19:57:17.418861 194642 normal_forward_compute_actor.cpp:13] actor 268280837177344 switch to &NormalForwardCompActor::HandlerNormal
I0525 19:57:17.418105 194605 tick_compute_actor.cpp:7] actor 105553116266497 switch to &TickComputeActor::HandlerNormal
I0525 19:57:17.418185 194606 thread.cpp:60] thread 25 construct actor 109951162777601
I0525 19:57:17.418965 194642 runtime_context.cpp:12] DecreaseCounter constructing_actor_cnt, current val is 2225
I0525 19:57:17.418381 194608 tick_compute_actor.cpp:7] actor 118747255799808 switch to &TickComputeActor::HandlerNormal
I0525 19:57:17.418395 194594 tick_compute_actor.cpp:7] actor 57174604644353 switch to &TickComputeActor::HandlerNormal
I0525 19:57:17.418418 194596 tick_compute_actor.cpp:7] actor 65970697666561 switch to &TickComputeActor::HandlerNormal
I0525 19:57:17.418452 194590 normal_forward_compute_actor.cpp:13] actor 39582418599936 switch to &NormalForwardCompActor::HandlerNormal
I0525 19:57:17.417608 194601 tick_compute_actor.cpp:7] actor 87960930222080 switch to &TickComputeActor::HandlerNormal
I0525 19:57:17.417650 194648 sink_compute_actor.cpp:6] actor 294669116243968 switch to &SinkCompActor::HandlerNormal
I0525 19:57:17.417711 194603 runtime_context.cpp:12] DecreaseCounter constructing_actor_cnt, current val is 2233
I0525 19:57:17.417752 194641 normal_forward_compute_actor.cpp:13] actor 263882790666240 switch to &NormalForwardCompActor::HandlerNormal
I0525 19:57:17.417373 194578 thread.cpp:60] thread 2 construct actor 8796093022209
I0525 19:57:17.419266 194601 runtime_context.cpp:12] DecreaseCounter constructing_actor_cnt, current val is 2219
I0525 19:57:17.418565 194574 normal_forward_compute_actor.cpp:13] actor 1 switch to &NormalForwardCompActor::HandlerNormal
I0525 19:57:17.417608 194599 runtime_context.cpp:12] DecreaseCounter constructing_actor_cnt, current val is 2234
I0525 19:57:17.417888 194646 normal_forward_compute_actor.cpp:13] actor 285873023221760 switch to &NormalForwardCompActor::HandlerNormal
I0525 19:57:17.418753 194592 runtime_context.cpp:12] DecreaseCounter constructing_actor_cnt, current val is 2227
I0525 19:57:17.419416 194574 runtime_context.cpp:12] DecreaseCounter constructing_actor_cnt, current val is 2217
I0525 19:57:17.418805 194588 normal_forward_compute_actor.cpp:13] actor 30786325577728 switch to &NormalForwardCompActor::HandlerNormal
I0525 19:57:17.419540 194595 tick_compute_actor.cpp:7] actor 61572651155457 switch to &TickComputeActor::HandlerNormal
I0525 19:57:17.418887 194593 runtime_context.cpp:12] DecreaseCounter constructing_actor_cnt, current val is 2226
I0525 19:57:17.418967 194605 runtime_context.cpp:12] DecreaseCounter constructing_actor_cnt, current val is 2224
I0525 19:57:17.418237 194589 normal_forward_compute_actor.cpp:13] actor 35184372088832 switch to &NormalForwardCompActor::HandlerNormal
I0525 19:57:17.419076 194594 runtime_context.cpp:12] DecreaseCounter constructing_actor_cnt, current val is 2222
I0525 19:57:17.419075 194608 runtime_context.cpp:12] DecreaseCounter constructing_actor_cnt, current val is 2223
I0525 19:57:17.419103 194602 tick_compute_actor.cpp:7] actor 92358976733185 switch to &TickComputeActor::HandlerNormal
I0525 19:57:17.419220 194648 runtime_context.cpp:12] DecreaseCounter constructing_actor_cnt, current val is 2221
I0525 19:57:17.419800 194606 tick_compute_actor.cpp:7] actor 109951162777601 switch to &TickComputeActor::HandlerNormal
I0525 19:57:17.418534 194638 normal_forward_compute_actor.cpp:13] actor 250688651132928 switch to &NormalForwardCompActor::HandlerNormal
I0525 19:57:17.419858 194606 runtime_context.cpp:12] DecreaseCounter constructing_actor_cnt, current val is 2210
I0525 19:57:17.419329 194641 runtime_context.cpp:12] DecreaseCounter constructing_actor_cnt, current val is 2218
I0525 19:57:17.419361 194599 thread.cpp:60] thread 18 construct actor 79164837199873
I0525 19:57:17.419399 194591 tick_compute_actor.cpp:7] actor 43980465111045 switch to &TickComputeActor::HandlerNormal
I0525 19:57:17.418769 194598 thread.cpp:60] thread 17 construct actor 74766790688770
I0525 19:57:17.419425 194592 thread.cpp:60] thread 11 construct actor 48378511622148
I0525 19:57:17.419430 194646 runtime_context.cpp:12] DecreaseCounter constructing_actor_cnt, current val is 2216
I0525 19:57:17.419456 194574 thread.cpp:60] thread 0 construct actor 2
I0525 19:57:17.417439 194600 runtime_context.cpp:12] DecreaseCounter constructing_actor_cnt, current val is 2235
I0525 19:57:17.419602 194597 tick_compute_actor.cpp:7] actor 70368744177671 switch to &TickComputeActor::HandlerNormal
I0525 19:57:17.419631 194593 thread.cpp:60] thread 12 construct actor 52776558133249
I0525 19:57:17.420709 194597 runtime_context.cpp:12] DecreaseCounter constructing_actor_cnt, current val is 2207
I0525 19:57:17.419689 194595 runtime_context.cpp:12] DecreaseCounter constructing_actor_cnt, current val is 2214
I0525 19:57:17.419711 194594 thread.cpp:60] thread 13 construct actor 57174604644354
I0525 19:57:17.419764 194589 runtime_context.cpp:12] DecreaseCounter constructing_actor_cnt, current val is 2213
I0525 19:57:17.419790 194596 runtime_context.cpp:12] DecreaseCounter constructing_actor_cnt, current val is 2212
I0525 19:57:17.419257 194590 runtime_context.cpp:12] DecreaseCounter constructing_actor_cnt, current val is 2220
I0525 19:57:17.419814 194602 runtime_context.cpp:12] DecreaseCounter constructing_actor_cnt, current val is 2211
I0525 19:57:17.419298 194601 thread.cpp:60] thread 20 construct actor 87960930222081
I0525 19:57:17.419888 194638 runtime_context.cpp:12] DecreaseCounter constructing_actor_cnt, current val is 2209
I0525 19:57:17.419973 194578 copy_hd_actor.cpp:8] actor 8796093022209 switch to &CopyHdActor::HandlerNormal
I0525 19:57:17.420351 194591 runtime_context.cpp:12] DecreaseCounter constructing_actor_cnt, current val is 2208
I0525 19:57:17.420619 194600 thread.cpp:60] thread 19 construct actor 83562883710977
I0525 19:57:17.419679 194588 runtime_context.cpp:12] DecreaseCounter constructing_actor_cnt, current val is 2215
I0525 19:57:17.420749 194597 thread.cpp:60] thread 16 construct actor 70368744177668
I0525 19:57:17.420804 194595 thread.cpp:60] thread 14 construct actor 61572651155458
I0525 19:57:17.420904 194589 thread.cpp:60] thread 8 construct actor 35184372088833
I0525 19:57:17.420955 194596 thread.cpp:60] thread 15 construct actor 65970697666562
I0525 19:57:17.420979 194599 tick_compute_actor.cpp:7] actor 79164837199873 switch to &TickComputeActor::HandlerNormal
I0525 19:57:17.421003 194590 thread.cpp:60] thread 9 construct actor 39582418599937
I0525 19:57:17.421195 194591 thread.cpp:60] thread 10 construct actor 43980465111049
I0525 19:57:17.421638 194599 runtime_context.cpp:12] DecreaseCounter constructing_actor_cnt, current val is 2205
I0525 19:57:17.421654 194594 tick_compute_actor.cpp:7] actor 57174604644354 switch to &TickComputeActor::HandlerNormal
I0525 19:57:17.421207 194578 runtime_context.cpp:12] DecreaseCounter constructing_actor_cnt, current val is 2206
I0525 19:57:17.421289 194588 thread.cpp:60] thread 7 construct actor 30786325577729
I0525 19:57:17.421370 194574 normal_forward_compute_actor.cpp:13] actor 2 switch to &NormalForwardCompActor::HandlerNormal
I0525 19:57:17.421521 194593 tick_compute_actor.cpp:7] actor 52776558133249 switch to &TickComputeActor::HandlerNormal
I0525 19:57:17.421196 194598 tick_compute_actor.cpp:7] actor 74766790688770 switch to &TickComputeActor::HandlerNormal
I0525 19:57:17.421201 194592 tick_compute_actor.cpp:7] actor 48378511622148 switch to &TickComputeActor::HandlerNormal
I0525 19:57:17.421694 194599 thread.cpp:60] thread 18 construct actor 79164837199874
I0525 19:57:17.421787 194578 thread.cpp:60] thread 2 construct actor 8796093022210
I0525 19:57:17.421797 194594 runtime_context.cpp:12] DecreaseCounter constructing_actor_cnt, current val is 2204
I0525 19:57:17.421819 194601 tick_compute_actor.cpp:7] actor 87960930222081 switch to &TickComputeActor::HandlerNormal
I0525 19:57:17.422432 194591 tick_compute_actor.cpp:7] actor 43980465111049 switch to &TickComputeActor::HandlerNormal
I0525 19:57:17.422472 194601 runtime_context.cpp:12] DecreaseCounter constructing_actor_cnt, current val is 2199
I0525 19:57:17.422096 194595 tick_compute_actor.cpp:7] actor 61572651155458 switch to &TickComputeActor::HandlerNormal
I0525 19:57:17.422232 194593 runtime_context.cpp:12] DecreaseCounter constructing_actor_cnt, current val is 2202
I0525 19:57:17.422293 194598 runtime_context.cpp:12] DecreaseCounter constructing_actor_cnt, current val is 2201
I0525 19:57:17.422323 194592 runtime_context.cpp:12] DecreaseCounter constructing_actor_cnt, current val is 2200
I0525 19:57:17.422395 194594 thread.cpp:60] thread 13 construct actor 57174604644355
I0525 19:57:17.422677 194588 tick_compute_actor.cpp:7] actor 30786325577729 switch to &TickComputeActor::HandlerNormal
I0525 19:57:17.422036 194600 tick_compute_actor.cpp:7] actor 83562883710977 switch to &TickComputeActor::HandlerNormal
I0525 19:57:17.422753 194588 runtime_context.cpp:12] DecreaseCounter constructing_actor_cnt, current val is 2196
I0525 19:57:17.422487 194590 tick_compute_actor.cpp:7] actor 39582418599937 switch to &TickComputeActor::HandlerNormal
I0525 19:57:17.422538 194591 runtime_context.cpp:12] DecreaseCounter constructing_actor_cnt, current val is 2198
I0525 19:57:17.422581 194593 thread.cpp:60] thread 12 construct actor 52776558133250
I0525 19:57:17.422581 194595 runtime_context.cpp:12] DecreaseCounter constructing_actor_cnt, current val is 2197
I0525 19:57:17.422914 194590 runtime_context.cpp:12] DecreaseCounter constructing_actor_cnt, current val is 2194
I0525 19:57:17.422979 194590 thread.cpp:60] thread 9 construct actor 39582418599938
I0525 19:57:17.421912 194574 runtime_context.cpp:12] DecreaseCounter constructing_actor_cnt, current val is 2203
I0525 19:57:17.422472 194597 tick_compute_actor.cpp:7] actor 70368744177668 switch to &TickComputeActor::HandlerNormal
I0525 19:57:17.422792 194588 thread.cpp:60] thread 7 construct actor 30786325577730
I0525 19:57:17.422812 194600 runtime_context.cpp:12] DecreaseCounter constructing_actor_cnt, current val is 2195
I0525 19:57:17.423156 194599 tick_compute_actor.cpp:7] actor 79164837199874 switch to &TickComputeActor::HandlerNormal
I0525 19:57:17.422926 194595 thread.cpp:60] thread 14 construct actor 61572651155460
I0525 19:57:17.422646 194592 thread.cpp:60] thread 11 construct actor 48378511622149
I0525 19:57:17.423066 194574 thread.cpp:60] thread 0 construct actor 3
I0525 19:57:17.423132 194597 runtime_context.cpp:12] DecreaseCounter constructing_actor_cnt, current val is 2193
I0525 19:57:17.422616 194598 thread.cpp:60] thread 17 construct actor 74766790688771
I0525 19:57:17.423171 194600 thread.cpp:60] thread 19 construct actor 83562883710978
I0525 19:57:17.423259 194599 runtime_context.cpp:12] DecreaseCounter constructing_actor_cnt, current val is 2192
I0525 19:57:17.423416 194597 thread.cpp:60] thread 16 construct actor 70368744177669
I0525 19:57:17.423450 194594 tick_compute_actor.cpp:7] actor 57174604644355 switch to &TickComputeActor::HandlerNormal
I0525 19:57:17.423540 194599 thread.cpp:60] thread 18 construct actor 79164837199875
I0525 19:57:17.423609 194578 copy_hd_actor.cpp:8] actor 8796093022210 switch to &CopyHdActor::HandlerNormal
I0525 19:57:17.423738 194593 tick_compute_actor.cpp:7] actor 52776558133250 switch to &TickComputeActor::HandlerNormal
I0525 19:57:17.423847 194590 tick_compute_actor.cpp:7] actor 39582418599938 switch to &TickComputeActor::HandlerNormal
I0525 19:57:17.423879 194593 runtime_context.cpp:12] DecreaseCounter constructing_actor_cnt, current val is 2189
I0525 19:57:17.423929 194590 runtime_context.cpp:12] DecreaseCounter constructing_actor_cnt, current val is 2188
I0525 19:57:17.423967 194595 tick_compute_actor.cpp:7] actor 61572651155460 switch to &TickComputeActor::HandlerNormal
I0525 19:57:17.423899 194588 tick_compute_actor.cpp:7] actor 30786325577730 switch to &TickComputeActor::HandlerNormal
I0525 19:57:17.424041 194595 runtime_context.cpp:12] DecreaseCounter constructing_actor_cnt, current val is 2187
I0525 19:57:17.423943 194593 thread.cpp:60] thread 12 construct actor 52776558133251
I0525 19:57:17.423697 194594 runtime_context.cpp:12] DecreaseCounter constructing_actor_cnt, current val is 2191
I0525 19:57:17.423975 194590 thread.cpp:60] thread 9 construct actor 39582418599940
I0525 19:57:17.423796 194578 runtime_context.cpp:12] DecreaseCounter constructing_actor_cnt, current val is 2190
I0525 19:57:17.424091 194588 runtime_context.cpp:12] DecreaseCounter constructing_actor_cnt, current val is 2186
I0525 19:57:17.424118 194595 thread.cpp:60] thread 14 construct actor 61572651155461
I0525 19:57:17.424268 194600 tick_compute_actor.cpp:7] actor 83562883710978 switch to &TickComputeActor::HandlerNormal
I0525 19:57:17.424347 194574 normal_forward_compute_actor.cpp:13] actor 3 switch to &NormalForwardCompActor::HandlerNormal
I0525 19:57:17.424821 194600 runtime_context.cpp:12] DecreaseCounter constructing_actor_cnt, current val is 2185
I0525 19:57:17.424405 194598 tick_compute_actor.cpp:7] actor 74766790688771 switch to &TickComputeActor::HandlerNormal
I0525 19:57:17.424441 194597 tick_compute_actor.cpp:7] actor 70368744177669 switch to &TickComputeActor::HandlerNormal
I0525 19:57:17.424479 194599 tick_compute_actor.cpp:7] actor 79164837199875 switch to &TickComputeActor::HandlerNormal
I0525 19:57:17.424592 194594 thread.cpp:60] thread 13 construct actor 57174604644356
I0525 19:57:17.425027 194599 runtime_context.cpp:12] DecreaseCounter constructing_actor_cnt, current val is 2181
I0525 19:57:17.424718 194588 thread.cpp:60] thread 7 construct actor 30786325577731
I0525 19:57:17.424347 194592 tick_compute_actor.cpp:7] actor 48378511622149 switch to &TickComputeActor::HandlerNormal
I0525 19:57:17.424877 194574 runtime_context.cpp:12] DecreaseCounter constructing_actor_cnt, current val is 2184
I0525 19:57:17.424897 194596 tick_compute_actor.cpp:7] actor 65970697666562 switch to &TickComputeActor::HandlerNormal
I0525 19:57:17.424917 194598 runtime_context.cpp:12] DecreaseCounter constructing_actor_cnt, current val is 2183
I0525 19:57:17.424993 194640 normal_forward_compute_actor.cpp:13] actor 259484744155136 switch to &NormalForwardCompActor::HandlerNormal
I0525 19:57:17.425276 194593 tick_compute_actor.cpp:7] actor 52776558133251 switch to &TickComputeActor::HandlerNormal
I0525 19:57:17.424688 194578 thread.cpp:60] thread 2 construct actor 8796093022211
I0525 19:57:17.425068 194599 thread.cpp:60] thread 18 construct actor 79164837199876
I0525 19:57:17.425177 194592 runtime_context.cpp:12] DecreaseCounter constructing_actor_cnt, current val is 2180
I0525 19:57:17.425496 194592 thread.cpp:60] thread 11 construct actor 48378511622150
I0525 19:57:17.425248 194598 thread.cpp:60] thread 17 construct actor 74766790688775
I0525 19:57:17.424996 194597 runtime_context.cpp:12] DecreaseCounter constructing_actor_cnt, current val is 2182
I0525 19:57:17.425415 194593 runtime_context.cpp:12] DecreaseCounter constructing_actor_cnt, current val is 2179
I0525 19:57:17.425441 194590 tick_compute_actor.cpp:7] actor 39582418599940 switch to &TickComputeActor::HandlerNormal
I0525 19:57:17.425505 194595 tick_compute_actor.cpp:7] actor 61572651155461 switch to &TickComputeActor::HandlerNormal
I0525 19:57:17.425179 194574 thread.cpp:60] thread 0 construct actor 4
I0525 19:57:17.425572 194597 thread.cpp:60] thread 16 construct actor 70368744177670
I0525 19:57:17.425607 194593 thread.cpp:60] thread 12 construct actor 52776558133254
I0525 19:57:17.425787 194595 runtime_context.cpp:12] DecreaseCounter constructing_actor_cnt, current val is 2177
I0525 19:57:17.425763 194590 runtime_context.cpp:12] DecreaseCounter constructing_actor_cnt, current val is 2178
I0525 19:57:17.425820 194595 thread.cpp:60] thread 14 construct actor 61572651155465
I0525 19:57:17.425911 194590 thread.cpp:60] thread 9 construct actor 39582418599941
I0525 19:57:17.426203 194588 tick_compute_actor.cpp:7] actor 30786325577731 switch to &TickComputeActor::HandlerNormal
I0525 19:57:17.426185 194594 tick_compute_actor.cpp:7] actor 57174604644356 switch to &TickComputeActor::HandlerNormal
I0525 19:57:17.426209 194592 tick_compute_actor.cpp:7] actor 48378511622150 switch to &TickComputeActor::HandlerNormal
I0525 19:57:17.426337 194598 tick_compute_actor.cpp:7] actor 74766790688775 switch to &TickComputeActor::HandlerNormal
I0525 19:57:17.426347 194596 runtime_context.cpp:12] DecreaseCounter constructing_actor_cnt, current val is 2176
I0525 19:57:17.426414 194596 thread.cpp:60] thread 15 construct actor 65970697666563
I0525 19:57:17.426441 194592 runtime_context.cpp:12] DecreaseCounter constructing_actor_cnt, current val is 2175
I0525 19:57:17.426445 194588 runtime_context.cpp:12] DecreaseCounter constructing_actor_cnt, current val is 2174
I0525 19:57:17.426484 194574 normal_forward_compute_actor.cpp:13] actor 4 switch to &NormalForwardCompActor::HandlerNormal
I0525 19:57:17.426470 194594 runtime_context.cpp:12] DecreaseCounter constructing_actor_cnt, current val is 2173
I0525 19:57:17.426482 194598 runtime_context.cpp:12] DecreaseCounter constructing_actor_cnt, current val is 2172
I0525 19:57:17.426589 194574 runtime_context.cpp:12] DecreaseCounter constructing_actor_cnt, current val is 2171
I0525 19:57:17.426499 194588 thread.cpp:60] thread 7 construct actor 30786325577732
I0525 19:57:17.426539 194599 tick_compute_actor.cpp:7] actor 79164837199876 switch to &TickComputeActor::HandlerNormal
I0525 19:57:17.426563 194594 thread.cpp:60] thread 13 construct actor 57174604644357
I0525 19:57:17.426566 194593 tick_compute_actor.cpp:7] actor 52776558133254 switch to &TickComputeActor::HandlerNormal
I0525 19:57:17.426461 194592 thread.cpp:60] thread 11 construct actor 48378511622151
I0525 19:57:17.426594 194598 thread.cpp:60] thread 17 construct actor 74766790688772
I0525 19:57:17.426782 194597 tick_compute_actor.cpp:7] actor 70368744177670 switch to &TickComputeActor::HandlerNormal
I0525 19:57:17.426774 194599 runtime_context.cpp:12] DecreaseCounter constructing_actor_cnt, current val is 2170
I0525 19:57:17.426625 194574 thread.cpp:60] thread 0 construct actor 5
I0525 19:57:17.426825 194593 runtime_context.cpp:12] DecreaseCounter constructing_actor_cnt, current val is 2169
I0525 19:57:17.426915 194597 runtime_context.cpp:12] DecreaseCounter constructing_actor_cnt, current val is 2168
I0525 19:57:17.426945 194593 thread.cpp:60] thread 12 construct actor 52776558133255
I0525 19:57:17.426987 194595 tick_compute_actor.cpp:7] actor 61572651155465 switch to &TickComputeActor::HandlerNormal
I0525 19:57:17.427043 194640 runtime_context.cpp:12] DecreaseCounter constructing_actor_cnt, current val is 2167
I0525 19:57:17.427093 194595 runtime_context.cpp:12] DecreaseCounter constructing_actor_cnt, current val is 2166
I0525 19:57:17.427230 194590 tick_compute_actor.cpp:7] actor 39582418599941 switch to &TickComputeActor::HandlerNormal
I0525 19:57:17.427279 194578 copy_hd_actor.cpp:8] actor 8796093022211 switch to &CopyHdActor::HandlerNormal
I0525 19:57:17.427299 194590 runtime_context.cpp:12] DecreaseCounter constructing_actor_cnt, current val is 2165
I0525 19:57:17.427369 194590 thread.cpp:60] thread 9 construct actor 39582418599945
I0525 19:57:17.427376 194578 runtime_context.cpp:12] DecreaseCounter constructing_actor_cnt, current val is 2164
I0525 19:57:17.427407 194592 tick_compute_actor.cpp:7] actor 48378511622151 switch to &TickComputeActor::HandlerNormal
I0525 19:57:17.427516 194578 thread.cpp:60] thread 2 construct actor 8796093022212
I0525 19:57:17.427728 194593 tick_compute_actor.cpp:7] actor 52776558133255 switch to &TickComputeActor::HandlerNormal
I0525 19:57:17.427609 194574 normal_forward_compute_actor.cpp:13] actor 5 switch to &NormalForwardCompActor::HandlerNormal
I0525 19:57:17.427742 194592 runtime_context.cpp:12] DecreaseCounter constructing_actor_cnt, current val is 2163
I0525 19:57:17.427850 194574 runtime_context.cpp:12] DecreaseCounter constructing_actor_cnt, current val is 2161
I0525 19:57:17.427752 194588 tick_compute_actor.cpp:7] actor 30786325577732 switch to &TickComputeActor::HandlerNormal
I0525 19:57:17.427790 194594 tick_compute_actor.cpp:7] actor 57174604644357 switch to &TickComputeActor::HandlerNormal
I0525 19:57:17.427812 194593 runtime_context.cpp:12] DecreaseCounter constructing_actor_cnt, current val is 2162
I0525 19:57:17.427989 194594 runtime_context.cpp:12] DecreaseCounter constructing_actor_cnt, current val is 2159
I0525 19:57:17.427855 194592 thread.cpp:60] thread 11 construct actor 48378511622152
I0525 19:57:17.427882 194574 thread.cpp:60] thread 0 construct actor 6
I0525 19:57:17.427968 194588 runtime_context.cpp:12] DecreaseCounter constructing_actor_cnt, current val is 2160
I0525 19:57:17.427567 194598 tick_compute_actor.cpp:7] actor 74766790688772 switch to &TickComputeActor::HandlerNormal
I0525 19:57:17.427995 194593 thread.cpp:60] thread 12 construct actor 52776558133256
I0525 19:57:17.428022 194594 thread.cpp:60] thread 13 construct actor 57174604644358
I0525 19:57:17.428107 194590 tick_compute_actor.cpp:7] actor 39582418599945 switch to &TickComputeActor::HandlerNormal
I0525 19:57:17.428112 194588 thread.cpp:60] thread 7 construct actor 30786325577733
I0525 19:57:17.428280 194590 runtime_context.cpp:12] DecreaseCounter constructing_actor_cnt, current val is 2157
I0525 19:57:17.428180 194598 runtime_context.cpp:12] DecreaseCounter constructing_actor_cnt, current val is 2158
I0525 19:57:17.428347 194598 thread.cpp:60] thread 17 construct actor 74766790688773
I0525 19:57:17.428653 194592 tick_compute_actor.cpp:7] actor 48378511622152 switch to &TickComputeActor::HandlerNormal
I0525 19:57:17.428715 194592 runtime_context.cpp:12] DecreaseCounter constructing_actor_cnt, current val is 2156
I0525 19:57:17.428743 194592 thread.cpp:60] thread 11 construct actor 48378511622153
I0525 19:57:17.428767 194574 normal_forward_compute_actor.cpp:13] actor 6 switch to &NormalForwardCompActor::HandlerNormal
I0525 19:57:17.428831 194574 runtime_context.cpp:12] DecreaseCounter constructing_actor_cnt, current val is 2155
I0525 19:57:17.428855 194593 tick_compute_actor.cpp:7] actor 52776558133256 switch to &TickComputeActor::HandlerNormal
I0525 19:57:17.428860 194574 thread.cpp:60] thread 0 construct actor 7
I0525 19:57:17.428918 194593 runtime_context.cpp:12] DecreaseCounter constructing_actor_cnt, current val is 2154
I0525 19:57:17.428947 194593 thread.cpp:60] thread 12 construct actor 52776558133257
I0525 19:57:17.429064 194598 tick_compute_actor.cpp:7] actor 74766790688773 switch to &TickComputeActor::HandlerNormal
I0525 19:57:17.429137 194598 runtime_context.cpp:12] DecreaseCounter constructing_actor_cnt, current val is 2153
I0525 19:57:17.429167 194598 thread.cpp:60] thread 17 construct actor 74766790688774
I0525 19:57:17.429270 194594 tick_compute_actor.cpp:7] actor 57174604644358 switch to &TickComputeActor::HandlerNormal
I0525 19:57:17.429323 194588 tick_compute_actor.cpp:7] actor 30786325577733 switch to &TickComputeActor::HandlerNormal
I0525 19:57:17.429355 194594 runtime_context.cpp:12] DecreaseCounter constructing_actor_cnt, current val is 2152
I0525 19:57:17.429391 194588 runtime_context.cpp:12] DecreaseCounter constructing_actor_cnt, current val is 2151
I0525 19:57:17.429359 194592 tick_compute_actor.cpp:7] actor 48378511622153 switch to &TickComputeActor::HandlerNormal
I0525 19:57:17.429399 194594 thread.cpp:60] thread 13 construct actor 57174604644359
I0525 19:57:17.429414 194588 thread.cpp:60] thread 7 construct actor 30786325577734
