Log file created at: 2020/05/26 13:07:29
Running on machine: ai06
Log line format: [IWEF]mmdd hh:mm:ss.uuuuuu threadid file:line] msg
I0526 13:07:29.644202 153098 util.h:71] NewGlobal N7oneflow7EnvDescE
I0526 13:07:29.649147 153098 util.h:71] NewGlobal N7oneflow10CtrlServerE
I0526 13:07:29.660024 153098 ctrl_server.cpp:39] CtrlServer listening on 0.0.0.0:9789
I0526 13:07:29.660122 153098 util.h:71] NewGlobal N7oneflow10CtrlClientE
I0526 13:07:29.661207 153098 ctrl_client.cpp:187] LoadServer 127.0.0.1 Successful at 0 times
I0526 13:07:29.661303 153098 util.h:71] NewGlobal N7oneflow10MachineCtxE
I0526 13:07:29.661322 153098 machine_context.cpp:16] this machine id: 0
I0526 13:07:29.680601 153098 util.h:71] NewGlobal N7oneflow12ResourceDescE
I0526 13:07:29.680634 153098 util.h:71] NewGlobal N7oneflow6IOConfE
I0526 13:07:29.680644 153098 util.h:71] NewGlobal N7oneflow12ProfilerConfE
I0526 13:07:29.680649 153098 util.h:71] NewGlobal N7oneflow5IDMgrE
I0526 13:07:29.710438 153098 util.h:71] NewGlobal N7oneflow16AvailableMemDescE
I0526 13:07:29.710633 153098 util.h:71] NewGlobal St13unordered_mapISslSt4hashISsESt8equal_toISsESaISt4pairIKSslEEE
I0526 13:07:29.710642 153098 util.h:71] NewGlobal N7oneflow19CriticalSectionDescE
I0526 13:07:29.710646 153098 util.h:71] NewGlobal N7oneflow16InterUserJobInfoE
I0526 13:07:29.710654 153098 util.h:71] NewGlobal N7oneflow22JobBuildAndInferCtxMgrE
I0526 13:07:29.710659 153098 util.h:71] NewGlobal N7oneflow18LbiDiffWatcherInfoE
I0526 13:07:29.710665 153098 util.h:71] NewGlobal N7oneflow16JobSetCompileCtxE
I0526 13:07:29.710672 153098 util.h:71] NewGlobal N7oneflow26RuntimeBufferManagersScopeE
I0526 13:07:29.710676 153098 util.h:71] NewGlobal N7oneflow9BufferMgrIlEE
I0526 13:07:29.710680 153098 util.h:71] NewGlobal N7oneflow9BufferMgrISt10shared_ptrINS_18ForeignJobInstanceEEEE
I0526 13:07:29.712870 153098 oneflow_internal_helper.h:79] NewGlobal N7oneflow25SessionGlobalObjectsScopeE
I0526 13:07:29.714464 153098 util.h:71] NewGlobal N7oneflow7JobDescE
I0526 13:07:29.714483 153098 job_desc.cpp:90] Set piece_num_of_experiment_phase 19
I0526 13:07:30.358731 153098 util.h:76] DeleteGlobal N7oneflow7JobDescE
I0526 13:07:30.358768 153098 util.h:71] NewGlobal N7oneflow7JobDescE
I0526 13:07:30.358778 153098 job_desc.cpp:90] Set piece_num_of_experiment_phase 19
I0526 13:07:32.607470 153098 util.h:76] DeleteGlobal N7oneflow7JobDescE
I0526 13:07:32.612591 153098 util.h:71] NewGlobal N7oneflow24InterJobReuseMemStrategyE
I0526 13:07:32.612622 153098 util.h:71] NewGlobal N7oneflow7OneflowE
I0526 13:07:32.621162 153098 job_desc.cpp:90] Set piece_num_of_experiment_phase 19
I0526 13:07:32.624541 153098 job_desc.cpp:90] Set piece_num_of_experiment_phase 19
I0526 13:07:32.626840 153098 job_desc.cpp:90] Set piece_num_of_experiment_phase 19
I0526 13:07:32.628269 153098 job_desc.cpp:90] Set piece_num_of_experiment_phase 19
I0526 13:07:32.628286 153098 job_desc.cpp:90] Set piece_num_of_experiment_phase 19
I0526 13:07:32.628291 153098 job_desc.cpp:90] Set piece_num_of_experiment_phase 19
I0526 13:07:32.628296 153098 job_desc.cpp:90] Set piece_num_of_experiment_phase 19
I0526 13:07:32.630241 153098 util.h:71] NewGlobal N7oneflow7JobDescE
I0526 13:07:32.630255 153098 job_desc.cpp:90] Set piece_num_of_experiment_phase 19
I0526 13:07:33.335877 153098 util.h:71] NewGlobal N7oneflow7OpGraphE
I0526 13:07:33.557150 153098 util.h:76] DeleteGlobal N7oneflow7OpGraphE
I0526 13:07:33.587420 153098 oneflow.cpp:137] compile time: 9.46751e+08
I0526 13:07:33.666225 153098 oneflow.cpp:144] push_pull_plan:1.03249e+09
I0526 13:07:33.675081 153098 oneflow.cpp:168] compile and improve time: 1.04482e+09
I0526 13:07:33.692602 153098 util.h:76] DeleteGlobal N7oneflow7JobDescE
I0526 13:07:33.692637 153098 util.h:71] NewGlobal N7oneflow7JobDescE
I0526 13:07:33.692651 153098 job_desc.cpp:90] Set piece_num_of_experiment_phase 19
I0526 13:07:34.042065 153098 util.h:71] NewGlobal N7oneflow7OpGraphE
I0526 13:07:34.181937 153098 util.h:76] DeleteGlobal N7oneflow7OpGraphE
I0526 13:07:34.206737 153098 oneflow.cpp:137] compile time: 5.03336e+08
I0526 13:07:34.291244 153098 oneflow.cpp:144] push_pull_plan:5.95642e+08
I0526 13:07:34.309334 153098 oneflow.cpp:168] compile and improve time: 6.16665e+08
I0526 13:07:34.335228 153098 util.h:76] DeleteGlobal N7oneflow7JobDescE
I0526 13:07:34.335280 153098 util.h:71] NewGlobal N7oneflow7JobDescE
I0526 13:07:34.335397 153098 job_desc.cpp:90] Set piece_num_of_experiment_phase 19
I0526 13:07:34.697708 153098 util.h:71] NewGlobal N7oneflow7OpGraphE
I0526 13:07:34.835144 153098 util.h:76] DeleteGlobal N7oneflow7OpGraphE
I0526 13:07:34.854666 153098 oneflow.cpp:137] compile time: 5.11469e+08
I0526 13:07:34.935936 153098 oneflow.cpp:144] push_pull_plan:5.97193e+08
I0526 13:07:34.943488 153098 oneflow.cpp:168] compile and improve time: 6.08052e+08
I0526 13:07:34.957500 153098 util.h:76] DeleteGlobal N7oneflow7JobDescE
I0526 13:07:34.957581 153098 util.h:71] NewGlobal N7oneflow7JobDescE
I0526 13:07:34.957612 153098 job_desc.cpp:90] Set piece_num_of_experiment_phase 19
I0526 13:07:35.339633 153098 util.h:71] NewGlobal N7oneflow7OpGraphE
I0526 13:07:35.519300 153098 util.h:76] DeleteGlobal N7oneflow7OpGraphE
I0526 13:07:35.551146 153098 oneflow.cpp:137] compile time: 5.93139e+08
I0526 13:07:35.653837 153098 oneflow.cpp:144] push_pull_plan:6.92217e+08
I0526 13:07:35.662961 153098 oneflow.cpp:168] compile and improve time: 7.05318e+08
I0526 13:07:35.681774 153098 util.h:76] DeleteGlobal N7oneflow7JobDescE
I0526 13:07:35.682687 153098 util.h:71] NewGlobal N7oneflow7JobDescE
I0526 13:07:35.682720 153098 job_desc.cpp:90] Set piece_num_of_experiment_phase 19
I0526 13:07:35.686254 153098 util.h:71] NewGlobal N7oneflow7OpGraphE
I0526 13:07:35.688520 153098 util.h:76] DeleteGlobal N7oneflow7OpGraphE
I0526 13:07:35.688809 153098 oneflow.cpp:137] compile time: 6.00397e+06
I0526 13:07:35.689668 153098 oneflow.cpp:144] push_pull_plan:6.88742e+06
I0526 13:07:35.689841 153098 oneflow.cpp:168] compile and improve time: 7.09939e+06
I0526 13:07:35.690050 153098 util.h:76] DeleteGlobal N7oneflow7JobDescE
I0526 13:07:35.690073 153098 util.h:71] NewGlobal N7oneflow7JobDescE
I0526 13:07:35.690090 153098 job_desc.cpp:90] Set piece_num_of_experiment_phase 19
I0526 13:07:35.693269 153098 util.h:71] NewGlobal N7oneflow7OpGraphE
I0526 13:07:35.695295 153098 util.h:76] DeleteGlobal N7oneflow7OpGraphE
I0526 13:07:35.695523 153098 oneflow.cpp:137] compile time: 5.36294e+06
I0526 13:07:35.696357 153098 oneflow.cpp:144] push_pull_plan:6.21517e+06
I0526 13:07:35.696527 153098 oneflow.cpp:168] compile and improve time: 6.4192e+06
I0526 13:07:35.696738 153098 util.h:76] DeleteGlobal N7oneflow7JobDescE
I0526 13:07:35.696759 153098 util.h:71] NewGlobal N7oneflow7JobDescE
I0526 13:07:35.696777 153098 job_desc.cpp:90] Set piece_num_of_experiment_phase 19
I0526 13:07:35.700044 153098 util.h:71] NewGlobal N7oneflow7OpGraphE
I0526 13:07:35.701808 153098 util.h:76] DeleteGlobal N7oneflow7OpGraphE
I0526 13:07:35.702026 153098 oneflow.cpp:137] compile time: 5.19501e+06
I0526 13:07:35.702704 153098 oneflow.cpp:144] push_pull_plan:5.8921e+06
I0526 13:07:35.702842 153098 oneflow.cpp:168] compile and improve time: 6.05645e+06
I0526 13:07:35.703018 153098 util.h:76] DeleteGlobal N7oneflow7JobDescE
I0526 13:07:35.703040 153098 util.h:71] NewGlobal N7oneflow7JobDescE
I0526 13:07:35.703060 153098 job_desc.cpp:90] Set piece_num_of_experiment_phase 19
I0526 13:07:35.706292 153098 util.h:71] NewGlobal N7oneflow7OpGraphE
I0526 13:07:35.708021 153098 util.h:76] DeleteGlobal N7oneflow7OpGraphE
I0526 13:07:35.708235 153098 oneflow.cpp:137] compile time: 5.1223e+06
I0526 13:07:35.708907 153098 oneflow.cpp:144] push_pull_plan:5.81325e+06
I0526 13:07:35.709046 153098 oneflow.cpp:168] compile and improve time: 5.9776e+06
I0526 13:07:35.709213 153098 util.h:76] DeleteGlobal N7oneflow7JobDescE
I0526 13:07:35.709234 153098 util.h:71] NewGlobal N7oneflow7JobDescE
I0526 13:07:35.709241 153098 job_desc.cpp:90] Set piece_num_of_experiment_phase 19
I0526 13:07:35.712466 153098 util.h:71] NewGlobal N7oneflow7OpGraphE
I0526 13:07:35.716609 153098 util.h:76] DeleteGlobal N7oneflow7OpGraphE
I0526 13:07:35.717051 153098 oneflow.cpp:137] compile time: 7.74426e+06
I0526 13:07:35.717917 153098 oneflow.cpp:144] push_pull_plan:8.64256e+06
I0526 13:07:35.718775 153098 oneflow.cpp:168] compile and improve time: 9.52166e+06
I0526 13:07:35.719267 153098 util.h:76] DeleteGlobal N7oneflow7JobDescE
I0526 13:07:35.848559 153098 util.h:71] NewGlobal N7oneflow7JobDescE
I0526 13:07:35.848718 153098 job_desc.cpp:90] Set piece_num_of_experiment_phase 19
I0526 13:07:35.848795 153098 util.h:71] NewGlobal N7oneflow7OpGraphE
I0526 13:07:35.862480 153098 util.h:76] DeleteGlobal N7oneflow7OpGraphE
I0526 13:07:35.863613 153098 oneflow.cpp:137] compile time: 1.44671e+07
I0526 13:07:35.867532 153098 oneflow.cpp:144] push_pull_plan:1.84755e+07
I0526 13:07:35.868211 153098 oneflow.cpp:168] compile and improve time: 1.94158e+07
I0526 13:07:35.869011 153098 util.h:76] DeleteGlobal N7oneflow7JobDescE
I0526 13:07:36.361652 153098 util.h:71] NewGlobal N7oneflow10RuntimeCtxE
I0526 13:07:36.364105 153098 util.h:71] NewGlobal N7oneflow15MemoryAllocatorE
I0526 13:07:36.364496 153098 util.h:71] NewGlobal N7oneflow8RegstMgrE
I0526 13:07:37.122424 153098 util.h:71] NewGlobal N7oneflow11ActorMsgBusE
I0526 13:07:37.122622 153098 util.h:71] NewGlobal N7oneflow9ThreadMgrE
I0526 13:07:37.126245 153098 util.h:71] NewGlobal N7oneflow11NcclCommMgrE
I0526 13:07:37.126446 153098 util.h:71] NewGlobal N7oneflow15RuntimeJobDescsE
I0526 13:07:37.126503 153098 job_desc.cpp:90] Set piece_num_of_experiment_phase 19
I0526 13:07:37.126538 153098 job_desc.cpp:90] Set piece_num_of_experiment_phase 19
I0526 13:07:37.126556 153098 job_desc.cpp:90] Set piece_num_of_experiment_phase 19
I0526 13:07:37.126570 153098 job_desc.cpp:90] Set piece_num_of_experiment_phase 19
I0526 13:07:37.126585 153098 job_desc.cpp:90] Set piece_num_of_experiment_phase 19
I0526 13:07:37.126610 153098 job_desc.cpp:90] Set piece_num_of_experiment_phase 19
I0526 13:07:37.126627 153098 job_desc.cpp:90] Set piece_num_of_experiment_phase 19
I0526 13:07:37.126642 153098 job_desc.cpp:90] Set piece_num_of_experiment_phase 19
I0526 13:07:37.126658 153098 job_desc.cpp:90] Set piece_num_of_experiment_phase 19
I0526 13:07:37.126672 153098 job_desc.cpp:90] Set piece_num_of_experiment_phase 19
I0526 13:07:37.128967 153098 runtime_context.cpp:6] NewCounter constructing_actor_cnt 2273
I0526 13:07:37.129772 156435 thread.cpp:60] thread 0 construct actor 663
I0526 13:07:37.129839 156457 thread.cpp:60] thread 15 construct actor 65970697666560
I0526 13:07:37.129838 156452 thread.cpp:60] thread 10 construct actor 43980465111043
I0526 13:07:37.129839 156464 thread.cpp:60] thread 22 construct actor 96757023244288
I0526 13:07:37.129844 156453 thread.cpp:60] thread 11 construct actor 48378511622144
I0526 13:07:37.129905 156456 thread.cpp:60] thread 14 construct actor 61572651155459
I0526 13:07:37.129910 156508 thread.cpp:60] thread 66 construct actor 290271069732864
I0526 13:07:37.130462 156452 tick_compute_actor.cpp:7] actor 43980465111043 switch to &TickComputeActor::HandlerNormal
I0526 13:07:37.130612 156452 runtime_context.cpp:12] DecreaseCounter constructing_actor_cnt, current val is 2272
I0526 13:07:37.130657 156452 thread.cpp:60] thread 10 construct actor 43980465111046
I0526 13:07:37.130780 156457 tick_compute_actor.cpp:7] actor 65970697666560 switch to &TickComputeActor::HandlerNormal
I0526 13:07:37.130910 156464 tick_compute_actor.cpp:7] actor 96757023244288 switch to &TickComputeActor::HandlerNormal
I0526 13:07:37.130980 156457 runtime_context.cpp:12] DecreaseCounter constructing_actor_cnt, current val is 2271
I0526 13:07:37.131013 156453 tick_compute_actor.cpp:7] actor 48378511622144 switch to &TickComputeActor::HandlerNormal
I0526 13:07:37.131085 156464 runtime_context.cpp:12] DecreaseCounter constructing_actor_cnt, current val is 2270
I0526 13:07:37.131150 156453 runtime_context.cpp:12] DecreaseCounter constructing_actor_cnt, current val is 2269
I0526 13:07:37.131194 156453 thread.cpp:60] thread 11 construct actor 48378511622145
I0526 13:07:37.131325 156456 tick_compute_actor.cpp:7] actor 61572651155459 switch to &TickComputeActor::HandlerNormal
I0526 13:07:37.131495 156452 tick_compute_actor.cpp:7] actor 43980465111046 switch to &TickComputeActor::HandlerNormal
I0526 13:07:37.131593 156456 runtime_context.cpp:12] DecreaseCounter constructing_actor_cnt, current val is 2268
I0526 13:07:37.131628 156452 runtime_context.cpp:12] DecreaseCounter constructing_actor_cnt, current val is 2267
I0526 13:07:37.131654 156456 thread.cpp:60] thread 14 construct actor 61572651155462
I0526 13:07:37.131680 156452 thread.cpp:60] thread 10 construct actor 43980465111047
I0526 13:07:37.131964 156453 tick_compute_actor.cpp:7] actor 48378511622145 switch to &TickComputeActor::HandlerNormal
I0526 13:07:37.132350 156453 runtime_context.cpp:12] DecreaseCounter constructing_actor_cnt, current val is 2266
I0526 13:07:37.132380 156453 thread.cpp:60] thread 11 construct actor 48378511622146
I0526 13:07:37.132392 156452 tick_compute_actor.cpp:7] actor 43980465111047 switch to &TickComputeActor::HandlerNormal
I0526 13:07:37.132503 156452 runtime_context.cpp:12] DecreaseCounter constructing_actor_cnt, current val is 2265
I0526 13:07:37.132531 156452 thread.cpp:60] thread 10 construct actor 43980465111048
I0526 13:07:37.132679 156456 tick_compute_actor.cpp:7] actor 61572651155462 switch to &TickComputeActor::HandlerNormal
I0526 13:07:37.132795 156456 runtime_context.cpp:12] DecreaseCounter constructing_actor_cnt, current val is 2264
I0526 13:07:37.132833 156456 thread.cpp:60] thread 14 construct actor 61572651155463
I0526 13:07:37.133090 156453 tick_compute_actor.cpp:7] actor 48378511622146 switch to &TickComputeActor::HandlerNormal
I0526 13:07:37.133186 156453 runtime_context.cpp:12] DecreaseCounter constructing_actor_cnt, current val is 2263
I0526 13:07:37.133188 156452 tick_compute_actor.cpp:7] actor 43980465111048 switch to &TickComputeActor::HandlerNormal
I0526 13:07:37.133294 156452 runtime_context.cpp:12] DecreaseCounter constructing_actor_cnt, current val is 2262
I0526 13:07:37.133816 156456 tick_compute_actor.cpp:7] actor 61572651155463 switch to &TickComputeActor::HandlerNormal
I0526 13:07:37.133945 156456 runtime_context.cpp:12] DecreaseCounter constructing_actor_cnt, current val is 2261
I0526 13:07:37.133978 156456 thread.cpp:60] thread 14 construct actor 61572651155464
I0526 13:07:37.134951 156456 tick_compute_actor.cpp:7] actor 61572651155464 switch to &TickComputeActor::HandlerNormal
I0526 13:07:37.135082 156456 runtime_context.cpp:12] DecreaseCounter constructing_actor_cnt, current val is 2260
I0526 13:07:37.144055 156435 tick_compute_actor.cpp:7] actor 663 switch to &TickComputeActor::HandlerNormal
I0526 13:07:37.144165 156435 runtime_context.cpp:12] DecreaseCounter constructing_actor_cnt, current val is 2259
I0526 13:07:37.144186 156435 thread.cpp:60] thread 0 construct actor 1030
I0526 13:07:37.151368 156435 tick_compute_actor.cpp:7] actor 1030 switch to &TickComputeActor::HandlerNormal
I0526 13:07:37.151446 156435 runtime_context.cpp:12] DecreaseCounter constructing_actor_cnt, current val is 2258
I0526 13:07:37.151474 156435 thread.cpp:60] thread 0 construct actor 1031
I0526 13:07:37.152621 156435 tick_compute_actor.cpp:7] actor 1031 switch to &TickComputeActor::HandlerNormal
I0526 13:07:37.152789 156435 runtime_context.cpp:12] DecreaseCounter constructing_actor_cnt, current val is 2257
I0526 13:07:37.152827 156435 thread.cpp:60] thread 0 construct actor 1398
I0526 13:07:37.154691 156435 tick_compute_actor.cpp:7] actor 1398 switch to &TickComputeActor::HandlerNormal
I0526 13:07:37.154820 156435 runtime_context.cpp:12] DecreaseCounter constructing_actor_cnt, current val is 2256
I0526 13:07:37.154855 156435 thread.cpp:60] thread 0 construct actor 1399
I0526 13:07:37.165750 156508 wait_and_send_ids_compute_actor.cpp:12] actor 290271069732864 switch to &WaitAndSendIdsCompActor::HandlerWaitToStart
I0526 13:07:37.165844 156508 runtime_context.cpp:12] DecreaseCounter constructing_actor_cnt, current val is 2255
I0526 13:07:37.170632 156435 tick_compute_actor.cpp:7] actor 1399 switch to &TickComputeActor::HandlerNormal
I0526 13:07:37.170881 156435 runtime_context.cpp:12] DecreaseCounter constructing_actor_cnt, current val is 2254
I0526 13:07:37.171020 156435 thread.cpp:60] thread 0 construct actor 1767
I0526 13:07:37.172971 156435 tick_compute_actor.cpp:7] actor 1767 switch to &TickComputeActor::HandlerNormal
I0526 13:07:37.173554 156435 runtime_context.cpp:12] DecreaseCounter constructing_actor_cnt, current val is 2253
I0526 13:07:37.173605 156435 thread.cpp:60] thread 0 construct actor 1769
I0526 13:07:37.174294 156435 tick_compute_actor.cpp:7] actor 1769 switch to &TickComputeActor::HandlerNormal
I0526 13:07:37.174355 156435 runtime_context.cpp:12] DecreaseCounter constructing_actor_cnt, current val is 2252
I0526 13:07:37.174393 156435 thread.cpp:60] thread 0 construct actor 1770
I0526 13:07:37.183228 156435 tick_compute_actor.cpp:7] actor 1770 switch to &TickComputeActor::HandlerNormal
I0526 13:07:37.183346 156435 runtime_context.cpp:12] DecreaseCounter constructing_actor_cnt, current val is 2251
I0526 13:07:37.183373 156435 thread.cpp:60] thread 0 construct actor 1772
I0526 13:07:37.184056 156435 tick_compute_actor.cpp:7] actor 1772 switch to &TickComputeActor::HandlerNormal
I0526 13:07:37.184163 156435 runtime_context.cpp:12] DecreaseCounter constructing_actor_cnt, current val is 2250
I0526 13:07:37.184187 156435 thread.cpp:60] thread 0 construct actor 1773
I0526 13:07:37.184906 156435 tick_compute_actor.cpp:7] actor 1773 switch to &TickComputeActor::HandlerNormal
I0526 13:07:37.184999 156435 runtime_context.cpp:12] DecreaseCounter constructing_actor_cnt, current val is 2249
I0526 13:07:37.197507 156435 thread.cpp:60] thread 0 construct actor 0
I0526 13:07:37.197691 156456 thread.cpp:60] thread 14 construct actor 61572651155456
I0526 13:07:37.197806 156457 thread.cpp:60] thread 15 construct actor 65970697666561
I0526 13:07:37.197923 156453 thread.cpp:60] thread 11 construct actor 48378511622147
I0526 13:07:37.197928 156464 thread.cpp:60] thread 22 construct actor 96757023244289
I0526 13:07:37.197993 156452 thread.cpp:60] thread 10 construct actor 43980465111044
I0526 13:07:37.416549 156439 thread.cpp:60] thread 2 construct actor 8796093022208
I0526 13:07:37.416942 156450 thread.cpp:60] thread 8 construct actor 35184372088832
I0526 13:07:37.416956 156458 thread.cpp:60] thread 16 construct actor 70368744177664
I0526 13:07:37.416944 156451 thread.cpp:60] thread 9 construct actor 39582418599936
I0526 13:07:37.416949 156449 thread.cpp:60] thread 7 construct actor 30786325577728
I0526 13:07:37.416949 156509 thread.cpp:60] thread 67 construct actor 294669116243968
I0526 13:07:37.416980 156454 thread.cpp:60] thread 12 construct actor 52776558133248
I0526 13:07:37.416994 156455 thread.cpp:60] thread 13 construct actor 57174604644352
I0526 13:07:37.460124 156470 thread.cpp:60] thread 28 construct actor 123145302310912
I0526 13:07:37.460129 156463 thread.cpp:60] thread 21 construct actor 92358976733184
I0526 13:07:37.468149 156463 tick_compute_actor.cpp:7] actor 92358976733184 switch to &TickComputeActor::HandlerNormal
I0526 13:07:37.460140 156462 thread.cpp:60] thread 20 construct actor 87960930222080
I0526 13:07:37.460161 156501 thread.cpp:60] thread 59 construct actor 259484744155136
I0526 13:07:37.460147 156469 thread.cpp:60] thread 27 construct actor 118747255799808
I0526 13:07:37.460125 156461 thread.cpp:60] thread 19 construct actor 83562883710976
I0526 13:07:37.460177 156505 thread.cpp:60] thread 63 construct actor 277076930199552
I0526 13:07:37.472342 156461 tick_compute_actor.cpp:7] actor 83562883710976 switch to &TickComputeActor::HandlerNormal
I0526 13:07:37.460148 156499 thread.cpp:60] thread 57 construct actor 250688651132928
I0526 13:07:37.460191 156503 thread.cpp:60] thread 61 construct actor 268280837177344
I0526 13:07:37.460151 156467 thread.cpp:60] thread 25 construct actor 109951162777600
I0526 13:07:37.460131 156466 thread.cpp:60] thread 24 construct actor 105553116266496
I0526 13:07:37.460187 156506 thread.cpp:60] thread 64 construct actor 281474976710656
I0526 13:07:37.460235 156459 thread.cpp:60] thread 17 construct actor 74766790688769
I0526 13:07:37.460260 156468 thread.cpp:60] thread 26 construct actor 114349209288704
I0526 13:07:37.460276 156504 thread.cpp:60] thread 62 construct actor 272678883688448
I0526 13:07:37.461308 156502 thread.cpp:60] thread 60 construct actor 263882790666240
I0526 13:07:37.460299 156465 thread.cpp:60] thread 23 construct actor 101155069755393
I0526 13:07:37.461477 156453 tick_compute_actor.cpp:7] actor 48378511622147 switch to &TickComputeActor::HandlerNormal
I0526 13:07:37.474983 156465 tick_compute_actor.cpp:7] actor 101155069755393 switch to &TickComputeActor::HandlerNormal
I0526 13:07:37.475023 156453 runtime_context.cpp:12] DecreaseCounter constructing_actor_cnt, current val is 2246
I0526 13:07:37.461557 156464 tick_compute_actor.cpp:7] actor 96757023244289 switch to &TickComputeActor::HandlerNormal
I0526 13:07:37.461557 156452 tick_compute_actor.cpp:7] actor 43980465111044 switch to &TickComputeActor::HandlerNormal
I0526 13:07:37.475188 156464 runtime_context.cpp:12] DecreaseCounter constructing_actor_cnt, current val is 2244
I0526 13:07:37.461637 156435 normal_forward_compute_actor.cpp:13] actor 0 switch to &NormalForwardCompActor::HandlerNormal
I0526 13:07:37.461678 156470 esac_compute_actor.cpp:21] actor 123145302310912 switch to &EsacCompActor::HandlerNormal
I0526 13:07:37.461874 156439 copy_hd_actor.cpp:8] actor 8796093022208 switch to &CopyHdActor::HandlerNormal
I0526 13:07:37.461886 156458 tick_compute_actor.cpp:7] actor 70368744177664 switch to &TickComputeActor::HandlerNormal
I0526 13:07:37.462031 156509 sink_compute_actor.cpp:6] actor 294669116243968 switch to &SinkCompActor::HandlerNormal
I0526 13:07:37.462123 156450 normal_forward_compute_actor.cpp:13] actor 35184372088832 switch to &NormalForwardCompActor::HandlerNormal
I0526 13:07:37.462193 156449 normal_forward_compute_actor.cpp:13] actor 30786325577728 switch to &NormalForwardCompActor::HandlerNormal
I0526 13:07:37.462416 156455 tick_compute_actor.cpp:7] actor 57174604644352 switch to &TickComputeActor::HandlerNormal
I0526 13:07:37.462476 156451 normal_forward_compute_actor.cpp:13] actor 39582418599936 switch to &NormalForwardCompActor::HandlerNormal
I0526 13:07:37.462486 156454 tick_compute_actor.cpp:7] actor 52776558133248 switch to &TickComputeActor::HandlerNormal
I0526 13:07:37.463131 156457 tick_compute_actor.cpp:7] actor 65970697666561 switch to &TickComputeActor::HandlerNormal
I0526 13:07:37.460134 156460 thread.cpp:60] thread 18 construct actor 79164837199872
I0526 13:07:37.468297 156463 runtime_context.cpp:12] DecreaseCounter constructing_actor_cnt, current val is 2248
I0526 13:07:37.469086 156462 tick_compute_actor.cpp:7] actor 87960930222080 switch to &TickComputeActor::HandlerNormal
I0526 13:07:37.471565 156469 tick_compute_actor.cpp:7] actor 118747255799808 switch to &TickComputeActor::HandlerNormal
I0526 13:07:37.460131 156471 thread.cpp:60] thread 29 construct actor 127543348822016
I0526 13:07:37.475981 156462 runtime_context.cpp:12] DecreaseCounter constructing_actor_cnt, current val is 2232
I0526 13:07:37.472597 156505 normal_forward_compute_actor.cpp:13] actor 277076930199552 switch to &NormalForwardCompActor::HandlerNormal
I0526 13:07:37.473052 156503 normal_forward_compute_actor.cpp:13] actor 268280837177344 switch to &NormalForwardCompActor::HandlerNormal
I0526 13:07:37.473331 156501 normal_forward_compute_actor.cpp:13] actor 259484744155136 switch to &NormalForwardCompActor::HandlerNormal
I0526 13:07:37.473399 156499 normal_forward_compute_actor.cpp:13] actor 250688651132928 switch to &NormalForwardCompActor::HandlerNormal
I0526 13:07:37.473466 156506 normal_forward_compute_actor.cpp:13] actor 281474976710656 switch to &NormalForwardCompActor::HandlerNormal
I0526 13:07:37.473850 156467 tick_compute_actor.cpp:7] actor 109951162777600 switch to &TickComputeActor::HandlerNormal
I0526 13:07:37.473964 156466 tick_compute_actor.cpp:7] actor 105553116266496 switch to &TickComputeActor::HandlerNormal
I0526 13:07:37.474095 156459 tick_compute_actor.cpp:7] actor 74766790688769 switch to &TickComputeActor::HandlerNormal
I0526 13:07:37.474922 156468 tick_compute_actor.cpp:7] actor 114349209288704 switch to &TickComputeActor::HandlerNormal
I0526 13:07:37.461544 156500 thread.cpp:60] thread 58 construct actor 255086697644032
I0526 13:07:37.461573 156507 thread.cpp:60] thread 65 construct actor 285873023221760
I0526 13:07:37.475039 156465 runtime_context.cpp:12] DecreaseCounter constructing_actor_cnt, current val is 2245
I0526 13:07:37.475067 156453 thread.cpp:60] thread 11 construct actor 48378511622148
I0526 13:07:37.461622 156456 tick_compute_actor.cpp:7] actor 61572651155456 switch to &TickComputeActor::HandlerNormal
I0526 13:07:37.475227 156504 normal_forward_compute_actor.cpp:13] actor 272678883688448 switch to &NormalForwardCompActor::HandlerNormal
I0526 13:07:37.475250 156452 runtime_context.cpp:12] DecreaseCounter constructing_actor_cnt, current val is 2243
I0526 13:07:37.475311 156502 normal_forward_compute_actor.cpp:13] actor 263882790666240 switch to &NormalForwardCompActor::HandlerNormal
I0526 13:07:37.475330 156435 runtime_context.cpp:12] DecreaseCounter constructing_actor_cnt, current val is 2242
I0526 13:07:37.475440 156439 runtime_context.cpp:12] DecreaseCounter constructing_actor_cnt, current val is 2241
I0526 13:07:37.475466 156470 runtime_context.cpp:12] DecreaseCounter constructing_actor_cnt, current val is 2240
I0526 13:07:37.475487 156458 runtime_context.cpp:12] DecreaseCounter constructing_actor_cnt, current val is 2239
I0526 13:07:37.475515 156509 runtime_context.cpp:12] DecreaseCounter constructing_actor_cnt, current val is 2238
I0526 13:07:37.475584 156450 runtime_context.cpp:12] DecreaseCounter constructing_actor_cnt, current val is 2237
I0526 13:07:37.475649 156449 runtime_context.cpp:12] DecreaseCounter constructing_actor_cnt, current val is 2236
I0526 13:07:37.475689 156455 runtime_context.cpp:12] DecreaseCounter constructing_actor_cnt, current val is 2235
I0526 13:07:37.475708 156451 runtime_context.cpp:12] DecreaseCounter constructing_actor_cnt, current val is 2234
I0526 13:07:37.475741 156454 runtime_context.cpp:12] DecreaseCounter constructing_actor_cnt, current val is 2233
I0526 13:07:37.475836 156463 thread.cpp:60] thread 21 construct actor 92358976733185
I0526 13:07:37.472457 156461 runtime_context.cpp:12] DecreaseCounter constructing_actor_cnt, current val is 2247
I0526 13:07:37.476023 156462 thread.cpp:60] thread 20 construct actor 87960930222081
I0526 13:07:37.476039 156469 runtime_context.cpp:12] DecreaseCounter constructing_actor_cnt, current val is 2231
I0526 13:07:37.476189 156457 runtime_context.cpp:12] DecreaseCounter constructing_actor_cnt, current val is 2230
I0526 13:07:37.476589 156460 tick_compute_actor.cpp:7] actor 79164837199872 switch to &TickComputeActor::HandlerNormal
I0526 13:07:37.476862 156471 esac_compute_actor.cpp:21] actor 127543348822016 switch to &EsacCompActor::HandlerNormal
I0526 13:07:37.476903 156505 runtime_context.cpp:12] DecreaseCounter constructing_actor_cnt, current val is 2229
I0526 13:07:37.476930 156503 runtime_context.cpp:12] DecreaseCounter constructing_actor_cnt, current val is 2228
I0526 13:07:37.477046 156506 runtime_context.cpp:12] DecreaseCounter constructing_actor_cnt, current val is 2227
I0526 13:07:37.477072 156499 runtime_context.cpp:12] DecreaseCounter constructing_actor_cnt, current val is 2226
I0526 13:07:37.477114 156467 runtime_context.cpp:12] DecreaseCounter constructing_actor_cnt, current val is 2225
I0526 13:07:37.477162 156466 runtime_context.cpp:12] DecreaseCounter constructing_actor_cnt, current val is 2224
I0526 13:07:37.477196 156459 runtime_context.cpp:12] DecreaseCounter constructing_actor_cnt, current val is 2223
I0526 13:07:37.477296 156468 runtime_context.cpp:12] DecreaseCounter constructing_actor_cnt, current val is 2222
I0526 13:07:37.477545 156501 runtime_context.cpp:12] DecreaseCounter constructing_actor_cnt, current val is 2221
I0526 13:07:37.478014 156500 normal_forward_compute_actor.cpp:13] actor 255086697644032 switch to &NormalForwardCompActor::HandlerNormal
I0526 13:07:37.478260 156507 normal_forward_compute_actor.cpp:13] actor 285873023221760 switch to &NormalForwardCompActor::HandlerNormal
I0526 13:07:37.478473 156456 runtime_context.cpp:12] DecreaseCounter constructing_actor_cnt, current val is 2220
I0526 13:07:37.478492 156504 runtime_context.cpp:12] DecreaseCounter constructing_actor_cnt, current val is 2219
I0526 13:07:37.478538 156452 thread.cpp:60] thread 10 construct actor 43980465111045
I0526 13:07:37.478636 156435 thread.cpp:60] thread 0 construct actor 1
I0526 13:07:37.478637 156502 runtime_context.cpp:12] DecreaseCounter constructing_actor_cnt, current val is 2218
I0526 13:07:37.478667 156439 thread.cpp:60] thread 2 construct actor 8796093022209
I0526 13:07:37.478741 156458 thread.cpp:60] thread 16 construct actor 70368744177671
I0526 13:07:37.478816 156450 thread.cpp:60] thread 8 construct actor 35184372088833
I0526 13:07:37.478852 156449 thread.cpp:60] thread 7 construct actor 30786325577729
I0526 13:07:37.478886 156455 thread.cpp:60] thread 13 construct actor 57174604644353
I0526 13:07:37.478917 156451 thread.cpp:60] thread 9 construct actor 39582418599937
I0526 13:07:37.479107 156454 thread.cpp:60] thread 12 construct actor 52776558133249
I0526 13:07:37.482867 156458 tick_compute_actor.cpp:7] actor 70368744177671 switch to &TickComputeActor::HandlerNormal
I0526 13:07:37.479226 156453 tick_compute_actor.cpp:7] actor 48378511622148 switch to &TickComputeActor::HandlerNormal
I0526 13:07:37.479744 156463 tick_compute_actor.cpp:7] actor 92358976733185 switch to &TickComputeActor::HandlerNormal
I0526 13:07:37.479876 156457 thread.cpp:60] thread 15 construct actor 65970697666562
I0526 13:07:37.479939 156460 runtime_context.cpp:12] DecreaseCounter constructing_actor_cnt, current val is 2217
I0526 13:07:37.483125 156460 thread.cpp:60] thread 18 construct actor 79164837199873
I0526 13:07:37.480136 156467 thread.cpp:60] thread 25 construct actor 109951162777601
I0526 13:07:37.480163 156466 thread.cpp:60] thread 24 construct actor 105553116266497
I0526 13:07:37.480192 156459 thread.cpp:60] thread 17 construct actor 74766790688770
I0526 13:07:37.480345 156500 runtime_context.cpp:12] DecreaseCounter constructing_actor_cnt, current val is 2215
I0526 13:07:37.480423 156507 runtime_context.cpp:12] DecreaseCounter constructing_actor_cnt, current val is 2214
I0526 13:07:37.480458 156456 thread.cpp:60] thread 14 construct actor 61572651155457
I0526 13:07:37.480556 156462 tick_compute_actor.cpp:7] actor 87960930222081 switch to &TickComputeActor::HandlerNormal
I0526 13:07:37.481091 156435 normal_forward_compute_actor.cpp:13] actor 1 switch to &NormalForwardCompActor::HandlerNormal
I0526 13:07:37.481261 156452 tick_compute_actor.cpp:7] actor 43980465111045 switch to &TickComputeActor::HandlerNormal
I0526 13:07:37.485392 156435 runtime_context.cpp:12] DecreaseCounter constructing_actor_cnt, current val is 2209
I0526 13:07:37.482811 156455 tick_compute_actor.cpp:7] actor 57174604644353 switch to &TickComputeActor::HandlerNormal
I0526 13:07:37.485440 156452 runtime_context.cpp:12] DecreaseCounter constructing_actor_cnt, current val is 2208
I0526 13:07:37.485479 156455 runtime_context.cpp:12] DecreaseCounter constructing_actor_cnt, current val is 2207
I0526 13:07:37.482975 156458 runtime_context.cpp:12] DecreaseCounter constructing_actor_cnt, current val is 2213
I0526 13:07:37.483032 156453 runtime_context.cpp:12] DecreaseCounter constructing_actor_cnt, current val is 2212
I0526 13:07:37.483067 156449 tick_compute_actor.cpp:7] actor 30786325577729 switch to &TickComputeActor::HandlerNormal
I0526 13:07:37.483068 156463 runtime_context.cpp:12] DecreaseCounter constructing_actor_cnt, current val is 2211
I0526 13:07:37.480008 156471 runtime_context.cpp:12] DecreaseCounter constructing_actor_cnt, current val is 2216
I0526 13:07:37.483719 156451 tick_compute_actor.cpp:7] actor 39582418599937 switch to &TickComputeActor::HandlerNormal
I0526 13:07:37.483760 156454 tick_compute_actor.cpp:7] actor 52776558133249 switch to &TickComputeActor::HandlerNormal
I0526 13:07:37.483917 156460 tick_compute_actor.cpp:7] actor 79164837199873 switch to &TickComputeActor::HandlerNormal
I0526 13:07:37.484000 156467 tick_compute_actor.cpp:7] actor 109951162777601 switch to &TickComputeActor::HandlerNormal
I0526 13:07:37.484318 156462 runtime_context.cpp:12] DecreaseCounter constructing_actor_cnt, current val is 2210
I0526 13:07:37.484771 156466 tick_compute_actor.cpp:7] actor 105553116266497 switch to &TickComputeActor::HandlerNormal
I0526 13:07:37.484872 156459 tick_compute_actor.cpp:7] actor 74766790688770 switch to &TickComputeActor::HandlerNormal
I0526 13:07:37.485955 156466 runtime_context.cpp:12] DecreaseCounter constructing_actor_cnt, current val is 2201
I0526 13:07:37.485311 156456 tick_compute_actor.cpp:7] actor 61572651155457 switch to &TickComputeActor::HandlerNormal
I0526 13:07:37.482110 156439 copy_hd_actor.cpp:8] actor 8796093022209 switch to &CopyHdActor::HandlerNormal
I0526 13:07:37.485421 156435 thread.cpp:60] thread 0 construct actor 2
I0526 13:07:37.479169 156461 thread.cpp:60] thread 19 construct actor 83562883710977
I0526 13:07:37.485491 156452 thread.cpp:60] thread 10 construct actor 43980465111049
I0526 13:07:37.485494 156455 thread.cpp:60] thread 13 construct actor 57174604644354
I0526 13:07:37.485538 156458 thread.cpp:60] thread 16 construct actor 70368744177668
I0526 13:07:37.485566 156453 thread.cpp:60] thread 11 construct actor 48378511622149
I0526 13:07:37.485600 156449 runtime_context.cpp:12] DecreaseCounter constructing_actor_cnt, current val is 2206
I0526 13:07:37.485720 156451 runtime_context.cpp:12] DecreaseCounter constructing_actor_cnt, current val is 2205
I0526 13:07:37.485739 156454 runtime_context.cpp:12] DecreaseCounter constructing_actor_cnt, current val is 2204
I0526 13:07:37.485751 156460 runtime_context.cpp:12] DecreaseCounter constructing_actor_cnt, current val is 2203
I0526 13:07:37.485857 156467 runtime_context.cpp:12] DecreaseCounter constructing_actor_cnt, current val is 2202
I0526 13:07:37.485253 156457 tick_compute_actor.cpp:7] actor 65970697666562 switch to &TickComputeActor::HandlerNormal
I0526 13:07:37.485986 156459 runtime_context.cpp:12] DecreaseCounter constructing_actor_cnt, current val is 2200
I0526 13:07:37.486085 156456 runtime_context.cpp:12] DecreaseCounter constructing_actor_cnt, current val is 2199
I0526 13:07:37.486344 156439 runtime_context.cpp:12] DecreaseCounter constructing_actor_cnt, current val is 2198
I0526 13:07:37.486584 156449 thread.cpp:60] thread 7 construct actor 30786325577730
I0526 13:07:37.486642 156451 thread.cpp:60] thread 9 construct actor 39582418599938
I0526 13:07:37.486675 156454 thread.cpp:60] thread 12 construct actor 52776558133250
I0526 13:07:37.486706 156460 thread.cpp:60] thread 18 construct actor 79164837199874
I0526 13:07:37.486802 156459 thread.cpp:60] thread 17 construct actor 74766790688771
I0526 13:07:37.486857 156456 thread.cpp:60] thread 14 construct actor 61572651155458
I0526 13:07:37.486891 156439 thread.cpp:60] thread 2 construct actor 8796093022210
I0526 13:07:37.487113 156461 tick_compute_actor.cpp:7] actor 83562883710977 switch to &TickComputeActor::HandlerNormal
I0526 13:07:37.487215 156455 tick_compute_actor.cpp:7] actor 57174604644354 switch to &TickComputeActor::HandlerNormal
I0526 13:07:37.487164 156435 normal_forward_compute_actor.cpp:13] actor 2 switch to &NormalForwardCompActor::HandlerNormal
I0526 13:07:37.487232 156452 tick_compute_actor.cpp:7] actor 43980465111049 switch to &TickComputeActor::HandlerNormal
I0526 13:07:37.487326 156458 tick_compute_actor.cpp:7] actor 70368744177668 switch to &TickComputeActor::HandlerNormal
I0526 13:07:37.487383 156453 tick_compute_actor.cpp:7] actor 48378511622149 switch to &TickComputeActor::HandlerNormal
I0526 13:07:37.487334 156461 runtime_context.cpp:12] DecreaseCounter constructing_actor_cnt, current val is 2197
I0526 13:07:37.487457 156461 thread.cpp:60] thread 19 construct actor 83562883710978
I0526 13:07:37.487470 156435 runtime_context.cpp:12] DecreaseCounter constructing_actor_cnt, current val is 2196
I0526 13:07:37.487481 156455 runtime_context.cpp:12] DecreaseCounter constructing_actor_cnt, current val is 2195
I0526 13:07:37.487512 156435 thread.cpp:60] thread 0 construct actor 3
I0526 13:07:37.487571 156455 thread.cpp:60] thread 13 construct actor 57174604644355
I0526 13:07:37.487577 156452 runtime_context.cpp:12] DecreaseCounter constructing_actor_cnt, current val is 2194
I0526 13:07:37.487586 156451 tick_compute_actor.cpp:7] actor 39582418599938 switch to &TickComputeActor::HandlerNormal
I0526 13:07:37.487605 156458 runtime_context.cpp:12] DecreaseCounter constructing_actor_cnt, current val is 2193
I0526 13:07:37.487785 156449 tick_compute_actor.cpp:7] actor 30786325577730 switch to &TickComputeActor::HandlerNormal
I0526 13:07:37.487638 156460 tick_compute_actor.cpp:7] actor 79164837199874 switch to &TickComputeActor::HandlerNormal
I0526 13:07:37.487875 156454 tick_compute_actor.cpp:7] actor 52776558133250 switch to &TickComputeActor::HandlerNormal
I0526 13:07:37.487622 156453 runtime_context.cpp:12] DecreaseCounter constructing_actor_cnt, current val is 2192
I0526 13:07:37.487794 156458 thread.cpp:60] thread 16 construct actor 70368744177669
I0526 13:07:37.487799 156451 runtime_context.cpp:12] DecreaseCounter constructing_actor_cnt, current val is 2190
I0526 13:07:37.488013 156451 thread.cpp:60] thread 9 construct actor 39582418599940
I0526 13:07:37.487704 156457 runtime_context.cpp:12] DecreaseCounter constructing_actor_cnt, current val is 2191
I0526 13:07:37.487921 156460 runtime_context.cpp:12] DecreaseCounter constructing_actor_cnt, current val is 2188
I0526 13:07:37.487965 156454 runtime_context.cpp:12] DecreaseCounter constructing_actor_cnt, current val is 2187
I0526 13:07:37.487968 156453 thread.cpp:60] thread 11 construct actor 48378511622150
I0526 13:07:37.487984 156459 tick_compute_actor.cpp:7] actor 74766790688771 switch to &TickComputeActor::HandlerNormal
I0526 13:07:37.487888 156449 runtime_context.cpp:12] DecreaseCounter constructing_actor_cnt, current val is 2189
I0526 13:07:37.488265 156461 tick_compute_actor.cpp:7] actor 83562883710978 switch to &TickComputeActor::HandlerNormal
I0526 13:07:37.488270 156456 tick_compute_actor.cpp:7] actor 61572651155458 switch to &TickComputeActor::HandlerNormal
I0526 13:07:37.488404 156457 thread.cpp:60] thread 15 construct actor 65970697666563
I0526 13:07:37.488692 156458 tick_compute_actor.cpp:7] actor 70368744177669 switch to &TickComputeActor::HandlerNormal
I0526 13:07:37.488445 156455 tick_compute_actor.cpp:7] actor 57174604644355 switch to &TickComputeActor::HandlerNormal
I0526 13:07:37.488761 156458 runtime_context.cpp:12] DecreaseCounter constructing_actor_cnt, current val is 2183
I0526 13:07:37.488514 156439 copy_hd_actor.cpp:8] actor 8796093022210 switch to &CopyHdActor::HandlerNormal
I0526 13:07:37.488590 156459 runtime_context.cpp:12] DecreaseCounter constructing_actor_cnt, current val is 2186
I0526 13:07:37.488603 156449 thread.cpp:60] thread 7 construct actor 30786325577731
I0526 13:07:37.488888 156439 runtime_context.cpp:12] DecreaseCounter constructing_actor_cnt, current val is 2181
I0526 13:07:37.488438 156460 thread.cpp:60] thread 18 construct actor 79164837199875
I0526 13:07:37.488710 156456 runtime_context.cpp:12] DecreaseCounter constructing_actor_cnt, current val is 2184
I0526 13:07:37.488476 156454 thread.cpp:60] thread 12 construct actor 52776558133251
I0526 13:07:37.488796 156458 thread.cpp:60] thread 16 construct actor 70368744177670
I0526 13:07:37.488802 156455 runtime_context.cpp:12] DecreaseCounter constructing_actor_cnt, current val is 2182
I0526 13:07:37.488835 156435 normal_forward_compute_actor.cpp:13] actor 3 switch to &NormalForwardCompActor::HandlerNormal
I0526 13:07:37.488864 156459 thread.cpp:60] thread 17 construct actor 74766790688775
I0526 13:07:37.488659 156461 runtime_context.cpp:12] DecreaseCounter constructing_actor_cnt, current val is 2185
I0526 13:07:37.488921 156439 thread.cpp:60] thread 2 construct actor 8796093022211
I0526 13:07:37.488981 156456 thread.cpp:60] thread 14 construct actor 61572651155460
I0526 13:07:37.489094 156455 thread.cpp:60] thread 13 construct actor 57174604644356
I0526 13:07:37.489116 156451 tick_compute_actor.cpp:7] actor 39582418599940 switch to &TickComputeActor::HandlerNormal
I0526 13:07:37.489238 156435 runtime_context.cpp:12] DecreaseCounter constructing_actor_cnt, current val is 2180
I0526 13:07:37.489264 156453 tick_compute_actor.cpp:7] actor 48378511622150 switch to &TickComputeActor::HandlerNormal
I0526 13:07:37.489405 156460 tick_compute_actor.cpp:7] actor 79164837199875 switch to &TickComputeActor::HandlerNormal
I0526 13:07:37.489446 156435 thread.cpp:60] thread 0 construct actor 4
I0526 13:07:37.489485 156451 runtime_context.cpp:12] DecreaseCounter constructing_actor_cnt, current val is 2179
I0526 13:07:37.489578 156460 runtime_context.cpp:12] DecreaseCounter constructing_actor_cnt, current val is 2177
I0526 13:07:37.489554 156453 runtime_context.cpp:12] DecreaseCounter constructing_actor_cnt, current val is 2178
I0526 13:07:37.489588 156451 thread.cpp:60] thread 9 construct actor 39582418599941
I0526 13:07:37.489614 156460 thread.cpp:60] thread 18 construct actor 79164837199876
I0526 13:07:37.489635 156449 tick_compute_actor.cpp:7] actor 30786325577731 switch to &TickComputeActor::HandlerNormal
I0526 13:07:37.489640 156453 thread.cpp:60] thread 11 construct actor 48378511622151
I0526 13:07:37.489751 156454 tick_compute_actor.cpp:7] actor 52776558133251 switch to &TickComputeActor::HandlerNormal
I0526 13:07:37.489763 156458 tick_compute_actor.cpp:7] actor 70368744177670 switch to &TickComputeActor::HandlerNormal
I0526 13:07:37.489948 156459 tick_compute_actor.cpp:7] actor 74766790688775 switch to &TickComputeActor::HandlerNormal
I0526 13:07:37.490247 156435 normal_forward_compute_actor.cpp:13] actor 4 switch to &NormalForwardCompActor::HandlerNormal
I0526 13:07:37.490309 156449 runtime_context.cpp:12] DecreaseCounter constructing_actor_cnt, current val is 2176
I0526 13:07:37.490350 156449 thread.cpp:60] thread 7 construct actor 30786325577732
I0526 13:07:37.490375 156454 runtime_context.cpp:12] DecreaseCounter constructing_actor_cnt, current val is 2175
I0526 13:07:37.490387 156455 tick_compute_actor.cpp:7] actor 57174604644356 switch to &TickComputeActor::HandlerNormal
I0526 13:07:37.490355 156456 tick_compute_actor.cpp:7] actor 61572651155460 switch to &TickComputeActor::HandlerNormal
I0526 13:07:37.490465 156458 runtime_context.cpp:12] DecreaseCounter constructing_actor_cnt, current val is 2174
I0526 13:07:37.490435 156451 tick_compute_actor.cpp:7] actor 39582418599941 switch to &TickComputeActor::HandlerNormal
I0526 13:07:37.490514 156435 runtime_context.cpp:12] DecreaseCounter constructing_actor_cnt, current val is 2172
I0526 13:07:37.490490 156459 runtime_context.cpp:12] DecreaseCounter constructing_actor_cnt, current val is 2173
I0526 13:07:37.490496 156439 copy_hd_actor.cpp:8] actor 8796093022211 switch to &CopyHdActor::HandlerNormal
I0526 13:07:37.490411 156454 thread.cpp:60] thread 12 construct actor 52776558133254
I0526 13:07:37.490551 156435 thread.cpp:60] thread 0 construct actor 5
I0526 13:07:37.490631 156456 runtime_context.cpp:12] DecreaseCounter constructing_actor_cnt, current val is 2170
I0526 13:07:37.490581 156459 thread.cpp:60] thread 17 construct actor 74766790688772
I0526 13:07:37.490597 156455 runtime_context.cpp:12] DecreaseCounter constructing_actor_cnt, current val is 2171
I0526 13:07:37.490550 156460 tick_compute_actor.cpp:7] actor 79164837199876 switch to &TickComputeActor::HandlerNormal
I0526 13:07:37.490655 156456 thread.cpp:60] thread 14 construct actor 61572651155461
I0526 13:07:37.490669 156451 runtime_context.cpp:12] DecreaseCounter constructing_actor_cnt, current val is 2169
I0526 13:07:37.490830 156460 runtime_context.cpp:12] DecreaseCounter constructing_actor_cnt, current val is 2167
I0526 13:07:37.490721 156455 thread.cpp:60] thread 13 construct actor 57174604644357
I0526 13:07:37.490720 156439 runtime_context.cpp:12] DecreaseCounter constructing_actor_cnt, current val is 2168
I0526 13:07:37.490835 156451 thread.cpp:60] thread 9 construct actor 39582418599945
I0526 13:07:37.491046 156439 thread.cpp:60] thread 2 construct actor 8796093022212
I0526 13:07:37.491052 156453 tick_compute_actor.cpp:7] actor 48378511622151 switch to &TickComputeActor::HandlerNormal
I0526 13:07:37.491225 156449 tick_compute_actor.cpp:7] actor 30786325577732 switch to &TickComputeActor::HandlerNormal
I0526 13:07:37.491238 156453 runtime_context.cpp:12] DecreaseCounter constructing_actor_cnt, current val is 2166
I0526 13:07:37.491302 156453 thread.cpp:60] thread 11 construct actor 48378511622152
I0526 13:07:37.491358 156449 runtime_context.cpp:12] DecreaseCounter constructing_actor_cnt, current val is 2165
I0526 13:07:37.491390 156449 thread.cpp:60] thread 7 construct actor 30786325577733
I0526 13:07:37.491394 156454 tick_compute_actor.cpp:7] actor 52776558133254 switch to &TickComputeActor::HandlerNormal
I0526 13:07:37.491400 156435 normal_forward_compute_actor.cpp:13] actor 5 switch to &NormalForwardCompActor::HandlerNormal
I0526 13:07:37.491737 156451 tick_compute_actor.cpp:7] actor 39582418599945 switch to &TickComputeActor::HandlerNormal
I0526 13:07:37.491775 156454 runtime_context.cpp:12] DecreaseCounter constructing_actor_cnt, current val is 2164
I0526 13:07:37.491516 156459 tick_compute_actor.cpp:7] actor 74766790688772 switch to &TickComputeActor::HandlerNormal
I0526 13:07:37.491818 156454 thread.cpp:60] thread 12 construct actor 52776558133255
I0526 13:07:37.491847 156435 runtime_context.cpp:12] DecreaseCounter constructing_actor_cnt, current val is 2163
I0526 13:07:37.491863 156451 runtime_context.cpp:12] DecreaseCounter constructing_actor_cnt, current val is 2162
I0526 13:07:37.491907 156459 runtime_context.cpp:12] DecreaseCounter constructing_actor_cnt, current val is 2161
I0526 13:07:37.491930 156435 thread.cpp:60] thread 0 construct actor 6
I0526 13:07:37.491932 156456 tick_compute_actor.cpp:7] actor 61572651155461 switch to &TickComputeActor::HandlerNormal
I0526 13:07:37.491991 156455 tick_compute_actor.cpp:7] actor 57174604644357 switch to &TickComputeActor::HandlerNormal
I0526 13:07:37.492115 156456 runtime_context.cpp:12] DecreaseCounter constructing_actor_cnt, current val is 2160
I0526 13:07:37.492095 156453 tick_compute_actor.cpp:7] actor 48378511622152 switch to &TickComputeActor::HandlerNormal
I0526 13:07:37.491999 156459 thread.cpp:60] thread 17 construct actor 74766790688773
I0526 13:07:37.492156 156456 thread.cpp:60] thread 14 construct actor 61572651155465
I0526 13:07:37.492158 156455 runtime_context.cpp:12] DecreaseCounter constructing_actor_cnt, current val is 2159
I0526 13:07:37.492218 156453 runtime_context.cpp:12] DecreaseCounter constructing_actor_cnt, current val is 2158
I0526 13:07:37.492288 156455 thread.cpp:60] thread 13 construct actor 57174604644358
I0526 13:07:37.492314 156453 thread.cpp:60] thread 11 construct actor 48378511622153
I0526 13:07:37.492378 156439 copy_hd_actor.cpp:8] actor 8796093022212 switch to &CopyHdActor::HandlerNormal
I0526 13:07:37.492415 156449 tick_compute_actor.cpp:7] actor 30786325577733 switch to &TickComputeActor::HandlerNormal
I0526 13:07:37.492486 156439 runtime_context.cpp:12] DecreaseCounter constructing_actor_cnt, current val is 2157
I0526 13:07:37.492516 156449 runtime_context.cpp:12] DecreaseCounter constructing_actor_cnt, current val is 2156
I0526 13:07:37.492520 156439 thread.cpp:60] thread 2 construct actor 8796093022213
I0526 13:07:37.492552 156449 thread.cpp:60] thread 7 construct actor 30786325577734
I0526 13:07:37.492620 156457 tick_compute_actor.cpp:7] actor 65970697666563 switch to &TickComputeActor::HandlerNormal
I0526 13:07:37.492632 156454 tick_compute_actor.cpp:7] actor 52776558133255 switch to &TickComputeActor::HandlerNormal
I0526 13:07:37.492730 156435 normal_forward_compute_actor.cpp:13] actor 6 switch to &NormalForwardCompActor::HandlerNormal
I0526 13:07:37.492830 156454 runtime_context.cpp:12] DecreaseCounter constructing_actor_cnt, current val is 2155
I0526 13:07:37.492866 156454 thread.cpp:60] thread 12 construct actor 52776558133256
I0526 13:07:37.492875 156435 runtime_context.cpp:12] DecreaseCounter constructing_actor_cnt, current val is 2154
I0526 13:07:37.492902 156435 thread.cpp:60] thread 0 construct actor 7
I0526 13:07:37.492950 156459 tick_compute_actor.cpp:7] actor 74766790688773 switch to &TickComputeActor::HandlerNormal
I0526 13:07:37.493136 156453 tick_compute_actor.cpp:7] actor 48378511622153 switch to &TickComputeActor::HandlerNormal
I0526 13:07:37.493139 156459 runtime_context.cpp:12] DecreaseCounter constructing_actor_cnt, current val is 2153
I0526 13:07:37.493206 156459 thread.cpp:60] thread 17 construct actor 74766790688774
I0526 13:07:37.493252 156453 runtime_context.cpp:12] DecreaseCounter constructing_actor_cnt, current val is 2152
I0526 13:07:37.493350 156456 tick_compute_actor.cpp:7] actor 61572651155465 switch to &TickComputeActor::HandlerNormal
I0526 13:07:37.493374 156449 normal_forward_compute_actor.cpp:13] actor 30786325577734 switch to &NormalForwardCompActor::HandlerNormal
