Log file created at: 2020/05/26 16:19:56
Running on machine: ai06
Log line format: [IWEF]mmdd hh:mm:ss.uuuuuu threadid file:line] msg
I0526 16:19:56.777209 63596 util.h:71] NewGlobal N7oneflow7EnvDescE
I0526 16:19:56.782361 63596 util.h:71] NewGlobal N7oneflow10CtrlServerE
I0526 16:19:56.793020 63596 ctrl_server.cpp:39] CtrlServer listening on 0.0.0.0:9789
I0526 16:19:56.793092 63596 util.h:71] NewGlobal N7oneflow10CtrlClientE
I0526 16:19:56.794075 63596 ctrl_client.cpp:187] LoadServer 127.0.0.1 Successful at 0 times
I0526 16:19:56.794170 63596 util.h:71] NewGlobal N7oneflow10MachineCtxE
I0526 16:19:56.794188 63596 machine_context.cpp:16] this machine id: 0
I0526 16:19:56.812598 63596 util.h:71] NewGlobal N7oneflow12ResourceDescE
I0526 16:19:56.812625 63596 util.h:71] NewGlobal N7oneflow6IOConfE
I0526 16:19:56.812634 63596 util.h:71] NewGlobal N7oneflow12ProfilerConfE
I0526 16:19:56.812639 63596 util.h:71] NewGlobal N7oneflow5IDMgrE
I0526 16:19:56.847733 63596 util.h:71] NewGlobal N7oneflow16AvailableMemDescE
I0526 16:19:56.847890 63596 util.h:71] NewGlobal St13unordered_mapISslSt4hashISsESt8equal_toISsESaISt4pairIKSslEEE
I0526 16:19:56.847903 63596 util.h:71] NewGlobal N7oneflow19CriticalSectionDescE
I0526 16:19:56.847906 63596 util.h:71] NewGlobal N7oneflow16InterUserJobInfoE
I0526 16:19:56.847914 63596 util.h:71] NewGlobal N7oneflow22JobBuildAndInferCtxMgrE
I0526 16:19:56.847920 63596 util.h:71] NewGlobal N7oneflow18LbiDiffWatcherInfoE
I0526 16:19:56.847926 63596 util.h:71] NewGlobal N7oneflow16JobSetCompileCtxE
I0526 16:19:56.847932 63596 util.h:71] NewGlobal N7oneflow26RuntimeBufferManagersScopeE
I0526 16:19:56.847936 63596 util.h:71] NewGlobal N7oneflow9BufferMgrIlEE
I0526 16:19:56.847940 63596 util.h:71] NewGlobal N7oneflow9BufferMgrISt10shared_ptrINS_18ForeignJobInstanceEEEE
I0526 16:19:56.850301 63596 oneflow_internal_helper.h:79] NewGlobal N7oneflow25SessionGlobalObjectsScopeE
I0526 16:19:56.851970 63596 util.h:71] NewGlobal N7oneflow7JobDescE
I0526 16:19:56.851987 63596 job_desc.cpp:90] Set piece_num_of_experiment_phase 19
I0526 16:19:57.491443 63596 util.h:76] DeleteGlobal N7oneflow7JobDescE
I0526 16:19:57.491475 63596 util.h:71] NewGlobal N7oneflow7JobDescE
I0526 16:19:57.491485 63596 job_desc.cpp:90] Set piece_num_of_experiment_phase 19
I0526 16:19:59.853894 63596 util.h:76] DeleteGlobal N7oneflow7JobDescE
I0526 16:19:59.862984 63596 util.h:71] NewGlobal N7oneflow24InterJobReuseMemStrategyE
I0526 16:19:59.863020 63596 util.h:71] NewGlobal N7oneflow7OneflowE
I0526 16:19:59.880663 63596 job_desc.cpp:90] Set piece_num_of_experiment_phase 19
I0526 16:19:59.884972 63596 job_desc.cpp:90] Set piece_num_of_experiment_phase 19
I0526 16:19:59.887305 63596 job_desc.cpp:90] Set piece_num_of_experiment_phase 19
I0526 16:19:59.888722 63596 job_desc.cpp:90] Set piece_num_of_experiment_phase 19
I0526 16:19:59.888736 63596 job_desc.cpp:90] Set piece_num_of_experiment_phase 19
I0526 16:19:59.888741 63596 job_desc.cpp:90] Set piece_num_of_experiment_phase 19
I0526 16:19:59.888746 63596 job_desc.cpp:90] Set piece_num_of_experiment_phase 19
I0526 16:19:59.890727 63596 util.h:71] NewGlobal N7oneflow7JobDescE
I0526 16:19:59.890739 63596 job_desc.cpp:90] Set piece_num_of_experiment_phase 19
I0526 16:20:00.583480 63596 util.h:71] NewGlobal N7oneflow7OpGraphE
I0526 16:20:00.791430 63596 util.h:76] DeleteGlobal N7oneflow7OpGraphE
I0526 16:20:00.817417 63596 oneflow.cpp:137] compile time: 9.16946e+08
I0526 16:20:00.907428 63596 oneflow.cpp:144] push_pull_plan:1.01197e+09
I0526 16:20:00.917752 63596 oneflow.cpp:168] compile and improve time: 1.027e+09
I0526 16:20:00.935791 63596 util.h:76] DeleteGlobal N7oneflow7JobDescE
I0526 16:20:00.935835 63596 util.h:71] NewGlobal N7oneflow7JobDescE
I0526 16:20:00.935854 63596 job_desc.cpp:90] Set piece_num_of_experiment_phase 19
I0526 16:20:01.272127 63596 util.h:71] NewGlobal N7oneflow7OpGraphE
I0526 16:20:01.408468 63596 util.h:76] DeleteGlobal N7oneflow7OpGraphE
I0526 16:20:01.425803 63596 oneflow.cpp:137] compile time: 4.83347e+08
I0526 16:20:01.506374 63596 oneflow.cpp:144] push_pull_plan:5.67318e+08
I0526 16:20:01.523527 63596 oneflow.cpp:168] compile and improve time: 5.87652e+08
I0526 16:20:01.551503 63596 util.h:76] DeleteGlobal N7oneflow7JobDescE
I0526 16:20:01.551559 63596 util.h:71] NewGlobal N7oneflow7JobDescE
I0526 16:20:01.551636 63596 job_desc.cpp:90] Set piece_num_of_experiment_phase 19
I0526 16:20:01.886968 63596 util.h:71] NewGlobal N7oneflow7OpGraphE
I0526 16:20:02.025498 63596 util.h:76] DeleteGlobal N7oneflow7OpGraphE
I0526 16:20:02.045742 63596 oneflow.cpp:137] compile time: 4.87411e+08
I0526 16:20:02.125156 63596 oneflow.cpp:144] push_pull_plan:5.70368e+08
I0526 16:20:02.143911 63596 oneflow.cpp:168] compile and improve time: 5.92236e+08
I0526 16:20:02.170413 63596 util.h:76] DeleteGlobal N7oneflow7JobDescE
I0526 16:20:02.170534 63596 util.h:71] NewGlobal N7oneflow7JobDescE
I0526 16:20:02.170554 63596 job_desc.cpp:90] Set piece_num_of_experiment_phase 19
I0526 16:20:02.569212 63596 util.h:71] NewGlobal N7oneflow7OpGraphE
I0526 16:20:02.754758 63596 util.h:76] DeleteGlobal N7oneflow7OpGraphE
I0526 16:20:02.776348 63596 oneflow.cpp:137] compile time: 6.05318e+08
I0526 16:20:02.862972 63596 oneflow.cpp:144] push_pull_plan:6.89117e+08
I0526 16:20:02.881233 63596 oneflow.cpp:168] compile and improve time: 7.10659e+08
I0526 16:20:02.913604 63596 util.h:76] DeleteGlobal N7oneflow7JobDescE
I0526 16:20:02.913738 63596 util.h:71] NewGlobal N7oneflow7JobDescE
I0526 16:20:02.913774 63596 job_desc.cpp:90] Set piece_num_of_experiment_phase 19
I0526 16:20:02.917485 63596 util.h:71] NewGlobal N7oneflow7OpGraphE
I0526 16:20:02.919874 63596 util.h:76] DeleteGlobal N7oneflow7OpGraphE
I0526 16:20:02.920163 63596 oneflow.cpp:137] compile time: 6.29683e+06
I0526 16:20:02.921030 63596 oneflow.cpp:144] push_pull_plan:7.19104e+06
I0526 16:20:02.921205 63596 oneflow.cpp:168] compile and improve time: 7.4048e+06
I0526 16:20:02.921419 63596 util.h:76] DeleteGlobal N7oneflow7JobDescE
I0526 16:20:02.921440 63596 util.h:71] NewGlobal N7oneflow7JobDescE
I0526 16:20:02.921448 63596 job_desc.cpp:90] Set piece_num_of_experiment_phase 19
I0526 16:20:02.924593 63596 util.h:71] NewGlobal N7oneflow7OpGraphE
I0526 16:20:02.926544 63596 util.h:76] DeleteGlobal N7oneflow7OpGraphE
I0526 16:20:02.926753 63596 oneflow.cpp:137] compile time: 5.2393e+06
I0526 16:20:02.927557 63596 oneflow.cpp:144] push_pull_plan:6.06003e+06
I0526 16:20:02.927727 63596 oneflow.cpp:168] compile and improve time: 6.26381e+06
I0526 16:20:02.927930 63596 util.h:76] DeleteGlobal N7oneflow7JobDescE
I0526 16:20:02.927949 63596 util.h:71] NewGlobal N7oneflow7JobDescE
I0526 16:20:02.927956 63596 job_desc.cpp:90] Set piece_num_of_experiment_phase 19
I0526 16:20:02.931205 63596 util.h:71] NewGlobal N7oneflow7OpGraphE
I0526 16:20:02.932935 63596 util.h:76] DeleteGlobal N7oneflow7OpGraphE
I0526 16:20:02.933149 63596 oneflow.cpp:137] compile time: 5.14099e+06
I0526 16:20:02.933823 63596 oneflow.cpp:144] push_pull_plan:5.83347e+06
I0526 16:20:02.933982 63596 oneflow.cpp:168] compile and improve time: 6.01882e+06
I0526 16:20:02.934149 63596 util.h:76] DeleteGlobal N7oneflow7JobDescE
I0526 16:20:02.934171 63596 util.h:71] NewGlobal N7oneflow7JobDescE
I0526 16:20:02.934190 63596 job_desc.cpp:90] Set piece_num_of_experiment_phase 19
I0526 16:20:02.937440 63596 util.h:71] NewGlobal N7oneflow7OpGraphE
I0526 16:20:02.941728 63596 util.h:76] DeleteGlobal N7oneflow7OpGraphE
I0526 16:20:02.942418 63596 oneflow.cpp:137] compile time: 8.09856e+06
I0526 16:20:02.944054 63596 oneflow.cpp:144] push_pull_plan:9.78995e+06
I0526 16:20:02.944654 63596 oneflow.cpp:168] compile and improve time: 1.04443e+07
I0526 16:20:02.945212 63596 util.h:76] DeleteGlobal N7oneflow7JobDescE
I0526 16:20:02.945250 63596 util.h:71] NewGlobal N7oneflow7JobDescE
I0526 16:20:02.945266 63596 job_desc.cpp:90] Set piece_num_of_experiment_phase 19
I0526 16:20:02.952389 63596 util.h:71] NewGlobal N7oneflow7OpGraphE
I0526 16:20:02.956408 63596 util.h:76] DeleteGlobal N7oneflow7OpGraphE
I0526 16:20:02.957017 63596 oneflow.cpp:137] compile time: 1.16311e+07
I0526 16:20:02.958554 63596 oneflow.cpp:144] push_pull_plan:1.32175e+07
I0526 16:20:02.958976 63596 oneflow.cpp:168] compile and improve time: 1.36945e+07
I0526 16:20:02.960028 63596 util.h:76] DeleteGlobal N7oneflow7JobDescE
I0526 16:20:03.088315 63596 util.h:71] NewGlobal N7oneflow7JobDescE
I0526 16:20:03.088488 63596 job_desc.cpp:90] Set piece_num_of_experiment_phase 19
I0526 16:20:03.088551 63596 util.h:71] NewGlobal N7oneflow7OpGraphE
I0526 16:20:03.102346 63596 util.h:76] DeleteGlobal N7oneflow7OpGraphE
I0526 16:20:03.103442 63596 oneflow.cpp:137] compile time: 1.45923e+07
I0526 16:20:03.106513 63596 oneflow.cpp:144] push_pull_plan:1.77659e+07
I0526 16:20:03.107100 63596 oneflow.cpp:168] compile and improve time: 1.85574e+07
I0526 16:20:03.109390 63596 util.h:76] DeleteGlobal N7oneflow7JobDescE
I0526 16:20:03.654871 63596 util.h:71] NewGlobal N7oneflow10RuntimeCtxE
I0526 16:20:03.657840 63596 util.h:71] NewGlobal N7oneflow15MemoryAllocatorE
I0526 16:20:03.658252 63596 util.h:71] NewGlobal N7oneflow8RegstMgrE
I0526 16:20:04.435858 63596 util.h:71] NewGlobal N7oneflow11ActorMsgBusE
I0526 16:20:04.436030 63596 util.h:71] NewGlobal N7oneflow9ThreadMgrE
I0526 16:20:04.439405 63596 util.h:71] NewGlobal N7oneflow11NcclCommMgrE
I0526 16:20:04.439556 63596 util.h:71] NewGlobal N7oneflow15RuntimeJobDescsE
I0526 16:20:04.439610 63596 job_desc.cpp:90] Set piece_num_of_experiment_phase 19
I0526 16:20:04.439640 63596 job_desc.cpp:90] Set piece_num_of_experiment_phase 19
I0526 16:20:04.439663 63596 job_desc.cpp:90] Set piece_num_of_experiment_phase 19
I0526 16:20:04.439687 63596 job_desc.cpp:90] Set piece_num_of_experiment_phase 19
I0526 16:20:04.439710 63596 job_desc.cpp:90] Set piece_num_of_experiment_phase 19
I0526 16:20:04.439745 63596 job_desc.cpp:90] Set piece_num_of_experiment_phase 19
I0526 16:20:04.439774 63596 job_desc.cpp:90] Set piece_num_of_experiment_phase 19
I0526 16:20:04.439800 63596 job_desc.cpp:90] Set piece_num_of_experiment_phase 19
I0526 16:20:04.439824 63596 job_desc.cpp:90] Set piece_num_of_experiment_phase 19
I0526 16:20:04.439848 63596 job_desc.cpp:90] Set piece_num_of_experiment_phase 19
I0526 16:20:04.441972 63596 runtime_context.cpp:6] NewCounter constructing_actor_cnt 2273
I0526 16:20:04.442790 66921 thread.cpp:60] thread 0 construct actor 663
I0526 16:20:04.442911 66950 thread.cpp:60] thread 22 construct actor 96757023244288
I0526 16:20:04.442935 66994 thread.cpp:60] thread 66 construct actor 290271069732864
I0526 16:20:04.442914 66939 thread.cpp:60] thread 11 construct actor 48378511622144
I0526 16:20:04.442941 66938 thread.cpp:60] thread 10 construct actor 43980465111043
I0526 16:20:04.442948 66943 thread.cpp:60] thread 15 construct actor 65970697666560
I0526 16:20:04.442956 66942 thread.cpp:60] thread 14 construct actor 61572651155462
I0526 16:20:04.443866 66950 tick_compute_actor.cpp:7] actor 96757023244288 switch to &TickComputeActor::HandlerNormal
I0526 16:20:04.443928 66938 tick_compute_actor.cpp:7] actor 43980465111043 switch to &TickComputeActor::HandlerNormal
I0526 16:20:04.443977 66943 tick_compute_actor.cpp:7] actor 65970697666560 switch to &TickComputeActor::HandlerNormal
I0526 16:20:04.443994 66939 tick_compute_actor.cpp:7] actor 48378511622144 switch to &TickComputeActor::HandlerNormal
I0526 16:20:04.443969 66942 tick_compute_actor.cpp:7] actor 61572651155462 switch to &TickComputeActor::HandlerNormal
I0526 16:20:04.443994 66938 runtime_context.cpp:12] DecreaseCounter constructing_actor_cnt, current val is 2271
I0526 16:20:04.443969 66950 runtime_context.cpp:12] DecreaseCounter constructing_actor_cnt, current val is 2272
I0526 16:20:04.444047 66943 runtime_context.cpp:12] DecreaseCounter constructing_actor_cnt, current val is 2270
I0526 16:20:04.444095 66939 runtime_context.cpp:12] DecreaseCounter constructing_actor_cnt, current val is 2269
I0526 16:20:04.444119 66942 runtime_context.cpp:12] DecreaseCounter constructing_actor_cnt, current val is 2268
I0526 16:20:04.444119 66938 thread.cpp:60] thread 10 construct actor 43980465111046
I0526 16:20:04.444170 66943 thread.cpp:60] thread 15 construct actor 65970697666563
I0526 16:20:04.444202 66939 thread.cpp:60] thread 11 construct actor 48378511622145
I0526 16:20:04.444224 66942 thread.cpp:60] thread 14 construct actor 61572651155463
I0526 16:20:04.444818 66921 tick_compute_actor.cpp:7] actor 663 switch to &TickComputeActor::HandlerNormal
I0526 16:20:04.444881 66938 tick_compute_actor.cpp:7] actor 43980465111046 switch to &TickComputeActor::HandlerNormal
I0526 16:20:04.444892 66943 tick_compute_actor.cpp:7] actor 65970697666563 switch to &TickComputeActor::HandlerNormal
I0526 16:20:04.444900 66921 runtime_context.cpp:12] DecreaseCounter constructing_actor_cnt, current val is 2267
I0526 16:20:04.445364 66943 runtime_context.cpp:12] DecreaseCounter constructing_actor_cnt, current val is 2265
I0526 16:20:04.445390 66921 thread.cpp:60] thread 0 construct actor 1030
I0526 16:20:04.445194 66939 tick_compute_actor.cpp:7] actor 48378511622145 switch to &TickComputeActor::HandlerNormal
I0526 16:20:04.444989 66938 runtime_context.cpp:12] DecreaseCounter constructing_actor_cnt, current val is 2266
I0526 16:20:04.445062 66942 tick_compute_actor.cpp:7] actor 61572651155463 switch to &TickComputeActor::HandlerNormal
I0526 16:20:04.445582 66938 thread.cpp:60] thread 10 construct actor 43980465111047
I0526 16:20:04.445601 66939 runtime_context.cpp:12] DecreaseCounter constructing_actor_cnt, current val is 2264
I0526 16:20:04.445669 66939 thread.cpp:60] thread 11 construct actor 48378511622146
I0526 16:20:04.445696 66942 runtime_context.cpp:12] DecreaseCounter constructing_actor_cnt, current val is 2263
I0526 16:20:04.445752 66942 thread.cpp:60] thread 14 construct actor 61572651155464
I0526 16:20:04.446447 66938 tick_compute_actor.cpp:7] actor 43980465111047 switch to &TickComputeActor::HandlerNormal
I0526 16:20:04.446491 66942 tick_compute_actor.cpp:7] actor 61572651155464 switch to &TickComputeActor::HandlerNormal
I0526 16:20:04.446574 66938 runtime_context.cpp:12] DecreaseCounter constructing_actor_cnt, current val is 2262
I0526 16:20:04.446605 66942 runtime_context.cpp:12] DecreaseCounter constructing_actor_cnt, current val is 2261
I0526 16:20:04.446621 66938 thread.cpp:60] thread 10 construct actor 43980465111048
I0526 16:20:04.446784 66939 tick_compute_actor.cpp:7] actor 48378511622146 switch to &TickComputeActor::HandlerNormal
I0526 16:20:04.446902 66939 runtime_context.cpp:12] DecreaseCounter constructing_actor_cnt, current val is 2260
I0526 16:20:04.447338 66938 tick_compute_actor.cpp:7] actor 43980465111048 switch to &TickComputeActor::HandlerNormal
I0526 16:20:04.447396 66938 runtime_context.cpp:12] DecreaseCounter constructing_actor_cnt, current val is 2259
I0526 16:20:04.448247 66921 tick_compute_actor.cpp:7] actor 1030 switch to &TickComputeActor::HandlerNormal
I0526 16:20:04.448348 66921 runtime_context.cpp:12] DecreaseCounter constructing_actor_cnt, current val is 2258
I0526 16:20:04.448384 66921 thread.cpp:60] thread 0 construct actor 1031
I0526 16:20:04.456156 66921 tick_compute_actor.cpp:7] actor 1031 switch to &TickComputeActor::HandlerNormal
I0526 16:20:04.456257 66921 runtime_context.cpp:12] DecreaseCounter constructing_actor_cnt, current val is 2257
I0526 16:20:04.456296 66921 thread.cpp:60] thread 0 construct actor 1398
I0526 16:20:04.469449 66921 tick_compute_actor.cpp:7] actor 1398 switch to &TickComputeActor::HandlerNormal
I0526 16:20:04.470221 66921 runtime_context.cpp:12] DecreaseCounter constructing_actor_cnt, current val is 2256
I0526 16:20:04.470263 66994 wait_and_send_ids_compute_actor.cpp:12] actor 290271069732864 switch to &WaitAndSendIdsCompActor::HandlerWaitToStart
I0526 16:20:04.470307 66921 thread.cpp:60] thread 0 construct actor 1399
I0526 16:20:04.470388 66994 runtime_context.cpp:12] DecreaseCounter constructing_actor_cnt, current val is 2255
I0526 16:20:04.471863 66921 tick_compute_actor.cpp:7] actor 1399 switch to &TickComputeActor::HandlerNormal
I0526 16:20:04.471948 66921 runtime_context.cpp:12] DecreaseCounter constructing_actor_cnt, current val is 2254
I0526 16:20:04.471966 66921 thread.cpp:60] thread 0 construct actor 1767
I0526 16:20:04.480386 66921 tick_compute_actor.cpp:7] actor 1767 switch to &TickComputeActor::HandlerNormal
I0526 16:20:04.480644 66921 runtime_context.cpp:12] DecreaseCounter constructing_actor_cnt, current val is 2253
I0526 16:20:04.480662 66921 thread.cpp:60] thread 0 construct actor 1769
I0526 16:20:04.481082 66921 tick_compute_actor.cpp:7] actor 1769 switch to &TickComputeActor::HandlerNormal
I0526 16:20:04.481554 66921 runtime_context.cpp:12] DecreaseCounter constructing_actor_cnt, current val is 2252
I0526 16:20:04.481573 66921 thread.cpp:60] thread 0 construct actor 1770
I0526 16:20:04.482354 66921 tick_compute_actor.cpp:7] actor 1770 switch to &TickComputeActor::HandlerNormal
I0526 16:20:04.482429 66921 runtime_context.cpp:12] DecreaseCounter constructing_actor_cnt, current val is 2251
I0526 16:20:04.482443 66921 thread.cpp:60] thread 0 construct actor 1772
I0526 16:20:04.483086 66921 tick_compute_actor.cpp:7] actor 1772 switch to &TickComputeActor::HandlerNormal
I0526 16:20:04.483155 66921 runtime_context.cpp:12] DecreaseCounter constructing_actor_cnt, current val is 2250
I0526 16:20:04.483168 66921 thread.cpp:60] thread 0 construct actor 1773
I0526 16:20:04.483814 66921 tick_compute_actor.cpp:7] actor 1773 switch to &TickComputeActor::HandlerNormal
I0526 16:20:04.483850 66921 runtime_context.cpp:12] DecreaseCounter constructing_actor_cnt, current val is 2249
I0526 16:20:04.499533 66921 thread.cpp:60] thread 0 construct actor 0
I0526 16:20:04.499677 66942 thread.cpp:60] thread 14 construct actor 61572651155456
I0526 16:20:04.499833 66943 thread.cpp:60] thread 15 construct actor 65970697666561
I0526 16:20:04.499955 66925 thread.cpp:60] thread 2 construct actor 8796093022208
I0526 16:20:04.500010 66939 thread.cpp:60] thread 11 construct actor 48378511622147
I0526 16:20:04.500023 66950 thread.cpp:60] thread 22 construct actor 96757023244289
I0526 16:20:04.500222 66953 thread.cpp:60] thread 25 construct actor 109951162777600
I0526 16:20:04.500172 66947 thread.cpp:60] thread 19 construct actor 83562883710976
I0526 16:20:04.500167 66937 thread.cpp:60] thread 9 construct actor 39582418599936
I0526 16:20:04.500172 66995 thread.cpp:60] thread 67 construct actor 294669116243968
I0526 16:20:04.500186 66946 thread.cpp:60] thread 18 construct actor 79164837199872
I0526 16:20:04.500187 66956 thread.cpp:60] thread 28 construct actor 123145302310912
I0526 16:20:04.500097 66938 thread.cpp:60] thread 10 construct actor 43980465111044
I0526 16:20:04.500227 66949 thread.cpp:60] thread 21 construct actor 92358976733184
I0526 16:20:04.500233 66940 thread.cpp:60] thread 12 construct actor 52776558133248
I0526 16:20:04.500229 66985 thread.cpp:60] thread 57 construct actor 250688651132928
I0526 16:20:04.500252 66944 thread.cpp:60] thread 16 construct actor 70368744177664
I0526 16:20:04.500249 66954 thread.cpp:60] thread 26 construct actor 114349209288704
I0526 16:20:04.500842 66939 tick_compute_actor.cpp:7] actor 48378511622147 switch to &TickComputeActor::HandlerNormal
I0526 16:20:04.500270 66989 thread.cpp:60] thread 61 construct actor 268280837177344
I0526 16:20:04.500262 66957 thread.cpp:60] thread 29 construct actor 127543348822016
I0526 16:20:04.500982 66939 runtime_context.cpp:12] DecreaseCounter constructing_actor_cnt, current val is 2248
I0526 16:20:04.501041 66921 normal_forward_compute_actor.cpp:13] actor 0 switch to &NormalForwardCompActor::HandlerNormal
I0526 16:20:04.500241 66955 thread.cpp:60] thread 27 construct actor 118747255799808
I0526 16:20:04.500283 66952 thread.cpp:60] thread 24 construct actor 105553116266496
I0526 16:20:04.500283 66991 thread.cpp:60] thread 63 construct actor 277076930199552
I0526 16:20:04.500277 66990 thread.cpp:60] thread 62 construct actor 272678883688448
I0526 16:20:04.500305 66988 thread.cpp:60] thread 60 construct actor 263882790666240
I0526 16:20:04.500239 66941 thread.cpp:60] thread 13 construct actor 57174604644352
I0526 16:20:04.500346 66936 thread.cpp:60] thread 8 construct actor 35184372088832
I0526 16:20:04.500353 66948 thread.cpp:60] thread 20 construct actor 87960930222080
I0526 16:20:04.500356 66993 thread.cpp:60] thread 65 construct actor 285873023221760
I0526 16:20:04.500358 66987 thread.cpp:60] thread 59 construct actor 259484744155136
I0526 16:20:04.501693 66938 tick_compute_actor.cpp:7] actor 43980465111044 switch to &TickComputeActor::HandlerNormal
I0526 16:20:04.501765 66925 copy_hd_actor.cpp:8] actor 8796093022208 switch to &CopyHdActor::HandlerNormal
I0526 16:20:04.500253 66986 thread.cpp:60] thread 58 construct actor 255086697644032
I0526 16:20:04.501945 66947 tick_compute_actor.cpp:7] actor 83562883710976 switch to &TickComputeActor::HandlerNormal
I0526 16:20:04.500234 66935 thread.cpp:60] thread 7 construct actor 30786325577728
I0526 16:20:04.500262 66945 thread.cpp:60] thread 17 construct actor 74766790688769
I0526 16:20:04.501055 66939 thread.cpp:60] thread 11 construct actor 48378511622148
I0526 16:20:04.502414 66993 normal_forward_compute_actor.cpp:13] actor 285873023221760 switch to &NormalForwardCompActor::HandlerNormal
I0526 16:20:04.502432 66955 tick_compute_actor.cpp:7] actor 118747255799808 switch to &TickComputeActor::HandlerNormal
I0526 16:20:04.502509 66941 tick_compute_actor.cpp:7] actor 57174604644352 switch to &TickComputeActor::HandlerNormal
I0526 16:20:04.502562 66955 runtime_context.cpp:12] DecreaseCounter constructing_actor_cnt, current val is 2242
I0526 16:20:04.501492 66953 tick_compute_actor.cpp:7] actor 109951162777600 switch to &TickComputeActor::HandlerNormal
I0526 16:20:04.502651 66991 normal_forward_compute_actor.cpp:13] actor 277076930199552 switch to &NormalForwardCompActor::HandlerNormal
I0526 16:20:04.500362 66992 thread.cpp:60] thread 64 construct actor 281474976710656
I0526 16:20:04.501775 66989 normal_forward_compute_actor.cpp:13] actor 268280837177344 switch to &NormalForwardCompActor::HandlerNormal
I0526 16:20:04.500380 66951 thread.cpp:60] thread 23 construct actor 101155069755393
I0526 16:20:04.501838 66938 runtime_context.cpp:12] DecreaseCounter constructing_actor_cnt, current val is 2246
I0526 16:20:04.501873 66944 tick_compute_actor.cpp:7] actor 70368744177664 switch to &TickComputeActor::HandlerNormal
I0526 16:20:04.501914 66925 runtime_context.cpp:12] DecreaseCounter constructing_actor_cnt, current val is 2245
I0526 16:20:04.502990 66986 normal_forward_compute_actor.cpp:13] actor 255086697644032 switch to &NormalForwardCompActor::HandlerNormal
I0526 16:20:04.500957 66995 sink_compute_actor.cpp:6] actor 294669116243968 switch to &SinkCompActor::HandlerNormal
I0526 16:20:04.502069 66954 tick_compute_actor.cpp:7] actor 114349209288704 switch to &TickComputeActor::HandlerNormal
I0526 16:20:04.502077 66940 tick_compute_actor.cpp:7] actor 52776558133248 switch to &TickComputeActor::HandlerNormal
I0526 16:20:04.502113 66990 normal_forward_compute_actor.cpp:13] actor 272678883688448 switch to &NormalForwardCompActor::HandlerNormal
I0526 16:20:04.503216 66939 tick_compute_actor.cpp:7] actor 48378511622148 switch to &TickComputeActor::HandlerNormal
I0526 16:20:04.502331 66947 runtime_context.cpp:12] DecreaseCounter constructing_actor_cnt, current val is 2244
I0526 16:20:04.502341 66937 normal_forward_compute_actor.cpp:13] actor 39582418599936 switch to &NormalForwardCompActor::HandlerNormal
I0526 16:20:04.502365 66985 normal_forward_compute_actor.cpp:13] actor 250688651132928 switch to &NormalForwardCompActor::HandlerNormal
I0526 16:20:04.501149 66921 runtime_context.cpp:12] DecreaseCounter constructing_actor_cnt, current val is 2247
I0526 16:20:04.503443 66985 runtime_context.cpp:12] DecreaseCounter constructing_actor_cnt, current val is 2229
I0526 16:20:04.503474 66945 tick_compute_actor.cpp:7] actor 74766790688769 switch to &TickComputeActor::HandlerNormal
I0526 16:20:04.501358 66949 tick_compute_actor.cpp:7] actor 92358976733184 switch to &TickComputeActor::HandlerNormal
I0526 16:20:04.502568 66957 esac_compute_actor.cpp:21] actor 127543348822016 switch to &EsacCompActor::HandlerNormal
I0526 16:20:04.503593 66949 runtime_context.cpp:12] DecreaseCounter constructing_actor_cnt, current val is 2227
I0526 16:20:04.502637 66941 runtime_context.cpp:12] DecreaseCounter constructing_actor_cnt, current val is 2241
I0526 16:20:04.502642 66936 normal_forward_compute_actor.cpp:13] actor 35184372088832 switch to &NormalForwardCompActor::HandlerNormal
I0526 16:20:04.501631 66956 esac_compute_actor.cpp:21] actor 123145302310912 switch to &EsacCompActor::HandlerNormal
I0526 16:20:04.502693 66948 tick_compute_actor.cpp:7] actor 87960930222080 switch to &TickComputeActor::HandlerNormal
I0526 16:20:04.502708 66953 runtime_context.cpp:12] DecreaseCounter constructing_actor_cnt, current val is 2240
I0526 16:20:04.502780 66991 runtime_context.cpp:12] DecreaseCounter constructing_actor_cnt, current val is 2239
I0526 16:20:04.502861 66989 runtime_context.cpp:12] DecreaseCounter constructing_actor_cnt, current val is 2238
I0526 16:20:04.503979 66956 runtime_context.cpp:12] DecreaseCounter constructing_actor_cnt, current val is 2223
I0526 16:20:04.501935 66946 tick_compute_actor.cpp:7] actor 79164837199872 switch to &TickComputeActor::HandlerNormal
I0526 16:20:04.503027 66944 runtime_context.cpp:12] DecreaseCounter constructing_actor_cnt, current val is 2237
I0526 16:20:04.503029 66925 thread.cpp:60] thread 2 construct actor 8796093022209
I0526 16:20:04.503100 66935 normal_forward_compute_actor.cpp:13] actor 30786325577728 switch to &NormalForwardCompActor::HandlerNormal
I0526 16:20:04.503105 66988 normal_forward_compute_actor.cpp:13] actor 263882790666240 switch to &NormalForwardCompActor::HandlerNormal
I0526 16:20:04.503126 66986 runtime_context.cpp:12] DecreaseCounter constructing_actor_cnt, current val is 2236
I0526 16:20:04.503129 66995 runtime_context.cpp:12] DecreaseCounter constructing_actor_cnt, current val is 2235
I0526 16:20:04.503162 66992 normal_forward_compute_actor.cpp:13] actor 281474976710656 switch to &NormalForwardCompActor::HandlerNormal
I0526 16:20:04.503208 66954 runtime_context.cpp:12] DecreaseCounter constructing_actor_cnt, current val is 2234
I0526 16:20:04.502213 66952 tick_compute_actor.cpp:7] actor 105553116266496 switch to &TickComputeActor::HandlerNormal
I0526 16:20:04.503283 66940 runtime_context.cpp:12] DecreaseCounter constructing_actor_cnt, current val is 2233
I0526 16:20:04.503321 66947 thread.cpp:60] thread 19 construct actor 83562883710977
I0526 16:20:04.503355 66990 runtime_context.cpp:12] DecreaseCounter constructing_actor_cnt, current val is 2232
I0526 16:20:04.503362 66939 runtime_context.cpp:12] DecreaseCounter constructing_actor_cnt, current val is 2231
I0526 16:20:04.503407 66937 runtime_context.cpp:12] DecreaseCounter constructing_actor_cnt, current val is 2230
I0526 16:20:04.501171 66950 tick_compute_actor.cpp:7] actor 96757023244289 switch to &TickComputeActor::HandlerNormal
I0526 16:20:04.503459 66921 thread.cpp:60] thread 0 construct actor 1
I0526 16:20:04.502482 66993 runtime_context.cpp:12] DecreaseCounter constructing_actor_cnt, current val is 2243
I0526 16:20:04.503561 66945 runtime_context.cpp:12] DecreaseCounter constructing_actor_cnt, current val is 2228
I0526 16:20:04.501387 66942 tick_compute_actor.cpp:7] actor 61572651155456 switch to &TickComputeActor::HandlerNormal
I0526 16:20:04.503648 66949 thread.cpp:60] thread 21 construct actor 92358976733185
I0526 16:20:04.503664 66957 runtime_context.cpp:12] DecreaseCounter constructing_actor_cnt, current val is 2226
I0526 16:20:04.504972 66942 runtime_context.cpp:12] DecreaseCounter constructing_actor_cnt, current val is 2216
I0526 16:20:04.503754 66941 thread.cpp:60] thread 13 construct actor 57174604644353
I0526 16:20:04.503815 66936 runtime_context.cpp:12] DecreaseCounter constructing_actor_cnt, current val is 2225
I0526 16:20:04.503911 66953 thread.cpp:60] thread 25 construct actor 109951162777601
I0526 16:20:04.503976 66948 runtime_context.cpp:12] DecreaseCounter constructing_actor_cnt, current val is 2224
I0526 16:20:04.502946 66938 thread.cpp:60] thread 10 construct actor 43980465111045
I0526 16:20:04.504122 66943 tick_compute_actor.cpp:7] actor 65970697666561 switch to &TickComputeActor::HandlerNormal
I0526 16:20:04.504364 66944 thread.cpp:60] thread 16 construct actor 70368744177671
I0526 16:20:04.504377 66946 runtime_context.cpp:12] DecreaseCounter constructing_actor_cnt, current val is 2222
I0526 16:20:04.504458 66935 runtime_context.cpp:12] DecreaseCounter constructing_actor_cnt, current val is 2221
I0526 16:20:04.504509 66988 runtime_context.cpp:12] DecreaseCounter constructing_actor_cnt, current val is 2220
I0526 16:20:04.504603 66992 runtime_context.cpp:12] DecreaseCounter constructing_actor_cnt, current val is 2219
I0526 16:20:04.504674 66952 runtime_context.cpp:12] DecreaseCounter constructing_actor_cnt, current val is 2218
I0526 16:20:04.504693 66940 thread.cpp:60] thread 12 construct actor 52776558133249
I0526 16:20:04.504770 66939 thread.cpp:60] thread 11 construct actor 48378511622149
I0526 16:20:04.504804 66937 thread.cpp:60] thread 9 construct actor 39582418599937
I0526 16:20:04.504848 66950 runtime_context.cpp:12] DecreaseCounter constructing_actor_cnt, current val is 2217
I0526 16:20:04.504880 66945 thread.cpp:60] thread 17 construct actor 74766790688770
I0526 16:20:04.503752 66951 tick_compute_actor.cpp:7] actor 101155069755393 switch to &TickComputeActor::HandlerNormal
I0526 16:20:04.505010 66942 thread.cpp:60] thread 14 construct actor 61572651155457
I0526 16:20:04.505095 66936 thread.cpp:60] thread 8 construct actor 35184372088833
I0526 16:20:04.505185 66948 thread.cpp:60] thread 20 construct actor 87960930222081
I0526 16:20:04.505992 66941 tick_compute_actor.cpp:7] actor 57174604644353 switch to &TickComputeActor::HandlerNormal
I0526 16:20:04.506037 66938 tick_compute_actor.cpp:7] actor 43980465111045 switch to &TickComputeActor::HandlerNormal
I0526 16:20:04.505475 66952 thread.cpp:60] thread 24 construct actor 105553116266497
I0526 16:20:04.506114 66944 tick_compute_actor.cpp:7] actor 70368744177671 switch to &TickComputeActor::HandlerNormal
I0526 16:20:04.505682 66925 copy_hd_actor.cpp:8] actor 8796093022209 switch to &CopyHdActor::HandlerNormal
I0526 16:20:04.505807 66949 tick_compute_actor.cpp:7] actor 92358976733185 switch to &TickComputeActor::HandlerNormal
I0526 16:20:04.505857 66947 tick_compute_actor.cpp:7] actor 83562883710977 switch to &TickComputeActor::HandlerNormal
I0526 16:20:04.505977 66953 tick_compute_actor.cpp:7] actor 109951162777601 switch to &TickComputeActor::HandlerNormal
I0526 16:20:04.505374 66946 thread.cpp:60] thread 18 construct actor 79164837199873
I0526 16:20:04.505405 66935 thread.cpp:60] thread 7 construct actor 30786325577729
I0526 16:20:04.506048 66951 runtime_context.cpp:12] DecreaseCounter constructing_actor_cnt, current val is 2215
I0526 16:20:04.505647 66921 normal_forward_compute_actor.cpp:13] actor 1 switch to &NormalForwardCompActor::HandlerNormal
I0526 16:20:04.506459 66945 tick_compute_actor.cpp:7] actor 74766790688770 switch to &TickComputeActor::HandlerNormal
I0526 16:20:04.506487 66940 tick_compute_actor.cpp:7] actor 52776558133249 switch to &TickComputeActor::HandlerNormal
I0526 16:20:04.506510 66939 tick_compute_actor.cpp:7] actor 48378511622149 switch to &TickComputeActor::HandlerNormal
I0526 16:20:04.506364 66938 runtime_context.cpp:12] DecreaseCounter constructing_actor_cnt, current val is 2213
I0526 16:20:04.506508 66949 runtime_context.cpp:12] DecreaseCounter constructing_actor_cnt, current val is 2212
I0526 16:20:04.506294 66941 runtime_context.cpp:12] DecreaseCounter constructing_actor_cnt, current val is 2214
I0526 16:20:04.506543 66944 runtime_context.cpp:12] DecreaseCounter constructing_actor_cnt, current val is 2211
I0526 16:20:04.506597 66925 runtime_context.cpp:12] DecreaseCounter constructing_actor_cnt, current val is 2210
I0526 16:20:04.506600 66938 thread.cpp:60] thread 10 construct actor 43980465111049
I0526 16:20:04.506654 66947 runtime_context.cpp:12] DecreaseCounter constructing_actor_cnt, current val is 2209
I0526 16:20:04.506659 66953 runtime_context.cpp:12] DecreaseCounter constructing_actor_cnt, current val is 2208
I0526 16:20:04.506798 66937 tick_compute_actor.cpp:7] actor 39582418599937 switch to &TickComputeActor::HandlerNormal
I0526 16:20:04.506857 66939 runtime_context.cpp:12] DecreaseCounter constructing_actor_cnt, current val is 2204
I0526 16:20:04.506738 66925 thread.cpp:60] thread 2 construct actor 8796093022210
I0526 16:20:04.506778 66947 thread.cpp:60] thread 19 construct actor 83562883710978
I0526 16:20:04.506822 66948 tick_compute_actor.cpp:7] actor 87960930222081 switch to &TickComputeActor::HandlerNormal
I0526 16:20:04.506677 66941 thread.cpp:60] thread 13 construct actor 57174604644354
I0526 16:20:04.507093 66952 tick_compute_actor.cpp:7] actor 105553116266497 switch to &TickComputeActor::HandlerNormal
I0526 16:20:04.506817 66945 runtime_context.cpp:12] DecreaseCounter constructing_actor_cnt, current val is 2206
I0526 16:20:04.506840 66940 runtime_context.cpp:12] DecreaseCounter constructing_actor_cnt, current val is 2205
I0526 16:20:04.506707 66944 thread.cpp:60] thread 16 construct actor 70368744177668
I0526 16:20:04.506896 66939 thread.cpp:60] thread 11 construct actor 48378511622150
I0526 16:20:04.506911 66942 tick_compute_actor.cpp:7] actor 61572651155457 switch to &TickComputeActor::HandlerNormal
I0526 16:20:04.506956 66937 runtime_context.cpp:12] DecreaseCounter constructing_actor_cnt, current val is 2203
I0526 16:20:04.506989 66943 runtime_context.cpp:12] DecreaseCounter constructing_actor_cnt, current val is 2202
I0526 16:20:04.507099 66948 runtime_context.cpp:12] DecreaseCounter constructing_actor_cnt, current val is 2201
I0526 16:20:04.506810 66921 runtime_context.cpp:12] DecreaseCounter constructing_actor_cnt, current val is 2207
I0526 16:20:04.507202 66945 thread.cpp:60] thread 17 construct actor 74766790688771
I0526 16:20:04.507202 66952 runtime_context.cpp:12] DecreaseCounter constructing_actor_cnt, current val is 2200
I0526 16:20:04.507236 66940 thread.cpp:60] thread 12 construct actor 52776558133250
I0526 16:20:04.507339 66946 tick_compute_actor.cpp:7] actor 79164837199873 switch to &TickComputeActor::HandlerNormal
I0526 16:20:04.507400 66935 tick_compute_actor.cpp:7] actor 30786325577729 switch to &TickComputeActor::HandlerNormal
I0526 16:20:04.507977 66946 runtime_context.cpp:12] DecreaseCounter constructing_actor_cnt, current val is 2198
I0526 16:20:04.507580 66938 tick_compute_actor.cpp:7] actor 43980465111049 switch to &TickComputeActor::HandlerNormal
I0526 16:20:04.507678 66937 thread.cpp:60] thread 9 construct actor 39582418599938
I0526 16:20:04.508071 66939 tick_compute_actor.cpp:7] actor 48378511622150 switch to &TickComputeActor::HandlerNormal
I0526 16:20:04.508107 66938 runtime_context.cpp:12] DecreaseCounter constructing_actor_cnt, current val is 2196
I0526 16:20:04.507798 66947 tick_compute_actor.cpp:7] actor 83562883710978 switch to &TickComputeActor::HandlerNormal
I0526 16:20:04.508167 66925 copy_hd_actor.cpp:8] actor 8796093022210 switch to &CopyHdActor::HandlerNormal
I0526 16:20:04.507447 66942 runtime_context.cpp:12] DecreaseCounter constructing_actor_cnt, current val is 2199
I0526 16:20:04.508015 66946 thread.cpp:60] thread 18 construct actor 79164837199874
I0526 16:20:04.508268 66947 runtime_context.cpp:12] DecreaseCounter constructing_actor_cnt, current val is 2194
I0526 16:20:04.508035 66935 runtime_context.cpp:12] DecreaseCounter constructing_actor_cnt, current val is 2197
I0526 16:20:04.507711 66943 thread.cpp:60] thread 15 construct actor 65970697666562
I0526 16:20:04.507779 66921 thread.cpp:60] thread 0 construct actor 2
I0526 16:20:04.508167 66939 runtime_context.cpp:12] DecreaseCounter constructing_actor_cnt, current val is 2195
I0526 16:20:04.507825 66941 tick_compute_actor.cpp:7] actor 57174604644354 switch to &TickComputeActor::HandlerNormal
I0526 16:20:04.508252 66942 thread.cpp:60] thread 14 construct actor 61572651155458
I0526 16:20:04.508019 66944 tick_compute_actor.cpp:7] actor 70368744177668 switch to &TickComputeActor::HandlerNormal
I0526 16:20:04.508563 66941 runtime_context.cpp:12] DecreaseCounter constructing_actor_cnt, current val is 2192
I0526 16:20:04.508352 66935 thread.cpp:60] thread 7 construct actor 30786325577730
I0526 16:20:04.508458 66939 thread.cpp:60] thread 11 construct actor 48378511622151
I0526 16:20:04.508288 66925 runtime_context.cpp:12] DecreaseCounter constructing_actor_cnt, current val is 2193
I0526 16:20:04.508601 66941 thread.cpp:60] thread 13 construct actor 57174604644355
I0526 16:20:04.508638 66945 tick_compute_actor.cpp:7] actor 74766790688771 switch to &TickComputeActor::HandlerNormal
I0526 16:20:04.508849 66937 tick_compute_actor.cpp:7] actor 39582418599938 switch to &TickComputeActor::HandlerNormal
I0526 16:20:04.508723 66940 tick_compute_actor.cpp:7] actor 52776558133250 switch to &TickComputeActor::HandlerNormal
I0526 16:20:04.508944 66945 runtime_context.cpp:12] DecreaseCounter constructing_actor_cnt, current val is 2190
I0526 16:20:04.508646 66944 runtime_context.cpp:12] DecreaseCounter constructing_actor_cnt, current val is 2191
I0526 16:20:04.508776 66925 thread.cpp:60] thread 2 construct actor 8796093022211
I0526 16:20:04.508980 66945 thread.cpp:60] thread 17 construct actor 74766790688775
I0526 16:20:04.509465 66939 tick_compute_actor.cpp:7] actor 48378511622151 switch to &TickComputeActor::HandlerNormal
I0526 16:20:04.509018 66937 runtime_context.cpp:12] DecreaseCounter constructing_actor_cnt, current val is 2189
I0526 16:20:04.509053 66940 runtime_context.cpp:12] DecreaseCounter constructing_actor_cnt, current val is 2188
I0526 16:20:04.509053 66946 tick_compute_actor.cpp:7] actor 79164837199874 switch to &TickComputeActor::HandlerNormal
I0526 16:20:04.509219 66921 normal_forward_compute_actor.cpp:13] actor 2 switch to &NormalForwardCompActor::HandlerNormal
I0526 16:20:04.509337 66942 tick_compute_actor.cpp:7] actor 61572651155458 switch to &TickComputeActor::HandlerNormal
I0526 16:20:04.509750 66946 runtime_context.cpp:12] DecreaseCounter constructing_actor_cnt, current val is 2186
I0526 16:20:04.509016 66944 thread.cpp:60] thread 16 construct actor 70368744177669
I0526 16:20:04.509588 66939 runtime_context.cpp:12] DecreaseCounter constructing_actor_cnt, current val is 2187
I0526 16:20:04.509589 66937 thread.cpp:60] thread 9 construct actor 39582418599940
I0526 16:20:04.509632 66940 thread.cpp:60] thread 12 construct actor 52776558133251
I0526 16:20:04.509390 66935 tick_compute_actor.cpp:7] actor 30786325577730 switch to &TickComputeActor::HandlerNormal
I0526 16:20:04.509794 66946 thread.cpp:60] thread 18 construct actor 79164837199875
I0526 16:20:04.509820 66921 runtime_context.cpp:12] DecreaseCounter constructing_actor_cnt, current val is 2185
I0526 16:20:04.509851 66942 runtime_context.cpp:12] DecreaseCounter constructing_actor_cnt, current val is 2184
I0526 16:20:04.509878 66939 thread.cpp:60] thread 11 construct actor 48378511622152
I0526 16:20:04.510088 66921 thread.cpp:60] thread 0 construct actor 3
I0526 16:20:04.510097 66935 runtime_context.cpp:12] DecreaseCounter constructing_actor_cnt, current val is 2183
I0526 16:20:04.510123 66942 thread.cpp:60] thread 14 construct actor 61572651155459
I0526 16:20:04.510247 66935 thread.cpp:60] thread 7 construct actor 30786325577731
I0526 16:20:04.510258 66945 tick_compute_actor.cpp:7] actor 74766790688775 switch to &TickComputeActor::HandlerNormal
I0526 16:20:04.510344 66987 normal_forward_compute_actor.cpp:13] actor 259484744155136 switch to &NormalForwardCompActor::HandlerNormal
I0526 16:20:04.510450 66945 runtime_context.cpp:12] DecreaseCounter constructing_actor_cnt, current val is 2182
I0526 16:20:04.510483 66945 thread.cpp:60] thread 17 construct actor 74766790688772
I0526 16:20:04.510604 66944 tick_compute_actor.cpp:7] actor 70368744177669 switch to &TickComputeActor::HandlerNormal
I0526 16:20:04.510735 66937 tick_compute_actor.cpp:7] actor 39582418599940 switch to &TickComputeActor::HandlerNormal
I0526 16:20:04.510797 66925 copy_hd_actor.cpp:8] actor 8796093022211 switch to &CopyHdActor::HandlerNormal
I0526 16:20:04.510828 66940 tick_compute_actor.cpp:7] actor 52776558133251 switch to &TickComputeActor::HandlerNormal
I0526 16:20:04.510803 66944 runtime_context.cpp:12] DecreaseCounter constructing_actor_cnt, current val is 2181
I0526 16:20:04.510874 66946 tick_compute_actor.cpp:7] actor 79164837199875 switch to &TickComputeActor::HandlerNormal
I0526 16:20:04.510910 66944 thread.cpp:60] thread 16 construct actor 70368744177670
I0526 16:20:04.511006 66939 tick_compute_actor.cpp:7] actor 48378511622152 switch to &TickComputeActor::HandlerNormal
I0526 16:20:04.511054 66937 runtime_context.cpp:12] DecreaseCounter constructing_actor_cnt, current val is 2180
I0526 16:20:04.511059 66940 runtime_context.cpp:12] DecreaseCounter constructing_actor_cnt, current val is 2179
I0526 16:20:04.511076 66925 runtime_context.cpp:12] DecreaseCounter constructing_actor_cnt, current val is 2178
I0526 16:20:04.511138 66937 thread.cpp:60] thread 9 construct actor 39582418599941
I0526 16:20:04.511165 66946 runtime_context.cpp:12] DecreaseCounter constructing_actor_cnt, current val is 2177
I0526 16:20:04.511193 66940 thread.cpp:60] thread 12 construct actor 52776558133254
I0526 16:20:04.511219 66942 tick_compute_actor.cpp:7] actor 61572651155459 switch to &TickComputeActor::HandlerNormal
I0526 16:20:04.511229 66935 tick_compute_actor.cpp:7] actor 30786325577731 switch to &TickComputeActor::HandlerNormal
I0526 16:20:04.511235 66939 runtime_context.cpp:12] DecreaseCounter constructing_actor_cnt, current val is 2176
I0526 16:20:04.511358 66946 thread.cpp:60] thread 18 construct actor 79164837199876
I0526 16:20:04.511394 66925 thread.cpp:60] thread 2 construct actor 8796093022212
I0526 16:20:04.511586 66921 normal_forward_compute_actor.cpp:13] actor 3 switch to &NormalForwardCompActor::HandlerNormal
I0526 16:20:04.511878 66943 tick_compute_actor.cpp:7] actor 65970697666562 switch to &TickComputeActor::HandlerNormal
I0526 16:20:04.511780 66939 thread.cpp:60] thread 11 construct actor 48378511622153
I0526 16:20:04.511857 66942 runtime_context.cpp:12] DecreaseCounter constructing_actor_cnt, current val is 2175
I0526 16:20:04.511610 66945 tick_compute_actor.cpp:7] actor 74766790688772 switch to &TickComputeActor::HandlerNormal
I0526 16:20:04.511907 66944 tick_compute_actor.cpp:7] actor 70368744177670 switch to &TickComputeActor::HandlerNormal
I0526 16:20:04.511917 66935 runtime_context.cpp:12] DecreaseCounter constructing_actor_cnt, current val is 2174
I0526 16:20:04.511979 66942 thread.cpp:60] thread 14 construct actor 61572651155460
I0526 16:20:04.512105 66935 thread.cpp:60] thread 7 construct actor 30786325577732
I0526 16:20:04.512246 66937 tick_compute_actor.cpp:7] actor 39582418599941 switch to &TickComputeActor::HandlerNormal
I0526 16:20:04.512255 66944 runtime_context.cpp:12] DecreaseCounter constructing_actor_cnt, current val is 2173
I0526 16:20:04.512287 66945 runtime_context.cpp:12] DecreaseCounter constructing_actor_cnt, current val is 2172
I0526 16:20:04.512373 66921 runtime_context.cpp:12] DecreaseCounter constructing_actor_cnt, current val is 2171
I0526 16:20:04.512373 66945 thread.cpp:60] thread 17 construct actor 74766790688773
I0526 16:20:04.512411 66921 thread.cpp:60] thread 0 construct actor 4
I0526 16:20:04.512467 66939 tick_compute_actor.cpp:7] actor 48378511622153 switch to &TickComputeActor::HandlerNormal
I0526 16:20:04.512511 66937 runtime_context.cpp:12] DecreaseCounter constructing_actor_cnt, current val is 2170
I0526 16:20:04.512544 66937 thread.cpp:60] thread 9 construct actor 39582418599945
I0526 16:20:04.512635 66940 tick_compute_actor.cpp:7] actor 52776558133254 switch to &TickComputeActor::HandlerNormal
I0526 16:20:04.512673 66939 runtime_context.cpp:12] DecreaseCounter constructing_actor_cnt, current val is 2169
I0526 16:20:04.512791 66946 tick_compute_actor.cpp:7] actor 79164837199876 switch to &TickComputeActor::HandlerNormal
I0526 16:20:04.512876 66940 runtime_context.cpp:12] DecreaseCounter constructing_actor_cnt, current val is 2168
I0526 16:20:04.512917 66940 thread.cpp:60] thread 12 construct actor 52776558133255
I0526 16:20:04.513028 66946 runtime_context.cpp:12] DecreaseCounter constructing_actor_cnt, current val is 2167
I0526 16:20:04.513056 66935 tick_compute_actor.cpp:7] actor 30786325577732 switch to &TickComputeActor::HandlerNormal
I0526 16:20:04.513075 66942 tick_compute_actor.cpp:7] actor 61572651155460 switch to &TickComputeActor::HandlerNormal
I0526 16:20:04.513322 66935 runtime_context.cpp:12] DecreaseCounter constructing_actor_cnt, current val is 2166
I0526 16:20:04.513348 66942 runtime_context.cpp:12] DecreaseCounter constructing_actor_cnt, current val is 2165
I0526 16:20:04.513422 66941 tick_compute_actor.cpp:7] actor 57174604644355 switch to &TickComputeActor::HandlerNormal
I0526 16:20:04.513389 66921 normal_forward_compute_actor.cpp:13] actor 4 switch to &NormalForwardCompActor::HandlerNormal
I0526 16:20:04.513510 66937 tick_compute_actor.cpp:7] actor 39582418599945 switch to &TickComputeActor::HandlerNormal
I0526 16:20:04.513358 66945 tick_compute_actor.cpp:7] actor 74766790688773 switch to &TickComputeActor::HandlerNormal
I0526 16:20:04.513443 66942 thread.cpp:60] thread 14 construct actor 61572651155461
I0526 16:20:04.513480 66925 copy_hd_actor.cpp:8] actor 8796093022212 switch to &CopyHdActor::HandlerNormal
I0526 16:20:04.513411 66935 thread.cpp:60] thread 7 construct actor 30786325577733
I0526 16:20:04.513805 66921 runtime_context.cpp:12] DecreaseCounter constructing_actor_cnt, current val is 2164
I0526 16:20:04.513860 66940 tick_compute_actor.cpp:7] actor 52776558133255 switch to &TickComputeActor::HandlerNormal
I0526 16:20:04.513873 66937 runtime_context.cpp:12] DecreaseCounter constructing_actor_cnt, current val is 2163
I0526 16:20:04.513881 66945 runtime_context.cpp:12] DecreaseCounter constructing_actor_cnt, current val is 2162
I0526 16:20:04.514024 66921 thread.cpp:60] thread 0 construct actor 5
I0526 16:20:04.514101 66945 thread.cpp:60] thread 17 construct actor 74766790688774
I0526 16:20:04.514196 66925 runtime_context.cpp:12] DecreaseCounter constructing_actor_cnt, current val is 2161
I0526 16:20:04.514231 66925 thread.cpp:60] thread 2 construct actor 8796093022213
I0526 16:20:04.514322 66940 runtime_context.cpp:12] DecreaseCounter constructing_actor_cnt, current val is 2160
I0526 16:20:04.514356 66940 thread.cpp:60] thread 12 construct actor 52776558133256
I0526 16:20:04.514554 66942 tick_compute_actor.cpp:7] actor 61572651155461 switch to &TickComputeActor::HandlerNormal
I0526 16:20:04.514634 66943 runtime_context.cpp:12] DecreaseCounter constructing_actor_cnt, current val is 2159
I0526 16:20:04.514660 66943 thread.cpp:60] thread 15 construct actor 65970697666567
I0526 16:20:04.514731 66942 runtime_context.cpp:12] DecreaseCounter constructing_actor_cnt, current val is 2158
I0526 16:20:04.514770 66942 thread.cpp:60] thread 14 construct actor 61572651155465
I0526 16:20:04.514878 66987 runtime_context.cpp:12] DecreaseCounter constructing_actor_cnt, current val is 2157
I0526 16:20:04.514899 66935 tick_compute_actor.cpp:7] actor 30786325577733 switch to &TickComputeActor::HandlerNormal
I0526 16:20:04.515039 66921 normal_forward_compute_actor.cpp:13] actor 5 switch to &NormalForwardCompActor::HandlerNormal
I0526 16:20:04.515080 66945 tick_compute_actor.cpp:7] actor 74766790688774 switch to &TickComputeActor::HandlerNormal
I0526 16:20:04.515094 66935 runtime_context.cpp:12] DecreaseCounter constructing_actor_cnt, current val is 2156
I0526 16:20:04.515143 66935 thread.cpp:60] thread 7 construct actor 30786325577734
I0526 16:20:04.515239 66943 tick_compute_actor.cpp:7] actor 65970697666567 switch to &TickComputeActor::HandlerNormal
I0526 16:20:04.515269 66940 tick_compute_actor.cpp:7] actor 52776558133256 switch to &TickComputeActor::HandlerNormal
I0526 16:20:04.515272 66945 runtime_context.cpp:12] DecreaseCounter constructing_actor_cnt, current val is 2154
I0526 16:20:04.515249 66921 runtime_context.cpp:12] DecreaseCounter constructing_actor_cnt, current val is 2155
I0526 16:20:04.515336 66943 runtime_context.cpp:12] DecreaseCounter constructing_actor_cnt, current val is 2153
I0526 16:20:04.515352 66921 thread.cpp:60] thread 0 construct actor 6
I0526 16:20:04.515429 66940 runtime_context.cpp:12] DecreaseCounter constructing_actor_cnt, current val is 2152
I0526 16:20:04.515457 66940 thread.cpp:60] thread 12 construct actor 52776558133257
I0526 16:20:04.515657 66942 tick_compute_actor.cpp:7] actor 61572651155465 switch to &TickComputeActor::HandlerNormal
I0526 16:20:04.515754 66925 copy_hd_actor.cpp:8] actor 8796093022213 switch to &CopyHdActor::HandlerNormal
I0526 16:20:04.515815 66941 runtime_context.cpp:12] DecreaseCounter constructing_actor_cnt, current val is 2151
I0526 16:20:04.515818 66942 runtime_context.cpp:12] DecreaseCounter constructing_actor_cnt, current val is 2150
I0526 16:20:04.515882 66941 thread.cpp:60] thread 13 construct actor 57174604644356
I0526 16:20:04.515892 66925 runtime_context.cpp:12] DecreaseCounter constructing_actor_cnt, current val is 2149
I0526 16:20:04.515959 66935 normal_forward_compute_actor.cpp:13] actor 30786325577734 switch to &NormalForwardCompActor::HandlerNormal
I0526 16:20:04.515981 66925 thread.cpp:60] thread 2 construct actor 8796093022214
I0526 16:20:04.516037 66935 runtime_context.cpp:12] DecreaseCounter constructing_actor_cnt, current val is 2148
