Log file created at: 2020/05/26 09:38:54
Running on machine: ai06
Log line format: [IWEF]mmdd hh:mm:ss.uuuuuu threadid file:line] msg
I0526 09:38:54.649614  9253 util.h:71] NewGlobal N7oneflow7EnvDescE
I0526 09:38:54.656461  9253 util.h:71] NewGlobal N7oneflow10CtrlServerE
I0526 09:38:54.666842  9253 ctrl_server.cpp:39] CtrlServer listening on 0.0.0.0:9789
I0526 09:38:54.666929  9253 util.h:71] NewGlobal N7oneflow10CtrlClientE
I0526 09:38:54.668069  9253 ctrl_client.cpp:187] LoadServer 127.0.0.1 Successful at 0 times
I0526 09:38:54.668170  9253 util.h:71] NewGlobal N7oneflow10MachineCtxE
I0526 09:38:54.668190  9253 machine_context.cpp:16] this machine id: 0
I0526 09:38:54.694212  9253 util.h:71] NewGlobal N7oneflow12ResourceDescE
I0526 09:38:54.694252  9253 util.h:71] NewGlobal N7oneflow6IOConfE
I0526 09:38:54.694260  9253 util.h:71] NewGlobal N7oneflow12ProfilerConfE
I0526 09:38:54.694267  9253 util.h:71] NewGlobal N7oneflow5IDMgrE
I0526 09:38:54.726289  9253 util.h:71] NewGlobal N7oneflow16AvailableMemDescE
I0526 09:38:54.726474  9253 util.h:71] NewGlobal St13unordered_mapISslSt4hashISsESt8equal_toISsESaISt4pairIKSslEEE
I0526 09:38:54.726481  9253 util.h:71] NewGlobal N7oneflow19CriticalSectionDescE
I0526 09:38:54.726485  9253 util.h:71] NewGlobal N7oneflow16InterUserJobInfoE
I0526 09:38:54.726491  9253 util.h:71] NewGlobal N7oneflow22JobBuildAndInferCtxMgrE
I0526 09:38:54.726497  9253 util.h:71] NewGlobal N7oneflow18LbiDiffWatcherInfoE
I0526 09:38:54.726503  9253 util.h:71] NewGlobal N7oneflow16JobSetCompileCtxE
I0526 09:38:54.726508  9253 util.h:71] NewGlobal N7oneflow26RuntimeBufferManagersScopeE
I0526 09:38:54.726512  9253 util.h:71] NewGlobal N7oneflow9BufferMgrIlEE
I0526 09:38:54.726516  9253 util.h:71] NewGlobal N7oneflow9BufferMgrISt10shared_ptrINS_18ForeignJobInstanceEEEE
I0526 09:38:54.728785  9253 oneflow_internal_helper.h:79] NewGlobal N7oneflow25SessionGlobalObjectsScopeE
I0526 09:38:54.730176  9253 util.h:71] NewGlobal N7oneflow7JobDescE
I0526 09:38:54.730192  9253 job_desc.cpp:90] Set piece_num_of_experiment_phase 19
I0526 09:38:55.360150  9253 util.h:76] DeleteGlobal N7oneflow7JobDescE
I0526 09:38:55.360186  9253 util.h:71] NewGlobal N7oneflow7JobDescE
I0526 09:38:55.360195  9253 job_desc.cpp:90] Set piece_num_of_experiment_phase 19
I0526 09:38:57.610492  9253 util.h:76] DeleteGlobal N7oneflow7JobDescE
I0526 09:38:57.616196  9253 util.h:71] NewGlobal N7oneflow24InterJobReuseMemStrategyE
I0526 09:38:57.616245  9253 util.h:71] NewGlobal N7oneflow7OneflowE
I0526 09:38:57.635802  9253 job_desc.cpp:90] Set piece_num_of_experiment_phase 19
I0526 09:38:57.640594  9253 job_desc.cpp:90] Set piece_num_of_experiment_phase 19
I0526 09:38:57.643659  9253 job_desc.cpp:90] Set piece_num_of_experiment_phase 19
I0526 09:38:57.645170  9253 job_desc.cpp:90] Set piece_num_of_experiment_phase 19
I0526 09:38:57.645185  9253 job_desc.cpp:90] Set piece_num_of_experiment_phase 19
I0526 09:38:57.645191  9253 job_desc.cpp:90] Set piece_num_of_experiment_phase 19
I0526 09:38:57.645196  9253 job_desc.cpp:90] Set piece_num_of_experiment_phase 19
I0526 09:38:57.647346  9253 util.h:71] NewGlobal N7oneflow7JobDescE
I0526 09:38:57.647358  9253 job_desc.cpp:90] Set piece_num_of_experiment_phase 19
I0526 09:38:58.367025  9253 util.h:71] NewGlobal N7oneflow7OpGraphE
I0526 09:38:58.586199  9253 util.h:76] DeleteGlobal N7oneflow7OpGraphE
I0526 09:38:58.611625  9253 oneflow.cpp:137] compile time: 9.54705e+08
I0526 09:38:58.693593  9253 oneflow.cpp:144] push_pull_plan:1.04265e+09
I0526 09:38:58.702387  9253 oneflow.cpp:168] compile and improve time: 1.05502e+09
I0526 09:38:58.720865  9253 util.h:76] DeleteGlobal N7oneflow7JobDescE
I0526 09:38:58.720902  9253 util.h:71] NewGlobal N7oneflow7JobDescE
I0526 09:38:58.720917  9253 job_desc.cpp:90] Set piece_num_of_experiment_phase 19
I0526 09:38:59.099532  9253 util.h:71] NewGlobal N7oneflow7OpGraphE
I0526 09:38:59.238080  9253 util.h:76] DeleteGlobal N7oneflow7OpGraphE
I0526 09:38:59.261235  9253 oneflow.cpp:137] compile time: 5.3119e+08
I0526 09:38:59.349434  9253 oneflow.cpp:144] push_pull_plan:6.24949e+08
I0526 09:38:59.372859  9253 oneflow.cpp:168] compile and improve time: 6.51922e+08
I0526 09:38:59.398999  9253 util.h:76] DeleteGlobal N7oneflow7JobDescE
I0526 09:38:59.399057  9253 util.h:71] NewGlobal N7oneflow7JobDescE
I0526 09:38:59.399104  9253 job_desc.cpp:90] Set piece_num_of_experiment_phase 19
I0526 09:38:59.746733  9253 util.h:71] NewGlobal N7oneflow7OpGraphE
I0526 09:38:59.884136  9253 util.h:76] DeleteGlobal N7oneflow7OpGraphE
I0526 09:38:59.908311  9253 oneflow.cpp:137] compile time: 4.99331e+08
I0526 09:38:59.992697  9253 oneflow.cpp:144] push_pull_plan:5.89571e+08
I0526 09:39:00.000449  9253 oneflow.cpp:168] compile and improve time: 6.01325e+08
I0526 09:39:00.018306  9253 util.h:76] DeleteGlobal N7oneflow7JobDescE
I0526 09:39:00.018384  9253 util.h:71] NewGlobal N7oneflow7JobDescE
I0526 09:39:00.018405  9253 job_desc.cpp:90] Set piece_num_of_experiment_phase 19
I0526 09:39:00.421790  9253 util.h:71] NewGlobal N7oneflow7OpGraphE
I0526 09:39:00.594003  9253 util.h:76] DeleteGlobal N7oneflow7OpGraphE
I0526 09:39:00.610693  9253 oneflow.cpp:137] compile time: 5.8648e+08
I0526 09:39:00.697059  9253 oneflow.cpp:144] push_pull_plan:6.748e+08
I0526 09:39:00.706118  9253 oneflow.cpp:168] compile and improve time: 6.87693e+08
I0526 09:39:00.723491  9253 util.h:76] DeleteGlobal N7oneflow7JobDescE
I0526 09:39:00.723583  9253 util.h:71] NewGlobal N7oneflow7JobDescE
I0526 09:39:00.723608  9253 job_desc.cpp:90] Set piece_num_of_experiment_phase 19
I0526 09:39:00.727090  9253 util.h:71] NewGlobal N7oneflow7OpGraphE
I0526 09:39:00.729197  9253 util.h:76] DeleteGlobal N7oneflow7OpGraphE
I0526 09:39:00.729454  9253 oneflow.cpp:137] compile time: 5.76717e+06
I0526 09:39:00.730283  9253 oneflow.cpp:144] push_pull_plan:6.61581e+06
I0526 09:39:00.730438  9253 oneflow.cpp:168] compile and improve time: 6.81037e+06
I0526 09:39:00.730633  9253 util.h:76] DeleteGlobal N7oneflow7JobDescE
I0526 09:39:00.730643  9253 util.h:71] NewGlobal N7oneflow7JobDescE
I0526 09:39:00.730649  9253 job_desc.cpp:90] Set piece_num_of_experiment_phase 19
I0526 09:39:00.733777  9253 util.h:71] NewGlobal N7oneflow7OpGraphE
I0526 09:39:00.735693  9253 util.h:76] DeleteGlobal N7oneflow7OpGraphE
I0526 09:39:00.735911  9253 oneflow.cpp:137] compile time: 5.20448e+06
I0526 09:39:00.736704  9253 oneflow.cpp:144] push_pull_plan:6.0137e+06
I0526 09:39:00.736856  9253 oneflow.cpp:168] compile and improve time: 6.19955e+06
I0526 09:39:00.737040  9253 util.h:76] DeleteGlobal N7oneflow7JobDescE
I0526 09:39:00.737054  9253 util.h:71] NewGlobal N7oneflow7JobDescE
I0526 09:39:00.737061  9253 job_desc.cpp:90] Set piece_num_of_experiment_phase 19
I0526 09:39:00.740308  9253 util.h:71] NewGlobal N7oneflow7OpGraphE
I0526 09:39:00.744165  9253 util.h:76] DeleteGlobal N7oneflow7OpGraphE
I0526 09:39:00.744655  9253 oneflow.cpp:137] compile time: 7.50438e+06
I0526 09:39:00.745770  9253 oneflow.cpp:144] push_pull_plan:8.65843e+06
I0526 09:39:00.745996  9253 oneflow.cpp:168] compile and improve time: 8.92749e+06
I0526 09:39:00.746265  9253 util.h:76] DeleteGlobal N7oneflow7JobDescE
I0526 09:39:00.746305  9253 util.h:71] NewGlobal N7oneflow7JobDescE
I0526 09:39:00.746328  9253 job_desc.cpp:90] Set piece_num_of_experiment_phase 19
I0526 09:39:00.751749  9253 util.h:71] NewGlobal N7oneflow7OpGraphE
I0526 09:39:00.754505  9253 util.h:76] DeleteGlobal N7oneflow7OpGraphE
I0526 09:39:00.754819  9253 oneflow.cpp:137] compile time: 8.39859e+06
I0526 09:39:00.755918  9253 oneflow.cpp:144] push_pull_plan:9.52653e+06
I0526 09:39:00.756134  9253 oneflow.cpp:168] compile and improve time: 9.78381e+06
I0526 09:39:00.756389  9253 util.h:76] DeleteGlobal N7oneflow7JobDescE
I0526 09:39:00.756413  9253 util.h:71] NewGlobal N7oneflow7JobDescE
I0526 09:39:00.756424  9253 job_desc.cpp:90] Set piece_num_of_experiment_phase 19
I0526 09:39:00.761302  9253 util.h:71] NewGlobal N7oneflow7OpGraphE
I0526 09:39:00.763147  9253 util.h:76] DeleteGlobal N7oneflow7OpGraphE
I0526 09:39:00.763356  9253 oneflow.cpp:137] compile time: 6.86464e+06
I0526 09:39:00.764084  9253 oneflow.cpp:144] push_pull_plan:7.61139e+06
I0526 09:39:00.764314  9253 oneflow.cpp:168] compile and improve time: 7.86714e+06
I0526 09:39:00.764489  9253 util.h:76] DeleteGlobal N7oneflow7JobDescE
I0526 09:39:00.888263  9253 util.h:71] NewGlobal N7oneflow7JobDescE
I0526 09:39:00.889708  9253 job_desc.cpp:90] Set piece_num_of_experiment_phase 19
I0526 09:39:00.891243  9253 util.h:71] NewGlobal N7oneflow7OpGraphE
I0526 09:39:00.904670  9253 util.h:76] DeleteGlobal N7oneflow7OpGraphE
I0526 09:39:00.906003  9253 oneflow.cpp:137] compile time: 1.438e+07
I0526 09:39:00.909751  9253 oneflow.cpp:144] push_pull_plan:1.82564e+07
I0526 09:39:00.910465  9253 oneflow.cpp:168] compile and improve time: 1.92238e+07
I0526 09:39:00.911618  9253 util.h:76] DeleteGlobal N7oneflow7JobDescE
I0526 09:39:01.461922  9253 util.h:71] NewGlobal N7oneflow10RuntimeCtxE
I0526 09:39:01.465293  9253 util.h:71] NewGlobal N7oneflow15MemoryAllocatorE
I0526 09:39:01.466684  9253 util.h:71] NewGlobal N7oneflow8RegstMgrE
I0526 09:39:02.201575  9253 util.h:71] NewGlobal N7oneflow11ActorMsgBusE
I0526 09:39:02.201700  9253 util.h:71] NewGlobal N7oneflow9ThreadMgrE
I0526 09:39:02.203845  9253 util.h:71] NewGlobal N7oneflow11NcclCommMgrE
I0526 09:39:02.203934  9253 util.h:71] NewGlobal N7oneflow15RuntimeJobDescsE
I0526 09:39:02.203976  9253 job_desc.cpp:90] Set piece_num_of_experiment_phase 19
I0526 09:39:02.203996  9253 job_desc.cpp:90] Set piece_num_of_experiment_phase 19
I0526 09:39:02.204013  9253 job_desc.cpp:90] Set piece_num_of_experiment_phase 19
I0526 09:39:02.204030  9253 job_desc.cpp:90] Set piece_num_of_experiment_phase 19
I0526 09:39:02.204046  9253 job_desc.cpp:90] Set piece_num_of_experiment_phase 19
I0526 09:39:02.204071  9253 job_desc.cpp:90] Set piece_num_of_experiment_phase 19
I0526 09:39:02.204092  9253 job_desc.cpp:90] Set piece_num_of_experiment_phase 19
I0526 09:39:02.204108  9253 job_desc.cpp:90] Set piece_num_of_experiment_phase 19
I0526 09:39:02.204125  9253 job_desc.cpp:90] Set piece_num_of_experiment_phase 19
I0526 09:39:02.204144  9253 job_desc.cpp:90] Set piece_num_of_experiment_phase 19
I0526 09:39:02.205724  9253 runtime_context.cpp:6] NewCounter constructing_actor_cnt 2273
I0526 09:39:02.206228 12422 thread.cpp:60] thread 0 construct actor 663
I0526 09:39:02.206312 12440 thread.cpp:60] thread 11 construct actor 48378511622144
I0526 09:39:02.206373 12444 thread.cpp:60] thread 15 construct actor 65970697666560
I0526 09:39:02.206377 12451 thread.cpp:60] thread 22 construct actor 96757023244288
I0526 09:39:02.206383 12439 thread.cpp:60] thread 10 construct actor 43980465111043
I0526 09:39:02.206377 12443 thread.cpp:60] thread 14 construct actor 61572651155459
I0526 09:39:02.206385 12495 thread.cpp:60] thread 66 construct actor 290271069732864
I0526 09:39:02.207464 12451 tick_compute_actor.cpp:7] actor 96757023244288 switch to &TickComputeActor::HandlerNormal
I0526 09:39:02.207510 12444 tick_compute_actor.cpp:7] actor 65970697666560 switch to &TickComputeActor::HandlerNormal
I0526 09:39:02.207526 12439 tick_compute_actor.cpp:7] actor 43980465111043 switch to &TickComputeActor::HandlerNormal
I0526 09:39:02.207598 12451 runtime_context.cpp:12] DecreaseCounter constructing_actor_cnt, current val is 2272
I0526 09:39:02.207598 12443 tick_compute_actor.cpp:7] actor 61572651155459 switch to &TickComputeActor::HandlerNormal
I0526 09:39:02.207656 12444 runtime_context.cpp:12] DecreaseCounter constructing_actor_cnt, current val is 2271
I0526 09:39:02.207676 12439 runtime_context.cpp:12] DecreaseCounter constructing_actor_cnt, current val is 2270
I0526 09:39:02.207731 12443 runtime_context.cpp:12] DecreaseCounter constructing_actor_cnt, current val is 2269
I0526 09:39:02.207708 12440 tick_compute_actor.cpp:7] actor 48378511622144 switch to &TickComputeActor::HandlerNormal
I0526 09:39:02.207738 12439 thread.cpp:60] thread 10 construct actor 43980465111046
I0526 09:39:02.207760 12443 thread.cpp:60] thread 14 construct actor 61572651155462
I0526 09:39:02.207834 12440 runtime_context.cpp:12] DecreaseCounter constructing_actor_cnt, current val is 2268
I0526 09:39:02.207867 12440 thread.cpp:60] thread 11 construct actor 48378511622145
I0526 09:39:02.208436 12439 tick_compute_actor.cpp:7] actor 43980465111046 switch to &TickComputeActor::HandlerNormal
I0526 09:39:02.208477 12443 tick_compute_actor.cpp:7] actor 61572651155462 switch to &TickComputeActor::HandlerNormal
I0526 09:39:02.208623 12440 tick_compute_actor.cpp:7] actor 48378511622145 switch to &TickComputeActor::HandlerNormal
I0526 09:39:02.208966 12443 runtime_context.cpp:12] DecreaseCounter constructing_actor_cnt, current val is 2266
I0526 09:39:02.208973 12439 runtime_context.cpp:12] DecreaseCounter constructing_actor_cnt, current val is 2267
I0526 09:39:02.208993 12443 thread.cpp:60] thread 14 construct actor 61572651155463
I0526 09:39:02.208994 12440 runtime_context.cpp:12] DecreaseCounter constructing_actor_cnt, current val is 2265
I0526 09:39:02.209041 12439 thread.cpp:60] thread 10 construct actor 43980465111047
I0526 09:39:02.209102 12440 thread.cpp:60] thread 11 construct actor 48378511622146
I0526 09:39:02.209682 12443 tick_compute_actor.cpp:7] actor 61572651155463 switch to &TickComputeActor::HandlerNormal
I0526 09:39:02.209779 12443 runtime_context.cpp:12] DecreaseCounter constructing_actor_cnt, current val is 2264
I0526 09:39:02.209803 12443 thread.cpp:60] thread 14 construct actor 61572651155464
I0526 09:39:02.209807 12440 tick_compute_actor.cpp:7] actor 48378511622146 switch to &TickComputeActor::HandlerNormal
I0526 09:39:02.209838 12439 tick_compute_actor.cpp:7] actor 43980465111047 switch to &TickComputeActor::HandlerNormal
I0526 09:39:02.209933 12440 runtime_context.cpp:12] DecreaseCounter constructing_actor_cnt, current val is 2263
I0526 09:39:02.209955 12439 runtime_context.cpp:12] DecreaseCounter constructing_actor_cnt, current val is 2262
I0526 09:39:02.209990 12439 thread.cpp:60] thread 10 construct actor 43980465111048
I0526 09:39:02.210455 12443 tick_compute_actor.cpp:7] actor 61572651155464 switch to &TickComputeActor::HandlerNormal
I0526 09:39:02.210541 12443 runtime_context.cpp:12] DecreaseCounter constructing_actor_cnt, current val is 2261
I0526 09:39:02.210649 12439 tick_compute_actor.cpp:7] actor 43980465111048 switch to &TickComputeActor::HandlerNormal
I0526 09:39:02.210731 12439 runtime_context.cpp:12] DecreaseCounter constructing_actor_cnt, current val is 2260
I0526 09:39:02.218158 12422 tick_compute_actor.cpp:7] actor 663 switch to &TickComputeActor::HandlerNormal
I0526 09:39:02.218245 12422 runtime_context.cpp:12] DecreaseCounter constructing_actor_cnt, current val is 2259
I0526 09:39:02.218264 12422 thread.cpp:60] thread 0 construct actor 1030
I0526 09:39:02.219557 12422 tick_compute_actor.cpp:7] actor 1030 switch to &TickComputeActor::HandlerNormal
I0526 09:39:02.219643 12422 runtime_context.cpp:12] DecreaseCounter constructing_actor_cnt, current val is 2258
I0526 09:39:02.219671 12422 thread.cpp:60] thread 0 construct actor 1031
I0526 09:39:02.226619 12422 tick_compute_actor.cpp:7] actor 1031 switch to &TickComputeActor::HandlerNormal
I0526 09:39:02.226836 12422 runtime_context.cpp:12] DecreaseCounter constructing_actor_cnt, current val is 2257
I0526 09:39:02.226852 12422 thread.cpp:60] thread 0 construct actor 1398
I0526 09:39:02.228190 12422 tick_compute_actor.cpp:7] actor 1398 switch to &TickComputeActor::HandlerNormal
I0526 09:39:02.228386 12422 runtime_context.cpp:12] DecreaseCounter constructing_actor_cnt, current val is 2256
I0526 09:39:02.228415 12422 thread.cpp:60] thread 0 construct actor 1399
I0526 09:39:02.229619 12422 tick_compute_actor.cpp:7] actor 1399 switch to &TickComputeActor::HandlerNormal
I0526 09:39:02.229701 12422 runtime_context.cpp:12] DecreaseCounter constructing_actor_cnt, current val is 2255
I0526 09:39:02.229722 12422 thread.cpp:60] thread 0 construct actor 1767
I0526 09:39:02.236479 12422 tick_compute_actor.cpp:7] actor 1767 switch to &TickComputeActor::HandlerNormal
I0526 09:39:02.236697 12422 runtime_context.cpp:12] DecreaseCounter constructing_actor_cnt, current val is 2254
I0526 09:39:02.236723 12422 thread.cpp:60] thread 0 construct actor 1769
I0526 09:39:02.237363 12422 tick_compute_actor.cpp:7] actor 1769 switch to &TickComputeActor::HandlerNormal
I0526 09:39:02.237604 12422 runtime_context.cpp:12] DecreaseCounter constructing_actor_cnt, current val is 2253
I0526 09:39:02.237689 12422 thread.cpp:60] thread 0 construct actor 1770
I0526 09:39:02.238116 12422 tick_compute_actor.cpp:7] actor 1770 switch to &TickComputeActor::HandlerNormal
I0526 09:39:02.238431 12422 runtime_context.cpp:12] DecreaseCounter constructing_actor_cnt, current val is 2252
I0526 09:39:02.238452 12422 thread.cpp:60] thread 0 construct actor 1772
I0526 09:39:02.240583 12495 wait_and_send_ids_compute_actor.cpp:12] actor 290271069732864 switch to &WaitAndSendIdsCompActor::HandlerWaitToStart
I0526 09:39:02.241173 12495 runtime_context.cpp:12] DecreaseCounter constructing_actor_cnt, current val is 2251
I0526 09:39:02.244352 12422 tick_compute_actor.cpp:7] actor 1772 switch to &TickComputeActor::HandlerNormal
I0526 09:39:02.244431 12422 runtime_context.cpp:12] DecreaseCounter constructing_actor_cnt, current val is 2250
I0526 09:39:02.244488 12422 thread.cpp:60] thread 0 construct actor 1773
I0526 09:39:02.245184 12422 tick_compute_actor.cpp:7] actor 1773 switch to &TickComputeActor::HandlerNormal
I0526 09:39:02.245268 12422 runtime_context.cpp:12] DecreaseCounter constructing_actor_cnt, current val is 2249
I0526 09:39:02.248966 12422 thread.cpp:60] thread 0 construct actor 0
I0526 09:39:02.249104 12443 thread.cpp:60] thread 14 construct actor 61572651155456
I0526 09:39:02.249166 12441 thread.cpp:60] thread 12 construct actor 52776558133248
I0526 09:39:02.249262 12436 thread.cpp:60] thread 7 construct actor 30786325577728
I0526 09:39:02.249265 12438 thread.cpp:60] thread 9 construct actor 39582418599936
I0526 09:39:02.249351 12496 thread.cpp:60] thread 67 construct actor 294669116243968
I0526 09:39:02.249284 12444 thread.cpp:60] thread 15 construct actor 65970697666561
I0526 09:39:02.249274 12437 thread.cpp:60] thread 8 construct actor 35184372088832
I0526 09:39:02.249476 12449 thread.cpp:60] thread 20 construct actor 87960930222080
I0526 09:39:02.249455 12451 thread.cpp:60] thread 22 construct actor 96757023244289
I0526 09:39:02.249464 12447 thread.cpp:60] thread 18 construct actor 79164837199872
I0526 09:39:02.249560 12450 thread.cpp:60] thread 21 construct actor 92358976733184
I0526 09:39:02.249354 12426 thread.cpp:60] thread 2 construct actor 8796093022208
I0526 09:39:02.249613 12442 thread.cpp:60] thread 13 construct actor 57174604644352
I0526 09:39:02.249666 12487 thread.cpp:60] thread 58 construct actor 255086697644032
I0526 09:39:02.249702 12445 thread.cpp:60] thread 16 construct actor 70368744177664
I0526 09:39:02.249605 12453 thread.cpp:60] thread 24 construct actor 105553116266496
I0526 09:39:02.249619 12446 thread.cpp:60] thread 17 construct actor 74766790688769
I0526 09:39:02.249475 12440 thread.cpp:60] thread 11 construct actor 48378511622147
I0526 09:39:02.249663 12455 thread.cpp:60] thread 26 construct actor 114349209288704
I0526 09:39:02.249675 12458 thread.cpp:60] thread 29 construct actor 127543348822016
I0526 09:39:02.249603 12486 thread.cpp:60] thread 57 construct actor 250688651132928
I0526 09:39:02.249554 12439 thread.cpp:60] thread 10 construct actor 43980465111044
I0526 09:39:02.249764 12448 thread.cpp:60] thread 19 construct actor 83562883710976
I0526 09:39:02.249783 12456 thread.cpp:60] thread 27 construct actor 118747255799808
I0526 09:39:02.249863 12490 thread.cpp:60] thread 61 construct actor 268280837177344
I0526 09:39:02.249889 12454 thread.cpp:60] thread 25 construct actor 109951162777600
I0526 09:39:02.249903 12457 thread.cpp:60] thread 28 construct actor 123145302310912
I0526 09:39:02.249895 12493 thread.cpp:60] thread 64 construct actor 281474976710656
I0526 09:39:02.249897 12494 thread.cpp:60] thread 65 construct actor 285873023221760
I0526 09:39:02.249970 12488 thread.cpp:60] thread 59 construct actor 259484744155136
I0526 09:39:02.250085 12452 thread.cpp:60] thread 23 construct actor 101155069755393
I0526 09:39:02.250095 12492 thread.cpp:60] thread 63 construct actor 277076930199552
I0526 09:39:02.250103 12489 thread.cpp:60] thread 60 construct actor 263882790666240
I0526 09:39:02.250098 12422 normal_forward_compute_actor.cpp:13] actor 0 switch to &NormalForwardCompActor::HandlerNormal
I0526 09:39:02.250144 12491 thread.cpp:60] thread 62 construct actor 272678883688448
I0526 09:39:02.250643 12443 tick_compute_actor.cpp:7] actor 61572651155456 switch to &TickComputeActor::HandlerNormal
I0526 09:39:02.250875 12447 tick_compute_actor.cpp:7] actor 79164837199872 switch to &TickComputeActor::HandlerNormal
I0526 09:39:02.250885 12422 runtime_context.cpp:12] DecreaseCounter constructing_actor_cnt, current val is 2248
I0526 09:39:02.250958 12443 runtime_context.cpp:12] DecreaseCounter constructing_actor_cnt, current val is 2247
I0526 09:39:02.251415 12453 tick_compute_actor.cpp:7] actor 105553116266496 switch to &TickComputeActor::HandlerNormal
I0526 09:39:02.251417 12455 tick_compute_actor.cpp:7] actor 114349209288704 switch to &TickComputeActor::HandlerNormal
I0526 09:39:02.251055 12436 normal_forward_compute_actor.cpp:13] actor 30786325577728 switch to &NormalForwardCompActor::HandlerNormal
I0526 09:39:02.251576 12455 runtime_context.cpp:12] DecreaseCounter constructing_actor_cnt, current val is 2244
I0526 09:39:02.251639 12436 runtime_context.cpp:12] DecreaseCounter constructing_actor_cnt, current val is 2243
I0526 09:39:02.251683 12436 thread.cpp:60] thread 7 construct actor 30786325577729
I0526 09:39:02.251824 12493 normal_forward_compute_actor.cpp:13] actor 281474976710656 switch to &NormalForwardCompActor::HandlerNormal
I0526 09:39:02.251235 12458 esac_compute_actor.cpp:21] actor 127543348822016 switch to &EsacCompActor::HandlerNormal
I0526 09:39:02.251273 12440 tick_compute_actor.cpp:7] actor 48378511622147 switch to &TickComputeActor::HandlerNormal
I0526 09:39:02.251368 12422 thread.cpp:60] thread 0 construct actor 1
I0526 09:39:02.251003 12451 tick_compute_actor.cpp:7] actor 96757023244289 switch to &TickComputeActor::HandlerNormal
I0526 09:39:02.251420 12496 sink_compute_actor.cpp:6] actor 294669116243968 switch to &SinkCompActor::HandlerNormal
I0526 09:39:02.252118 12448 tick_compute_actor.cpp:7] actor 83562883710976 switch to &TickComputeActor::HandlerNormal
I0526 09:39:02.252180 12452 tick_compute_actor.cpp:7] actor 101155069755393 switch to &TickComputeActor::HandlerNormal
I0526 09:39:02.251444 12443 thread.cpp:60] thread 14 construct actor 61572651155457
I0526 09:39:02.252288 12448 runtime_context.cpp:12] DecreaseCounter constructing_actor_cnt, current val is 2237
I0526 09:39:02.251538 12492 normal_forward_compute_actor.cpp:13] actor 277076930199552 switch to &NormalForwardCompActor::HandlerNormal
I0526 09:39:02.251556 12446 tick_compute_actor.cpp:7] actor 74766790688769 switch to &TickComputeActor::HandlerNormal
I0526 09:39:02.252447 12492 runtime_context.cpp:12] DecreaseCounter constructing_actor_cnt, current val is 2235
I0526 09:39:02.251832 12449 tick_compute_actor.cpp:7] actor 87960930222080 switch to &TickComputeActor::HandlerNormal
I0526 09:39:02.251850 12486 normal_forward_compute_actor.cpp:13] actor 250688651132928 switch to &NormalForwardCompActor::HandlerNormal
I0526 09:39:02.251927 12494 normal_forward_compute_actor.cpp:13] actor 285873023221760 switch to &NormalForwardCompActor::HandlerNormal
I0526 09:39:02.251929 12493 runtime_context.cpp:12] DecreaseCounter constructing_actor_cnt, current val is 2242
I0526 09:39:02.251976 12458 runtime_context.cpp:12] DecreaseCounter constructing_actor_cnt, current val is 2241
I0526 09:39:02.252010 12440 runtime_context.cpp:12] DecreaseCounter constructing_actor_cnt, current val is 2240
I0526 09:39:02.252075 12456 tick_compute_actor.cpp:7] actor 118747255799808 switch to &TickComputeActor::HandlerNormal
I0526 09:39:02.252097 12451 runtime_context.cpp:12] DecreaseCounter constructing_actor_cnt, current val is 2239
I0526 09:39:02.251421 12450 tick_compute_actor.cpp:7] actor 92358976733184 switch to &TickComputeActor::HandlerNormal
I0526 09:39:02.252794 12444 tick_compute_actor.cpp:7] actor 65970697666561 switch to &TickComputeActor::HandlerNormal
I0526 09:39:02.251020 12447 runtime_context.cpp:12] DecreaseCounter constructing_actor_cnt, current val is 2246
I0526 09:39:02.252193 12441 tick_compute_actor.cpp:7] actor 52776558133248 switch to &TickComputeActor::HandlerNormal
I0526 09:39:02.251137 12437 normal_forward_compute_actor.cpp:13] actor 35184372088832 switch to &NormalForwardCompActor::HandlerNormal
I0526 09:39:02.252312 12452 runtime_context.cpp:12] DecreaseCounter constructing_actor_cnt, current val is 2236
I0526 09:39:02.253073 12443 tick_compute_actor.cpp:7] actor 61572651155457 switch to &TickComputeActor::HandlerNormal
I0526 09:39:02.252384 12487 normal_forward_compute_actor.cpp:13] actor 255086697644032 switch to &NormalForwardCompActor::HandlerNormal
I0526 09:39:02.252403 12438 normal_forward_compute_actor.cpp:13] actor 39582418599936 switch to &NormalForwardCompActor::HandlerNormal
I0526 09:39:02.251832 12454 tick_compute_actor.cpp:7] actor 109951162777600 switch to &TickComputeActor::HandlerNormal
I0526 09:39:02.253489 12438 runtime_context.cpp:12] DecreaseCounter constructing_actor_cnt, current val is 2223
I0526 09:39:02.253511 12438 thread.cpp:60] thread 9 construct actor 39582418599937
I0526 09:39:02.252547 12449 runtime_context.cpp:12] DecreaseCounter constructing_actor_cnt, current val is 2233
I0526 09:39:02.252574 12486 runtime_context.cpp:12] DecreaseCounter constructing_actor_cnt, current val is 2232
I0526 09:39:02.252621 12494 runtime_context.cpp:12] DecreaseCounter constructing_actor_cnt, current val is 2231
I0526 09:39:02.252692 12440 thread.cpp:60] thread 11 construct actor 48378511622148
I0526 09:39:02.252759 12436 tick_compute_actor.cpp:7] actor 30786325577729 switch to &TickComputeActor::HandlerNormal
I0526 09:39:02.252751 12489 normal_forward_compute_actor.cpp:13] actor 263882790666240 switch to &NormalForwardCompActor::HandlerNormal
I0526 09:39:02.253720 12436 runtime_context.cpp:12] DecreaseCounter constructing_actor_cnt, current val is 2221
I0526 09:39:02.253746 12489 runtime_context.cpp:12] DecreaseCounter constructing_actor_cnt, current val is 2220
I0526 09:39:02.252842 12450 runtime_context.cpp:12] DecreaseCounter constructing_actor_cnt, current val is 2229
I0526 09:39:02.252888 12457 esac_compute_actor.cpp:21] actor 123145302310912 switch to &EsacCompActor::HandlerNormal
I0526 09:39:02.252938 12447 thread.cpp:60] thread 18 construct actor 79164837199873
I0526 09:39:02.252363 12448 thread.cpp:60] thread 19 construct actor 83562883710977
I0526 09:39:02.253069 12422 normal_forward_compute_actor.cpp:13] actor 1 switch to &NormalForwardCompActor::HandlerNormal
I0526 09:39:02.253082 12441 runtime_context.cpp:12] DecreaseCounter constructing_actor_cnt, current val is 2228
I0526 09:39:02.253072 12445 tick_compute_actor.cpp:7] actor 70368744177664 switch to &TickComputeActor::HandlerNormal
I0526 09:39:02.253113 12437 runtime_context.cpp:12] DecreaseCounter constructing_actor_cnt, current val is 2227
I0526 09:39:02.253226 12443 runtime_context.cpp:12] DecreaseCounter constructing_actor_cnt, current val is 2226
I0526 09:39:02.253234 12491 normal_forward_compute_actor.cpp:13] actor 272678883688448 switch to &NormalForwardCompActor::HandlerNormal
I0526 09:39:02.253291 12442 tick_compute_actor.cpp:7] actor 57174604644352 switch to &TickComputeActor::HandlerNormal
I0526 09:39:02.254211 12491 runtime_context.cpp:12] DecreaseCounter constructing_actor_cnt, current val is 2216
I0526 09:39:02.253485 12487 runtime_context.cpp:12] DecreaseCounter constructing_actor_cnt, current val is 2224
I0526 09:39:02.254273 12442 runtime_context.cpp:12] DecreaseCounter constructing_actor_cnt, current val is 2215
I0526 09:39:02.252496 12446 runtime_context.cpp:12] DecreaseCounter constructing_actor_cnt, current val is 2234
I0526 09:39:02.253521 12454 runtime_context.cpp:12] DecreaseCounter constructing_actor_cnt, current val is 2222
I0526 09:39:02.253564 12449 thread.cpp:60] thread 20 construct actor 87960930222081
I0526 09:39:02.251538 12453 runtime_context.cpp:12] DecreaseCounter constructing_actor_cnt, current val is 2245
I0526 09:39:02.253692 12426 copy_hd_actor.cpp:8] actor 8796093022208 switch to &CopyHdActor::HandlerNormal
I0526 09:39:02.252786 12456 runtime_context.cpp:12] DecreaseCounter constructing_actor_cnt, current val is 2230
I0526 09:39:02.252161 12496 runtime_context.cpp:12] DecreaseCounter constructing_actor_cnt, current val is 2238
I0526 09:39:02.253757 12436 thread.cpp:60] thread 7 construct actor 30786325577730
I0526 09:39:02.253809 12450 thread.cpp:60] thread 21 construct actor 92358976733185
I0526 09:39:02.253887 12438 tick_compute_actor.cpp:7] actor 39582418599937 switch to &TickComputeActor::HandlerNormal
I0526 09:39:02.253932 12457 runtime_context.cpp:12] DecreaseCounter constructing_actor_cnt, current val is 2219
I0526 09:39:02.254022 12441 thread.cpp:60] thread 12 construct actor 52776558133249
I0526 09:39:02.254029 12422 runtime_context.cpp:12] DecreaseCounter constructing_actor_cnt, current val is 2218
I0526 09:39:02.254070 12439 tick_compute_actor.cpp:7] actor 43980465111044 switch to &TickComputeActor::HandlerNormal
I0526 09:39:02.254093 12445 runtime_context.cpp:12] DecreaseCounter constructing_actor_cnt, current val is 2217
I0526 09:39:02.254096 12437 thread.cpp:60] thread 8 construct actor 35184372088833
I0526 09:39:02.254129 12443 thread.cpp:60] thread 14 construct actor 61572651155458
I0526 09:39:02.253459 12444 runtime_context.cpp:12] DecreaseCounter constructing_actor_cnt, current val is 2225
I0526 09:39:02.254238 12447 tick_compute_actor.cpp:7] actor 79164837199873 switch to &TickComputeActor::HandlerNormal
I0526 09:39:02.252491 12490 normal_forward_compute_actor.cpp:13] actor 268280837177344 switch to &NormalForwardCompActor::HandlerNormal
I0526 09:39:02.254288 12440 tick_compute_actor.cpp:7] actor 48378511622148 switch to &TickComputeActor::HandlerNormal
I0526 09:39:02.255465 12490 runtime_context.cpp:12] DecreaseCounter constructing_actor_cnt, current val is 2210
I0526 09:39:02.254353 12446 thread.cpp:60] thread 17 construct actor 74766790688770
I0526 09:39:02.254379 12454 thread.cpp:60] thread 25 construct actor 109951162777601
I0526 09:39:02.254464 12453 thread.cpp:60] thread 24 construct actor 105553116266497
I0526 09:39:02.254561 12426 runtime_context.cpp:12] DecreaseCounter constructing_actor_cnt, current val is 2214
I0526 09:39:02.254654 12448 tick_compute_actor.cpp:7] actor 83562883710977 switch to &TickComputeActor::HandlerNormal
I0526 09:39:02.254750 12438 runtime_context.cpp:12] DecreaseCounter constructing_actor_cnt, current val is 2213
I0526 09:39:02.255728 12448 runtime_context.cpp:12] DecreaseCounter constructing_actor_cnt, current val is 2208
I0526 09:39:02.255259 12445 thread.cpp:60] thread 16 construct actor 70368744177671
I0526 09:39:02.255264 12439 runtime_context.cpp:12] DecreaseCounter constructing_actor_cnt, current val is 2212
I0526 09:39:02.255370 12444 thread.cpp:60] thread 15 construct actor 65970697666562
I0526 09:39:02.255411 12447 runtime_context.cpp:12] DecreaseCounter constructing_actor_cnt, current val is 2211
I0526 09:39:02.255890 12447 thread.cpp:60] thread 18 construct actor 79164837199874
I0526 09:39:02.255445 12436 tick_compute_actor.cpp:7] actor 30786325577730 switch to &TickComputeActor::HandlerNormal
I0526 09:39:02.254324 12442 thread.cpp:60] thread 13 construct actor 57174604644353
I0526 09:39:02.255497 12440 runtime_context.cpp:12] DecreaseCounter constructing_actor_cnt, current val is 2209
I0526 09:39:02.255666 12426 thread.cpp:60] thread 2 construct actor 8796093022209
I0526 09:39:02.255669 12450 tick_compute_actor.cpp:7] actor 92358976733185 switch to &TickComputeActor::HandlerNormal
I0526 09:39:02.255671 12441 tick_compute_actor.cpp:7] actor 52776558133249 switch to &TickComputeActor::HandlerNormal
I0526 09:39:02.255735 12438 thread.cpp:60] thread 9 construct actor 39582418599938
I0526 09:39:02.255153 12422 thread.cpp:60] thread 0 construct actor 2
I0526 09:39:02.255761 12448 thread.cpp:60] thread 19 construct actor 83562883710978
I0526 09:39:02.255832 12439 thread.cpp:60] thread 10 construct actor 43980465111045
I0526 09:39:02.256316 12447 tick_compute_actor.cpp:7] actor 79164837199874 switch to &TickComputeActor::HandlerNormal
I0526 09:39:02.255975 12436 runtime_context.cpp:12] DecreaseCounter constructing_actor_cnt, current val is 2207
I0526 09:39:02.256032 12440 thread.cpp:60] thread 11 construct actor 48378511622149
I0526 09:39:02.256155 12450 runtime_context.cpp:12] DecreaseCounter constructing_actor_cnt, current val is 2206
I0526 09:39:02.256181 12441 runtime_context.cpp:12] DecreaseCounter constructing_actor_cnt, current val is 2205
I0526 09:39:02.255439 12449 tick_compute_actor.cpp:7] actor 87960930222081 switch to &TickComputeActor::HandlerNormal
I0526 09:39:02.256366 12443 tick_compute_actor.cpp:7] actor 61572651155458 switch to &TickComputeActor::HandlerNormal
I0526 09:39:02.256393 12446 tick_compute_actor.cpp:7] actor 74766790688770 switch to &TickComputeActor::HandlerNormal
I0526 09:39:02.256430 12447 runtime_context.cpp:12] DecreaseCounter constructing_actor_cnt, current val is 2204
I0526 09:39:02.259061 12447 thread.cpp:60] thread 18 construct actor 79164837199875
I0526 09:39:02.256458 12436 thread.cpp:60] thread 7 construct actor 30786325577731
I0526 09:39:02.256572 12454 tick_compute_actor.cpp:7] actor 109951162777601 switch to &TickComputeActor::HandlerNormal
I0526 09:39:02.256600 12438 tick_compute_actor.cpp:7] actor 39582418599938 switch to &TickComputeActor::HandlerNormal
I0526 09:39:02.256911 12445 tick_compute_actor.cpp:7] actor 70368744177671 switch to &TickComputeActor::HandlerNormal
I0526 09:39:02.257006 12448 tick_compute_actor.cpp:7] actor 83562883710978 switch to &TickComputeActor::HandlerNormal
I0526 09:39:02.257050 12422 normal_forward_compute_actor.cpp:13] actor 2 switch to &NormalForwardCompActor::HandlerNormal
I0526 09:39:02.257172 12442 tick_compute_actor.cpp:7] actor 57174604644353 switch to &TickComputeActor::HandlerNormal
I0526 09:39:02.257378 12439 tick_compute_actor.cpp:7] actor 43980465111045 switch to &TickComputeActor::HandlerNormal
I0526 09:39:02.257627 12440 tick_compute_actor.cpp:7] actor 48378511622149 switch to &TickComputeActor::HandlerNormal
I0526 09:39:02.257674 12426 copy_hd_actor.cpp:8] actor 8796093022209 switch to &CopyHdActor::HandlerNormal
I0526 09:39:02.257884 12488 normal_forward_compute_actor.cpp:13] actor 259484744155136 switch to &NormalForwardCompActor::HandlerNormal
I0526 09:39:02.258605 12444 tick_compute_actor.cpp:7] actor 65970697666562 switch to &TickComputeActor::HandlerNormal
I0526 09:39:02.258904 12441 thread.cpp:60] thread 12 construct actor 52776558133250
I0526 09:39:02.258996 12449 runtime_context.cpp:12] DecreaseCounter constructing_actor_cnt, current val is 2203
I0526 09:39:02.259016 12443 runtime_context.cpp:12] DecreaseCounter constructing_actor_cnt, current val is 2202
I0526 09:39:02.256451 12453 tick_compute_actor.cpp:7] actor 105553116266497 switch to &TickComputeActor::HandlerNormal
I0526 09:39:02.259063 12446 runtime_context.cpp:12] DecreaseCounter constructing_actor_cnt, current val is 2201
I0526 09:39:02.259204 12454 runtime_context.cpp:12] DecreaseCounter constructing_actor_cnt, current val is 2200
I0526 09:39:02.259217 12438 runtime_context.cpp:12] DecreaseCounter constructing_actor_cnt, current val is 2199
I0526 09:39:02.259282 12445 runtime_context.cpp:12] DecreaseCounter constructing_actor_cnt, current val is 2198
I0526 09:39:02.259304 12448 runtime_context.cpp:12] DecreaseCounter constructing_actor_cnt, current val is 2197
I0526 09:39:02.259358 12422 runtime_context.cpp:12] DecreaseCounter constructing_actor_cnt, current val is 2196
I0526 09:39:02.259443 12442 runtime_context.cpp:12] DecreaseCounter constructing_actor_cnt, current val is 2195
I0526 09:39:02.259460 12447 tick_compute_actor.cpp:7] actor 79164837199875 switch to &TickComputeActor::HandlerNormal
I0526 09:39:02.259490 12439 runtime_context.cpp:12] DecreaseCounter constructing_actor_cnt, current val is 2194
I0526 09:39:02.259490 12440 runtime_context.cpp:12] DecreaseCounter constructing_actor_cnt, current val is 2193
I0526 09:39:02.259541 12426 runtime_context.cpp:12] DecreaseCounter constructing_actor_cnt, current val is 2192
I0526 09:39:02.259632 12436 tick_compute_actor.cpp:7] actor 30786325577731 switch to &TickComputeActor::HandlerNormal
I0526 09:39:02.260010 12443 thread.cpp:60] thread 14 construct actor 61572651155460
I0526 09:39:02.260084 12446 thread.cpp:60] thread 17 construct actor 74766790688771
I0526 09:39:02.260143 12438 thread.cpp:60] thread 9 construct actor 39582418599940
I0526 09:39:02.260145 12453 runtime_context.cpp:12] DecreaseCounter constructing_actor_cnt, current val is 2191
I0526 09:39:02.260627 12436 runtime_context.cpp:12] DecreaseCounter constructing_actor_cnt, current val is 2189
I0526 09:39:02.260255 12422 thread.cpp:60] thread 0 construct actor 3
I0526 09:39:02.260306 12442 thread.cpp:60] thread 13 construct actor 57174604644354
I0526 09:39:02.260361 12439 thread.cpp:60] thread 10 construct actor 43980465111049
I0526 09:39:02.260386 12440 thread.cpp:60] thread 11 construct actor 48378511622150
I0526 09:39:02.260409 12447 runtime_context.cpp:12] DecreaseCounter constructing_actor_cnt, current val is 2190
I0526 09:39:02.260428 12426 thread.cpp:60] thread 2 construct actor 8796093022210
I0526 09:39:02.260195 12445 thread.cpp:60] thread 16 construct actor 70368744177668
I0526 09:39:02.260690 12436 thread.cpp:60] thread 7 construct actor 30786325577732
I0526 09:39:02.260776 12441 tick_compute_actor.cpp:7] actor 52776558133250 switch to &TickComputeActor::HandlerNormal
I0526 09:39:02.261190 12447 thread.cpp:60] thread 18 construct actor 79164837199876
I0526 09:39:02.261200 12438 tick_compute_actor.cpp:7] actor 39582418599940 switch to &TickComputeActor::HandlerNormal
I0526 09:39:02.261427 12441 runtime_context.cpp:12] DecreaseCounter constructing_actor_cnt, current val is 2187
I0526 09:39:02.261462 12441 thread.cpp:60] thread 12 construct actor 52776558133251
I0526 09:39:02.261267 12444 runtime_context.cpp:12] DecreaseCounter constructing_actor_cnt, current val is 2188
I0526 09:39:02.261361 12443 tick_compute_actor.cpp:7] actor 61572651155460 switch to &TickComputeActor::HandlerNormal
I0526 09:39:02.261472 12446 tick_compute_actor.cpp:7] actor 74766790688771 switch to &TickComputeActor::HandlerNormal
I0526 09:39:02.261524 12438 runtime_context.cpp:12] DecreaseCounter constructing_actor_cnt, current val is 2186
I0526 09:39:02.261574 12444 thread.cpp:60] thread 15 construct actor 65970697666563
I0526 09:39:02.261673 12442 tick_compute_actor.cpp:7] actor 57174604644354 switch to &TickComputeActor::HandlerNormal
I0526 09:39:02.261699 12438 thread.cpp:60] thread 9 construct actor 39582418599941
I0526 09:39:02.261720 12443 runtime_context.cpp:12] DecreaseCounter constructing_actor_cnt, current val is 2185
I0526 09:39:02.261760 12446 runtime_context.cpp:12] DecreaseCounter constructing_actor_cnt, current val is 2184
I0526 09:39:02.261802 12488 runtime_context.cpp:12] DecreaseCounter constructing_actor_cnt, current val is 2183
I0526 09:39:02.261823 12442 runtime_context.cpp:12] DecreaseCounter constructing_actor_cnt, current val is 2182
I0526 09:39:02.261849 12443 thread.cpp:60] thread 14 construct actor 61572651155461
I0526 09:39:02.261874 12439 tick_compute_actor.cpp:7] actor 43980465111049 switch to &TickComputeActor::HandlerNormal
I0526 09:39:02.261881 12446 thread.cpp:60] thread 17 construct actor 74766790688775
I0526 09:39:02.261921 12440 tick_compute_actor.cpp:7] actor 48378511622150 switch to &TickComputeActor::HandlerNormal
I0526 09:39:02.262095 12439 runtime_context.cpp:12] DecreaseCounter constructing_actor_cnt, current val is 2181
I0526 09:39:02.261993 12422 normal_forward_compute_actor.cpp:13] actor 3 switch to &NormalForwardCompActor::HandlerNormal
I0526 09:39:02.262185 12441 tick_compute_actor.cpp:7] actor 52776558133251 switch to &TickComputeActor::HandlerNormal
I0526 09:39:02.262109 12447 tick_compute_actor.cpp:7] actor 79164837199876 switch to &TickComputeActor::HandlerNormal
I0526 09:39:02.262130 12440 runtime_context.cpp:12] DecreaseCounter constructing_actor_cnt, current val is 2180
I0526 09:39:02.261945 12442 thread.cpp:60] thread 13 construct actor 57174604644355
I0526 09:39:02.262272 12440 thread.cpp:60] thread 11 construct actor 48378511622151
I0526 09:39:02.262360 12445 tick_compute_actor.cpp:7] actor 70368744177668 switch to &TickComputeActor::HandlerNormal
I0526 09:39:02.262359 12441 runtime_context.cpp:12] DecreaseCounter constructing_actor_cnt, current val is 2179
I0526 09:39:02.262337 12436 tick_compute_actor.cpp:7] actor 30786325577732 switch to &TickComputeActor::HandlerNormal
I0526 09:39:02.262382 12447 runtime_context.cpp:12] DecreaseCounter constructing_actor_cnt, current val is 2178
I0526 09:39:02.262393 12422 runtime_context.cpp:12] DecreaseCounter constructing_actor_cnt, current val is 2177
I0526 09:39:02.262441 12441 thread.cpp:60] thread 12 construct actor 52776558133254
I0526 09:39:02.262456 12445 runtime_context.cpp:12] DecreaseCounter constructing_actor_cnt, current val is 2176
I0526 09:39:02.262501 12436 runtime_context.cpp:12] DecreaseCounter constructing_actor_cnt, current val is 2175
I0526 09:39:02.262537 12426 copy_hd_actor.cpp:8] actor 8796093022210 switch to &CopyHdActor::HandlerNormal
I0526 09:39:02.262542 12422 thread.cpp:60] thread 0 construct actor 4
I0526 09:39:02.263092 12426 runtime_context.cpp:12] DecreaseCounter constructing_actor_cnt, current val is 2174
I0526 09:39:02.262850 12446 tick_compute_actor.cpp:7] actor 74766790688775 switch to &TickComputeActor::HandlerNormal
I0526 09:39:02.262943 12438 tick_compute_actor.cpp:7] actor 39582418599941 switch to &TickComputeActor::HandlerNormal
I0526 09:39:02.263025 12443 tick_compute_actor.cpp:7] actor 61572651155461 switch to &TickComputeActor::HandlerNormal
I0526 09:39:02.263026 12436 thread.cpp:60] thread 7 construct actor 30786325577733
I0526 09:39:02.263059 12442 tick_compute_actor.cpp:7] actor 57174604644355 switch to &TickComputeActor::HandlerNormal
I0526 09:39:02.263295 12441 tick_compute_actor.cpp:7] actor 52776558133254 switch to &TickComputeActor::HandlerNormal
I0526 09:39:02.263339 12442 runtime_context.cpp:12] DecreaseCounter constructing_actor_cnt, current val is 2170
I0526 09:39:02.263135 12426 thread.cpp:60] thread 2 construct actor 8796093022211
I0526 09:39:02.263207 12446 runtime_context.cpp:12] DecreaseCounter constructing_actor_cnt, current val is 2173
I0526 09:39:02.263247 12438 runtime_context.cpp:12] DecreaseCounter constructing_actor_cnt, current val is 2172
I0526 09:39:02.263278 12443 runtime_context.cpp:12] DecreaseCounter constructing_actor_cnt, current val is 2171
I0526 09:39:02.262663 12445 thread.cpp:60] thread 16 construct actor 70368744177669
I0526 09:39:02.263106 12440 tick_compute_actor.cpp:7] actor 48378511622151 switch to &TickComputeActor::HandlerNormal
I0526 09:39:02.263373 12442 thread.cpp:60] thread 13 construct actor 57174604644356
I0526 09:39:02.263381 12441 runtime_context.cpp:12] DecreaseCounter constructing_actor_cnt, current val is 2169
I0526 09:39:02.263461 12446 thread.cpp:60] thread 17 construct actor 74766790688772
I0526 09:39:02.263494 12438 thread.cpp:60] thread 9 construct actor 39582418599945
I0526 09:39:02.263523 12443 thread.cpp:60] thread 14 construct actor 61572651155465
I0526 09:39:02.263622 12440 runtime_context.cpp:12] DecreaseCounter constructing_actor_cnt, current val is 2168
I0526 09:39:02.263667 12441 thread.cpp:60] thread 12 construct actor 52776558133255
I0526 09:39:02.263828 12422 normal_forward_compute_actor.cpp:13] actor 4 switch to &NormalForwardCompActor::HandlerNormal
I0526 09:39:02.263805 12440 thread.cpp:60] thread 11 construct actor 48378511622152
I0526 09:39:02.263892 12436 tick_compute_actor.cpp:7] actor 30786325577733 switch to &TickComputeActor::HandlerNormal
I0526 09:39:02.263950 12422 runtime_context.cpp:12] DecreaseCounter constructing_actor_cnt, current val is 2167
I0526 09:39:02.264008 12436 runtime_context.cpp:12] DecreaseCounter constructing_actor_cnt, current val is 2166
I0526 09:39:02.264005 12444 tick_compute_actor.cpp:7] actor 65970697666563 switch to &TickComputeActor::HandlerNormal
I0526 09:39:02.264016 12422 thread.cpp:60] thread 0 construct actor 5
I0526 09:39:02.264047 12436 thread.cpp:60] thread 7 construct actor 30786325577734
I0526 09:39:02.264469 12440 tick_compute_actor.cpp:7] actor 48378511622152 switch to &TickComputeActor::HandlerNormal
I0526 09:39:02.264477 12446 tick_compute_actor.cpp:7] actor 74766790688772 switch to &TickComputeActor::HandlerNormal
I0526 09:39:02.264638 12441 tick_compute_actor.cpp:7] actor 52776558133255 switch to &TickComputeActor::HandlerNormal
I0526 09:39:02.264676 12445 tick_compute_actor.cpp:7] actor 70368744177669 switch to &TickComputeActor::HandlerNormal
I0526 09:39:02.264717 12440 runtime_context.cpp:12] DecreaseCounter constructing_actor_cnt, current val is 2165
I0526 09:39:02.264621 12426 copy_hd_actor.cpp:8] actor 8796093022211 switch to &CopyHdActor::HandlerNormal
I0526 09:39:02.264719 12442 tick_compute_actor.cpp:7] actor 57174604644356 switch to &TickComputeActor::HandlerNormal
I0526 09:39:02.264830 12440 thread.cpp:60] thread 11 construct actor 48378511622153
I0526 09:39:02.265231 12442 runtime_context.cpp:12] DecreaseCounter constructing_actor_cnt, current val is 2159
I0526 09:39:02.264875 12441 runtime_context.cpp:12] DecreaseCounter constructing_actor_cnt, current val is 2163
I0526 09:39:02.264897 12445 runtime_context.cpp:12] DecreaseCounter constructing_actor_cnt, current val is 2162
I0526 09:39:02.264923 12443 tick_compute_actor.cpp:7] actor 61572651155465 switch to &TickComputeActor::HandlerNormal
I0526 09:39:02.264919 12422 normal_forward_compute_actor.cpp:13] actor 5 switch to &NormalForwardCompActor::HandlerNormal
I0526 09:39:02.264919 12438 tick_compute_actor.cpp:7] actor 39582418599945 switch to &TickComputeActor::HandlerNormal
I0526 09:39:02.265074 12436 normal_forward_compute_actor.cpp:13] actor 30786325577734 switch to &NormalForwardCompActor::HandlerNormal
I0526 09:39:02.265082 12444 runtime_context.cpp:12] DecreaseCounter constructing_actor_cnt, current val is 2161
I0526 09:39:02.265198 12426 runtime_context.cpp:12] DecreaseCounter constructing_actor_cnt, current val is 2160
I0526 09:39:02.264844 12446 runtime_context.cpp:12] DecreaseCounter constructing_actor_cnt, current val is 2164
I0526 09:39:02.265281 12442 thread.cpp:60] thread 13 construct actor 57174604644357
I0526 09:39:02.265333 12441 thread.cpp:60] thread 12 construct actor 52776558133256
I0526 09:39:02.265715 12426 thread.cpp:60] thread 2 construct actor 8796093022212
I0526 09:39:02.265435 12443 runtime_context.cpp:12] DecreaseCounter constructing_actor_cnt, current val is 2158
I0526 09:39:02.265478 12422 runtime_context.cpp:12] DecreaseCounter constructing_actor_cnt, current val is 2157
I0526 09:39:02.265519 12438 runtime_context.cpp:12] DecreaseCounter constructing_actor_cnt, current val is 2156
I0526 09:39:02.265564 12444 thread.cpp:60] thread 15 construct actor 65970697666567
I0526 09:39:02.265570 12436 runtime_context.cpp:12] DecreaseCounter constructing_actor_cnt, current val is 2155
I0526 09:39:02.265650 12446 thread.cpp:60] thread 17 construct actor 74766790688773
I0526 09:39:02.265384 12445 thread.cpp:60] thread 16 construct actor 70368744177670
I0526 09:39:02.265803 12422 thread.cpp:60] thread 0 construct actor 6
I0526 09:39:02.265914 12436 thread.cpp:60] thread 7 construct actor 30786325577735
I0526 09:39:02.266095 12440 tick_compute_actor.cpp:7] actor 48378511622153 switch to &TickComputeActor::HandlerNormal
I0526 09:39:02.266196 12440 runtime_context.cpp:12] DecreaseCounter constructing_actor_cnt, current val is 2154
I0526 09:39:02.266458 12442 tick_compute_actor.cpp:7] actor 57174604644357 switch to &TickComputeActor::HandlerNormal
I0526 09:39:02.266512 12441 tick_compute_actor.cpp:7] actor 52776558133256 switch to &TickComputeActor::HandlerNormal
I0526 09:39:02.266546 12442 runtime_context.cpp:12] DecreaseCounter constructing_actor_cnt, current val is 2153
I0526 09:39:02.266593 12442 thread.cpp:60] thread 13 construct actor 57174604644358
I0526 09:39:02.266613 12441 runtime_context.cpp:12] DecreaseCounter constructing_actor_cnt, current val is 2152
I0526 09:39:02.266636 12444 tick_compute_actor.cpp:7] actor 65970697666567 switch to &TickComputeActor::HandlerNormal
I0526 09:39:02.266659 12441 thread.cpp:60] thread 12 construct actor 52776558133257
I0526 09:39:02.266712 12422 normal_forward_compute_actor.cpp:13] actor 6 switch to &NormalForwardCompActor::HandlerNormal
I0526 09:39:02.266738 12444 runtime_context.cpp:12] DecreaseCounter constructing_actor_cnt, current val is 2151
I0526 09:39:02.266777 12446 tick_compute_actor.cpp:7] actor 74766790688773 switch to &TickComputeActor::HandlerNormal
I0526 09:39:02.266800 12445 tick_compute_actor.cpp:7] actor 70368744177670 switch to &TickComputeActor::HandlerNormal
I0526 09:39:02.266840 12436 normal_forward_compute_actor.cpp:13] actor 30786325577735 switch to &NormalForwardCompActor::HandlerNormal
I0526 09:39:02.266847 12422 runtime_context.cpp:12] DecreaseCounter constructing_actor_cnt, current val is 2150
I0526 09:39:02.266985 12426 copy_hd_actor.cpp:8] actor 8796093022212 switch to &CopyHdActor::HandlerNormal
