Log file created at: 2020/05/26 16:19:10
Running on machine: ai06
Log line format: [IWEF]mmdd hh:mm:ss.uuuuuu threadid file:line] msg
I0526 16:19:10.125059 44049 util.h:71] NewGlobal N7oneflow7EnvDescE
I0526 16:19:10.130511 44049 util.h:71] NewGlobal N7oneflow10CtrlServerE
I0526 16:19:10.141791 44049 ctrl_server.cpp:39] CtrlServer listening on 0.0.0.0:9789
I0526 16:19:10.141896 44049 util.h:71] NewGlobal N7oneflow10CtrlClientE
I0526 16:19:10.142995 44049 ctrl_client.cpp:187] LoadServer 127.0.0.1 Successful at 0 times
I0526 16:19:10.143065 44049 util.h:71] NewGlobal N7oneflow10MachineCtxE
I0526 16:19:10.143082 44049 machine_context.cpp:16] this machine id: 0
I0526 16:19:10.158710 44049 util.h:71] NewGlobal N7oneflow12ResourceDescE
I0526 16:19:10.158728 44049 util.h:71] NewGlobal N7oneflow6IOConfE
I0526 16:19:10.158733 44049 util.h:71] NewGlobal N7oneflow12ProfilerConfE
I0526 16:19:10.158738 44049 util.h:71] NewGlobal N7oneflow5IDMgrE
I0526 16:19:10.187533 44049 util.h:71] NewGlobal N7oneflow16AvailableMemDescE
I0526 16:19:10.187695 44049 util.h:71] NewGlobal St13unordered_mapISslSt4hashISsESt8equal_toISsESaISt4pairIKSslEEE
I0526 16:19:10.187702 44049 util.h:71] NewGlobal N7oneflow19CriticalSectionDescE
I0526 16:19:10.187706 44049 util.h:71] NewGlobal N7oneflow16InterUserJobInfoE
I0526 16:19:10.187713 44049 util.h:71] NewGlobal N7oneflow22JobBuildAndInferCtxMgrE
I0526 16:19:10.187718 44049 util.h:71] NewGlobal N7oneflow18LbiDiffWatcherInfoE
I0526 16:19:10.187723 44049 util.h:71] NewGlobal N7oneflow16JobSetCompileCtxE
I0526 16:19:10.187729 44049 util.h:71] NewGlobal N7oneflow26RuntimeBufferManagersScopeE
I0526 16:19:10.187733 44049 util.h:71] NewGlobal N7oneflow9BufferMgrIlEE
I0526 16:19:10.187737 44049 util.h:71] NewGlobal N7oneflow9BufferMgrISt10shared_ptrINS_18ForeignJobInstanceEEEE
I0526 16:19:10.189824 44049 oneflow_internal_helper.h:79] NewGlobal N7oneflow25SessionGlobalObjectsScopeE
I0526 16:19:10.191222 44049 util.h:71] NewGlobal N7oneflow7JobDescE
I0526 16:19:10.191238 44049 job_desc.cpp:90] Set piece_num_of_experiment_phase 19
I0526 16:19:10.836923 44049 util.h:76] DeleteGlobal N7oneflow7JobDescE
I0526 16:19:10.836957 44049 util.h:71] NewGlobal N7oneflow7JobDescE
I0526 16:19:10.836967 44049 job_desc.cpp:90] Set piece_num_of_experiment_phase 19
I0526 16:19:13.179116 44049 util.h:76] DeleteGlobal N7oneflow7JobDescE
I0526 16:19:13.187022 44049 util.h:71] NewGlobal N7oneflow24InterJobReuseMemStrategyE
I0526 16:19:13.187058 44049 util.h:71] NewGlobal N7oneflow7OneflowE
I0526 16:19:13.203088 44049 job_desc.cpp:90] Set piece_num_of_experiment_phase 19
I0526 16:19:13.206988 44049 job_desc.cpp:90] Set piece_num_of_experiment_phase 19
I0526 16:19:13.209548 44049 job_desc.cpp:90] Set piece_num_of_experiment_phase 19
I0526 16:19:13.211153 44049 job_desc.cpp:90] Set piece_num_of_experiment_phase 19
I0526 16:19:13.211169 44049 job_desc.cpp:90] Set piece_num_of_experiment_phase 19
I0526 16:19:13.211174 44049 job_desc.cpp:90] Set piece_num_of_experiment_phase 19
I0526 16:19:13.211179 44049 job_desc.cpp:90] Set piece_num_of_experiment_phase 19
I0526 16:19:13.213312 44049 util.h:71] NewGlobal N7oneflow7JobDescE
I0526 16:19:13.213325 44049 job_desc.cpp:90] Set piece_num_of_experiment_phase 19
I0526 16:19:14.001543 44049 util.h:71] NewGlobal N7oneflow7OpGraphE
I0526 16:19:14.219672 44049 util.h:76] DeleteGlobal N7oneflow7OpGraphE
I0526 16:19:14.251718 44049 oneflow.cpp:137] compile time: 1.02576e+09
I0526 16:19:14.354837 44049 oneflow.cpp:144] push_pull_plan:1.13779e+09
I0526 16:19:14.364331 44049 oneflow.cpp:168] compile and improve time: 1.151e+09
I0526 16:19:14.386706 44049 util.h:76] DeleteGlobal N7oneflow7JobDescE
I0526 16:19:14.386744 44049 util.h:71] NewGlobal N7oneflow7JobDescE
I0526 16:19:14.386755 44049 job_desc.cpp:90] Set piece_num_of_experiment_phase 19
I0526 16:19:14.729218 44049 util.h:71] NewGlobal N7oneflow7OpGraphE
I0526 16:19:14.870160 44049 util.h:76] DeleteGlobal N7oneflow7OpGraphE
I0526 16:19:14.891202 44049 oneflow.cpp:137] compile time: 4.96822e+08
I0526 16:19:14.978616 44049 oneflow.cpp:144] push_pull_plan:5.88073e+08
I0526 16:19:14.996345 44049 oneflow.cpp:168] compile and improve time: 6.09572e+08
I0526 16:19:15.021064 44049 util.h:76] DeleteGlobal N7oneflow7JobDescE
I0526 16:19:15.021116 44049 util.h:71] NewGlobal N7oneflow7JobDescE
I0526 16:19:15.021196 44049 job_desc.cpp:90] Set piece_num_of_experiment_phase 19
I0526 16:19:15.361184 44049 util.h:71] NewGlobal N7oneflow7OpGraphE
I0526 16:19:15.495932 44049 util.h:76] DeleteGlobal N7oneflow7OpGraphE
I0526 16:19:15.513425 44049 oneflow.cpp:137] compile time: 4.85755e+08
I0526 16:19:15.593535 44049 oneflow.cpp:144] push_pull_plan:5.68423e+08
I0526 16:19:15.601464 44049 oneflow.cpp:168] compile and improve time: 5.80232e+08
I0526 16:19:15.615353 44049 util.h:76] DeleteGlobal N7oneflow7JobDescE
I0526 16:19:15.615490 44049 util.h:71] NewGlobal N7oneflow7JobDescE
I0526 16:19:15.615521 44049 job_desc.cpp:90] Set piece_num_of_experiment_phase 19
I0526 16:19:16.005517 44049 util.h:71] NewGlobal N7oneflow7OpGraphE
I0526 16:19:16.173256 44049 util.h:76] DeleteGlobal N7oneflow7OpGraphE
I0526 16:19:16.190037 44049 oneflow.cpp:137] compile time: 5.74185e+08
I0526 16:19:16.277492 44049 oneflow.cpp:144] push_pull_plan:6.58027e+08
I0526 16:19:16.286396 44049 oneflow.cpp:168] compile and improve time: 6.70844e+08
I0526 16:19:16.304435 44049 util.h:76] DeleteGlobal N7oneflow7JobDescE
I0526 16:19:16.304524 44049 util.h:71] NewGlobal N7oneflow7JobDescE
I0526 16:19:16.304554 44049 job_desc.cpp:90] Set piece_num_of_experiment_phase 19
I0526 16:19:16.308137 44049 util.h:71] NewGlobal N7oneflow7OpGraphE
I0526 16:19:16.310379 44049 util.h:76] DeleteGlobal N7oneflow7OpGraphE
I0526 16:19:16.310658 44049 oneflow.cpp:137] compile time: 6.01779e+06
I0526 16:19:16.311522 44049 oneflow.cpp:144] push_pull_plan:6.9056e+06
I0526 16:19:16.311693 44049 oneflow.cpp:168] compile and improve time: 7.11629e+06
I0526 16:19:16.311900 44049 util.h:76] DeleteGlobal N7oneflow7JobDescE
I0526 16:19:16.311921 44049 util.h:71] NewGlobal N7oneflow7JobDescE
I0526 16:19:16.311939 44049 job_desc.cpp:90] Set piece_num_of_experiment_phase 19
I0526 16:19:16.315069 44049 util.h:71] NewGlobal N7oneflow7OpGraphE
I0526 16:19:16.317049 44049 util.h:76] DeleteGlobal N7oneflow7OpGraphE
I0526 16:19:16.317281 44049 oneflow.cpp:137] compile time: 5.2713e+06
I0526 16:19:16.318084 44049 oneflow.cpp:144] push_pull_plan:6.09203e+06
I0526 16:19:16.318256 44049 oneflow.cpp:168] compile and improve time: 6.29811e+06
I0526 16:19:16.318457 44049 util.h:76] DeleteGlobal N7oneflow7JobDescE
I0526 16:19:16.318477 44049 util.h:71] NewGlobal N7oneflow7JobDescE
I0526 16:19:16.318495 44049 job_desc.cpp:90] Set piece_num_of_experiment_phase 19
I0526 16:19:16.321763 44049 util.h:71] NewGlobal N7oneflow7OpGraphE
I0526 16:19:16.323504 44049 util.h:76] DeleteGlobal N7oneflow7OpGraphE
I0526 16:19:16.323710 44049 oneflow.cpp:137] compile time: 5.152e+06
I0526 16:19:16.324457 44049 oneflow.cpp:144] push_pull_plan:5.91718e+06
I0526 16:19:16.324599 44049 oneflow.cpp:168] compile and improve time: 6.08538e+06
I0526 16:19:16.324766 44049 util.h:76] DeleteGlobal N7oneflow7JobDescE
I0526 16:19:16.324787 44049 util.h:71] NewGlobal N7oneflow7JobDescE
I0526 16:19:16.324795 44049 job_desc.cpp:90] Set piece_num_of_experiment_phase 19
I0526 16:19:16.328024 44049 util.h:71] NewGlobal N7oneflow7OpGraphE
I0526 16:19:16.329694 44049 util.h:76] DeleteGlobal N7oneflow7OpGraphE
I0526 16:19:16.329893 44049 oneflow.cpp:137] compile time: 5.04934e+06
I0526 16:19:16.330555 44049 oneflow.cpp:144] push_pull_plan:5.72851e+06
I0526 16:19:16.330703 44049 oneflow.cpp:168] compile and improve time: 5.90208e+06
I0526 16:19:16.330869 44049 util.h:76] DeleteGlobal N7oneflow7JobDescE
I0526 16:19:16.330894 44049 util.h:71] NewGlobal N7oneflow7JobDescE
I0526 16:19:16.330901 44049 job_desc.cpp:90] Set piece_num_of_experiment_phase 19
I0526 16:19:16.334126 44049 util.h:71] NewGlobal N7oneflow7OpGraphE
I0526 16:19:16.335813 44049 util.h:76] DeleteGlobal N7oneflow7OpGraphE
I0526 16:19:16.336344 44049 oneflow.cpp:137] compile time: 5.38522e+06
I0526 16:19:16.337004 44049 oneflow.cpp:144] push_pull_plan:6.06259e+06
I0526 16:19:16.337195 44049 oneflow.cpp:168] compile and improve time: 6.27814e+06
I0526 16:19:16.337361 44049 util.h:76] DeleteGlobal N7oneflow7JobDescE
I0526 16:19:16.453188 44049 util.h:71] NewGlobal N7oneflow7JobDescE
I0526 16:19:16.453547 44049 job_desc.cpp:90] Set piece_num_of_experiment_phase 19
I0526 16:19:16.453570 44049 util.h:71] NewGlobal N7oneflow7OpGraphE
I0526 16:19:16.466856 44049 util.h:76] DeleteGlobal N7oneflow7OpGraphE
I0526 16:19:16.468744 44049 oneflow.cpp:137] compile time: 1.47187e+07
I0526 16:19:16.473515 44049 oneflow.cpp:144] push_pull_plan:1.96081e+07
I0526 16:19:16.474437 44049 oneflow.cpp:168] compile and improve time: 2.08658e+07
I0526 16:19:16.475863 44049 util.h:76] DeleteGlobal N7oneflow7JobDescE
I0526 16:19:17.015426 44049 util.h:71] NewGlobal N7oneflow10RuntimeCtxE
I0526 16:19:17.017062 44049 util.h:71] NewGlobal N7oneflow15MemoryAllocatorE
I0526 16:19:17.017508 44049 util.h:71] NewGlobal N7oneflow8RegstMgrE
I0526 16:19:17.716706 44049 util.h:71] NewGlobal N7oneflow11ActorMsgBusE
I0526 16:19:17.716882 44049 util.h:71] NewGlobal N7oneflow9ThreadMgrE
I0526 16:19:17.720940 44049 util.h:71] NewGlobal N7oneflow11NcclCommMgrE
I0526 16:19:17.721094 44049 util.h:71] NewGlobal N7oneflow15RuntimeJobDescsE
I0526 16:19:17.721140 44049 job_desc.cpp:90] Set piece_num_of_experiment_phase 19
I0526 16:19:17.721158 44049 job_desc.cpp:90] Set piece_num_of_experiment_phase 19
I0526 16:19:17.721179 44049 job_desc.cpp:90] Set piece_num_of_experiment_phase 19
I0526 16:19:17.721191 44049 job_desc.cpp:90] Set piece_num_of_experiment_phase 19
I0526 16:19:17.721213 44049 job_desc.cpp:90] Set piece_num_of_experiment_phase 19
I0526 16:19:17.721243 44049 job_desc.cpp:90] Set piece_num_of_experiment_phase 19
I0526 16:19:17.721267 44049 job_desc.cpp:90] Set piece_num_of_experiment_phase 19
I0526 16:19:17.721292 44049 job_desc.cpp:90] Set piece_num_of_experiment_phase 19
I0526 16:19:17.721305 44049 job_desc.cpp:90] Set piece_num_of_experiment_phase 19
I0526 16:19:17.721328 44049 job_desc.cpp:90] Set piece_num_of_experiment_phase 19
I0526 16:19:17.723017 44049 runtime_context.cpp:6] NewCounter constructing_actor_cnt 2273
I0526 16:19:17.723815 47398 thread.cpp:60] thread 0 construct actor 663
I0526 16:19:17.723903 47420 thread.cpp:60] thread 15 construct actor 65970697666560
I0526 16:19:17.723922 47419 thread.cpp:60] thread 14 construct actor 61572651155462
I0526 16:19:17.723917 47473 thread.cpp:60] thread 66 construct actor 290271069732864
I0526 16:19:17.723917 47427 thread.cpp:60] thread 22 construct actor 96757023244288
I0526 16:19:17.723919 47415 thread.cpp:60] thread 10 construct actor 43980465111043
I0526 16:19:17.723912 47416 thread.cpp:60] thread 11 construct actor 48378511622144
I0526 16:19:17.724603 47419 tick_compute_actor.cpp:7] actor 61572651155462 switch to &TickComputeActor::HandlerNormal
I0526 16:19:17.724704 47419 runtime_context.cpp:12] DecreaseCounter constructing_actor_cnt, current val is 2272
I0526 16:19:17.724712 47419 thread.cpp:60] thread 14 construct actor 61572651155463
I0526 16:19:17.724838 47420 tick_compute_actor.cpp:7] actor 65970697666560 switch to &TickComputeActor::HandlerNormal
I0526 16:19:17.724855 47415 tick_compute_actor.cpp:7] actor 43980465111043 switch to &TickComputeActor::HandlerNormal
I0526 16:19:17.724961 47420 runtime_context.cpp:12] DecreaseCounter constructing_actor_cnt, current val is 2271
I0526 16:19:17.724965 47415 runtime_context.cpp:12] DecreaseCounter constructing_actor_cnt, current val is 2270
I0526 16:19:17.724992 47420 thread.cpp:60] thread 15 construct actor 65970697666563
I0526 16:19:17.725006 47415 thread.cpp:60] thread 10 construct actor 43980465111046
I0526 16:19:17.725150 47419 tick_compute_actor.cpp:7] actor 61572651155463 switch to &TickComputeActor::HandlerNormal
I0526 16:19:17.725217 47419 runtime_context.cpp:12] DecreaseCounter constructing_actor_cnt, current val is 2269
I0526 16:19:17.725219 47427 tick_compute_actor.cpp:7] actor 96757023244288 switch to &TickComputeActor::HandlerNormal
I0526 16:19:17.725244 47419 thread.cpp:60] thread 14 construct actor 61572651155464
I0526 16:19:17.725245 47416 tick_compute_actor.cpp:7] actor 48378511622144 switch to &TickComputeActor::HandlerNormal
I0526 16:19:17.725337 47427 runtime_context.cpp:12] DecreaseCounter constructing_actor_cnt, current val is 2268
I0526 16:19:17.725458 47416 runtime_context.cpp:12] DecreaseCounter constructing_actor_cnt, current val is 2267
I0526 16:19:17.725484 47416 thread.cpp:60] thread 11 construct actor 48378511622145
I0526 16:19:17.725670 47420 tick_compute_actor.cpp:7] actor 65970697666563 switch to &TickComputeActor::HandlerNormal
I0526 16:19:17.725677 47415 tick_compute_actor.cpp:7] actor 43980465111046 switch to &TickComputeActor::HandlerNormal
I0526 16:19:17.725776 47420 runtime_context.cpp:12] DecreaseCounter constructing_actor_cnt, current val is 2266
I0526 16:19:17.725798 47415 runtime_context.cpp:12] DecreaseCounter constructing_actor_cnt, current val is 2265
I0526 16:19:17.725811 47419 tick_compute_actor.cpp:7] actor 61572651155464 switch to &TickComputeActor::HandlerNormal
I0526 16:19:17.726148 47416 tick_compute_actor.cpp:7] actor 48378511622145 switch to &TickComputeActor::HandlerNormal
I0526 16:19:17.726166 47415 thread.cpp:60] thread 10 construct actor 43980465111047
I0526 16:19:17.726238 47419 runtime_context.cpp:12] DecreaseCounter constructing_actor_cnt, current val is 2264
I0526 16:19:17.726280 47416 runtime_context.cpp:12] DecreaseCounter constructing_actor_cnt, current val is 2263
I0526 16:19:17.726310 47416 thread.cpp:60] thread 11 construct actor 48378511622146
I0526 16:19:17.726897 47415 tick_compute_actor.cpp:7] actor 43980465111047 switch to &TickComputeActor::HandlerNormal
I0526 16:19:17.726985 47416 tick_compute_actor.cpp:7] actor 48378511622146 switch to &TickComputeActor::HandlerNormal
I0526 16:19:17.727002 47415 runtime_context.cpp:12] DecreaseCounter constructing_actor_cnt, current val is 2262
I0526 16:19:17.727033 47415 thread.cpp:60] thread 10 construct actor 43980465111048
I0526 16:19:17.727077 47416 runtime_context.cpp:12] DecreaseCounter constructing_actor_cnt, current val is 2261
I0526 16:19:17.727663 47415 tick_compute_actor.cpp:7] actor 43980465111048 switch to &TickComputeActor::HandlerNormal
I0526 16:19:17.727751 47415 runtime_context.cpp:12] DecreaseCounter constructing_actor_cnt, current val is 2260
I0526 16:19:17.741842 47398 tick_compute_actor.cpp:7] actor 663 switch to &TickComputeActor::HandlerNormal
I0526 16:19:17.741938 47398 runtime_context.cpp:12] DecreaseCounter constructing_actor_cnt, current val is 2259
I0526 16:19:17.741958 47398 thread.cpp:60] thread 0 construct actor 1030
I0526 16:19:17.743273 47398 tick_compute_actor.cpp:7] actor 1030 switch to &TickComputeActor::HandlerNormal
I0526 16:19:17.743360 47398 runtime_context.cpp:12] DecreaseCounter constructing_actor_cnt, current val is 2258
I0526 16:19:17.743418 47398 thread.cpp:60] thread 0 construct actor 1031
I0526 16:19:17.758519 47398 tick_compute_actor.cpp:7] actor 1031 switch to &TickComputeActor::HandlerNormal
I0526 16:19:17.758785 47398 runtime_context.cpp:12] DecreaseCounter constructing_actor_cnt, current val is 2257
I0526 16:19:17.758821 47398 thread.cpp:60] thread 0 construct actor 1398
I0526 16:19:17.760320 47398 tick_compute_actor.cpp:7] actor 1398 switch to &TickComputeActor::HandlerNormal
I0526 16:19:17.760565 47398 runtime_context.cpp:12] DecreaseCounter constructing_actor_cnt, current val is 2256
I0526 16:19:17.760594 47398 thread.cpp:60] thread 0 construct actor 1399
I0526 16:19:17.760869 47473 wait_and_send_ids_compute_actor.cpp:12] actor 290271069732864 switch to &WaitAndSendIdsCompActor::HandlerWaitToStart
I0526 16:19:17.760983 47473 runtime_context.cpp:12] DecreaseCounter constructing_actor_cnt, current val is 2255
I0526 16:19:17.761962 47398 tick_compute_actor.cpp:7] actor 1399 switch to &TickComputeActor::HandlerNormal
I0526 16:19:17.762156 47398 runtime_context.cpp:12] DecreaseCounter constructing_actor_cnt, current val is 2254
I0526 16:19:17.762185 47398 thread.cpp:60] thread 0 construct actor 1767
I0526 16:19:17.763428 47398 tick_compute_actor.cpp:7] actor 1767 switch to &TickComputeActor::HandlerNormal
I0526 16:19:17.763666 47398 runtime_context.cpp:12] DecreaseCounter constructing_actor_cnt, current val is 2253
I0526 16:19:17.763734 47398 thread.cpp:60] thread 0 construct actor 1769
I0526 16:19:17.767624 47398 tick_compute_actor.cpp:7] actor 1769 switch to &TickComputeActor::HandlerNormal
I0526 16:19:17.767957 47398 runtime_context.cpp:12] DecreaseCounter constructing_actor_cnt, current val is 2252
I0526 16:19:17.767982 47398 thread.cpp:60] thread 0 construct actor 1770
I0526 16:19:17.771795 47398 tick_compute_actor.cpp:7] actor 1770 switch to &TickComputeActor::HandlerNormal
I0526 16:19:17.771961 47398 runtime_context.cpp:12] DecreaseCounter constructing_actor_cnt, current val is 2251
I0526 16:19:17.772022 47398 thread.cpp:60] thread 0 construct actor 1772
I0526 16:19:17.773020 47398 tick_compute_actor.cpp:7] actor 1772 switch to &TickComputeActor::HandlerNormal
I0526 16:19:17.773152 47398 runtime_context.cpp:12] DecreaseCounter constructing_actor_cnt, current val is 2250
I0526 16:19:17.773185 47398 thread.cpp:60] thread 0 construct actor 1773
I0526 16:19:17.773917 47398 tick_compute_actor.cpp:7] actor 1773 switch to &TickComputeActor::HandlerNormal
I0526 16:19:17.773978 47398 runtime_context.cpp:12] DecreaseCounter constructing_actor_cnt, current val is 2249
I0526 16:19:17.783304 47398 thread.cpp:60] thread 0 construct actor 0
I0526 16:19:17.783529 47419 thread.cpp:60] thread 14 construct actor 61572651155456
I0526 16:19:17.783692 47413 thread.cpp:60] thread 8 construct actor 35184372088832
I0526 16:19:17.783695 47412 thread.cpp:60] thread 7 construct actor 30786325577728
I0526 16:19:17.783774 47402 thread.cpp:60] thread 2 construct actor 8796093022208
I0526 16:19:17.783776 47420 thread.cpp:60] thread 15 construct actor 65970697666561
I0526 16:19:17.783836 47418 thread.cpp:60] thread 13 construct actor 57174604644352
I0526 16:19:17.783926 47414 thread.cpp:60] thread 9 construct actor 39582418599936
I0526 16:19:17.783829 47474 thread.cpp:60] thread 67 construct actor 294669116243968
I0526 16:19:17.783860 47425 thread.cpp:60] thread 20 construct actor 87960930222080
I0526 16:19:17.783862 47424 thread.cpp:60] thread 19 construct actor 83562883710976
I0526 16:19:17.783879 47426 thread.cpp:60] thread 21 construct actor 92358976733184
I0526 16:19:17.783917 47429 thread.cpp:60] thread 24 construct actor 105553116266496
I0526 16:19:17.783931 47421 thread.cpp:60] thread 16 construct actor 70368744177664
I0526 16:19:17.784234 47433 thread.cpp:60] thread 28 construct actor 123145302310912
I0526 16:19:17.784283 47467 thread.cpp:60] thread 60 construct actor 263882790666240
I0526 16:19:17.783829 47417 thread.cpp:60] thread 12 construct actor 52776558133248
I0526 16:19:17.784046 47423 thread.cpp:60] thread 18 construct actor 79164837199872
I0526 16:19:17.784404 47468 thread.cpp:60] thread 61 construct actor 268280837177344
I0526 16:19:17.784459 47465 thread.cpp:60] thread 59 construct actor 259484744155136
I0526 16:19:17.784044 47434 thread.cpp:60] thread 29 construct actor 127543348822016
I0526 16:19:17.784101 47464 thread.cpp:60] thread 58 construct actor 255086697644032
I0526 16:19:17.784159 47431 thread.cpp:60] thread 26 construct actor 114349209288704
I0526 16:19:17.784198 47415 thread.cpp:60] thread 10 construct actor 43980465111044
I0526 16:19:17.784255 47422 thread.cpp:60] thread 17 construct actor 74766790688769
I0526 16:19:17.784257 47432 thread.cpp:60] thread 27 construct actor 118747255799808
I0526 16:19:17.783926 47430 thread.cpp:60] thread 25 construct actor 109951162777600
I0526 16:19:17.783923 47463 thread.cpp:60] thread 57 construct actor 250688651132928
I0526 16:19:17.784409 47469 thread.cpp:60] thread 62 construct actor 272678883688448
I0526 16:19:17.784051 47427 thread.cpp:60] thread 22 construct actor 96757023244289
I0526 16:19:17.784458 47472 thread.cpp:60] thread 65 construct actor 285873023221760
I0526 16:19:17.785079 47419 tick_compute_actor.cpp:7] actor 61572651155456 switch to &TickComputeActor::HandlerNormal
I0526 16:19:17.784548 47428 thread.cpp:60] thread 23 construct actor 101155069755393
I0526 16:19:17.784507 47471 thread.cpp:60] thread 64 construct actor 281474976710656
I0526 16:19:17.784459 47398 normal_forward_compute_actor.cpp:13] actor 0 switch to &NormalForwardCompActor::HandlerNormal
I0526 16:19:17.784044 47416 thread.cpp:60] thread 11 construct actor 48378511622147
I0526 16:19:17.784749 47474 sink_compute_actor.cpp:6] actor 294669116243968 switch to &SinkCompActor::HandlerNormal
I0526 16:19:17.785449 47398 runtime_context.cpp:12] DecreaseCounter constructing_actor_cnt, current val is 2247
I0526 16:19:17.785185 47419 runtime_context.cpp:12] DecreaseCounter constructing_actor_cnt, current val is 2248
I0526 16:19:17.785398 47418 tick_compute_actor.cpp:7] actor 57174604644352 switch to &TickComputeActor::HandlerNormal
I0526 16:19:17.785434 47412 normal_forward_compute_actor.cpp:13] actor 30786325577728 switch to &NormalForwardCompActor::HandlerNormal
I0526 16:19:17.784524 47470 thread.cpp:60] thread 63 construct actor 277076930199552
I0526 16:19:17.785481 47474 runtime_context.cpp:12] DecreaseCounter constructing_actor_cnt, current val is 2246
I0526 16:19:17.785511 47398 thread.cpp:60] thread 0 construct actor 1
I0526 16:19:17.785523 47413 normal_forward_compute_actor.cpp:13] actor 35184372088832 switch to &NormalForwardCompActor::HandlerNormal
I0526 16:19:17.785780 47431 tick_compute_actor.cpp:7] actor 114349209288704 switch to &TickComputeActor::HandlerNormal
I0526 16:19:17.785847 47419 thread.cpp:60] thread 14 construct actor 61572651155457
I0526 16:19:17.786326 47424 tick_compute_actor.cpp:7] actor 83562883710976 switch to &TickComputeActor::HandlerNormal
I0526 16:19:17.786366 47413 runtime_context.cpp:12] DecreaseCounter constructing_actor_cnt, current val is 2243
I0526 16:19:17.786423 47434 esac_compute_actor.cpp:21] actor 127543348822016 switch to &EsacCompActor::HandlerNormal
I0526 16:19:17.785955 47425 tick_compute_actor.cpp:7] actor 87960930222080 switch to &TickComputeActor::HandlerNormal
I0526 16:19:17.785956 47402 copy_hd_actor.cpp:8] actor 8796093022208 switch to &CopyHdActor::HandlerNormal
I0526 16:19:17.785967 47418 runtime_context.cpp:12] DecreaseCounter constructing_actor_cnt, current val is 2245
I0526 16:19:17.786629 47418 thread.cpp:60] thread 13 construct actor 57174604644353
I0526 16:19:17.786659 47425 runtime_context.cpp:12] DecreaseCounter constructing_actor_cnt, current val is 2239
I0526 16:19:17.785907 47414 normal_forward_compute_actor.cpp:13] actor 39582418599936 switch to &NormalForwardCompActor::HandlerNormal
I0526 16:19:17.785933 47417 tick_compute_actor.cpp:7] actor 52776558133248 switch to &TickComputeActor::HandlerNormal
I0526 16:19:17.785951 47421 tick_compute_actor.cpp:7] actor 70368744177664 switch to &TickComputeActor::HandlerNormal
I0526 16:19:17.786432 47431 runtime_context.cpp:12] DecreaseCounter constructing_actor_cnt, current val is 2242
I0526 16:19:17.786435 47413 thread.cpp:60] thread 8 construct actor 35184372088833
I0526 16:19:17.786463 47424 runtime_context.cpp:12] DecreaseCounter constructing_actor_cnt, current val is 2241
I0526 16:19:17.786947 47421 runtime_context.cpp:12] DecreaseCounter constructing_actor_cnt, current val is 2235
I0526 16:19:17.786635 47434 runtime_context.cpp:12] DecreaseCounter constructing_actor_cnt, current val is 2240
I0526 16:19:17.786630 47432 tick_compute_actor.cpp:7] actor 118747255799808 switch to &TickComputeActor::HandlerNormal
I0526 16:19:17.786664 47416 tick_compute_actor.cpp:7] actor 48378511622147 switch to &TickComputeActor::HandlerNormal
I0526 16:19:17.786041 47412 runtime_context.cpp:12] DecreaseCounter constructing_actor_cnt, current val is 2244
I0526 16:19:17.786675 47402 runtime_context.cpp:12] DecreaseCounter constructing_actor_cnt, current val is 2238
I0526 16:19:17.787252 47470 normal_forward_compute_actor.cpp:13] actor 277076930199552 switch to &NormalForwardCompActor::HandlerNormal
I0526 16:19:17.786789 47414 runtime_context.cpp:12] DecreaseCounter constructing_actor_cnt, current val is 2237
I0526 16:19:17.786860 47417 runtime_context.cpp:12] DecreaseCounter constructing_actor_cnt, current val is 2236
I0526 16:19:17.787405 47472 normal_forward_compute_actor.cpp:13] actor 285873023221760 switch to &NormalForwardCompActor::HandlerNormal
I0526 16:19:17.786913 47430 tick_compute_actor.cpp:7] actor 109951162777600 switch to &TickComputeActor::HandlerNormal
I0526 16:19:17.786481 47429 tick_compute_actor.cpp:7] actor 105553116266496 switch to &TickComputeActor::HandlerNormal
I0526 16:19:17.787597 47471 normal_forward_compute_actor.cpp:13] actor 281474976710656 switch to &NormalForwardCompActor::HandlerNormal
I0526 16:19:17.787000 47421 thread.cpp:60] thread 16 construct actor 70368744177671
I0526 16:19:17.787040 47398 normal_forward_compute_actor.cpp:13] actor 1 switch to &NormalForwardCompActor::HandlerNormal
I0526 16:19:17.786033 47426 tick_compute_actor.cpp:7] actor 92358976733184 switch to &TickComputeActor::HandlerNormal
I0526 16:19:17.788079 47398 runtime_context.cpp:12] DecreaseCounter constructing_actor_cnt, current val is 2227
I0526 16:19:17.787164 47432 runtime_context.cpp:12] DecreaseCounter constructing_actor_cnt, current val is 2234
I0526 16:19:17.787160 47468 normal_forward_compute_actor.cpp:13] actor 268280837177344 switch to &NormalForwardCompActor::HandlerNormal
I0526 16:19:17.787204 47423 tick_compute_actor.cpp:7] actor 79164837199872 switch to &TickComputeActor::HandlerNormal
I0526 16:19:17.787209 47412 thread.cpp:60] thread 7 construct actor 30786325577729
I0526 16:19:17.788292 47468 runtime_context.cpp:12] DecreaseCounter constructing_actor_cnt, current val is 2225
I0526 16:19:17.787228 47416 runtime_context.cpp:12] DecreaseCounter constructing_actor_cnt, current val is 2233
I0526 16:19:17.787228 47419 tick_compute_actor.cpp:7] actor 61572651155457 switch to &TickComputeActor::HandlerNormal
I0526 16:19:17.786695 47425 thread.cpp:60] thread 20 construct actor 87960930222081
I0526 16:19:17.787268 47402 thread.cpp:60] thread 2 construct actor 8796093022209
I0526 16:19:17.787309 47464 normal_forward_compute_actor.cpp:13] actor 255086697644032 switch to &NormalForwardCompActor::HandlerNormal
I0526 16:19:17.787333 47414 thread.cpp:60] thread 9 construct actor 39582418599937
I0526 16:19:17.787335 47470 runtime_context.cpp:12] DecreaseCounter constructing_actor_cnt, current val is 2232
I0526 16:19:17.786871 47427 tick_compute_actor.cpp:7] actor 96757023244289 switch to &TickComputeActor::HandlerNormal
I0526 16:19:17.787413 47417 thread.cpp:60] thread 12 construct actor 52776558133249
I0526 16:19:17.788659 47420 tick_compute_actor.cpp:7] actor 65970697666561 switch to &TickComputeActor::HandlerNormal
I0526 16:19:17.787508 47472 runtime_context.cpp:12] DecreaseCounter constructing_actor_cnt, current val is 2231
I0526 16:19:17.786859 47428 tick_compute_actor.cpp:7] actor 101155069755393 switch to &TickComputeActor::HandlerNormal
I0526 16:19:17.787541 47467 normal_forward_compute_actor.cpp:13] actor 263882790666240 switch to &NormalForwardCompActor::HandlerNormal
I0526 16:19:17.786970 47424 thread.cpp:60] thread 19 construct actor 83562883710977
I0526 16:19:17.787611 47430 runtime_context.cpp:12] DecreaseCounter constructing_actor_cnt, current val is 2230
I0526 16:19:17.787665 47429 runtime_context.cpp:12] DecreaseCounter constructing_actor_cnt, current val is 2229
I0526 16:19:17.787747 47471 runtime_context.cpp:12] DecreaseCounter constructing_actor_cnt, current val is 2228
I0526 16:19:17.788060 47469 normal_forward_compute_actor.cpp:13] actor 272678883688448 switch to &NormalForwardCompActor::HandlerNormal
I0526 16:19:17.787127 47422 tick_compute_actor.cpp:7] actor 74766790688769 switch to &TickComputeActor::HandlerNormal
I0526 16:19:17.788128 47398 thread.cpp:60] thread 0 construct actor 2
I0526 16:19:17.788152 47426 runtime_context.cpp:12] DecreaseCounter constructing_actor_cnt, current val is 2226
I0526 16:19:17.789099 47426 thread.cpp:60] thread 21 construct actor 92358976733185
I0526 16:19:17.787215 47415 tick_compute_actor.cpp:7] actor 43980465111044 switch to &TickComputeActor::HandlerNormal
I0526 16:19:17.789129 47412 tick_compute_actor.cpp:7] actor 30786325577729 switch to &TickComputeActor::HandlerNormal
I0526 16:19:17.788322 47433 esac_compute_actor.cpp:21] actor 123145302310912 switch to &EsacCompActor::HandlerNormal
I0526 16:19:17.788383 47416 thread.cpp:60] thread 11 construct actor 48378511622148
I0526 16:19:17.789350 47412 runtime_context.cpp:12] DecreaseCounter constructing_actor_cnt, current val is 2215
I0526 16:19:17.789384 47412 thread.cpp:60] thread 7 construct actor 30786325577730
I0526 16:19:17.789525 47426 tick_compute_actor.cpp:7] actor 92358976733185 switch to &TickComputeActor::HandlerNormal
I0526 16:19:17.788419 47421 tick_compute_actor.cpp:7] actor 70368744177671 switch to &TickComputeActor::HandlerNormal
I0526 16:19:17.788564 47464 runtime_context.cpp:12] DecreaseCounter constructing_actor_cnt, current val is 2222
I0526 16:19:17.787488 47418 tick_compute_actor.cpp:7] actor 57174604644353 switch to &TickComputeActor::HandlerNormal
I0526 16:19:17.788667 47427 runtime_context.cpp:12] DecreaseCounter constructing_actor_cnt, current val is 2221
I0526 16:19:17.789887 47418 runtime_context.cpp:12] DecreaseCounter constructing_actor_cnt, current val is 2210
I0526 16:19:17.788887 47430 thread.cpp:60] thread 25 construct actor 109951162777601
I0526 16:19:17.788898 47467 runtime_context.cpp:12] DecreaseCounter constructing_actor_cnt, current val is 2219
I0526 16:19:17.788913 47429 thread.cpp:60] thread 24 construct actor 105553116266497
I0526 16:19:17.789041 47414 tick_compute_actor.cpp:7] actor 39582418599937 switch to &TickComputeActor::HandlerNormal
I0526 16:19:17.789073 47469 runtime_context.cpp:12] DecreaseCounter constructing_actor_cnt, current val is 2218
I0526 16:19:17.791961 47414 runtime_context.cpp:12] DecreaseCounter constructing_actor_cnt, current val is 2209
I0526 16:19:17.791983 47414 thread.cpp:60] thread 9 construct actor 39582418599938
I0526 16:19:17.788311 47423 runtime_context.cpp:12] DecreaseCounter constructing_actor_cnt, current val is 2224
I0526 16:19:17.789230 47415 runtime_context.cpp:12] DecreaseCounter constructing_actor_cnt, current val is 2216
I0526 16:19:17.789301 47425 tick_compute_actor.cpp:7] actor 87960930222081 switch to &TickComputeActor::HandlerNormal
I0526 16:19:17.789538 47417 tick_compute_actor.cpp:7] actor 52776558133249 switch to &TickComputeActor::HandlerNormal
I0526 16:19:17.789556 47433 runtime_context.cpp:12] DecreaseCounter constructing_actor_cnt, current val is 2214
I0526 16:19:17.789710 47420 runtime_context.cpp:12] DecreaseCounter constructing_actor_cnt, current val is 2213
I0526 16:19:17.789716 47424 tick_compute_actor.cpp:7] actor 83562883710977 switch to &TickComputeActor::HandlerNormal
I0526 16:19:17.788429 47419 runtime_context.cpp:12] DecreaseCounter constructing_actor_cnt, current val is 2223
I0526 16:19:17.789777 47426 runtime_context.cpp:12] DecreaseCounter constructing_actor_cnt, current val is 2212
I0526 16:19:17.789824 47421 runtime_context.cpp:12] DecreaseCounter constructing_actor_cnt, current val is 2211
I0526 16:19:17.789881 47402 copy_hd_actor.cpp:8] actor 8796093022209 switch to &CopyHdActor::HandlerNormal
I0526 16:19:17.788841 47428 runtime_context.cpp:12] DecreaseCounter constructing_actor_cnt, current val is 2220
I0526 16:19:17.789919 47418 thread.cpp:60] thread 13 construct actor 57174604644354
I0526 16:19:17.790172 47412 tick_compute_actor.cpp:7] actor 30786325577730 switch to &TickComputeActor::HandlerNormal
I0526 16:19:17.790211 47416 tick_compute_actor.cpp:7] actor 48378511622148 switch to &TickComputeActor::HandlerNormal
I0526 16:19:17.790288 47398 normal_forward_compute_actor.cpp:13] actor 2 switch to &NormalForwardCompActor::HandlerNormal
I0526 16:19:17.788167 47463 normal_forward_compute_actor.cpp:13] actor 250688651132928 switch to &NormalForwardCompActor::HandlerNormal
I0526 16:19:17.789119 47422 runtime_context.cpp:12] DecreaseCounter constructing_actor_cnt, current val is 2217
I0526 16:19:17.792057 47423 thread.cpp:60] thread 18 construct actor 79164837199873
I0526 16:19:17.792088 47415 thread.cpp:60] thread 10 construct actor 43980465111045
I0526 16:19:17.792793 47465 normal_forward_compute_actor.cpp:13] actor 259484744155136 switch to &NormalForwardCompActor::HandlerNormal
I0526 16:19:17.792187 47417 runtime_context.cpp:12] DecreaseCounter constructing_actor_cnt, current val is 2207
I0526 16:19:17.792268 47420 thread.cpp:60] thread 15 construct actor 65970697666562
I0526 16:19:17.792346 47419 thread.cpp:60] thread 14 construct actor 61572651155458
I0526 16:19:17.792348 47424 runtime_context.cpp:12] DecreaseCounter constructing_actor_cnt, current val is 2206
I0526 16:19:17.792398 47414 tick_compute_actor.cpp:7] actor 39582418599938 switch to &TickComputeActor::HandlerNormal
I0526 16:19:17.792423 47421 thread.cpp:60] thread 16 construct actor 70368744177668
I0526 16:19:17.792490 47402 runtime_context.cpp:12] DecreaseCounter constructing_actor_cnt, current val is 2205
I0526 16:19:17.792572 47412 runtime_context.cpp:12] DecreaseCounter constructing_actor_cnt, current val is 2204
I0526 16:19:17.792636 47416 runtime_context.cpp:12] DecreaseCounter constructing_actor_cnt, current val is 2203
I0526 16:19:17.792639 47430 tick_compute_actor.cpp:7] actor 109951162777601 switch to &TickComputeActor::HandlerNormal
I0526 16:19:17.792701 47398 runtime_context.cpp:12] DecreaseCounter constructing_actor_cnt, current val is 2202
I0526 16:19:17.792735 47422 thread.cpp:60] thread 17 construct actor 74766790688770
I0526 16:19:17.792742 47463 runtime_context.cpp:12] DecreaseCounter constructing_actor_cnt, current val is 2201
I0526 16:19:17.792760 47429 tick_compute_actor.cpp:7] actor 105553116266497 switch to &TickComputeActor::HandlerNormal
I0526 16:19:17.793723 47430 runtime_context.cpp:12] DecreaseCounter constructing_actor_cnt, current val is 2199
I0526 16:19:17.792989 47417 thread.cpp:60] thread 12 construct actor 52776558133250
I0526 16:19:17.793095 47424 thread.cpp:60] thread 19 construct actor 83562883710978
I0526 16:19:17.793285 47414 runtime_context.cpp:12] DecreaseCounter constructing_actor_cnt, current val is 2200
I0526 16:19:17.793329 47418 tick_compute_actor.cpp:7] actor 57174604644354 switch to &TickComputeActor::HandlerNormal
I0526 16:19:17.793473 47402 thread.cpp:60] thread 2 construct actor 8796093022210
I0526 16:19:17.793949 47423 tick_compute_actor.cpp:7] actor 79164837199873 switch to &TickComputeActor::HandlerNormal
I0526 16:19:17.793973 47415 tick_compute_actor.cpp:7] actor 43980465111045 switch to &TickComputeActor::HandlerNormal
I0526 16:19:17.793644 47398 thread.cpp:60] thread 0 construct actor 3
I0526 16:19:17.792176 47425 runtime_context.cpp:12] DecreaseCounter constructing_actor_cnt, current val is 2208
I0526 16:19:17.793869 47414 thread.cpp:60] thread 9 construct actor 39582418599940
I0526 16:19:17.793874 47429 runtime_context.cpp:12] DecreaseCounter constructing_actor_cnt, current val is 2198
I0526 16:19:17.793512 47412 thread.cpp:60] thread 7 construct actor 30786325577731
I0526 16:19:17.793540 47416 thread.cpp:60] thread 11 construct actor 48378511622149
I0526 16:19:17.794039 47418 runtime_context.cpp:12] DecreaseCounter constructing_actor_cnt, current val is 2197
I0526 16:19:17.794210 47419 tick_compute_actor.cpp:7] actor 61572651155458 switch to &TickComputeActor::HandlerNormal
I0526 16:19:17.794220 47423 runtime_context.cpp:12] DecreaseCounter constructing_actor_cnt, current val is 2196
I0526 16:19:17.794250 47415 runtime_context.cpp:12] DecreaseCounter constructing_actor_cnt, current val is 2195
I0526 16:19:17.794345 47418 thread.cpp:60] thread 13 construct actor 57174604644355
I0526 16:19:17.794414 47423 thread.cpp:60] thread 18 construct actor 79164837199874
I0526 16:19:17.794445 47415 thread.cpp:60] thread 10 construct actor 43980465111049
I0526 16:19:17.794528 47419 runtime_context.cpp:12] DecreaseCounter constructing_actor_cnt, current val is 2194
I0526 16:19:17.794569 47419 thread.cpp:60] thread 14 construct actor 61572651155459
I0526 16:19:17.794695 47421 tick_compute_actor.cpp:7] actor 70368744177668 switch to &TickComputeActor::HandlerNormal
I0526 16:19:17.794726 47424 tick_compute_actor.cpp:7] actor 83562883710978 switch to &TickComputeActor::HandlerNormal
I0526 16:19:17.794981 47422 tick_compute_actor.cpp:7] actor 74766790688770 switch to &TickComputeActor::HandlerNormal
I0526 16:19:17.794988 47421 runtime_context.cpp:12] DecreaseCounter constructing_actor_cnt, current val is 2193
I0526 16:19:17.795109 47421 thread.cpp:60] thread 16 construct actor 70368744177669
I0526 16:19:17.794993 47424 runtime_context.cpp:12] DecreaseCounter constructing_actor_cnt, current val is 2192
I0526 16:19:17.795179 47417 tick_compute_actor.cpp:7] actor 52776558133250 switch to &TickComputeActor::HandlerNormal
I0526 16:19:17.795228 47422 runtime_context.cpp:12] DecreaseCounter constructing_actor_cnt, current val is 2191
I0526 16:19:17.795204 47416 tick_compute_actor.cpp:7] actor 48378511622149 switch to &TickComputeActor::HandlerNormal
I0526 16:19:17.795249 47422 thread.cpp:60] thread 17 construct actor 74766790688771
I0526 16:19:17.795511 47402 copy_hd_actor.cpp:8] actor 8796093022210 switch to &CopyHdActor::HandlerNormal
I0526 16:19:17.795557 47465 runtime_context.cpp:12] DecreaseCounter constructing_actor_cnt, current val is 2188
I0526 16:19:17.795473 47416 runtime_context.cpp:12] DecreaseCounter constructing_actor_cnt, current val is 2190
I0526 16:19:17.795511 47417 runtime_context.cpp:12] DecreaseCounter constructing_actor_cnt, current val is 2189
I0526 16:19:17.795387 47414 tick_compute_actor.cpp:7] actor 39582418599940 switch to &TickComputeActor::HandlerNormal
I0526 16:19:17.795711 47423 tick_compute_actor.cpp:7] actor 79164837199874 switch to &TickComputeActor::HandlerNormal
I0526 16:19:17.795601 47402 runtime_context.cpp:12] DecreaseCounter constructing_actor_cnt, current val is 2187
I0526 16:19:17.795660 47416 thread.cpp:60] thread 11 construct actor 48378511622150
I0526 16:19:17.795691 47417 thread.cpp:60] thread 12 construct actor 52776558133251
I0526 16:19:17.795452 47412 tick_compute_actor.cpp:7] actor 30786325577731 switch to &TickComputeActor::HandlerNormal
I0526 16:19:17.795734 47419 tick_compute_actor.cpp:7] actor 61572651155459 switch to &TickComputeActor::HandlerNormal
I0526 16:19:17.795775 47414 runtime_context.cpp:12] DecreaseCounter constructing_actor_cnt, current val is 2186
I0526 16:19:17.795804 47402 thread.cpp:60] thread 2 construct actor 8796093022211
I0526 16:19:17.795800 47415 tick_compute_actor.cpp:7] actor 43980465111049 switch to &TickComputeActor::HandlerNormal
I0526 16:19:17.795817 47423 runtime_context.cpp:12] DecreaseCounter constructing_actor_cnt, current val is 2185
I0526 16:19:17.796084 47415 runtime_context.cpp:12] DecreaseCounter constructing_actor_cnt, current val is 2182
I0526 16:19:17.796098 47421 tick_compute_actor.cpp:7] actor 70368744177669 switch to &TickComputeActor::HandlerNormal
I0526 16:19:17.795992 47419 runtime_context.cpp:12] DecreaseCounter constructing_actor_cnt, current val is 2183
I0526 16:19:17.795971 47412 runtime_context.cpp:12] DecreaseCounter constructing_actor_cnt, current val is 2184
I0526 16:19:17.796090 47423 thread.cpp:60] thread 18 construct actor 79164837199875
I0526 16:19:17.795991 47414 thread.cpp:60] thread 9 construct actor 39582418599941
I0526 16:19:17.796169 47419 thread.cpp:60] thread 14 construct actor 61572651155460
I0526 16:19:17.796190 47421 runtime_context.cpp:12] DecreaseCounter constructing_actor_cnt, current val is 2181
I0526 16:19:17.796217 47412 thread.cpp:60] thread 7 construct actor 30786325577732
I0526 16:19:17.796319 47422 tick_compute_actor.cpp:7] actor 74766790688771 switch to &TickComputeActor::HandlerNormal
I0526 16:19:17.796391 47421 thread.cpp:60] thread 16 construct actor 70368744177670
I0526 16:19:17.796521 47422 runtime_context.cpp:12] DecreaseCounter constructing_actor_cnt, current val is 2180
I0526 16:19:17.796566 47422 thread.cpp:60] thread 17 construct actor 74766790688775
I0526 16:19:17.796578 47417 tick_compute_actor.cpp:7] actor 52776558133251 switch to &TickComputeActor::HandlerNormal
I0526 16:19:17.796700 47417 runtime_context.cpp:12] DecreaseCounter constructing_actor_cnt, current val is 2179
I0526 16:19:17.796736 47417 thread.cpp:60] thread 12 construct actor 52776558133254
I0526 16:19:17.796583 47416 tick_compute_actor.cpp:7] actor 48378511622150 switch to &TickComputeActor::HandlerNormal
I0526 16:19:17.796907 47416 runtime_context.cpp:12] DecreaseCounter constructing_actor_cnt, current val is 2178
I0526 16:19:17.796944 47416 thread.cpp:60] thread 11 construct actor 48378511622151
I0526 16:19:17.796977 47423 tick_compute_actor.cpp:7] actor 79164837199875 switch to &TickComputeActor::HandlerNormal
I0526 16:19:17.797008 47422 tick_compute_actor.cpp:7] actor 74766790688775 switch to &TickComputeActor::HandlerNormal
I0526 16:19:17.797039 47423 runtime_context.cpp:12] DecreaseCounter constructing_actor_cnt, current val is 2177
I0526 16:19:17.797044 47398 normal_forward_compute_actor.cpp:13] actor 3 switch to &NormalForwardCompActor::HandlerNormal
I0526 16:19:17.797060 47422 runtime_context.cpp:12] DecreaseCounter constructing_actor_cnt, current val is 2176
I0526 16:19:17.797080 47423 thread.cpp:60] thread 18 construct actor 79164837199876
I0526 16:19:17.797127 47422 thread.cpp:60] thread 17 construct actor 74766790688772
I0526 16:19:17.797142 47398 runtime_context.cpp:12] DecreaseCounter constructing_actor_cnt, current val is 2175
I0526 16:19:17.797216 47412 tick_compute_actor.cpp:7] actor 30786325577732 switch to &TickComputeActor::HandlerNormal
I0526 16:19:17.797235 47402 copy_hd_actor.cpp:8] actor 8796093022211 switch to &CopyHdActor::HandlerNormal
I0526 16:19:17.797525 47412 runtime_context.cpp:12] DecreaseCounter constructing_actor_cnt, current val is 2174
I0526 16:19:17.797417 47419 tick_compute_actor.cpp:7] actor 61572651155460 switch to &TickComputeActor::HandlerNormal
I0526 16:19:17.797453 47417 tick_compute_actor.cpp:7] actor 52776558133254 switch to &TickComputeActor::HandlerNormal
I0526 16:19:17.797456 47398 thread.cpp:60] thread 0 construct actor 4
I0526 16:19:17.797353 47414 tick_compute_actor.cpp:7] actor 39582418599941 switch to &TickComputeActor::HandlerNormal
I0526 16:19:17.797559 47412 thread.cpp:60] thread 7 construct actor 30786325577733
I0526 16:19:17.797713 47421 tick_compute_actor.cpp:7] actor 70368744177670 switch to &TickComputeActor::HandlerNormal
I0526 16:19:17.797586 47422 tick_compute_actor.cpp:7] actor 74766790688772 switch to &TickComputeActor::HandlerNormal
I0526 16:19:17.797794 47421 runtime_context.cpp:12] DecreaseCounter constructing_actor_cnt, current val is 2169
I0526 16:19:17.797670 47417 runtime_context.cpp:12] DecreaseCounter constructing_actor_cnt, current val is 2171
I0526 16:19:17.797565 47402 runtime_context.cpp:12] DecreaseCounter constructing_actor_cnt, current val is 2173
I0526 16:19:17.797735 47414 runtime_context.cpp:12] DecreaseCounter constructing_actor_cnt, current val is 2170
I0526 16:19:17.797746 47416 tick_compute_actor.cpp:7] actor 48378511622151 switch to &TickComputeActor::HandlerNormal
I0526 16:19:17.797657 47419 runtime_context.cpp:12] DecreaseCounter constructing_actor_cnt, current val is 2172
I0526 16:19:17.797816 47422 runtime_context.cpp:12] DecreaseCounter constructing_actor_cnt, current val is 2168
I0526 16:19:17.797866 47417 thread.cpp:60] thread 12 construct actor 52776558133255
I0526 16:19:17.798076 47398 normal_forward_compute_actor.cpp:13] actor 4 switch to &NormalForwardCompActor::HandlerNormal
I0526 16:19:17.797943 47414 thread.cpp:60] thread 9 construct actor 39582418599945
I0526 16:19:17.797993 47402 thread.cpp:60] thread 2 construct actor 8796093022212
I0526 16:19:17.798000 47416 runtime_context.cpp:12] DecreaseCounter constructing_actor_cnt, current val is 2167
I0526 16:19:17.798030 47419 thread.cpp:60] thread 14 construct actor 61572651155461
I0526 16:19:17.798053 47422 thread.cpp:60] thread 17 construct actor 74766790688773
I0526 16:19:17.797928 47423 tick_compute_actor.cpp:7] actor 79164837199876 switch to &TickComputeActor::HandlerNormal
I0526 16:19:17.798120 47398 runtime_context.cpp:12] DecreaseCounter constructing_actor_cnt, current val is 2166
I0526 16:19:17.798223 47416 thread.cpp:60] thread 11 construct actor 48378511622152
I0526 16:19:17.798382 47412 tick_compute_actor.cpp:7] actor 30786325577733 switch to &TickComputeActor::HandlerNormal
I0526 16:19:17.798357 47398 thread.cpp:60] thread 0 construct actor 5
I0526 16:19:17.798341 47423 runtime_context.cpp:12] DecreaseCounter constructing_actor_cnt, current val is 2165
I0526 16:19:17.798509 47412 runtime_context.cpp:12] DecreaseCounter constructing_actor_cnt, current val is 2164
I0526 16:19:17.798609 47412 thread.cpp:60] thread 7 construct actor 30786325577734
I0526 16:19:17.798699 47422 tick_compute_actor.cpp:7] actor 74766790688773 switch to &TickComputeActor::HandlerNormal
I0526 16:19:17.798769 47422 runtime_context.cpp:12] DecreaseCounter constructing_actor_cnt, current val is 2163
I0526 16:19:17.798794 47422 thread.cpp:60] thread 17 construct actor 74766790688774
I0526 16:19:17.798823 47417 tick_compute_actor.cpp:7] actor 52776558133255 switch to &TickComputeActor::HandlerNormal
I0526 16:19:17.798871 47414 tick_compute_actor.cpp:7] actor 39582418599945 switch to &TickComputeActor::HandlerNormal
I0526 16:19:17.799023 47416 tick_compute_actor.cpp:7] actor 48378511622152 switch to &TickComputeActor::HandlerNormal
I0526 16:19:17.799202 47417 runtime_context.cpp:12] DecreaseCounter constructing_actor_cnt, current val is 2162
I0526 16:19:17.799085 47418 tick_compute_actor.cpp:7] actor 57174604644355 switch to &TickComputeActor::HandlerNormal
I0526 16:19:17.799235 47416 runtime_context.cpp:12] DecreaseCounter constructing_actor_cnt, current val is 2160
I0526 16:19:17.799043 47419 tick_compute_actor.cpp:7] actor 61572651155461 switch to &TickComputeActor::HandlerNormal
I0526 16:19:17.799222 47414 runtime_context.cpp:12] DecreaseCounter constructing_actor_cnt, current val is 2161
I0526 16:19:17.799223 47417 thread.cpp:60] thread 12 construct actor 52776558133256
I0526 16:19:17.799103 47420 tick_compute_actor.cpp:7] actor 65970697666562 switch to &TickComputeActor::HandlerNormal
I0526 16:19:17.799252 47416 thread.cpp:60] thread 11 construct actor 48378511622153
I0526 16:19:17.799300 47422 tick_compute_actor.cpp:7] actor 74766790688774 switch to &TickComputeActor::HandlerNormal
I0526 16:19:17.799317 47398 normal_forward_compute_actor.cpp:13] actor 5 switch to &NormalForwardCompActor::HandlerNormal
I0526 16:19:17.799333 47419 runtime_context.cpp:12] DecreaseCounter constructing_actor_cnt, current val is 2159
I0526 16:19:17.799407 47412 normal_forward_compute_actor.cpp:13] actor 30786325577734 switch to &NormalForwardCompActor::HandlerNormal
I0526 16:19:17.799423 47419 thread.cpp:60] thread 14 construct actor 61572651155465
I0526 16:19:17.799434 47422 runtime_context.cpp:12] DecreaseCounter constructing_actor_cnt, current val is 2158
I0526 16:19:17.799506 47398 runtime_context.cpp:12] DecreaseCounter constructing_actor_cnt, current val is 2157
I0526 16:19:17.799449 47402 copy_hd_actor.cpp:8] actor 8796093022212 switch to &CopyHdActor::HandlerNormal
I0526 16:19:17.799525 47398 thread.cpp:60] thread 0 construct actor 6
I0526 16:19:17.799580 47412 runtime_context.cpp:12] DecreaseCounter constructing_actor_cnt, current val is 2156
I0526 16:19:17.799609 47412 thread.cpp:60] thread 7 construct actor 30786325577735
I0526 16:19:17.799657 47402 runtime_context.cpp:12] DecreaseCounter constructing_actor_cnt, current val is 2155
I0526 16:19:17.799690 47402 thread.cpp:60] thread 2 construct actor 8796093022213
I0526 16:19:17.800011 47418 runtime_context.cpp:12] DecreaseCounter constructing_actor_cnt, current val is 2154
I0526 16:19:17.800040 47418 thread.cpp:60] thread 13 construct actor 57174604644356
I0526 16:19:17.800029 47416 tick_compute_actor.cpp:7] actor 48378511622153 switch to &TickComputeActor::HandlerNormal
I0526 16:19:17.800073 47417 tick_compute_actor.cpp:7] actor 52776558133256 switch to &TickComputeActor::HandlerNormal
I0526 16:19:17.800144 47416 runtime_context.cpp:12] DecreaseCounter constructing_actor_cnt, current val is 2153
I0526 16:19:17.800182 47417 runtime_context.cpp:12] DecreaseCounter constructing_actor_cnt, current val is 2152
I0526 16:19:17.800199 47417 thread.cpp:60] thread 12 construct actor 52776558133257
I0526 16:19:17.800266 47419 tick_compute_actor.cpp:7] actor 61572651155465 switch to &TickComputeActor::HandlerNormal
I0526 16:19:17.800308 47398 normal_forward_compute_actor.cpp:13] actor 6 switch to &NormalForwardCompActor::HandlerNormal
I0526 16:19:17.800374 47412 normal_forward_compute_actor.cpp:13] actor 30786325577735 switch to &NormalForwardCompActor::HandlerNormal
I0526 16:19:17.800386 47420 runtime_context.cpp:12] DecreaseCounter constructing_actor_cnt, current val is 2151
I0526 16:19:17.800416 47419 runtime_context.cpp:12] DecreaseCounter constructing_actor_cnt, current val is 2150
I0526 16:19:17.800420 47420 thread.cpp:60] thread 15 construct actor 65970697666567
I0526 16:19:17.800459 47398 runtime_context.cpp:12] DecreaseCounter constructing_actor_cnt, current val is 2149
I0526 16:19:17.800468 47412 runtime_context.cpp:12] DecreaseCounter constructing_actor_cnt, current val is 2148
