Log file created at: 2020/05/26 11:21:24
Running on machine: ai06
Log line format: [IWEF]mmdd hh:mm:ss.uuuuuu threadid file:line] msg
I0526 11:21:24.502272 122884 util.h:71] NewGlobal N7oneflow7EnvDescE
I0526 11:21:24.506747 122884 util.h:71] NewGlobal N7oneflow10CtrlServerE
I0526 11:21:24.517609 122884 ctrl_server.cpp:39] CtrlServer listening on 0.0.0.0:9789
I0526 11:21:24.517684 122884 util.h:71] NewGlobal N7oneflow10CtrlClientE
I0526 11:21:24.518648 122884 ctrl_client.cpp:187] LoadServer 127.0.0.1 Successful at 0 times
I0526 11:21:24.518746 122884 util.h:71] NewGlobal N7oneflow10MachineCtxE
I0526 11:21:24.518767 122884 machine_context.cpp:16] this machine id: 0
I0526 11:21:24.538323 122884 util.h:71] NewGlobal N7oneflow12ResourceDescE
I0526 11:21:24.538352 122884 util.h:71] NewGlobal N7oneflow6IOConfE
I0526 11:21:24.538362 122884 util.h:71] NewGlobal N7oneflow12ProfilerConfE
I0526 11:21:24.538367 122884 util.h:71] NewGlobal N7oneflow5IDMgrE
I0526 11:21:24.571007 122884 util.h:71] NewGlobal N7oneflow16AvailableMemDescE
I0526 11:21:24.571210 122884 util.h:71] NewGlobal St13unordered_mapISslSt4hashISsESt8equal_toISsESaISt4pairIKSslEEE
I0526 11:21:24.571220 122884 util.h:71] NewGlobal N7oneflow19CriticalSectionDescE
I0526 11:21:24.571225 122884 util.h:71] NewGlobal N7oneflow16InterUserJobInfoE
I0526 11:21:24.571233 122884 util.h:71] NewGlobal N7oneflow22JobBuildAndInferCtxMgrE
I0526 11:21:24.571238 122884 util.h:71] NewGlobal N7oneflow18LbiDiffWatcherInfoE
I0526 11:21:24.571244 122884 util.h:71] NewGlobal N7oneflow16JobSetCompileCtxE
I0526 11:21:24.571251 122884 util.h:71] NewGlobal N7oneflow26RuntimeBufferManagersScopeE
I0526 11:21:24.571255 122884 util.h:71] NewGlobal N7oneflow9BufferMgrIlEE
I0526 11:21:24.571259 122884 util.h:71] NewGlobal N7oneflow9BufferMgrISt10shared_ptrINS_18ForeignJobInstanceEEEE
I0526 11:21:24.573426 122884 oneflow_internal_helper.h:79] NewGlobal N7oneflow25SessionGlobalObjectsScopeE
I0526 11:21:24.575047 122884 util.h:71] NewGlobal N7oneflow7JobDescE
I0526 11:21:24.575063 122884 job_desc.cpp:90] Set piece_num_of_experiment_phase 19
I0526 11:21:25.214596 122884 util.h:76] DeleteGlobal N7oneflow7JobDescE
I0526 11:21:25.214629 122884 util.h:71] NewGlobal N7oneflow7JobDescE
I0526 11:21:25.214638 122884 job_desc.cpp:90] Set piece_num_of_experiment_phase 19
I0526 11:21:27.424186 122884 util.h:76] DeleteGlobal N7oneflow7JobDescE
I0526 11:21:27.429652 122884 util.h:71] NewGlobal N7oneflow24InterJobReuseMemStrategyE
I0526 11:21:27.429677 122884 util.h:71] NewGlobal N7oneflow7OneflowE
I0526 11:21:27.437973 122884 job_desc.cpp:90] Set piece_num_of_experiment_phase 19
I0526 11:21:27.441354 122884 job_desc.cpp:90] Set piece_num_of_experiment_phase 19
I0526 11:21:27.443651 122884 job_desc.cpp:90] Set piece_num_of_experiment_phase 19
I0526 11:21:27.445048 122884 job_desc.cpp:90] Set piece_num_of_experiment_phase 19
I0526 11:21:27.445063 122884 job_desc.cpp:90] Set piece_num_of_experiment_phase 19
I0526 11:21:27.445068 122884 job_desc.cpp:90] Set piece_num_of_experiment_phase 19
I0526 11:21:27.445073 122884 job_desc.cpp:90] Set piece_num_of_experiment_phase 19
I0526 11:21:27.447046 122884 util.h:71] NewGlobal N7oneflow7JobDescE
I0526 11:21:27.447058 122884 job_desc.cpp:90] Set piece_num_of_experiment_phase 19
I0526 11:21:28.151913 122884 util.h:71] NewGlobal N7oneflow7OpGraphE
I0526 11:21:28.375295 122884 util.h:76] DeleteGlobal N7oneflow7OpGraphE
I0526 11:21:28.403264 122884 oneflow.cpp:137] compile time: 9.46111e+08
I0526 11:21:28.505147 122884 oneflow.cpp:144] push_pull_plan:1.05429e+09
I0526 11:21:28.526487 122884 oneflow.cpp:168] compile and improve time: 1.07941e+09
I0526 11:21:28.552621 122884 util.h:76] DeleteGlobal N7oneflow7JobDescE
I0526 11:21:28.552664 122884 util.h:71] NewGlobal N7oneflow7JobDescE
I0526 11:21:28.552678 122884 job_desc.cpp:90] Set piece_num_of_experiment_phase 19
I0526 11:21:28.920243 122884 util.h:71] NewGlobal N7oneflow7OpGraphE
I0526 11:21:29.059188 122884 util.h:76] DeleteGlobal N7oneflow7OpGraphE
I0526 11:21:29.082415 122884 oneflow.cpp:137] compile time: 5.20277e+08
I0526 11:21:29.167822 122884 oneflow.cpp:144] push_pull_plan:6.11083e+08
I0526 11:21:29.186396 122884 oneflow.cpp:168] compile and improve time: 6.33698e+08
I0526 11:21:29.212868 122884 util.h:76] DeleteGlobal N7oneflow7JobDescE
I0526 11:21:29.212921 122884 util.h:71] NewGlobal N7oneflow7JobDescE
I0526 11:21:29.212985 122884 job_desc.cpp:90] Set piece_num_of_experiment_phase 19
I0526 11:21:29.571158 122884 util.h:71] NewGlobal N7oneflow7OpGraphE
I0526 11:21:29.707255 122884 util.h:76] DeleteGlobal N7oneflow7OpGraphE
I0526 11:21:29.725272 122884 oneflow.cpp:137] compile time: 5.05644e+08
I0526 11:21:29.801390 122884 oneflow.cpp:144] push_pull_plan:5.85628e+08
I0526 11:21:29.819784 122884 oneflow.cpp:168] compile and improve time: 6.06777e+08
I0526 11:21:29.844096 122884 util.h:76] DeleteGlobal N7oneflow7JobDescE
I0526 11:21:29.844190 122884 util.h:71] NewGlobal N7oneflow7JobDescE
I0526 11:21:29.844211 122884 job_desc.cpp:90] Set piece_num_of_experiment_phase 19
I0526 11:21:30.243168 122884 util.h:71] NewGlobal N7oneflow7OpGraphE
I0526 11:21:30.426395 122884 util.h:76] DeleteGlobal N7oneflow7OpGraphE
I0526 11:21:30.454999 122884 oneflow.cpp:137] compile time: 6.1043e+08
I0526 11:21:30.556867 122884 oneflow.cpp:144] push_pull_plan:7.08513e+08
I0526 11:21:30.566224 122884 oneflow.cpp:168] compile and improve time: 7.21986e+08
I0526 11:21:30.584725 122884 util.h:76] DeleteGlobal N7oneflow7JobDescE
I0526 11:21:30.584842 122884 util.h:71] NewGlobal N7oneflow7JobDescE
I0526 11:21:30.584861 122884 job_desc.cpp:90] Set piece_num_of_experiment_phase 19
I0526 11:21:30.588418 122884 util.h:71] NewGlobal N7oneflow7OpGraphE
I0526 11:21:30.590593 122884 util.h:76] DeleteGlobal N7oneflow7OpGraphE
I0526 11:21:30.590859 122884 oneflow.cpp:137] compile time: 5.92282e+06
I0526 11:21:30.591735 122884 oneflow.cpp:144] push_pull_plan:6.82035e+06
I0526 11:21:30.591914 122884 oneflow.cpp:168] compile and improve time: 7.04077e+06
I0526 11:21:30.592131 122884 util.h:76] DeleteGlobal N7oneflow7JobDescE
I0526 11:21:30.592154 122884 util.h:71] NewGlobal N7oneflow7JobDescE
I0526 11:21:30.592170 122884 job_desc.cpp:90] Set piece_num_of_experiment_phase 19
I0526 11:21:30.595340 122884 util.h:71] NewGlobal N7oneflow7OpGraphE
I0526 11:21:30.597349 122884 util.h:76] DeleteGlobal N7oneflow7OpGraphE
I0526 11:21:30.597579 122884 oneflow.cpp:137] compile time: 5.34042e+06
I0526 11:21:30.598400 122884 oneflow.cpp:144] push_pull_plan:6.17856e+06
I0526 11:21:30.598574 122884 oneflow.cpp:168] compile and improve time: 6.38694e+06
I0526 11:21:30.598783 122884 util.h:76] DeleteGlobal N7oneflow7JobDescE
I0526 11:21:30.598805 122884 util.h:71] NewGlobal N7oneflow7JobDescE
I0526 11:21:30.598822 122884 job_desc.cpp:90] Set piece_num_of_experiment_phase 19
I0526 11:21:30.602133 122884 util.h:71] NewGlobal N7oneflow7OpGraphE
I0526 11:21:30.603888 122884 util.h:76] DeleteGlobal N7oneflow7OpGraphE
I0526 11:21:30.604094 122884 oneflow.cpp:137] compile time: 5.2096e+06
I0526 11:21:30.604773 122884 oneflow.cpp:144] push_pull_plan:5.90771e+06
I0526 11:21:30.604912 122884 oneflow.cpp:168] compile and improve time: 6.07283e+06
I0526 11:21:30.605083 122884 util.h:76] DeleteGlobal N7oneflow7JobDescE
I0526 11:21:30.605106 122884 util.h:71] NewGlobal N7oneflow7JobDescE
I0526 11:21:30.605113 122884 job_desc.cpp:90] Set piece_num_of_experiment_phase 19
I0526 11:21:30.608386 122884 util.h:71] NewGlobal N7oneflow7OpGraphE
I0526 11:21:30.610095 122884 util.h:76] DeleteGlobal N7oneflow7OpGraphE
I0526 11:21:30.610286 122884 oneflow.cpp:137] compile time: 5.11309e+06
I0526 11:21:30.610945 122884 oneflow.cpp:144] push_pull_plan:5.77971e+06
I0526 11:21:30.611084 122884 oneflow.cpp:168] compile and improve time: 5.95533e+06
I0526 11:21:30.611253 122884 util.h:76] DeleteGlobal N7oneflow7JobDescE
I0526 11:21:30.611269 122884 util.h:71] NewGlobal N7oneflow7JobDescE
I0526 11:21:30.611276 122884 job_desc.cpp:90] Set piece_num_of_experiment_phase 19
I0526 11:21:30.614507 122884 util.h:71] NewGlobal N7oneflow7OpGraphE
I0526 11:21:30.616184 122884 util.h:76] DeleteGlobal N7oneflow7OpGraphE
I0526 11:21:30.616381 122884 oneflow.cpp:137] compile time: 5.056e+06
I0526 11:21:30.617132 122884 oneflow.cpp:144] push_pull_plan:5.82298e+06
I0526 11:21:30.617503 122884 oneflow.cpp:168] compile and improve time: 6.22003e+06
I0526 11:21:30.617667 122884 util.h:76] DeleteGlobal N7oneflow7JobDescE
I0526 11:21:30.738510 122884 util.h:71] NewGlobal N7oneflow7JobDescE
I0526 11:21:30.740546 122884 job_desc.cpp:90] Set piece_num_of_experiment_phase 19
I0526 11:21:30.740610 122884 util.h:71] NewGlobal N7oneflow7OpGraphE
I0526 11:21:30.754535 122884 util.h:76] DeleteGlobal N7oneflow7OpGraphE
I0526 11:21:30.756016 122884 oneflow.cpp:137] compile time: 1.49809e+07
I0526 11:21:30.759426 122884 oneflow.cpp:144] push_pull_plan:1.86089e+07
I0526 11:21:30.760018 122884 oneflow.cpp:168] compile and improve time: 1.94084e+07
I0526 11:21:30.760887 122884 util.h:76] DeleteGlobal N7oneflow7JobDescE
I0526 11:21:31.248206 122884 util.h:71] NewGlobal N7oneflow10RuntimeCtxE
I0526 11:21:31.249725 122884 util.h:71] NewGlobal N7oneflow15MemoryAllocatorE
I0526 11:21:31.250097 122884 util.h:71] NewGlobal N7oneflow8RegstMgrE
I0526 11:21:32.011219 122884 util.h:71] NewGlobal N7oneflow11ActorMsgBusE
I0526 11:21:32.011394 122884 util.h:71] NewGlobal N7oneflow9ThreadMgrE
I0526 11:21:32.015223 122884 util.h:71] NewGlobal N7oneflow11NcclCommMgrE
I0526 11:21:32.015439 122884 util.h:71] NewGlobal N7oneflow15RuntimeJobDescsE
I0526 11:21:32.015527 122884 job_desc.cpp:90] Set piece_num_of_experiment_phase 19
I0526 11:21:32.015574 122884 job_desc.cpp:90] Set piece_num_of_experiment_phase 19
I0526 11:21:32.015617 122884 job_desc.cpp:90] Set piece_num_of_experiment_phase 19
I0526 11:21:32.015650 122884 job_desc.cpp:90] Set piece_num_of_experiment_phase 19
I0526 11:21:32.015664 122884 job_desc.cpp:90] Set piece_num_of_experiment_phase 19
I0526 11:21:32.015689 122884 job_desc.cpp:90] Set piece_num_of_experiment_phase 19
I0526 11:21:32.015707 122884 job_desc.cpp:90] Set piece_num_of_experiment_phase 19
I0526 11:21:32.015740 122884 job_desc.cpp:90] Set piece_num_of_experiment_phase 19
I0526 11:21:32.015755 122884 job_desc.cpp:90] Set piece_num_of_experiment_phase 19
I0526 11:21:32.015786 122884 job_desc.cpp:90] Set piece_num_of_experiment_phase 19
I0526 11:21:32.017990 122884 runtime_context.cpp:6] NewCounter constructing_actor_cnt 2273
I0526 11:21:32.018857 126289 thread.cpp:60] thread 0 construct actor 663
I0526 11:21:32.018972 126307 thread.cpp:60] thread 11 construct actor 48378511622144
I0526 11:21:32.018978 126362 thread.cpp:60] thread 66 construct actor 290271069732864
I0526 11:21:32.018983 126310 thread.cpp:60] thread 14 construct actor 61572651155459
I0526 11:21:32.018975 126311 thread.cpp:60] thread 15 construct actor 65970697666560
I0526 11:21:32.018981 126306 thread.cpp:60] thread 10 construct actor 43980465111043
I0526 11:21:32.018975 126318 thread.cpp:60] thread 22 construct actor 96757023244288
I0526 11:21:32.020071 126306 tick_compute_actor.cpp:7] actor 43980465111043 switch to &TickComputeActor::HandlerNormal
I0526 11:21:32.020138 126311 tick_compute_actor.cpp:7] actor 65970697666560 switch to &TickComputeActor::HandlerNormal
I0526 11:21:32.020161 126310 tick_compute_actor.cpp:7] actor 61572651155459 switch to &TickComputeActor::HandlerNormal
I0526 11:21:32.020202 126307 tick_compute_actor.cpp:7] actor 48378511622144 switch to &TickComputeActor::HandlerNormal
I0526 11:21:32.020210 126306 runtime_context.cpp:12] DecreaseCounter constructing_actor_cnt, current val is 2272
I0526 11:21:32.020260 126306 thread.cpp:60] thread 10 construct actor 43980465111046
I0526 11:21:32.020280 126311 runtime_context.cpp:12] DecreaseCounter constructing_actor_cnt, current val is 2271
I0526 11:21:32.020287 126310 runtime_context.cpp:12] DecreaseCounter constructing_actor_cnt, current val is 2270
I0526 11:21:32.020315 126307 runtime_context.cpp:12] DecreaseCounter constructing_actor_cnt, current val is 2269
I0526 11:21:32.020345 126310 thread.cpp:60] thread 14 construct actor 61572651155462
I0526 11:21:32.020361 126307 thread.cpp:60] thread 11 construct actor 48378511622145
I0526 11:21:32.020545 126318 tick_compute_actor.cpp:7] actor 96757023244288 switch to &TickComputeActor::HandlerNormal
I0526 11:21:32.020943 126306 tick_compute_actor.cpp:7] actor 43980465111046 switch to &TickComputeActor::HandlerNormal
I0526 11:21:32.020998 126318 runtime_context.cpp:12] DecreaseCounter constructing_actor_cnt, current val is 2268
I0526 11:21:32.021039 126307 tick_compute_actor.cpp:7] actor 48378511622145 switch to &TickComputeActor::HandlerNormal
I0526 11:21:32.021015 126310 tick_compute_actor.cpp:7] actor 61572651155462 switch to &TickComputeActor::HandlerNormal
I0526 11:21:32.021106 126306 runtime_context.cpp:12] DecreaseCounter constructing_actor_cnt, current val is 2267
I0526 11:21:32.021376 126306 thread.cpp:60] thread 10 construct actor 43980465111047
I0526 11:21:32.021407 126307 runtime_context.cpp:12] DecreaseCounter constructing_actor_cnt, current val is 2266
I0526 11:21:32.021420 126310 runtime_context.cpp:12] DecreaseCounter constructing_actor_cnt, current val is 2265
I0526 11:21:32.021441 126307 thread.cpp:60] thread 11 construct actor 48378511622146
I0526 11:21:32.021456 126310 thread.cpp:60] thread 14 construct actor 61572651155463
I0526 11:21:32.022053 126306 tick_compute_actor.cpp:7] actor 43980465111047 switch to &TickComputeActor::HandlerNormal
I0526 11:21:32.022138 126310 tick_compute_actor.cpp:7] actor 61572651155463 switch to &TickComputeActor::HandlerNormal
I0526 11:21:32.022138 126307 tick_compute_actor.cpp:7] actor 48378511622146 switch to &TickComputeActor::HandlerNormal
I0526 11:21:32.022159 126306 runtime_context.cpp:12] DecreaseCounter constructing_actor_cnt, current val is 2264
I0526 11:21:32.022209 126306 thread.cpp:60] thread 10 construct actor 43980465111048
I0526 11:21:32.022235 126310 runtime_context.cpp:12] DecreaseCounter constructing_actor_cnt, current val is 2263
I0526 11:21:32.022250 126310 thread.cpp:60] thread 14 construct actor 61572651155464
I0526 11:21:32.022261 126307 runtime_context.cpp:12] DecreaseCounter constructing_actor_cnt, current val is 2262
I0526 11:21:32.022842 126306 tick_compute_actor.cpp:7] actor 43980465111048 switch to &TickComputeActor::HandlerNormal
I0526 11:21:32.022950 126306 runtime_context.cpp:12] DecreaseCounter constructing_actor_cnt, current val is 2261
I0526 11:21:32.023010 126310 tick_compute_actor.cpp:7] actor 61572651155464 switch to &TickComputeActor::HandlerNormal
I0526 11:21:32.023103 126310 runtime_context.cpp:12] DecreaseCounter constructing_actor_cnt, current val is 2260
I0526 11:21:32.027909 126289 tick_compute_actor.cpp:7] actor 663 switch to &TickComputeActor::HandlerNormal
I0526 11:21:32.028025 126289 runtime_context.cpp:12] DecreaseCounter constructing_actor_cnt, current val is 2259
I0526 11:21:32.028053 126289 thread.cpp:60] thread 0 construct actor 1030
I0526 11:21:32.039304 126289 tick_compute_actor.cpp:7] actor 1030 switch to &TickComputeActor::HandlerNormal
I0526 11:21:32.039453 126289 runtime_context.cpp:12] DecreaseCounter constructing_actor_cnt, current val is 2258
I0526 11:21:32.039474 126289 thread.cpp:60] thread 0 construct actor 1031
I0526 11:21:32.040887 126289 tick_compute_actor.cpp:7] actor 1031 switch to &TickComputeActor::HandlerNormal
I0526 11:21:32.040977 126289 runtime_context.cpp:12] DecreaseCounter constructing_actor_cnt, current val is 2257
I0526 11:21:32.041007 126289 thread.cpp:60] thread 0 construct actor 1398
I0526 11:21:32.049028 126289 tick_compute_actor.cpp:7] actor 1398 switch to &TickComputeActor::HandlerNormal
I0526 11:21:32.049302 126289 runtime_context.cpp:12] DecreaseCounter constructing_actor_cnt, current val is 2256
I0526 11:21:32.049340 126289 thread.cpp:60] thread 0 construct actor 1399
I0526 11:21:32.050999 126289 tick_compute_actor.cpp:7] actor 1399 switch to &TickComputeActor::HandlerNormal
I0526 11:21:32.051352 126289 runtime_context.cpp:12] DecreaseCounter constructing_actor_cnt, current val is 2255
I0526 11:21:32.051385 126289 thread.cpp:60] thread 0 construct actor 1767
I0526 11:21:32.053046 126289 tick_compute_actor.cpp:7] actor 1767 switch to &TickComputeActor::HandlerNormal
I0526 11:21:32.053138 126289 runtime_context.cpp:12] DecreaseCounter constructing_actor_cnt, current val is 2254
I0526 11:21:32.053225 126289 thread.cpp:60] thread 0 construct actor 1769
I0526 11:21:32.059861 126362 wait_and_send_ids_compute_actor.cpp:12] actor 290271069732864 switch to &WaitAndSendIdsCompActor::HandlerWaitToStart
I0526 11:21:32.060386 126362 runtime_context.cpp:12] DecreaseCounter constructing_actor_cnt, current val is 2253
I0526 11:21:32.060603 126289 tick_compute_actor.cpp:7] actor 1769 switch to &TickComputeActor::HandlerNormal
I0526 11:21:32.060711 126289 runtime_context.cpp:12] DecreaseCounter constructing_actor_cnt, current val is 2252
I0526 11:21:32.060737 126289 thread.cpp:60] thread 0 construct actor 1770
I0526 11:21:32.061452 126289 tick_compute_actor.cpp:7] actor 1770 switch to &TickComputeActor::HandlerNormal
I0526 11:21:32.061547 126289 runtime_context.cpp:12] DecreaseCounter constructing_actor_cnt, current val is 2251
I0526 11:21:32.061571 126289 thread.cpp:60] thread 0 construct actor 1772
I0526 11:21:32.062214 126289 tick_compute_actor.cpp:7] actor 1772 switch to &TickComputeActor::HandlerNormal
I0526 11:21:32.062309 126289 runtime_context.cpp:12] DecreaseCounter constructing_actor_cnt, current val is 2250
I0526 11:21:32.062333 126289 thread.cpp:60] thread 0 construct actor 1773
I0526 11:21:32.063022 126289 tick_compute_actor.cpp:7] actor 1773 switch to &TickComputeActor::HandlerNormal
I0526 11:21:32.063072 126289 runtime_context.cpp:12] DecreaseCounter constructing_actor_cnt, current val is 2249
I0526 11:21:32.072458 126289 thread.cpp:60] thread 0 construct actor 0
I0526 11:21:32.072594 126310 thread.cpp:60] thread 14 construct actor 61572651155456
I0526 11:21:32.072737 126309 thread.cpp:60] thread 13 construct actor 57174604644352
I0526 11:21:32.072753 126317 thread.cpp:60] thread 21 construct actor 92358976733184
I0526 11:21:32.072825 126324 thread.cpp:60] thread 28 construct actor 123145302310912
I0526 11:21:32.072736 126304 thread.cpp:60] thread 8 construct actor 35184372088832
I0526 11:21:32.072760 126314 thread.cpp:60] thread 18 construct actor 79164837199872
I0526 11:21:32.072752 126312 thread.cpp:60] thread 16 construct actor 70368744177664
I0526 11:21:32.072742 126308 thread.cpp:60] thread 12 construct actor 52776558133248
I0526 11:21:32.072753 126325 thread.cpp:60] thread 29 construct actor 127543348822016
I0526 11:21:32.072753 126316 thread.cpp:60] thread 20 construct actor 87960930222080
I0526 11:21:32.072773 126315 thread.cpp:60] thread 19 construct actor 83562883710976
I0526 11:21:32.072770 126353 thread.cpp:60] thread 57 construct actor 250688651132928
I0526 11:21:32.072736 126293 thread.cpp:60] thread 2 construct actor 8796093022208
I0526 11:21:32.073400 126319 thread.cpp:60] thread 23 construct actor 101155069755393
I0526 11:21:32.072824 126303 thread.cpp:60] thread 7 construct actor 30786325577728
I0526 11:21:32.072741 126305 thread.cpp:60] thread 9 construct actor 39582418599936
I0526 11:21:32.072824 126311 thread.cpp:60] thread 15 construct actor 65970697666561
I0526 11:21:32.073616 126359 thread.cpp:60] thread 63 construct actor 277076930199552
I0526 11:21:32.073007 126363 thread.cpp:60] thread 67 construct actor 294669116243968
I0526 11:21:32.073062 126323 thread.cpp:60] thread 27 construct actor 118747255799808
I0526 11:21:32.073794 126310 tick_compute_actor.cpp:7] actor 61572651155456 switch to &TickComputeActor::HandlerNormal
I0526 11:21:32.073083 126318 thread.cpp:60] thread 22 construct actor 96757023244289
I0526 11:21:32.073108 126307 thread.cpp:60] thread 11 construct actor 48378511622147
I0526 11:21:32.073194 126306 thread.cpp:60] thread 10 construct actor 43980465111044
I0526 11:21:32.073297 126322 thread.cpp:60] thread 26 construct actor 114349209288704
I0526 11:21:32.073313 126356 thread.cpp:60] thread 60 construct actor 263882790666240
I0526 11:21:32.072824 126320 thread.cpp:60] thread 24 construct actor 105553116266496
I0526 11:21:32.073405 126289 normal_forward_compute_actor.cpp:13] actor 0 switch to &NormalForwardCompActor::HandlerNormal
I0526 11:21:32.073477 126313 thread.cpp:60] thread 17 construct actor 74766790688769
I0526 11:21:32.074308 126317 tick_compute_actor.cpp:7] actor 92358976733184 switch to &TickComputeActor::HandlerNormal
I0526 11:21:32.073513 126357 thread.cpp:60] thread 61 construct actor 268280837177344
I0526 11:21:32.073541 126358 thread.cpp:60] thread 62 construct actor 272678883688448
I0526 11:21:32.073549 126361 thread.cpp:60] thread 65 construct actor 285873023221760
I0526 11:21:32.073577 126360 thread.cpp:60] thread 64 construct actor 281474976710656
I0526 11:21:32.072850 126321 thread.cpp:60] thread 25 construct actor 109951162777600
I0526 11:21:32.073076 126354 thread.cpp:60] thread 58 construct actor 255086697644032
I0526 11:21:32.073897 126310 runtime_context.cpp:12] DecreaseCounter constructing_actor_cnt, current val is 2248
I0526 11:21:32.074172 126304 normal_forward_compute_actor.cpp:13] actor 35184372088832 switch to &NormalForwardCompActor::HandlerNormal
I0526 11:21:32.074337 126289 runtime_context.cpp:12] DecreaseCounter constructing_actor_cnt, current val is 2247
I0526 11:21:32.076176 126361 normal_forward_compute_actor.cpp:13] actor 285873023221760 switch to &NormalForwardCompActor::HandlerNormal
I0526 11:21:32.073506 126355 thread.cpp:60] thread 59 construct actor 259484744155136
I0526 11:21:32.076264 126361 runtime_context.cpp:12] DecreaseCounter constructing_actor_cnt, current val is 2244
I0526 11:21:32.076287 126360 normal_forward_compute_actor.cpp:13] actor 281474976710656 switch to &NormalForwardCompActor::HandlerNormal
I0526 11:21:32.074556 126293 copy_hd_actor.cpp:8] actor 8796093022208 switch to &CopyHdActor::HandlerNormal
I0526 11:21:32.074576 126308 tick_compute_actor.cpp:7] actor 52776558133248 switch to &TickComputeActor::HandlerNormal
I0526 11:21:32.074647 126314 tick_compute_actor.cpp:7] actor 79164837199872 switch to &TickComputeActor::HandlerNormal
I0526 11:21:32.076454 126308 runtime_context.cpp:12] DecreaseCounter constructing_actor_cnt, current val is 2241
I0526 11:21:32.074734 126319 tick_compute_actor.cpp:7] actor 101155069755393 switch to &TickComputeActor::HandlerNormal
I0526 11:21:32.074856 126322 tick_compute_actor.cpp:7] actor 114349209288704 switch to &TickComputeActor::HandlerNormal
I0526 11:21:32.074951 126307 tick_compute_actor.cpp:7] actor 48378511622147 switch to &TickComputeActor::HandlerNormal
I0526 11:21:32.075016 126359 normal_forward_compute_actor.cpp:13] actor 277076930199552 switch to &NormalForwardCompActor::HandlerNormal
I0526 11:21:32.075019 126315 tick_compute_actor.cpp:7] actor 83562883710976 switch to &TickComputeActor::HandlerNormal
I0526 11:21:32.075278 126312 tick_compute_actor.cpp:7] actor 70368744177664 switch to &TickComputeActor::HandlerNormal
I0526 11:21:32.076697 126359 runtime_context.cpp:12] DecreaseCounter constructing_actor_cnt, current val is 2236
I0526 11:21:32.075314 126323 tick_compute_actor.cpp:7] actor 118747255799808 switch to &TickComputeActor::HandlerNormal
I0526 11:21:32.076776 126312 runtime_context.cpp:12] DecreaseCounter constructing_actor_cnt, current val is 2234
I0526 11:21:32.075438 126317 runtime_context.cpp:12] DecreaseCounter constructing_actor_cnt, current val is 2246
I0526 11:21:32.075467 126305 normal_forward_compute_actor.cpp:13] actor 39582418599936 switch to &NormalForwardCompActor::HandlerNormal
I0526 11:21:32.075489 126324 esac_compute_actor.cpp:21] actor 123145302310912 switch to &EsacCompActor::HandlerNormal
I0526 11:21:32.075577 126313 tick_compute_actor.cpp:7] actor 74766790688769 switch to &TickComputeActor::HandlerNormal
I0526 11:21:32.075608 126318 tick_compute_actor.cpp:7] actor 96757023244289 switch to &TickComputeActor::HandlerNormal
I0526 11:21:32.075685 126356 normal_forward_compute_actor.cpp:13] actor 263882790666240 switch to &NormalForwardCompActor::HandlerNormal
I0526 11:21:32.075714 126325 esac_compute_actor.cpp:21] actor 127543348822016 switch to &EsacCompActor::HandlerNormal
I0526 11:21:32.075736 126320 tick_compute_actor.cpp:7] actor 105553116266496 switch to &TickComputeActor::HandlerNormal
I0526 11:21:32.076083 126310 thread.cpp:60] thread 14 construct actor 61572651155457
I0526 11:21:32.077260 126356 runtime_context.cpp:12] DecreaseCounter constructing_actor_cnt, current val is 2229
I0526 11:21:32.074350 126309 tick_compute_actor.cpp:7] actor 57174604644352 switch to &TickComputeActor::HandlerNormal
I0526 11:21:32.077342 126324 runtime_context.cpp:12] DecreaseCounter constructing_actor_cnt, current val is 2227
I0526 11:21:32.074391 126303 normal_forward_compute_actor.cpp:13] actor 30786325577728 switch to &NormalForwardCompActor::HandlerNormal
I0526 11:21:32.074504 126316 tick_compute_actor.cpp:7] actor 87960930222080 switch to &TickComputeActor::HandlerNormal
I0526 11:21:32.077448 126303 runtime_context.cpp:12] DecreaseCounter constructing_actor_cnt, current val is 2224
I0526 11:21:32.076411 126293 runtime_context.cpp:12] DecreaseCounter constructing_actor_cnt, current val is 2242
I0526 11:21:32.077489 126293 thread.cpp:60] thread 2 construct actor 8796093022209
I0526 11:21:32.076493 126308 thread.cpp:60] thread 12 construct actor 52776558133249
I0526 11:21:32.076508 126314 runtime_context.cpp:12] DecreaseCounter constructing_actor_cnt, current val is 2240
I0526 11:21:32.076544 126358 normal_forward_compute_actor.cpp:13] actor 272678883688448 switch to &NormalForwardCompActor::HandlerNormal
I0526 11:21:32.076594 126357 normal_forward_compute_actor.cpp:13] actor 268280837177344 switch to &NormalForwardCompActor::HandlerNormal
I0526 11:21:32.076607 126319 runtime_context.cpp:12] DecreaseCounter constructing_actor_cnt, current val is 2239
I0526 11:21:32.076639 126307 runtime_context.cpp:12] DecreaseCounter constructing_actor_cnt, current val is 2238
I0526 11:21:32.076680 126322 runtime_context.cpp:12] DecreaseCounter constructing_actor_cnt, current val is 2237
I0526 11:21:32.075295 126306 tick_compute_actor.cpp:7] actor 43980465111044 switch to &TickComputeActor::HandlerNormal
I0526 11:21:32.076753 126315 runtime_context.cpp:12] DecreaseCounter constructing_actor_cnt, current val is 2235
I0526 11:21:32.075423 126353 normal_forward_compute_actor.cpp:13] actor 250688651132928 switch to &NormalForwardCompActor::HandlerNormal
I0526 11:21:32.076808 126312 thread.cpp:60] thread 16 construct actor 70368744177671
I0526 11:21:32.076834 126323 runtime_context.cpp:12] DecreaseCounter constructing_actor_cnt, current val is 2233
I0526 11:21:32.076849 126317 thread.cpp:60] thread 21 construct actor 92358976733185
I0526 11:21:32.076889 126321 tick_compute_actor.cpp:7] actor 109951162777600 switch to &TickComputeActor::HandlerNormal
I0526 11:21:32.077023 126354 normal_forward_compute_actor.cpp:13] actor 255086697644032 switch to &NormalForwardCompActor::HandlerNormal
I0526 11:21:32.077033 126305 runtime_context.cpp:12] DecreaseCounter constructing_actor_cnt, current val is 2232
I0526 11:21:32.077131 126313 runtime_context.cpp:12] DecreaseCounter constructing_actor_cnt, current val is 2231
I0526 11:21:32.077216 126318 runtime_context.cpp:12] DecreaseCounter constructing_actor_cnt, current val is 2230
I0526 11:21:32.076179 126304 runtime_context.cpp:12] DecreaseCounter constructing_actor_cnt, current val is 2245
I0526 11:21:32.077322 126320 runtime_context.cpp:12] DecreaseCounter constructing_actor_cnt, current val is 2228
I0526 11:21:32.076192 126289 thread.cpp:60] thread 0 construct actor 1
I0526 11:21:32.077353 126325 runtime_context.cpp:12] DecreaseCounter constructing_actor_cnt, current val is 2226
I0526 11:21:32.077384 126309 runtime_context.cpp:12] DecreaseCounter constructing_actor_cnt, current val is 2225
I0526 11:21:32.078564 126308 tick_compute_actor.cpp:7] actor 52776558133249 switch to &TickComputeActor::HandlerNormal
I0526 11:21:32.076369 126360 runtime_context.cpp:12] DecreaseCounter constructing_actor_cnt, current val is 2243
I0526 11:21:32.077468 126303 thread.cpp:60] thread 7 construct actor 30786325577729
I0526 11:21:32.077478 126316 runtime_context.cpp:12] DecreaseCounter constructing_actor_cnt, current val is 2223
I0526 11:21:32.074651 126363 sink_compute_actor.cpp:6] actor 294669116243968 switch to &SinkCompActor::HandlerNormal
I0526 11:21:32.077811 126314 thread.cpp:60] thread 18 construct actor 79164837199873
I0526 11:21:32.077880 126358 runtime_context.cpp:12] DecreaseCounter constructing_actor_cnt, current val is 2222
I0526 11:21:32.077930 126357 runtime_context.cpp:12] DecreaseCounter constructing_actor_cnt, current val is 2221
I0526 11:21:32.077949 126307 thread.cpp:60] thread 11 construct actor 48378511622148
I0526 11:21:32.078034 126315 thread.cpp:60] thread 19 construct actor 83562883710977
I0526 11:21:32.078030 126310 tick_compute_actor.cpp:7] actor 61572651155457 switch to &TickComputeActor::HandlerNormal
I0526 11:21:32.078043 126306 runtime_context.cpp:12] DecreaseCounter constructing_actor_cnt, current val is 2220
I0526 11:21:32.078111 126353 runtime_context.cpp:12] DecreaseCounter constructing_actor_cnt, current val is 2219
I0526 11:21:32.078303 126321 runtime_context.cpp:12] DecreaseCounter constructing_actor_cnt, current val is 2218
I0526 11:21:32.078335 126305 thread.cpp:60] thread 9 construct actor 39582418599937
I0526 11:21:32.078349 126293 copy_hd_actor.cpp:8] actor 8796093022209 switch to &CopyHdActor::HandlerNormal
I0526 11:21:32.078351 126354 runtime_context.cpp:12] DecreaseCounter constructing_actor_cnt, current val is 2217
I0526 11:21:32.079262 126293 runtime_context.cpp:12] DecreaseCounter constructing_actor_cnt, current val is 2213
I0526 11:21:32.079291 126293 thread.cpp:60] thread 2 construct actor 8796093022210
I0526 11:21:32.078474 126320 thread.cpp:60] thread 24 construct actor 105553116266497
I0526 11:21:32.077409 126311 tick_compute_actor.cpp:7] actor 65970697666561 switch to &TickComputeActor::HandlerNormal
I0526 11:21:32.078580 126309 thread.cpp:60] thread 13 construct actor 57174604644353
I0526 11:21:32.079726 126315 tick_compute_actor.cpp:7] actor 83562883710977 switch to &TickComputeActor::HandlerNormal
I0526 11:21:32.078713 126316 thread.cpp:60] thread 20 construct actor 87960930222081
I0526 11:21:32.078778 126363 runtime_context.cpp:12] DecreaseCounter constructing_actor_cnt, current val is 2215
I0526 11:21:32.078867 126312 tick_compute_actor.cpp:7] actor 70368744177671 switch to &TickComputeActor::HandlerNormal
I0526 11:21:32.079011 126317 tick_compute_actor.cpp:7] actor 92358976733185 switch to &TickComputeActor::HandlerNormal
I0526 11:21:32.079079 126306 thread.cpp:60] thread 10 construct actor 43980465111045
I0526 11:21:32.079080 126310 runtime_context.cpp:12] DecreaseCounter constructing_actor_cnt, current val is 2214
I0526 11:21:32.079175 126321 thread.cpp:60] thread 25 construct actor 109951162777601
I0526 11:21:32.078380 126313 thread.cpp:60] thread 17 construct actor 74766790688770
I0526 11:21:32.078454 126304 thread.cpp:60] thread 8 construct actor 35184372088833
I0526 11:21:32.079286 126289 normal_forward_compute_actor.cpp:13] actor 1 switch to &NormalForwardCompActor::HandlerNormal
I0526 11:21:32.079425 126303 tick_compute_actor.cpp:7] actor 30786325577729 switch to &TickComputeActor::HandlerNormal
I0526 11:21:32.079578 126314 tick_compute_actor.cpp:7] actor 79164837199873 switch to &TickComputeActor::HandlerNormal
I0526 11:21:32.079679 126307 tick_compute_actor.cpp:7] actor 48378511622148 switch to &TickComputeActor::HandlerNormal
I0526 11:21:32.078640 126308 runtime_context.cpp:12] DecreaseCounter constructing_actor_cnt, current val is 2216
I0526 11:21:32.079875 126315 runtime_context.cpp:12] DecreaseCounter constructing_actor_cnt, current val is 2212
I0526 11:21:32.079905 126293 copy_hd_actor.cpp:8] actor 8796093022210 switch to &CopyHdActor::HandlerNormal
I0526 11:21:32.079927 126305 tick_compute_actor.cpp:7] actor 39582418599937 switch to &TickComputeActor::HandlerNormal
I0526 11:21:32.080013 126310 thread.cpp:60] thread 14 construct actor 61572651155458
I0526 11:21:32.080569 126293 runtime_context.cpp:12] DecreaseCounter constructing_actor_cnt, current val is 2207
I0526 11:21:32.080574 126320 tick_compute_actor.cpp:7] actor 105553116266497 switch to &TickComputeActor::HandlerNormal
I0526 11:21:32.080394 126308 thread.cpp:60] thread 12 construct actor 52776558133250
I0526 11:21:32.080662 126305 runtime_context.cpp:12] DecreaseCounter constructing_actor_cnt, current val is 2204
I0526 11:21:32.080459 126289 runtime_context.cpp:12] DecreaseCounter constructing_actor_cnt, current val is 2209
I0526 11:21:32.080479 126303 runtime_context.cpp:12] DecreaseCounter constructing_actor_cnt, current val is 2208
I0526 11:21:32.080876 126303 thread.cpp:60] thread 7 construct actor 30786325577730
I0526 11:21:32.080895 126309 tick_compute_actor.cpp:7] actor 57174604644353 switch to &TickComputeActor::HandlerNormal
I0526 11:21:32.080093 126317 runtime_context.cpp:12] DecreaseCounter constructing_actor_cnt, current val is 2210
I0526 11:21:32.080593 126293 thread.cpp:60] thread 2 construct actor 8796093022211
I0526 11:21:32.081012 126321 tick_compute_actor.cpp:7] actor 109951162777601 switch to &TickComputeActor::HandlerNormal
I0526 11:21:32.080422 126315 thread.cpp:60] thread 19 construct actor 83562883710978
I0526 11:21:32.081090 126309 runtime_context.cpp:12] DecreaseCounter constructing_actor_cnt, current val is 2202
I0526 11:21:32.080762 126320 runtime_context.cpp:12] DecreaseCounter constructing_actor_cnt, current val is 2203
I0526 11:21:32.080790 126305 thread.cpp:60] thread 9 construct actor 39582418599938
I0526 11:21:32.080842 126289 thread.cpp:60] thread 0 construct actor 2
I0526 11:21:32.080579 126314 runtime_context.cpp:12] DecreaseCounter constructing_actor_cnt, current val is 2206
I0526 11:21:32.080586 126307 runtime_context.cpp:12] DecreaseCounter constructing_actor_cnt, current val is 2205
I0526 11:21:32.080054 126312 runtime_context.cpp:12] DecreaseCounter constructing_actor_cnt, current val is 2211
I0526 11:21:32.080739 126316 tick_compute_actor.cpp:7] actor 87960930222081 switch to &TickComputeActor::HandlerNormal
I0526 11:21:32.081732 126293 copy_hd_actor.cpp:8] actor 8796093022211 switch to &CopyHdActor::HandlerNormal
I0526 11:21:32.081213 126321 runtime_context.cpp:12] DecreaseCounter constructing_actor_cnt, current val is 2201
I0526 11:21:32.081236 126306 tick_compute_actor.cpp:7] actor 43980465111045 switch to &TickComputeActor::HandlerNormal
I0526 11:21:32.081831 126293 runtime_context.cpp:12] DecreaseCounter constructing_actor_cnt, current val is 2199
I0526 11:21:32.081845 126316 runtime_context.cpp:12] DecreaseCounter constructing_actor_cnt, current val is 2198
I0526 11:21:32.081871 126315 tick_compute_actor.cpp:7] actor 83562883710978 switch to &TickComputeActor::HandlerNormal
I0526 11:21:32.081542 126308 tick_compute_actor.cpp:7] actor 52776558133250 switch to &TickComputeActor::HandlerNormal
I0526 11:21:32.081611 126314 thread.cpp:60] thread 18 construct actor 79164837199874
I0526 11:21:32.081660 126307 thread.cpp:60] thread 11 construct actor 48378511622149
I0526 11:21:32.081692 126303 tick_compute_actor.cpp:7] actor 30786325577730 switch to &TickComputeActor::HandlerNormal
I0526 11:21:32.081697 126312 thread.cpp:60] thread 16 construct actor 70368744177668
I0526 11:21:32.081146 126309 thread.cpp:60] thread 13 construct actor 57174604644354
I0526 11:21:32.081313 126313 tick_compute_actor.cpp:7] actor 74766790688770 switch to &TickComputeActor::HandlerNormal
I0526 11:21:32.081387 126311 runtime_context.cpp:12] DecreaseCounter constructing_actor_cnt, current val is 2200
I0526 11:21:32.081457 126310 tick_compute_actor.cpp:7] actor 61572651155458 switch to &TickComputeActor::HandlerNormal
I0526 11:21:32.081964 126293 thread.cpp:60] thread 2 construct actor 8796093022212
I0526 11:21:32.081967 126306 runtime_context.cpp:12] DecreaseCounter constructing_actor_cnt, current val is 2197
I0526 11:21:32.082392 126310 runtime_context.cpp:12] DecreaseCounter constructing_actor_cnt, current val is 2192
I0526 11:21:32.082063 126305 tick_compute_actor.cpp:7] actor 39582418599938 switch to &TickComputeActor::HandlerNormal
I0526 11:21:32.082077 126308 runtime_context.cpp:12] DecreaseCounter constructing_actor_cnt, current val is 2195
I0526 11:21:32.082094 126289 normal_forward_compute_actor.cpp:13] actor 2 switch to &NormalForwardCompActor::HandlerNormal
I0526 11:21:32.082118 126303 runtime_context.cpp:12] DecreaseCounter constructing_actor_cnt, current val is 2194
I0526 11:21:32.082581 126303 thread.cpp:60] thread 7 construct actor 30786325577731
I0526 11:21:32.082298 126311 thread.cpp:60] thread 15 construct actor 65970697666562
I0526 11:21:32.082041 126315 runtime_context.cpp:12] DecreaseCounter constructing_actor_cnt, current val is 2196
I0526 11:21:32.082408 126306 thread.cpp:60] thread 10 construct actor 43980465111049
I0526 11:21:32.082430 126310 thread.cpp:60] thread 14 construct actor 61572651155460
I0526 11:21:32.082500 126308 thread.cpp:60] thread 12 construct actor 52776558133251
I0526 11:21:32.082530 126305 runtime_context.cpp:12] DecreaseCounter constructing_actor_cnt, current val is 2191
I0526 11:21:32.082820 126307 tick_compute_actor.cpp:7] actor 48378511622149 switch to &TickComputeActor::HandlerNormal
I0526 11:21:32.082289 126313 runtime_context.cpp:12] DecreaseCounter constructing_actor_cnt, current val is 2193
I0526 11:21:32.082899 126309 tick_compute_actor.cpp:7] actor 57174604644354 switch to &TickComputeActor::HandlerNormal
I0526 11:21:32.082561 126289 runtime_context.cpp:12] DecreaseCounter constructing_actor_cnt, current val is 2190
I0526 11:21:32.083004 126303 tick_compute_actor.cpp:7] actor 30786325577731 switch to &TickComputeActor::HandlerNormal
I0526 11:21:32.082875 126312 tick_compute_actor.cpp:7] actor 70368744177668 switch to &TickComputeActor::HandlerNormal
I0526 11:21:32.083070 126309 runtime_context.cpp:12] DecreaseCounter constructing_actor_cnt, current val is 2188
I0526 11:21:32.082922 126313 thread.cpp:60] thread 17 construct actor 74766790688771
I0526 11:21:32.083176 126312 runtime_context.cpp:12] DecreaseCounter constructing_actor_cnt, current val is 2186
I0526 11:21:32.082839 126305 thread.cpp:60] thread 9 construct actor 39582418599940
I0526 11:21:32.083014 126289 thread.cpp:60] thread 0 construct actor 3
I0526 11:21:32.082825 126314 tick_compute_actor.cpp:7] actor 79164837199874 switch to &TickComputeActor::HandlerNormal
I0526 11:21:32.083117 126303 runtime_context.cpp:12] DecreaseCounter constructing_actor_cnt, current val is 2187
I0526 11:21:32.083634 126303 thread.cpp:60] thread 7 construct actor 30786325577732
I0526 11:21:32.082952 126307 runtime_context.cpp:12] DecreaseCounter constructing_actor_cnt, current val is 2189
I0526 11:21:32.083199 126310 tick_compute_actor.cpp:7] actor 61572651155460 switch to &TickComputeActor::HandlerNormal
I0526 11:21:32.083462 126312 thread.cpp:60] thread 16 construct actor 70368744177669
I0526 11:21:32.083590 126306 tick_compute_actor.cpp:7] actor 43980465111049 switch to &TickComputeActor::HandlerNormal
I0526 11:21:32.083113 126309 thread.cpp:60] thread 13 construct actor 57174604644355
I0526 11:21:32.083667 126314 runtime_context.cpp:12] DecreaseCounter constructing_actor_cnt, current val is 2185
I0526 11:21:32.083670 126293 copy_hd_actor.cpp:8] actor 8796093022212 switch to &CopyHdActor::HandlerNormal
I0526 11:21:32.083698 126307 thread.cpp:60] thread 11 construct actor 48378511622150
I0526 11:21:32.083784 126310 runtime_context.cpp:12] DecreaseCounter constructing_actor_cnt, current val is 2184
I0526 11:21:32.083880 126306 runtime_context.cpp:12] DecreaseCounter constructing_actor_cnt, current val is 2183
I0526 11:21:32.084049 126293 runtime_context.cpp:12] DecreaseCounter constructing_actor_cnt, current val is 2182
I0526 11:21:32.083904 126308 tick_compute_actor.cpp:7] actor 52776558133251 switch to &TickComputeActor::HandlerNormal
I0526 11:21:32.083994 126313 tick_compute_actor.cpp:7] actor 74766790688771 switch to &TickComputeActor::HandlerNormal
I0526 11:21:32.084038 126310 thread.cpp:60] thread 14 construct actor 61572651155461
I0526 11:21:32.083897 126314 thread.cpp:60] thread 18 construct actor 79164837199875
I0526 11:21:32.084277 126305 tick_compute_actor.cpp:7] actor 39582418599940 switch to &TickComputeActor::HandlerNormal
I0526 11:21:32.084097 126293 thread.cpp:60] thread 2 construct actor 8796093022213
I0526 11:21:32.084194 126308 runtime_context.cpp:12] DecreaseCounter constructing_actor_cnt, current val is 2181
I0526 11:21:32.084400 126308 thread.cpp:60] thread 12 construct actor 52776558133254
I0526 11:21:32.084069 126303 tick_compute_actor.cpp:7] actor 30786325577732 switch to &TickComputeActor::HandlerNormal
I0526 11:21:32.084379 126305 runtime_context.cpp:12] DecreaseCounter constructing_actor_cnt, current val is 2179
I0526 11:21:32.084285 126313 runtime_context.cpp:12] DecreaseCounter constructing_actor_cnt, current val is 2180
I0526 11:21:32.084522 126305 thread.cpp:60] thread 9 construct actor 39582418599941
I0526 11:21:32.084587 126312 tick_compute_actor.cpp:7] actor 70368744177669 switch to &TickComputeActor::HandlerNormal
I0526 11:21:32.084558 126313 thread.cpp:60] thread 17 construct actor 74766790688775
I0526 11:21:32.084545 126303 runtime_context.cpp:12] DecreaseCounter constructing_actor_cnt, current val is 2178
I0526 11:21:32.084631 126309 tick_compute_actor.cpp:7] actor 57174604644355 switch to &TickComputeActor::HandlerNormal
I0526 11:21:32.084700 126303 thread.cpp:60] thread 7 construct actor 30786325577733
I0526 11:21:32.084704 126312 runtime_context.cpp:12] DecreaseCounter constructing_actor_cnt, current val is 2177
I0526 11:21:32.084787 126309 runtime_context.cpp:12] DecreaseCounter constructing_actor_cnt, current val is 2176
I0526 11:21:32.084800 126312 thread.cpp:60] thread 16 construct actor 70368744177670
I0526 11:21:32.084801 126307 tick_compute_actor.cpp:7] actor 48378511622150 switch to &TickComputeActor::HandlerNormal
I0526 11:21:32.084806 126289 normal_forward_compute_actor.cpp:13] actor 3 switch to &NormalForwardCompActor::HandlerNormal
I0526 11:21:32.084841 126309 thread.cpp:60] thread 13 construct actor 57174604644356
I0526 11:21:32.084837 126355 normal_forward_compute_actor.cpp:13] actor 259484744155136 switch to &NormalForwardCompActor::HandlerNormal
I0526 11:21:32.084838 126308 tick_compute_actor.cpp:7] actor 52776558133254 switch to &TickComputeActor::HandlerNormal
I0526 11:21:32.084985 126307 runtime_context.cpp:12] DecreaseCounter constructing_actor_cnt, current val is 2175
I0526 11:21:32.085343 126305 tick_compute_actor.cpp:7] actor 39582418599941 switch to &TickComputeActor::HandlerNormal
I0526 11:21:32.085036 126310 tick_compute_actor.cpp:7] actor 61572651155461 switch to &TickComputeActor::HandlerNormal
I0526 11:21:32.085058 126314 tick_compute_actor.cpp:7] actor 79164837199875 switch to &TickComputeActor::HandlerNormal
I0526 11:21:32.085450 126313 tick_compute_actor.cpp:7] actor 74766790688775 switch to &TickComputeActor::HandlerNormal
I0526 11:21:32.085351 126307 thread.cpp:60] thread 11 construct actor 48378511622151
I0526 11:21:32.085513 126305 runtime_context.cpp:12] DecreaseCounter constructing_actor_cnt, current val is 2172
I0526 11:21:32.085023 126289 runtime_context.cpp:12] DecreaseCounter constructing_actor_cnt, current val is 2174
I0526 11:21:32.085364 126308 runtime_context.cpp:12] DecreaseCounter constructing_actor_cnt, current val is 2173
I0526 11:21:32.085580 126303 tick_compute_actor.cpp:7] actor 30786325577733 switch to &TickComputeActor::HandlerNormal
I0526 11:21:32.085566 126289 thread.cpp:60] thread 0 construct actor 4
I0526 11:21:32.085536 126305 thread.cpp:60] thread 9 construct actor 39582418599945
I0526 11:21:32.085588 126308 thread.cpp:60] thread 12 construct actor 52776558133255
I0526 11:21:32.085687 126312 tick_compute_actor.cpp:7] actor 70368744177670 switch to &TickComputeActor::HandlerNormal
I0526 11:21:32.085623 126310 runtime_context.cpp:12] DecreaseCounter constructing_actor_cnt, current val is 2170
I0526 11:21:32.085686 126313 runtime_context.cpp:12] DecreaseCounter constructing_actor_cnt, current val is 2169
I0526 11:21:32.085600 126314 runtime_context.cpp:12] DecreaseCounter constructing_actor_cnt, current val is 2171
I0526 11:21:32.085723 126293 copy_hd_actor.cpp:8] actor 8796093022213 switch to &CopyHdActor::HandlerNormal
I0526 11:21:32.085757 126303 runtime_context.cpp:12] DecreaseCounter constructing_actor_cnt, current val is 2168
I0526 11:21:32.085784 126310 thread.cpp:60] thread 14 construct actor 61572651155465
I0526 11:21:32.085795 126309 tick_compute_actor.cpp:7] actor 57174604644356 switch to &TickComputeActor::HandlerNormal
I0526 11:21:32.085824 126313 thread.cpp:60] thread 17 construct actor 74766790688772
I0526 11:21:32.085855 126314 thread.cpp:60] thread 18 construct actor 79164837199876
I0526 11:21:32.085863 126312 runtime_context.cpp:12] DecreaseCounter constructing_actor_cnt, current val is 2167
I0526 11:21:32.085932 126303 thread.cpp:60] thread 7 construct actor 30786325577734
I0526 11:21:32.086026 126293 runtime_context.cpp:12] DecreaseCounter constructing_actor_cnt, current val is 2166
I0526 11:21:32.086156 126309 runtime_context.cpp:12] DecreaseCounter constructing_actor_cnt, current val is 2165
I0526 11:21:32.086189 126308 tick_compute_actor.cpp:7] actor 52776558133255 switch to &TickComputeActor::HandlerNormal
I0526 11:21:32.086215 126293 thread.cpp:60] thread 2 construct actor 8796093022214
I0526 11:21:32.086251 126309 thread.cpp:60] thread 13 construct actor 57174604644357
I0526 11:21:32.086349 126308 runtime_context.cpp:12] DecreaseCounter constructing_actor_cnt, current val is 2164
I0526 11:21:32.086374 126308 thread.cpp:60] thread 12 construct actor 52776558133256
I0526 11:21:32.086406 126307 tick_compute_actor.cpp:7] actor 48378511622151 switch to &TickComputeActor::HandlerNormal
I0526 11:21:32.086478 126289 normal_forward_compute_actor.cpp:13] actor 4 switch to &NormalForwardCompActor::HandlerNormal
I0526 11:21:32.086582 126305 tick_compute_actor.cpp:7] actor 39582418599945 switch to &TickComputeActor::HandlerNormal
I0526 11:21:32.086586 126307 runtime_context.cpp:12] DecreaseCounter constructing_actor_cnt, current val is 2163
I0526 11:21:32.086673 126289 runtime_context.cpp:12] DecreaseCounter constructing_actor_cnt, current val is 2162
I0526 11:21:32.086706 126307 thread.cpp:60] thread 11 construct actor 48378511622152
I0526 11:21:32.086755 126305 runtime_context.cpp:12] DecreaseCounter constructing_actor_cnt, current val is 2161
I0526 11:21:32.086802 126310 tick_compute_actor.cpp:7] actor 61572651155465 switch to &TickComputeActor::HandlerNormal
I0526 11:21:32.087090 126303 normal_forward_compute_actor.cpp:13] actor 30786325577734 switch to &NormalForwardCompActor::HandlerNormal
I0526 11:21:32.086918 126311 tick_compute_actor.cpp:7] actor 65970697666562 switch to &TickComputeActor::HandlerNormal
I0526 11:21:32.086927 126314 tick_compute_actor.cpp:7] actor 79164837199876 switch to &TickComputeActor::HandlerNormal
I0526 11:21:32.087215 126309 tick_compute_actor.cpp:7] actor 57174604644357 switch to &TickComputeActor::HandlerNormal
I0526 11:21:32.087009 126289 thread.cpp:60] thread 0 construct actor 5
I0526 11:21:32.086855 126308 tick_compute_actor.cpp:7] actor 52776558133256 switch to &TickComputeActor::HandlerNormal
I0526 11:21:32.086941 126313 tick_compute_actor.cpp:7] actor 74766790688772 switch to &TickComputeActor::HandlerNormal
I0526 11:21:32.087280 126310 runtime_context.cpp:12] DecreaseCounter constructing_actor_cnt, current val is 2160
I0526 11:21:32.087425 126308 runtime_context.cpp:12] DecreaseCounter constructing_actor_cnt, current val is 2159
I0526 11:21:32.087440 126303 runtime_context.cpp:12] DecreaseCounter constructing_actor_cnt, current val is 2158
I0526 11:21:32.087445 126308 thread.cpp:60] thread 12 construct actor 52776558133257
I0526 11:21:32.087473 126303 thread.cpp:60] thread 7 construct actor 30786325577735
I0526 11:21:32.087492 126314 runtime_context.cpp:12] DecreaseCounter constructing_actor_cnt, current val is 2157
I0526 11:21:32.087527 126309 runtime_context.cpp:12] DecreaseCounter constructing_actor_cnt, current val is 2156
I0526 11:21:32.087561 126313 runtime_context.cpp:12] DecreaseCounter constructing_actor_cnt, current val is 2155
I0526 11:21:32.087565 126309 thread.cpp:60] thread 13 construct actor 57174604644358
I0526 11:21:32.087596 126313 thread.cpp:60] thread 17 construct actor 74766790688773
I0526 11:21:32.087731 126293 copy_hd_actor.cpp:8] actor 8796093022214 switch to &CopyHdActor::HandlerNormal
I0526 11:21:32.087838 126355 runtime_context.cpp:12] DecreaseCounter constructing_actor_cnt, current val is 2154
I0526 11:21:32.087924 126293 runtime_context.cpp:12] DecreaseCounter constructing_actor_cnt, current val is 2153
I0526 11:21:32.087944 126307 tick_compute_actor.cpp:7] actor 48378511622152 switch to &TickComputeActor::HandlerNormal
I0526 11:21:32.087980 126308 tick_compute_actor.cpp:7] actor 52776558133257 switch to &TickComputeActor::HandlerNormal
I0526 11:21:32.088026 126293 thread.cpp:60] thread 2 construct actor 8796093022215
I0526 11:21:32.088191 126308 runtime_context.cpp:12] DecreaseCounter constructing_actor_cnt, current val is 2152
I0526 11:21:32.088212 126307 runtime_context.cpp:12] DecreaseCounter constructing_actor_cnt, current val is 2151
I0526 11:21:32.088220 126289 normal_forward_compute_actor.cpp:13] actor 5 switch to &NormalForwardCompActor::HandlerNormal
I0526 11:21:32.088244 126307 thread.cpp:60] thread 11 construct actor 48378511622153
