Log file created at: 2020/05/26 17:00:52
Running on machine: ai06
Log line format: [IWEF]mmdd hh:mm:ss.uuuuuu threadid file:line] msg
I0526 17:00:52.045224 205154 util.h:71] NewGlobal N7oneflow7EnvDescE
I0526 17:00:52.051375 205154 util.h:71] NewGlobal N7oneflow10CtrlServerE
I0526 17:00:52.062372 205154 ctrl_server.cpp:39] CtrlServer listening on 0.0.0.0:9789
I0526 17:00:52.062471 205154 util.h:71] NewGlobal N7oneflow10CtrlClientE
I0526 17:00:52.063477 205154 ctrl_client.cpp:187] LoadServer 127.0.0.1 Successful at 0 times
I0526 17:00:52.063555 205154 util.h:71] NewGlobal N7oneflow10MachineCtxE
I0526 17:00:52.063568 205154 machine_context.cpp:16] this machine id: 0
I0526 17:00:52.078806 205154 util.h:71] NewGlobal N7oneflow12ResourceDescE
I0526 17:00:52.078837 205154 util.h:71] NewGlobal N7oneflow6IOConfE
I0526 17:00:52.078845 205154 util.h:71] NewGlobal N7oneflow12ProfilerConfE
I0526 17:00:52.078850 205154 util.h:71] NewGlobal N7oneflow5IDMgrE
I0526 17:00:52.108078 205154 util.h:71] NewGlobal N7oneflow16AvailableMemDescE
I0526 17:00:52.108268 205154 util.h:71] NewGlobal St13unordered_mapISslSt4hashISsESt8equal_toISsESaISt4pairIKSslEEE
I0526 17:00:52.108278 205154 util.h:71] NewGlobal N7oneflow19CriticalSectionDescE
I0526 17:00:52.108283 205154 util.h:71] NewGlobal N7oneflow16InterUserJobInfoE
I0526 17:00:52.108289 205154 util.h:71] NewGlobal N7oneflow22JobBuildAndInferCtxMgrE
I0526 17:00:52.108294 205154 util.h:71] NewGlobal N7oneflow18LbiDiffWatcherInfoE
I0526 17:00:52.108299 205154 util.h:71] NewGlobal N7oneflow16JobSetCompileCtxE
I0526 17:00:52.108305 205154 util.h:71] NewGlobal N7oneflow26RuntimeBufferManagersScopeE
I0526 17:00:52.108309 205154 util.h:71] NewGlobal N7oneflow9BufferMgrIlEE
I0526 17:00:52.108312 205154 util.h:71] NewGlobal N7oneflow9BufferMgrISt10shared_ptrINS_18ForeignJobInstanceEEEE
I0526 17:00:52.110466 205154 oneflow_internal_helper.h:79] NewGlobal N7oneflow25SessionGlobalObjectsScopeE
I0526 17:00:52.111869 205154 util.h:71] NewGlobal N7oneflow7JobDescE
I0526 17:00:52.111888 205154 job_desc.cpp:90] Set piece_num_of_experiment_phase 19
I0526 17:00:52.747186 205154 util.h:76] DeleteGlobal N7oneflow7JobDescE
I0526 17:00:52.747221 205154 util.h:71] NewGlobal N7oneflow7JobDescE
I0526 17:00:52.747229 205154 job_desc.cpp:90] Set piece_num_of_experiment_phase 19
I0526 17:00:54.983141 205154 util.h:76] DeleteGlobal N7oneflow7JobDescE
I0526 17:00:54.988138 205154 util.h:71] NewGlobal N7oneflow24InterJobReuseMemStrategyE
I0526 17:00:54.988166 205154 util.h:71] NewGlobal N7oneflow7OneflowE
I0526 17:00:54.996497 205154 job_desc.cpp:90] Set piece_num_of_experiment_phase 19
I0526 17:00:54.999897 205154 job_desc.cpp:90] Set piece_num_of_experiment_phase 19
I0526 17:00:55.002188 205154 job_desc.cpp:90] Set piece_num_of_experiment_phase 19
I0526 17:00:55.003645 205154 job_desc.cpp:90] Set piece_num_of_experiment_phase 19
I0526 17:00:55.003661 205154 job_desc.cpp:90] Set piece_num_of_experiment_phase 19
I0526 17:00:55.003666 205154 job_desc.cpp:90] Set piece_num_of_experiment_phase 19
I0526 17:00:55.003672 205154 job_desc.cpp:90] Set piece_num_of_experiment_phase 19
I0526 17:00:55.005692 205154 util.h:71] NewGlobal N7oneflow7JobDescE
I0526 17:00:55.005703 205154 job_desc.cpp:90] Set piece_num_of_experiment_phase 19
I0526 17:00:55.711419 205154 util.h:71] NewGlobal N7oneflow7OpGraphE
I0526 17:00:55.937503 205154 util.h:76] DeleteGlobal N7oneflow7OpGraphE
I0526 17:00:55.966343 205154 oneflow.cpp:137] compile time: 9.49761e+08
I0526 17:00:56.058149 205154 oneflow.cpp:144] push_pull_plan:1.04746e+09
I0526 17:00:56.067937 205154 oneflow.cpp:168] compile and improve time: 1.06222e+09
I0526 17:00:56.086664 205154 util.h:76] DeleteGlobal N7oneflow7JobDescE
I0526 17:00:56.086699 205154 util.h:71] NewGlobal N7oneflow7JobDescE
I0526 17:00:56.086711 205154 job_desc.cpp:90] Set piece_num_of_experiment_phase 19
I0526 17:00:56.427253 205154 util.h:71] NewGlobal N7oneflow7OpGraphE
I0526 17:00:56.563163 205154 util.h:76] DeleteGlobal N7oneflow7OpGraphE
I0526 17:00:56.581914 205154 oneflow.cpp:137] compile time: 4.8725e+08
I0526 17:00:56.661608 205154 oneflow.cpp:144] push_pull_plan:5.71686e+08
I0526 17:00:56.679601 205154 oneflow.cpp:168] compile and improve time: 5.9287e+08
I0526 17:00:56.703088 205154 util.h:76] DeleteGlobal N7oneflow7JobDescE
I0526 17:00:56.703140 205154 util.h:71] NewGlobal N7oneflow7JobDescE
I0526 17:00:56.703228 205154 job_desc.cpp:90] Set piece_num_of_experiment_phase 19
I0526 17:00:57.039428 205154 util.h:71] NewGlobal N7oneflow7OpGraphE
I0526 17:00:57.185490 205154 util.h:76] DeleteGlobal N7oneflow7OpGraphE
I0526 17:00:57.212990 205154 oneflow.cpp:137] compile time: 5.01149e+08
I0526 17:00:57.293488 205154 oneflow.cpp:144] push_pull_plan:5.86891e+08
I0526 17:00:57.301074 205154 oneflow.cpp:168] compile and improve time: 5.97758e+08
I0526 17:00:57.318893 205154 util.h:76] DeleteGlobal N7oneflow7JobDescE
I0526 17:00:57.318979 205154 util.h:71] NewGlobal N7oneflow7JobDescE
I0526 17:00:57.319012 205154 job_desc.cpp:90] Set piece_num_of_experiment_phase 19
I0526 17:00:57.706620 205154 util.h:71] NewGlobal N7oneflow7OpGraphE
I0526 17:00:57.881968 205154 util.h:76] DeleteGlobal N7oneflow7OpGraphE
I0526 17:00:57.912540 205154 oneflow.cpp:137] compile time: 5.93201e+08
I0526 17:00:58.021971 205154 oneflow.cpp:144] push_pull_plan:6.98661e+08
I0526 17:00:58.031316 205154 oneflow.cpp:168] compile and improve time: 7.12266e+08
I0526 17:00:58.050252 205154 util.h:76] DeleteGlobal N7oneflow7JobDescE
I0526 17:00:58.050604 205154 util.h:71] NewGlobal N7oneflow7JobDescE
I0526 17:00:58.050647 205154 job_desc.cpp:90] Set piece_num_of_experiment_phase 19
I0526 17:00:58.054136 205154 util.h:71] NewGlobal N7oneflow7OpGraphE
I0526 17:00:58.058267 205154 util.h:76] DeleteGlobal N7oneflow7OpGraphE
I0526 17:00:58.059043 205154 oneflow.cpp:137] compile time: 8.1961e+06
I0526 17:00:58.061251 205154 oneflow.cpp:144] push_pull_plan:1.04791e+07
I0526 17:00:58.061673 205154 oneflow.cpp:168] compile and improve time: 1.09921e+07
I0526 17:00:58.062454 205154 util.h:76] DeleteGlobal N7oneflow7JobDescE
I0526 17:00:58.062520 205154 util.h:71] NewGlobal N7oneflow7JobDescE
I0526 17:00:58.062556 205154 job_desc.cpp:90] Set piece_num_of_experiment_phase 19
I0526 17:00:58.069531 205154 util.h:71] NewGlobal N7oneflow7OpGraphE
I0526 17:00:58.074657 205154 util.h:76] DeleteGlobal N7oneflow7OpGraphE
I0526 17:00:58.075297 205154 oneflow.cpp:137] compile time: 1.25942e+07
I0526 17:00:58.077024 205154 oneflow.cpp:144] push_pull_plan:1.43642e+07
I0526 17:00:58.077392 205154 oneflow.cpp:168] compile and improve time: 1.48073e+07
I0526 17:00:58.077831 205154 util.h:76] DeleteGlobal N7oneflow7JobDescE
I0526 17:00:58.077869 205154 util.h:71] NewGlobal N7oneflow7JobDescE
I0526 17:00:58.077896 205154 job_desc.cpp:90] Set piece_num_of_experiment_phase 19
I0526 17:00:58.084887 205154 util.h:71] NewGlobal N7oneflow7OpGraphE
I0526 17:00:58.088997 205154 util.h:76] DeleteGlobal N7oneflow7OpGraphE
I0526 17:00:58.089490 205154 oneflow.cpp:137] compile time: 1.14606e+07
I0526 17:00:58.090960 205154 oneflow.cpp:144] push_pull_plan:1.29498e+07
I0526 17:00:58.091349 205154 oneflow.cpp:168] compile and improve time: 1.34262e+07
I0526 17:00:58.091974 205154 util.h:76] DeleteGlobal N7oneflow7JobDescE
I0526 17:00:58.092046 205154 util.h:71] NewGlobal N7oneflow7JobDescE
I0526 17:00:58.092074 205154 job_desc.cpp:90] Set piece_num_of_experiment_phase 19
I0526 17:00:58.096052 205154 util.h:71] NewGlobal N7oneflow7OpGraphE
I0526 17:00:58.099906 205154 util.h:76] DeleteGlobal N7oneflow7OpGraphE
I0526 17:00:58.100384 205154 oneflow.cpp:137] compile time: 8.18074e+06
I0526 17:00:58.101822 205154 oneflow.cpp:144] push_pull_plan:9.66298e+06
I0526 17:00:58.102108 205154 oneflow.cpp:168] compile and improve time: 1.00045e+07
I0526 17:00:58.102452 205154 util.h:76] DeleteGlobal N7oneflow7JobDescE
I0526 17:00:58.102488 205154 util.h:71] NewGlobal N7oneflow7JobDescE
I0526 17:00:58.102514 205154 job_desc.cpp:90] Set piece_num_of_experiment_phase 19
I0526 17:00:58.109331 205154 util.h:71] NewGlobal N7oneflow7OpGraphE
I0526 17:00:58.111763 205154 util.h:76] DeleteGlobal N7oneflow7OpGraphE
I0526 17:00:58.112053 205154 oneflow.cpp:137] compile time: 9.44998e+06
I0526 17:00:58.113102 205154 oneflow.cpp:144] push_pull_plan:1.05252e+07
I0526 17:00:58.114048 205154 oneflow.cpp:168] compile and improve time: 1.15008e+07
I0526 17:00:58.114575 205154 util.h:76] DeleteGlobal N7oneflow7JobDescE
I0526 17:00:58.235848 205154 util.h:71] NewGlobal N7oneflow7JobDescE
I0526 17:00:58.236151 205154 job_desc.cpp:90] Set piece_num_of_experiment_phase 19
I0526 17:00:58.236186 205154 util.h:71] NewGlobal N7oneflow7OpGraphE
I0526 17:00:58.247627 205154 util.h:76] DeleteGlobal N7oneflow7OpGraphE
I0526 17:00:58.249918 205154 oneflow.cpp:137] compile time: 1.32201e+07
I0526 17:00:58.255234 205154 oneflow.cpp:144] push_pull_plan:1.8709e+07
I0526 17:00:58.256933 205154 oneflow.cpp:168] compile and improve time: 2.07424e+07
I0526 17:00:58.259125 205154 util.h:76] DeleteGlobal N7oneflow7JobDescE
I0526 17:00:58.798326 205154 util.h:71] NewGlobal N7oneflow10RuntimeCtxE
I0526 17:00:58.799901 205154 util.h:71] NewGlobal N7oneflow15MemoryAllocatorE
I0526 17:00:58.800292 205154 util.h:71] NewGlobal N7oneflow8RegstMgrE
I0526 17:00:59.471948 205154 util.h:71] NewGlobal N7oneflow11ActorMsgBusE
I0526 17:00:59.472091 205154 util.h:71] NewGlobal N7oneflow9ThreadMgrE
I0526 17:00:59.474310 205154 util.h:71] NewGlobal N7oneflow11NcclCommMgrE
I0526 17:00:59.474392 205154 util.h:71] NewGlobal N7oneflow15RuntimeJobDescsE
I0526 17:00:59.474412 205154 job_desc.cpp:90] Set piece_num_of_experiment_phase 19
I0526 17:00:59.474421 205154 job_desc.cpp:90] Set piece_num_of_experiment_phase 19
I0526 17:00:59.474428 205154 job_desc.cpp:90] Set piece_num_of_experiment_phase 19
I0526 17:00:59.474436 205154 job_desc.cpp:90] Set piece_num_of_experiment_phase 19
I0526 17:00:59.474442 205154 job_desc.cpp:90] Set piece_num_of_experiment_phase 19
I0526 17:00:59.474454 205154 job_desc.cpp:90] Set piece_num_of_experiment_phase 19
I0526 17:00:59.474462 205154 job_desc.cpp:90] Set piece_num_of_experiment_phase 19
I0526 17:00:59.474469 205154 job_desc.cpp:90] Set piece_num_of_experiment_phase 19
I0526 17:00:59.474478 205154 job_desc.cpp:90] Set piece_num_of_experiment_phase 19
I0526 17:00:59.474483 205154 job_desc.cpp:90] Set piece_num_of_experiment_phase 19
I0526 17:00:59.475911 205154 runtime_context.cpp:6] NewCounter constructing_actor_cnt 2273
I0526 17:00:59.476362 208516 thread.cpp:60] thread 0 construct actor 663
I0526 17:00:59.476472 208540 thread.cpp:60] thread 15 construct actor 65970697666560
I0526 17:00:59.476485 208535 thread.cpp:60] thread 10 construct actor 43980465111043
I0526 17:00:59.476497 208591 thread.cpp:60] thread 66 construct actor 290271069732864
I0526 17:00:59.476502 208539 thread.cpp:60] thread 14 construct actor 61572651155462
I0526 17:00:59.476498 208536 thread.cpp:60] thread 11 construct actor 48378511622144
I0526 17:00:59.476491 208547 thread.cpp:60] thread 22 construct actor 96757023244288
I0526 17:00:59.477035 208540 tick_compute_actor.cpp:7] actor 65970697666560 switch to &TickComputeActor::HandlerNormal
I0526 17:00:59.477106 208540 runtime_context.cpp:12] DecreaseCounter constructing_actor_cnt, current val is 2272
I0526 17:00:59.477124 208540 thread.cpp:60] thread 15 construct actor 65970697666563
I0526 17:00:59.477335 208535 tick_compute_actor.cpp:7] actor 43980465111043 switch to &TickComputeActor::HandlerNormal
I0526 17:00:59.477372 208539 tick_compute_actor.cpp:7] actor 61572651155462 switch to &TickComputeActor::HandlerNormal
I0526 17:00:59.477463 208535 runtime_context.cpp:12] DecreaseCounter constructing_actor_cnt, current val is 2271
I0526 17:00:59.477473 208540 tick_compute_actor.cpp:7] actor 65970697666563 switch to &TickComputeActor::HandlerNormal
I0526 17:00:59.477476 208539 runtime_context.cpp:12] DecreaseCounter constructing_actor_cnt, current val is 2270
I0526 17:00:59.477550 208540 runtime_context.cpp:12] DecreaseCounter constructing_actor_cnt, current val is 2269
I0526 17:00:59.477504 208535 thread.cpp:60] thread 10 construct actor 43980465111046
I0526 17:00:59.477577 208536 tick_compute_actor.cpp:7] actor 48378511622144 switch to &TickComputeActor::HandlerNormal
I0526 17:00:59.477552 208539 thread.cpp:60] thread 14 construct actor 61572651155463
I0526 17:00:59.477644 208547 tick_compute_actor.cpp:7] actor 96757023244288 switch to &TickComputeActor::HandlerNormal
I0526 17:00:59.477773 208536 runtime_context.cpp:12] DecreaseCounter constructing_actor_cnt, current val is 2268
I0526 17:00:59.477807 208536 thread.cpp:60] thread 11 construct actor 48378511622145
I0526 17:00:59.477821 208547 runtime_context.cpp:12] DecreaseCounter constructing_actor_cnt, current val is 2267
I0526 17:00:59.478256 208535 tick_compute_actor.cpp:7] actor 43980465111046 switch to &TickComputeActor::HandlerNormal
I0526 17:00:59.478361 208539 tick_compute_actor.cpp:7] actor 61572651155463 switch to &TickComputeActor::HandlerNormal
I0526 17:00:59.478464 208536 tick_compute_actor.cpp:7] actor 48378511622145 switch to &TickComputeActor::HandlerNormal
I0526 17:00:59.478787 208535 runtime_context.cpp:12] DecreaseCounter constructing_actor_cnt, current val is 2266
I0526 17:00:59.478806 208539 runtime_context.cpp:12] DecreaseCounter constructing_actor_cnt, current val is 2265
I0526 17:00:59.478839 208536 runtime_context.cpp:12] DecreaseCounter constructing_actor_cnt, current val is 2264
I0526 17:00:59.478852 208535 thread.cpp:60] thread 10 construct actor 43980465111047
I0526 17:00:59.478890 208539 thread.cpp:60] thread 14 construct actor 61572651155464
I0526 17:00:59.478940 208536 thread.cpp:60] thread 11 construct actor 48378511622146
I0526 17:00:59.479758 208535 tick_compute_actor.cpp:7] actor 43980465111047 switch to &TickComputeActor::HandlerNormal
I0526 17:00:59.479754 208539 tick_compute_actor.cpp:7] actor 61572651155464 switch to &TickComputeActor::HandlerNormal
I0526 17:00:59.479755 208536 tick_compute_actor.cpp:7] actor 48378511622146 switch to &TickComputeActor::HandlerNormal
I0526 17:00:59.479877 208535 runtime_context.cpp:12] DecreaseCounter constructing_actor_cnt, current val is 2263
I0526 17:00:59.479914 208539 runtime_context.cpp:12] DecreaseCounter constructing_actor_cnt, current val is 2262
I0526 17:00:59.479918 208535 thread.cpp:60] thread 10 construct actor 43980465111048
I0526 17:00:59.479930 208536 runtime_context.cpp:12] DecreaseCounter constructing_actor_cnt, current val is 2261
I0526 17:00:59.480594 208535 tick_compute_actor.cpp:7] actor 43980465111048 switch to &TickComputeActor::HandlerNormal
I0526 17:00:59.480688 208535 runtime_context.cpp:12] DecreaseCounter constructing_actor_cnt, current val is 2260
I0526 17:00:59.497010 208516 tick_compute_actor.cpp:7] actor 663 switch to &TickComputeActor::HandlerNormal
I0526 17:00:59.497110 208516 runtime_context.cpp:12] DecreaseCounter constructing_actor_cnt, current val is 2259
I0526 17:00:59.497148 208516 thread.cpp:60] thread 0 construct actor 1030
I0526 17:00:59.499150 208516 tick_compute_actor.cpp:7] actor 1030 switch to &TickComputeActor::HandlerNormal
I0526 17:00:59.499274 208516 runtime_context.cpp:12] DecreaseCounter constructing_actor_cnt, current val is 2258
I0526 17:00:59.499307 208516 thread.cpp:60] thread 0 construct actor 1031
I0526 17:00:59.510143 208516 tick_compute_actor.cpp:7] actor 1031 switch to &TickComputeActor::HandlerNormal
I0526 17:00:59.510291 208591 wait_and_send_ids_compute_actor.cpp:12] actor 290271069732864 switch to &WaitAndSendIdsCompActor::HandlerWaitToStart
I0526 17:00:59.510423 208591 runtime_context.cpp:12] DecreaseCounter constructing_actor_cnt, current val is 2257
I0526 17:00:59.510474 208516 runtime_context.cpp:12] DecreaseCounter constructing_actor_cnt, current val is 2256
I0526 17:00:59.510493 208516 thread.cpp:60] thread 0 construct actor 1398
I0526 17:00:59.512033 208516 tick_compute_actor.cpp:7] actor 1398 switch to &TickComputeActor::HandlerNormal
I0526 17:00:59.512220 208516 runtime_context.cpp:12] DecreaseCounter constructing_actor_cnt, current val is 2255
I0526 17:00:59.512248 208516 thread.cpp:60] thread 0 construct actor 1399
I0526 17:00:59.513439 208516 tick_compute_actor.cpp:7] actor 1399 switch to &TickComputeActor::HandlerNormal
I0526 17:00:59.513656 208516 runtime_context.cpp:12] DecreaseCounter constructing_actor_cnt, current val is 2254
I0526 17:00:59.514000 208516 thread.cpp:60] thread 0 construct actor 1767
I0526 17:00:59.524672 208516 tick_compute_actor.cpp:7] actor 1767 switch to &TickComputeActor::HandlerNormal
I0526 17:00:59.525269 208516 runtime_context.cpp:12] DecreaseCounter constructing_actor_cnt, current val is 2253
I0526 17:00:59.525329 208516 thread.cpp:60] thread 0 construct actor 1769
I0526 17:00:59.526034 208516 tick_compute_actor.cpp:7] actor 1769 switch to &TickComputeActor::HandlerNormal
I0526 17:00:59.526139 208516 runtime_context.cpp:12] DecreaseCounter constructing_actor_cnt, current val is 2252
I0526 17:00:59.526171 208516 thread.cpp:60] thread 0 construct actor 1770
I0526 17:00:59.526880 208516 tick_compute_actor.cpp:7] actor 1770 switch to &TickComputeActor::HandlerNormal
I0526 17:00:59.526973 208516 runtime_context.cpp:12] DecreaseCounter constructing_actor_cnt, current val is 2251
I0526 17:00:59.526988 208516 thread.cpp:60] thread 0 construct actor 1772
I0526 17:00:59.527608 208516 tick_compute_actor.cpp:7] actor 1772 switch to &TickComputeActor::HandlerNormal
I0526 17:00:59.527647 208516 runtime_context.cpp:12] DecreaseCounter constructing_actor_cnt, current val is 2250
I0526 17:00:59.527663 208516 thread.cpp:60] thread 0 construct actor 1773
I0526 17:00:59.534798 208516 tick_compute_actor.cpp:7] actor 1773 switch to &TickComputeActor::HandlerNormal
I0526 17:00:59.534916 208516 runtime_context.cpp:12] DecreaseCounter constructing_actor_cnt, current val is 2249
I0526 17:00:59.539522 208516 thread.cpp:60] thread 0 construct actor 0
I0526 17:00:59.539705 208539 thread.cpp:60] thread 14 construct actor 61572651155456
I0526 17:00:59.539777 208592 thread.cpp:60] thread 67 construct actor 294669116243968
I0526 17:00:59.539794 208533 thread.cpp:60] thread 8 construct actor 35184372088832
I0526 17:00:59.539778 208532 thread.cpp:60] thread 7 construct actor 30786325577728
I0526 17:00:59.539777 208537 thread.cpp:60] thread 12 construct actor 52776558133248
I0526 17:00:59.539988 208540 thread.cpp:60] thread 15 construct actor 65970697666561
I0526 17:00:59.539999 208520 thread.cpp:60] thread 2 construct actor 8796093022208
I0526 17:00:59.540069 208538 thread.cpp:60] thread 13 construct actor 57174604644352
I0526 17:00:59.540160 208534 thread.cpp:60] thread 9 construct actor 39582418599936
I0526 17:00:59.540079 208543 thread.cpp:60] thread 18 construct actor 79164837199872
I0526 17:00:59.540122 208553 thread.cpp:60] thread 28 construct actor 123145302310912
I0526 17:00:59.540125 208544 thread.cpp:60] thread 19 construct actor 83562883710976
I0526 17:00:59.540148 208582 thread.cpp:60] thread 57 construct actor 250688651132928
I0526 17:00:59.540077 208541 thread.cpp:60] thread 16 construct actor 70368744177664
I0526 17:00:59.540148 208549 thread.cpp:60] thread 24 construct actor 105553116266496
I0526 17:00:59.540155 208550 thread.cpp:60] thread 25 construct actor 109951162777600
I0526 17:00:59.540527 208587 thread.cpp:60] thread 62 construct actor 272678883688448
I0526 17:00:59.540156 208547 thread.cpp:60] thread 22 construct actor 96757023244289
I0526 17:00:59.540179 208554 thread.cpp:60] thread 29 construct actor 127543348822016
I0526 17:00:59.540231 208535 thread.cpp:60] thread 10 construct actor 43980465111044
I0526 17:00:59.540292 208546 thread.cpp:60] thread 21 construct actor 92358976733184
I0526 17:00:59.540300 208545 thread.cpp:60] thread 20 construct actor 87960930222080
I0526 17:00:59.540731 208516 normal_forward_compute_actor.cpp:13] actor 0 switch to &NormalForwardCompActor::HandlerNormal
I0526 17:00:59.540333 208551 thread.cpp:60] thread 26 construct actor 114349209288704
I0526 17:00:59.540874 208516 runtime_context.cpp:12] DecreaseCounter constructing_actor_cnt, current val is 2248
I0526 17:00:59.540433 208583 thread.cpp:60] thread 58 construct actor 255086697644032
I0526 17:00:59.540439 208542 thread.cpp:60] thread 17 construct actor 74766790688769
I0526 17:00:59.540504 208589 thread.cpp:60] thread 64 construct actor 281474976710656
I0526 17:00:59.540513 208588 thread.cpp:60] thread 63 construct actor 277076930199552
I0526 17:00:59.540532 208590 thread.cpp:60] thread 65 construct actor 285873023221760
I0526 17:00:59.540537 208584 thread.cpp:60] thread 59 construct actor 259484744155136
I0526 17:00:59.541420 208543 tick_compute_actor.cpp:7] actor 79164837199872 switch to &TickComputeActor::HandlerNormal
I0526 17:00:59.541476 208589 normal_forward_compute_actor.cpp:13] actor 281474976710656 switch to &NormalForwardCompActor::HandlerNormal
I0526 17:00:59.541839 208547 tick_compute_actor.cpp:7] actor 96757023244289 switch to &TickComputeActor::HandlerNormal
I0526 17:00:59.540735 208548 thread.cpp:60] thread 23 construct actor 101155069755393
I0526 17:00:59.540316 208552 thread.cpp:60] thread 27 construct actor 118747255799808
I0526 17:00:59.540432 208586 thread.cpp:60] thread 61 construct actor 268280837177344
I0526 17:00:59.540941 208516 thread.cpp:60] thread 0 construct actor 1
I0526 17:00:59.541162 208539 tick_compute_actor.cpp:7] actor 61572651155456 switch to &TickComputeActor::HandlerNormal
I0526 17:00:59.542207 208551 tick_compute_actor.cpp:7] actor 114349209288704 switch to &TickComputeActor::HandlerNormal
I0526 17:00:59.541514 208543 runtime_context.cpp:12] DecreaseCounter constructing_actor_cnt, current val is 2247
I0526 17:00:59.541564 208533 normal_forward_compute_actor.cpp:13] actor 35184372088832 switch to &NormalForwardCompActor::HandlerNormal
I0526 17:00:59.542359 208582 normal_forward_compute_actor.cpp:13] actor 250688651132928 switch to &NormalForwardCompActor::HandlerNormal
I0526 17:00:59.541599 208532 normal_forward_compute_actor.cpp:13] actor 30786325577728 switch to &NormalForwardCompActor::HandlerNormal
I0526 17:00:59.541708 208550 tick_compute_actor.cpp:7] actor 109951162777600 switch to &TickComputeActor::HandlerNormal
I0526 17:00:59.541767 208549 tick_compute_actor.cpp:7] actor 105553116266496 switch to &TickComputeActor::HandlerNormal
I0526 17:00:59.541829 208592 sink_compute_actor.cpp:6] actor 294669116243968 switch to &SinkCompActor::HandlerNormal
I0526 17:00:59.543506 208549 runtime_context.cpp:12] DecreaseCounter constructing_actor_cnt, current val is 2238
I0526 17:00:59.543541 208592 runtime_context.cpp:12] DecreaseCounter constructing_actor_cnt, current val is 2237
I0526 17:00:59.541973 208547 runtime_context.cpp:12] DecreaseCounter constructing_actor_cnt, current val is 2245
I0526 17:00:59.542126 208544 tick_compute_actor.cpp:7] actor 83562883710976 switch to &TickComputeActor::HandlerNormal
I0526 17:00:59.542227 208535 tick_compute_actor.cpp:7] actor 43980465111044 switch to &TickComputeActor::HandlerNormal
I0526 17:00:59.542238 208539 runtime_context.cpp:12] DecreaseCounter constructing_actor_cnt, current val is 2244
I0526 17:00:59.541297 208546 tick_compute_actor.cpp:7] actor 92358976733184 switch to &TickComputeActor::HandlerNormal
I0526 17:00:59.542302 208551 runtime_context.cpp:12] DecreaseCounter constructing_actor_cnt, current val is 2243
I0526 17:00:59.542321 208543 thread.cpp:60] thread 18 construct actor 79164837199873
I0526 17:00:59.541572 208590 normal_forward_compute_actor.cpp:13] actor 285873023221760 switch to &NormalForwardCompActor::HandlerNormal
I0526 17:00:59.543915 208583 normal_forward_compute_actor.cpp:13] actor 255086697644032 switch to &NormalForwardCompActor::HandlerNormal
I0526 17:00:59.542419 208541 tick_compute_actor.cpp:7] actor 70368744177664 switch to &TickComputeActor::HandlerNormal
I0526 17:00:59.544003 208583 runtime_context.cpp:12] DecreaseCounter constructing_actor_cnt, current val is 2232
I0526 17:00:59.542734 208548 tick_compute_actor.cpp:7] actor 101155069755393 switch to &TickComputeActor::HandlerNormal
I0526 17:00:59.542737 208588 normal_forward_compute_actor.cpp:13] actor 277076930199552 switch to &NormalForwardCompActor::HandlerNormal
I0526 17:00:59.544122 208548 runtime_context.cpp:12] DecreaseCounter constructing_actor_cnt, current val is 2230
I0526 17:00:59.544148 208588 runtime_context.cpp:12] DecreaseCounter constructing_actor_cnt, current val is 2229
I0526 17:00:59.543159 208545 tick_compute_actor.cpp:7] actor 87960930222080 switch to &TickComputeActor::HandlerNormal
I0526 17:00:59.543263 208554 esac_compute_actor.cpp:21] actor 127543348822016 switch to &EsacCompActor::HandlerNormal
I0526 17:00:59.543272 208542 tick_compute_actor.cpp:7] actor 74766790688769 switch to &TickComputeActor::HandlerNormal
I0526 17:00:59.544338 208545 runtime_context.cpp:12] DecreaseCounter constructing_actor_cnt, current val is 2228
I0526 17:00:59.543424 208532 runtime_context.cpp:12] DecreaseCounter constructing_actor_cnt, current val is 2240
I0526 17:00:59.543454 208550 runtime_context.cpp:12] DecreaseCounter constructing_actor_cnt, current val is 2239
I0526 17:00:59.543470 208534 normal_forward_compute_actor.cpp:13] actor 39582418599936 switch to &NormalForwardCompActor::HandlerNormal
I0526 17:00:59.540681 208585 thread.cpp:60] thread 60 construct actor 263882790666240
I0526 17:00:59.541908 208589 runtime_context.cpp:12] DecreaseCounter constructing_actor_cnt, current val is 2246
I0526 17:00:59.543552 208549 thread.cpp:60] thread 24 construct actor 105553116266497
I0526 17:00:59.543570 208520 copy_hd_actor.cpp:8] actor 8796093022208 switch to &CopyHdActor::HandlerNormal
I0526 17:00:59.543581 208587 normal_forward_compute_actor.cpp:13] actor 272678883688448 switch to &NormalForwardCompActor::HandlerNormal
I0526 17:00:59.543615 208552 tick_compute_actor.cpp:7] actor 118747255799808 switch to &TickComputeActor::HandlerNormal
I0526 17:00:59.543675 208537 tick_compute_actor.cpp:7] actor 52776558133248 switch to &TickComputeActor::HandlerNormal
I0526 17:00:59.545053 208552 runtime_context.cpp:12] DecreaseCounter constructing_actor_cnt, current val is 2222
I0526 17:00:59.543715 208586 normal_forward_compute_actor.cpp:13] actor 268280837177344 switch to &NormalForwardCompActor::HandlerNormal
I0526 17:00:59.543730 208535 runtime_context.cpp:12] DecreaseCounter constructing_actor_cnt, current val is 2235
I0526 17:00:59.543768 208539 thread.cpp:60] thread 14 construct actor 61572651155457
I0526 17:00:59.543828 208553 esac_compute_actor.cpp:21] actor 123145302310912 switch to &EsacCompActor::HandlerNormal
I0526 17:00:59.543836 208540 tick_compute_actor.cpp:7] actor 65970697666561 switch to &TickComputeActor::HandlerNormal
I0526 17:00:59.543857 208546 runtime_context.cpp:12] DecreaseCounter constructing_actor_cnt, current val is 2234
I0526 17:00:59.542415 208533 runtime_context.cpp:12] DecreaseCounter constructing_actor_cnt, current val is 2242
I0526 17:00:59.543951 208590 runtime_context.cpp:12] DecreaseCounter constructing_actor_cnt, current val is 2233
I0526 17:00:59.540153 208536 thread.cpp:60] thread 11 construct actor 48378511622147
I0526 17:00:59.544039 208541 runtime_context.cpp:12] DecreaseCounter constructing_actor_cnt, current val is 2231
I0526 17:00:59.542865 208516 normal_forward_compute_actor.cpp:13] actor 1 switch to &NormalForwardCompActor::HandlerNormal
I0526 17:00:59.543130 208538 tick_compute_actor.cpp:7] actor 57174604644352 switch to &TickComputeActor::HandlerNormal
I0526 17:00:59.543339 208582 runtime_context.cpp:12] DecreaseCounter constructing_actor_cnt, current val is 2241
I0526 17:00:59.544381 208542 runtime_context.cpp:12] DecreaseCounter constructing_actor_cnt, current val is 2227
I0526 17:00:59.544382 208554 runtime_context.cpp:12] DecreaseCounter constructing_actor_cnt, current val is 2226
I0526 17:00:59.545689 208549 tick_compute_actor.cpp:7] actor 105553116266497 switch to &TickComputeActor::HandlerNormal
I0526 17:00:59.544458 208532 thread.cpp:60] thread 7 construct actor 30786325577729
I0526 17:00:59.544486 208550 thread.cpp:60] thread 25 construct actor 109951162777601
I0526 17:00:59.545800 208549 runtime_context.cpp:12] DecreaseCounter constructing_actor_cnt, current val is 2216
I0526 17:00:59.544823 208534 runtime_context.cpp:12] DecreaseCounter constructing_actor_cnt, current val is 2225
I0526 17:00:59.544991 208520 runtime_context.cpp:12] DecreaseCounter constructing_actor_cnt, current val is 2224
I0526 17:00:59.545029 208587 runtime_context.cpp:12] DecreaseCounter constructing_actor_cnt, current val is 2223
I0526 17:00:59.543705 208544 runtime_context.cpp:12] DecreaseCounter constructing_actor_cnt, current val is 2236
I0526 17:00:59.545091 208537 runtime_context.cpp:12] DecreaseCounter constructing_actor_cnt, current val is 2221
I0526 17:00:59.545167 208535 thread.cpp:60] thread 10 construct actor 43980465111045
I0526 17:00:59.545168 208586 runtime_context.cpp:12] DecreaseCounter constructing_actor_cnt, current val is 2220
I0526 17:00:59.546147 208539 tick_compute_actor.cpp:7] actor 61572651155457 switch to &TickComputeActor::HandlerNormal
I0526 17:00:59.545392 208533 thread.cpp:60] thread 8 construct actor 35184372088833
I0526 17:00:59.546233 208539 runtime_context.cpp:12] DecreaseCounter constructing_actor_cnt, current val is 2214
I0526 17:00:59.545500 208541 thread.cpp:60] thread 16 construct actor 70368744177671
I0526 17:00:59.545622 208516 runtime_context.cpp:12] DecreaseCounter constructing_actor_cnt, current val is 2218
I0526 17:00:59.545670 208538 runtime_context.cpp:12] DecreaseCounter constructing_actor_cnt, current val is 2217
I0526 17:00:59.545677 208542 thread.cpp:60] thread 17 construct actor 74766790688770
I0526 17:00:59.544421 208545 thread.cpp:60] thread 20 construct actor 87960930222081
I0526 17:00:59.546784 208550 tick_compute_actor.cpp:7] actor 109951162777601 switch to &TickComputeActor::HandlerNormal
I0526 17:00:59.545833 208585 normal_forward_compute_actor.cpp:13] actor 263882790666240 switch to &NormalForwardCompActor::HandlerNormal
I0526 17:00:59.545894 208534 thread.cpp:60] thread 9 construct actor 39582418599937
I0526 17:00:59.545938 208520 thread.cpp:60] thread 2 construct actor 8796093022209
I0526 17:00:59.546999 208532 tick_compute_actor.cpp:7] actor 30786325577729 switch to &TickComputeActor::HandlerNormal
I0526 17:00:59.546083 208544 thread.cpp:60] thread 19 construct actor 83562883710977
I0526 17:00:59.546108 208537 thread.cpp:60] thread 12 construct actor 52776558133249
I0526 17:00:59.545348 208546 thread.cpp:60] thread 21 construct actor 92358976733185
I0526 17:00:59.545426 208553 runtime_context.cpp:12] DecreaseCounter constructing_actor_cnt, current val is 2219
I0526 17:00:59.546268 208539 thread.cpp:60] thread 14 construct actor 61572651155458
I0526 17:00:59.546304 208536 tick_compute_actor.cpp:7] actor 48378511622147 switch to &TickComputeActor::HandlerNormal
I0526 17:00:59.546376 208516 thread.cpp:60] thread 0 construct actor 2
I0526 17:00:59.546711 208538 thread.cpp:60] thread 13 construct actor 57174604644353
I0526 17:00:59.544625 208543 tick_compute_actor.cpp:7] actor 79164837199873 switch to &TickComputeActor::HandlerNormal
I0526 17:00:59.547571 208543 runtime_context.cpp:12] DecreaseCounter constructing_actor_cnt, current val is 2209
I0526 17:00:59.546875 208550 runtime_context.cpp:12] DecreaseCounter constructing_actor_cnt, current val is 2213
I0526 17:00:59.546921 208585 runtime_context.cpp:12] DecreaseCounter constructing_actor_cnt, current val is 2212
I0526 17:00:59.545945 208540 runtime_context.cpp:12] DecreaseCounter constructing_actor_cnt, current val is 2215
I0526 17:00:59.547053 208541 tick_compute_actor.cpp:7] actor 70368744177671 switch to &TickComputeActor::HandlerNormal
I0526 17:00:59.547102 208532 runtime_context.cpp:12] DecreaseCounter constructing_actor_cnt, current val is 2211
I0526 17:00:59.547425 208536 runtime_context.cpp:12] DecreaseCounter constructing_actor_cnt, current val is 2210
I0526 17:00:59.546840 208535 tick_compute_actor.cpp:7] actor 43980465111045 switch to &TickComputeActor::HandlerNormal
I0526 17:00:59.547912 208544 tick_compute_actor.cpp:7] actor 83562883710977 switch to &TickComputeActor::HandlerNormal
I0526 17:00:59.547951 208535 runtime_context.cpp:12] DecreaseCounter constructing_actor_cnt, current val is 2207
I0526 17:00:59.547715 208542 tick_compute_actor.cpp:7] actor 74766790688770 switch to &TickComputeActor::HandlerNormal
I0526 17:00:59.547730 208534 tick_compute_actor.cpp:7] actor 39582418599937 switch to &TickComputeActor::HandlerNormal
I0526 17:00:59.547761 208540 thread.cpp:60] thread 15 construct actor 65970697666562
I0526 17:00:59.547844 208541 runtime_context.cpp:12] DecreaseCounter constructing_actor_cnt, current val is 2208
I0526 17:00:59.548197 208539 tick_compute_actor.cpp:7] actor 61572651155458 switch to &TickComputeActor::HandlerNormal
I0526 17:00:59.547890 208536 thread.cpp:60] thread 11 construct actor 48378511622148
I0526 17:00:59.547631 208543 thread.cpp:60] thread 18 construct actor 79164837199874
I0526 17:00:59.547631 208545 tick_compute_actor.cpp:7] actor 87960930222081 switch to &TickComputeActor::HandlerNormal
I0526 17:00:59.547994 208535 thread.cpp:60] thread 10 construct actor 43980465111049
I0526 17:00:59.547999 208544 runtime_context.cpp:12] DecreaseCounter constructing_actor_cnt, current val is 2206
I0526 17:00:59.548058 208542 runtime_context.cpp:12] DecreaseCounter constructing_actor_cnt, current val is 2205
I0526 17:00:59.548115 208534 runtime_context.cpp:12] DecreaseCounter constructing_actor_cnt, current val is 2204
I0526 17:00:59.547847 208532 thread.cpp:60] thread 7 construct actor 30786325577730
I0526 17:00:59.548207 208541 thread.cpp:60] thread 16 construct actor 70368744177668
I0526 17:00:59.548264 208539 runtime_context.cpp:12] DecreaseCounter constructing_actor_cnt, current val is 2203
I0526 17:00:59.548280 208546 tick_compute_actor.cpp:7] actor 92358976733185 switch to &TickComputeActor::HandlerNormal
I0526 17:00:59.548333 208537 tick_compute_actor.cpp:7] actor 52776558133249 switch to &TickComputeActor::HandlerNormal
I0526 17:00:59.548405 208545 runtime_context.cpp:12] DecreaseCounter constructing_actor_cnt, current val is 2202
I0526 17:00:59.548465 208544 thread.cpp:60] thread 19 construct actor 83562883710978
I0526 17:00:59.548532 208584 normal_forward_compute_actor.cpp:13] actor 259484744155136 switch to &NormalForwardCompActor::HandlerNormal
I0526 17:00:59.548727 208542 thread.cpp:60] thread 17 construct actor 74766790688771
I0526 17:00:59.548765 208534 thread.cpp:60] thread 9 construct actor 39582418599938
I0526 17:00:59.549226 208536 tick_compute_actor.cpp:7] actor 48378511622148 switch to &TickComputeActor::HandlerNormal
I0526 17:00:59.548947 208520 copy_hd_actor.cpp:8] actor 8796093022209 switch to &CopyHdActor::HandlerNormal
I0526 17:00:59.548976 208546 runtime_context.cpp:12] DecreaseCounter constructing_actor_cnt, current val is 2201
I0526 17:00:59.549044 208537 runtime_context.cpp:12] DecreaseCounter constructing_actor_cnt, current val is 2200
I0526 17:00:59.549111 208543 tick_compute_actor.cpp:7] actor 79164837199874 switch to &TickComputeActor::HandlerNormal
I0526 17:00:59.549144 208535 tick_compute_actor.cpp:7] actor 43980465111049 switch to &TickComputeActor::HandlerNormal
I0526 17:00:59.549183 208516 normal_forward_compute_actor.cpp:13] actor 2 switch to &NormalForwardCompActor::HandlerNormal
I0526 17:00:59.549244 208538 tick_compute_actor.cpp:7] actor 57174604644353 switch to &TickComputeActor::HandlerNormal
I0526 17:00:59.548899 208539 thread.cpp:60] thread 14 construct actor 61572651155459
I0526 17:00:59.549394 208536 runtime_context.cpp:12] DecreaseCounter constructing_actor_cnt, current val is 2199
I0526 17:00:59.549434 208537 thread.cpp:60] thread 12 construct actor 52776558133250
I0526 17:00:59.549438 208520 runtime_context.cpp:12] DecreaseCounter constructing_actor_cnt, current val is 2198
I0526 17:00:59.549579 208543 runtime_context.cpp:12] DecreaseCounter constructing_actor_cnt, current val is 2197
I0526 17:00:59.549767 208532 tick_compute_actor.cpp:7] actor 30786325577730 switch to &TickComputeActor::HandlerNormal
I0526 17:00:59.549661 208516 runtime_context.cpp:12] DecreaseCounter constructing_actor_cnt, current val is 2195
I0526 17:00:59.549680 208536 thread.cpp:60] thread 11 construct actor 48378511622149
I0526 17:00:59.549885 208532 runtime_context.cpp:12] DecreaseCounter constructing_actor_cnt, current val is 2193
I0526 17:00:59.549754 208520 thread.cpp:60] thread 2 construct actor 8796093022210
I0526 17:00:59.549623 208535 runtime_context.cpp:12] DecreaseCounter constructing_actor_cnt, current val is 2196
I0526 17:00:59.549790 208543 thread.cpp:60] thread 18 construct actor 79164837199875
I0526 17:00:59.549855 208516 thread.cpp:60] thread 0 construct actor 3
I0526 17:00:59.550143 208584 runtime_context.cpp:12] DecreaseCounter constructing_actor_cnt, current val is 2192
I0526 17:00:59.549914 208541 tick_compute_actor.cpp:7] actor 70368744177668 switch to &TickComputeActor::HandlerNormal
I0526 17:00:59.549926 208532 thread.cpp:60] thread 7 construct actor 30786325577731
I0526 17:00:59.550176 208544 tick_compute_actor.cpp:7] actor 83562883710978 switch to &TickComputeActor::HandlerNormal
I0526 17:00:59.550245 208542 tick_compute_actor.cpp:7] actor 74766790688771 switch to &TickComputeActor::HandlerNormal
I0526 17:00:59.550297 208541 runtime_context.cpp:12] DecreaseCounter constructing_actor_cnt, current val is 2191
I0526 17:00:59.550318 208534 tick_compute_actor.cpp:7] actor 39582418599938 switch to &TickComputeActor::HandlerNormal
I0526 17:00:59.550401 208544 runtime_context.cpp:12] DecreaseCounter constructing_actor_cnt, current val is 2190
I0526 17:00:59.550433 208542 runtime_context.cpp:12] DecreaseCounter constructing_actor_cnt, current val is 2189
I0526 17:00:59.550453 208541 thread.cpp:60] thread 16 construct actor 70368744177669
I0526 17:00:59.550535 208534 runtime_context.cpp:12] DecreaseCounter constructing_actor_cnt, current val is 2188
I0526 17:00:59.550571 208542 thread.cpp:60] thread 17 construct actor 74766790688775
I0526 17:00:59.550632 208534 thread.cpp:60] thread 9 construct actor 39582418599940
I0526 17:00:59.550639 208539 tick_compute_actor.cpp:7] actor 61572651155459 switch to &TickComputeActor::HandlerNormal
I0526 17:00:59.550791 208539 runtime_context.cpp:12] DecreaseCounter constructing_actor_cnt, current val is 2187
I0526 17:00:59.550828 208537 tick_compute_actor.cpp:7] actor 52776558133250 switch to &TickComputeActor::HandlerNormal
I0526 17:00:59.550840 208536 tick_compute_actor.cpp:7] actor 48378511622149 switch to &TickComputeActor::HandlerNormal
I0526 17:00:59.551173 208537 runtime_context.cpp:12] DecreaseCounter constructing_actor_cnt, current val is 2186
I0526 17:00:59.551103 208539 thread.cpp:60] thread 14 construct actor 61572651155460
I0526 17:00:59.551208 208537 thread.cpp:60] thread 12 construct actor 52776558133251
I0526 17:00:59.551225 208536 runtime_context.cpp:12] DecreaseCounter constructing_actor_cnt, current val is 2185
I0526 17:00:59.551240 208532 tick_compute_actor.cpp:7] actor 30786325577731 switch to &TickComputeActor::HandlerNormal
I0526 17:00:59.551311 208536 thread.cpp:60] thread 11 construct actor 48378511622150
I0526 17:00:59.551383 208532 runtime_context.cpp:12] DecreaseCounter constructing_actor_cnt, current val is 2184
I0526 17:00:59.551421 208532 thread.cpp:60] thread 7 construct actor 30786325577732
I0526 17:00:59.551520 208534 tick_compute_actor.cpp:7] actor 39582418599940 switch to &TickComputeActor::HandlerNormal
I0526 17:00:59.551528 208540 tick_compute_actor.cpp:7] actor 65970697666562 switch to &TickComputeActor::HandlerNormal
I0526 17:00:59.551604 208534 runtime_context.cpp:12] DecreaseCounter constructing_actor_cnt, current val is 2183
I0526 17:00:59.551636 208534 thread.cpp:60] thread 9 construct actor 39582418599941
I0526 17:00:59.551672 208541 tick_compute_actor.cpp:7] actor 70368744177669 switch to &TickComputeActor::HandlerNormal
I0526 17:00:59.551672 208520 copy_hd_actor.cpp:8] actor 8796093022210 switch to &CopyHdActor::HandlerNormal
I0526 17:00:59.551738 208542 tick_compute_actor.cpp:7] actor 74766790688775 switch to &TickComputeActor::HandlerNormal
I0526 17:00:59.551823 208541 runtime_context.cpp:12] DecreaseCounter constructing_actor_cnt, current val is 2182
I0526 17:00:59.551868 208541 thread.cpp:60] thread 16 construct actor 70368744177670
I0526 17:00:59.551903 208520 runtime_context.cpp:12] DecreaseCounter constructing_actor_cnt, current val is 2181
I0526 17:00:59.549685 208538 runtime_context.cpp:12] DecreaseCounter constructing_actor_cnt, current val is 2194
I0526 17:00:59.551873 208543 tick_compute_actor.cpp:7] actor 79164837199875 switch to &TickComputeActor::HandlerNormal
I0526 17:00:59.552037 208537 tick_compute_actor.cpp:7] actor 52776558133251 switch to &TickComputeActor::HandlerNormal
I0526 17:00:59.551952 208520 thread.cpp:60] thread 2 construct actor 8796093022211
I0526 17:00:59.551993 208539 tick_compute_actor.cpp:7] actor 61572651155460 switch to &TickComputeActor::HandlerNormal
I0526 17:00:59.552002 208538 thread.cpp:60] thread 13 construct actor 57174604644354
I0526 17:00:59.551923 208542 runtime_context.cpp:12] DecreaseCounter constructing_actor_cnt, current val is 2180
I0526 17:00:59.552294 208540 runtime_context.cpp:12] DecreaseCounter constructing_actor_cnt, current val is 2176
I0526 17:00:59.552192 208537 runtime_context.cpp:12] DecreaseCounter constructing_actor_cnt, current val is 2178
I0526 17:00:59.552284 208539 runtime_context.cpp:12] DecreaseCounter constructing_actor_cnt, current val is 2177
I0526 17:00:59.552132 208543 runtime_context.cpp:12] DecreaseCounter constructing_actor_cnt, current val is 2179
I0526 17:00:59.552309 208542 thread.cpp:60] thread 17 construct actor 74766790688772
I0526 17:00:59.552330 208540 thread.cpp:60] thread 15 construct actor 65970697666567
I0526 17:00:59.552362 208537 thread.cpp:60] thread 12 construct actor 52776558133254
I0526 17:00:59.552395 208539 thread.cpp:60] thread 14 construct actor 61572651155461
I0526 17:00:59.552425 208534 tick_compute_actor.cpp:7] actor 39582418599941 switch to &TickComputeActor::HandlerNormal
I0526 17:00:59.552431 208543 thread.cpp:60] thread 18 construct actor 79164837199876
I0526 17:00:59.552495 208536 tick_compute_actor.cpp:7] actor 48378511622150 switch to &TickComputeActor::HandlerNormal
I0526 17:00:59.552500 208532 tick_compute_actor.cpp:7] actor 30786325577732 switch to &TickComputeActor::HandlerNormal
I0526 17:00:59.552675 208516 normal_forward_compute_actor.cpp:13] actor 3 switch to &NormalForwardCompActor::HandlerNormal
I0526 17:00:59.552680 208534 runtime_context.cpp:12] DecreaseCounter constructing_actor_cnt, current val is 2175
I0526 17:00:59.552830 208541 tick_compute_actor.cpp:7] actor 70368744177670 switch to &TickComputeActor::HandlerNormal
I0526 17:00:59.553079 208516 runtime_context.cpp:12] DecreaseCounter constructing_actor_cnt, current val is 2172
I0526 17:00:59.552994 208532 runtime_context.cpp:12] DecreaseCounter constructing_actor_cnt, current val is 2173
I0526 17:00:59.553054 208534 thread.cpp:60] thread 9 construct actor 39582418599945
I0526 17:00:59.552968 208536 runtime_context.cpp:12] DecreaseCounter constructing_actor_cnt, current val is 2174
I0526 17:00:59.553128 208516 thread.cpp:60] thread 0 construct actor 4
I0526 17:00:59.553129 208541 runtime_context.cpp:12] DecreaseCounter constructing_actor_cnt, current val is 2171
I0526 17:00:59.553169 208532 thread.cpp:60] thread 7 construct actor 30786325577733
I0526 17:00:59.553239 208536 thread.cpp:60] thread 11 construct actor 48378511622151
I0526 17:00:59.553246 208537 tick_compute_actor.cpp:7] actor 52776558133254 switch to &TickComputeActor::HandlerNormal
I0526 17:00:59.553328 208540 tick_compute_actor.cpp:7] actor 65970697666567 switch to &TickComputeActor::HandlerNormal
I0526 17:00:59.553333 208542 tick_compute_actor.cpp:7] actor 74766790688772 switch to &TickComputeActor::HandlerNormal
I0526 17:00:59.553333 208539 tick_compute_actor.cpp:7] actor 61572651155461 switch to &TickComputeActor::HandlerNormal
I0526 17:00:59.553534 208542 runtime_context.cpp:12] DecreaseCounter constructing_actor_cnt, current val is 2168
I0526 17:00:59.553509 208540 runtime_context.cpp:12] DecreaseCounter constructing_actor_cnt, current val is 2169
I0526 17:00:59.553473 208537 runtime_context.cpp:12] DecreaseCounter constructing_actor_cnt, current val is 2170
I0526 17:00:59.553566 208539 runtime_context.cpp:12] DecreaseCounter constructing_actor_cnt, current val is 2167
I0526 17:00:59.553570 208542 thread.cpp:60] thread 17 construct actor 74766790688773
I0526 17:00:59.553628 208537 thread.cpp:60] thread 12 construct actor 52776558133255
I0526 17:00:59.553632 208543 tick_compute_actor.cpp:7] actor 79164837199876 switch to &TickComputeActor::HandlerNormal
I0526 17:00:59.553663 208539 thread.cpp:60] thread 14 construct actor 61572651155465
I0526 17:00:59.553719 208520 copy_hd_actor.cpp:8] actor 8796093022211 switch to &CopyHdActor::HandlerNormal
I0526 17:00:59.553766 208538 tick_compute_actor.cpp:7] actor 57174604644354 switch to &TickComputeActor::HandlerNormal
I0526 17:00:59.553920 208520 runtime_context.cpp:12] DecreaseCounter constructing_actor_cnt, current val is 2165
I0526 17:00:59.553797 208543 runtime_context.cpp:12] DecreaseCounter constructing_actor_cnt, current val is 2166
I0526 17:00:59.553980 208538 runtime_context.cpp:12] DecreaseCounter constructing_actor_cnt, current val is 2164
I0526 17:00:59.554035 208520 thread.cpp:60] thread 2 construct actor 8796093022212
I0526 17:00:59.554044 208538 thread.cpp:60] thread 13 construct actor 57174604644355
I0526 17:00:59.554261 208534 tick_compute_actor.cpp:7] actor 39582418599945 switch to &TickComputeActor::HandlerNormal
I0526 17:00:59.554328 208536 tick_compute_actor.cpp:7] actor 48378511622151 switch to &TickComputeActor::HandlerNormal
I0526 17:00:59.554648 208534 runtime_context.cpp:12] DecreaseCounter constructing_actor_cnt, current val is 2163
I0526 17:00:59.554401 208537 tick_compute_actor.cpp:7] actor 52776558133255 switch to &TickComputeActor::HandlerNormal
I0526 17:00:59.554448 208532 tick_compute_actor.cpp:7] actor 30786325577733 switch to &TickComputeActor::HandlerNormal
I0526 17:00:59.554757 208537 runtime_context.cpp:12] DecreaseCounter constructing_actor_cnt, current val is 2161
I0526 17:00:59.554379 208542 tick_compute_actor.cpp:7] actor 74766790688773 switch to &TickComputeActor::HandlerNormal
I0526 17:00:59.554694 208536 runtime_context.cpp:12] DecreaseCounter constructing_actor_cnt, current val is 2162
I0526 17:00:59.554623 208539 tick_compute_actor.cpp:7] actor 61572651155465 switch to &TickComputeActor::HandlerNormal
I0526 17:00:59.554793 208532 runtime_context.cpp:12] DecreaseCounter constructing_actor_cnt, current val is 2160
I0526 17:00:59.554795 208537 thread.cpp:60] thread 12 construct actor 52776558133256
I0526 17:00:59.554863 208542 runtime_context.cpp:12] DecreaseCounter constructing_actor_cnt, current val is 2159
I0526 17:00:59.554863 208536 thread.cpp:60] thread 11 construct actor 48378511622152
I0526 17:00:59.554949 208532 thread.cpp:60] thread 7 construct actor 30786325577734
I0526 17:00:59.554950 208539 runtime_context.cpp:12] DecreaseCounter constructing_actor_cnt, current val is 2158
I0526 17:00:59.554976 208516 normal_forward_compute_actor.cpp:13] actor 4 switch to &NormalForwardCompActor::HandlerNormal
I0526 17:00:59.555018 208542 thread.cpp:60] thread 17 construct actor 74766790688774
I0526 17:00:59.555219 208516 runtime_context.cpp:12] DecreaseCounter constructing_actor_cnt, current val is 2157
I0526 17:00:59.555264 208516 thread.cpp:60] thread 0 construct actor 5
I0526 17:00:59.555306 208520 copy_hd_actor.cpp:8] actor 8796093022212 switch to &CopyHdActor::HandlerNormal
I0526 17:00:59.555402 208520 runtime_context.cpp:12] DecreaseCounter constructing_actor_cnt, current val is 2156
I0526 17:00:59.555444 208520 thread.cpp:60] thread 2 construct actor 8796093022213
I0526 17:00:59.555657 208537 tick_compute_actor.cpp:7] actor 52776558133256 switch to &TickComputeActor::HandlerNormal
I0526 17:00:59.555727 208537 runtime_context.cpp:12] DecreaseCounter constructing_actor_cnt, current val is 2155
I0526 17:00:59.555759 208537 thread.cpp:60] thread 12 construct actor 52776558133257
I0526 17:00:59.555788 208532 normal_forward_compute_actor.cpp:13] actor 30786325577734 switch to &NormalForwardCompActor::HandlerNormal
I0526 17:00:59.555789 208536 tick_compute_actor.cpp:7] actor 48378511622152 switch to &TickComputeActor::HandlerNormal
I0526 17:00:59.555871 208532 runtime_context.cpp:12] DecreaseCounter constructing_actor_cnt, current val is 2154
I0526 17:00:59.555900 208536 runtime_context.cpp:12] DecreaseCounter constructing_actor_cnt, current val is 2153
I0526 17:00:59.555884 208542 tick_compute_actor.cpp:7] actor 74766790688774 switch to &TickComputeActor::HandlerNormal
I0526 17:00:59.555907 208532 thread.cpp:60] thread 7 construct actor 30786325577735
I0526 17:00:59.555935 208536 thread.cpp:60] thread 11 construct actor 48378511622153
I0526 17:00:59.555995 208542 runtime_context.cpp:12] DecreaseCounter constructing_actor_cnt, current val is 2152
I0526 17:00:59.556483 208537 tick_compute_actor.cpp:7] actor 52776558133257 switch to &TickComputeActor::HandlerNormal
I0526 17:00:59.556816 208536 tick_compute_actor.cpp:7] actor 48378511622153 switch to &TickComputeActor::HandlerNormal
I0526 17:00:59.556844 208537 runtime_context.cpp:12] DecreaseCounter constructing_actor_cnt, current val is 2151
I0526 17:00:59.556845 208532 normal_forward_compute_actor.cpp:13] actor 30786325577735 switch to &NormalForwardCompActor::HandlerNormal
I0526 17:00:59.556865 208536 runtime_context.cpp:12] DecreaseCounter constructing_actor_cnt, current val is 2150
