Log file created at: 2020/05/25 18:01:25
Running on machine: ai06
Log line format: [IWEF]mmdd hh:mm:ss.uuuuuu threadid file:line] msg
I0525 18:01:25.344842 219087 util.h:71] NewGlobal N7oneflow7EnvDescE
I0525 18:01:25.351275 219087 util.h:71] NewGlobal N7oneflow10CtrlServerE
I0525 18:01:25.362116 219087 ctrl_server.cpp:39] CtrlServer listening on 0.0.0.0:9789
I0525 18:01:25.362200 219087 util.h:71] NewGlobal N7oneflow10CtrlClientE
I0525 18:01:25.363296 219087 ctrl_client.cpp:187] LoadServer 127.0.0.1 Successful at 0 times
I0525 18:01:25.363359 219087 util.h:71] NewGlobal N7oneflow10MachineCtxE
I0525 18:01:25.363376 219087 machine_context.cpp:16] this machine id: 0
I0525 18:01:25.378878 219087 util.h:71] NewGlobal N7oneflow12ResourceDescE
I0525 18:01:25.378895 219087 util.h:71] NewGlobal N7oneflow6IOConfE
I0525 18:01:25.378899 219087 util.h:71] NewGlobal N7oneflow12ProfilerConfE
I0525 18:01:25.378904 219087 util.h:71] NewGlobal N7oneflow5IDMgrE
I0525 18:01:25.407889 219087 util.h:71] NewGlobal N7oneflow16AvailableMemDescE
I0525 18:01:25.408063 219087 util.h:71] NewGlobal St13unordered_mapISslSt4hashISsESt8equal_toISsESaISt4pairIKSslEEE
I0525 18:01:25.408072 219087 util.h:71] NewGlobal N7oneflow19CriticalSectionDescE
I0525 18:01:25.408077 219087 util.h:71] NewGlobal N7oneflow16InterUserJobInfoE
I0525 18:01:25.408083 219087 util.h:71] NewGlobal N7oneflow22JobBuildAndInferCtxMgrE
I0525 18:01:25.408088 219087 util.h:71] NewGlobal N7oneflow18LbiDiffWatcherInfoE
I0525 18:01:25.408094 219087 util.h:71] NewGlobal N7oneflow16JobSetCompileCtxE
I0525 18:01:25.408100 219087 util.h:71] NewGlobal N7oneflow26RuntimeBufferManagersScopeE
I0525 18:01:25.408104 219087 util.h:71] NewGlobal N7oneflow9BufferMgrIlEE
I0525 18:01:25.408108 219087 util.h:71] NewGlobal N7oneflow9BufferMgrISt10shared_ptrINS_18ForeignJobInstanceEEEE
I0525 18:01:25.410224 219087 oneflow_internal_helper.h:79] NewGlobal N7oneflow25SessionGlobalObjectsScopeE
I0525 18:01:25.411502 219087 util.h:71] NewGlobal N7oneflow7JobDescE
I0525 18:01:25.411520 219087 job_desc.cpp:90] Set piece_num_of_experiment_phase 19
I0525 18:01:26.077700 219087 util.h:76] DeleteGlobal N7oneflow7JobDescE
I0525 18:01:26.077734 219087 util.h:71] NewGlobal N7oneflow7JobDescE
I0525 18:01:26.077744 219087 job_desc.cpp:90] Set piece_num_of_experiment_phase 19
I0525 18:01:28.460865 219087 util.h:76] DeleteGlobal N7oneflow7JobDescE
I0525 18:01:28.465356 219087 util.h:71] NewGlobal N7oneflow24InterJobReuseMemStrategyE
I0525 18:01:28.465380 219087 util.h:71] NewGlobal N7oneflow7OneflowE
I0525 18:01:28.473021 219087 job_desc.cpp:90] Set piece_num_of_experiment_phase 19
I0525 18:01:28.476274 219087 job_desc.cpp:90] Set piece_num_of_experiment_phase 19
I0525 18:01:28.478525 219087 job_desc.cpp:90] Set piece_num_of_experiment_phase 19
I0525 18:01:28.479888 219087 job_desc.cpp:90] Set piece_num_of_experiment_phase 19
I0525 18:01:28.479903 219087 job_desc.cpp:90] Set piece_num_of_experiment_phase 19
I0525 18:01:28.479909 219087 job_desc.cpp:90] Set piece_num_of_experiment_phase 19
I0525 18:01:28.479914 219087 job_desc.cpp:90] Set piece_num_of_experiment_phase 19
I0525 18:01:28.481779 219087 util.h:71] NewGlobal N7oneflow7JobDescE
I0525 18:01:28.481792 219087 job_desc.cpp:90] Set piece_num_of_experiment_phase 19
I0525 18:01:29.136354 219087 util.h:71] NewGlobal N7oneflow7OpGraphE
I0525 18:01:29.336977 219087 util.h:76] DeleteGlobal N7oneflow7OpGraphE
I0525 18:01:29.357723 219087 oneflow.cpp:137] compile time: 8.6817e+08
I0525 18:01:29.438359 219087 oneflow.cpp:144] push_pull_plan:9.53e+08
I0525 18:01:29.447176 219087 oneflow.cpp:168] compile and improve time: 9.65375e+08
I0525 18:01:29.464502 219087 util.h:76] DeleteGlobal N7oneflow7JobDescE
I0525 18:01:29.464541 219087 util.h:71] NewGlobal N7oneflow7JobDescE
I0525 18:01:29.464553 219087 job_desc.cpp:90] Set piece_num_of_experiment_phase 19
I0525 18:01:29.817693 219087 util.h:71] NewGlobal N7oneflow7OpGraphE
I0525 18:01:29.965692 219087 util.h:76] DeleteGlobal N7oneflow7OpGraphE
I0525 18:01:29.981416 219087 oneflow.cpp:137] compile time: 5.11135e+08
I0525 18:01:30.055205 219087 oneflow.cpp:144] push_pull_plan:5.88316e+08
I0525 18:01:30.063387 219087 oneflow.cpp:168] compile and improve time: 5.9882e+08
I0525 18:01:30.075923 219087 util.h:76] DeleteGlobal N7oneflow7JobDescE
I0525 18:01:30.075984 219087 util.h:71] NewGlobal N7oneflow7JobDescE
I0525 18:01:30.076006 219087 job_desc.cpp:90] Set piece_num_of_experiment_phase 19
I0525 18:01:30.385423 219087 util.h:71] NewGlobal N7oneflow7OpGraphE
I0525 18:01:30.541783 219087 util.h:76] DeleteGlobal N7oneflow7OpGraphE
I0525 18:01:30.567699 219087 oneflow.cpp:137] compile time: 4.80551e+08
I0525 18:01:30.655133 219087 oneflow.cpp:144] push_pull_plan:5.73911e+08
I0525 18:01:30.663902 219087 oneflow.cpp:168] compile and improve time: 5.87877e+08
I0525 18:01:30.682953 219087 util.h:76] DeleteGlobal N7oneflow7JobDescE
I0525 18:01:30.683018 219087 util.h:71] NewGlobal N7oneflow7JobDescE
I0525 18:01:30.683037 219087 job_desc.cpp:90] Set piece_num_of_experiment_phase 19
I0525 18:01:31.088662 219087 util.h:71] NewGlobal N7oneflow7OpGraphE
I0525 18:01:31.263311 219087 util.h:76] DeleteGlobal N7oneflow7OpGraphE
I0525 18:01:31.283394 219087 oneflow.cpp:137] compile time: 6.00026e+08
I0525 18:01:31.385464 219087 oneflow.cpp:144] push_pull_plan:6.99399e+08
I0525 18:01:31.405596 219087 oneflow.cpp:168] compile and improve time: 7.22536e+08
I0525 18:01:31.430210 219087 util.h:76] DeleteGlobal N7oneflow7JobDescE
I0525 18:01:31.430296 219087 util.h:71] NewGlobal N7oneflow7JobDescE
I0525 18:01:31.430313 219087 job_desc.cpp:90] Set piece_num_of_experiment_phase 19
I0525 18:01:31.433964 219087 util.h:71] NewGlobal N7oneflow7OpGraphE
I0525 18:01:31.436364 219087 util.h:76] DeleteGlobal N7oneflow7OpGraphE
I0525 18:01:31.436681 219087 oneflow.cpp:137] compile time: 6.28531e+06
I0525 18:01:31.437559 219087 oneflow.cpp:144] push_pull_plan:7.19309e+06
I0525 18:01:31.437731 219087 oneflow.cpp:168] compile and improve time: 7.4071e+06
I0525 18:01:31.437948 219087 util.h:76] DeleteGlobal N7oneflow7JobDescE
I0525 18:01:31.437971 219087 util.h:71] NewGlobal N7oneflow7JobDescE
I0525 18:01:31.437990 219087 job_desc.cpp:90] Set piece_num_of_experiment_phase 19
I0525 18:01:31.441166 219087 util.h:71] NewGlobal N7oneflow7OpGraphE
I0525 18:01:31.443250 219087 util.h:76] DeleteGlobal N7oneflow7OpGraphE
I0525 18:01:31.443490 219087 oneflow.cpp:137] compile time: 5.42874e+06
I0525 18:01:31.444314 219087 oneflow.cpp:144] push_pull_plan:6.27123e+06
I0525 18:01:31.444486 219087 oneflow.cpp:168] compile and improve time: 6.47808e+06
I0525 18:01:31.444702 219087 util.h:76] DeleteGlobal N7oneflow7JobDescE
I0525 18:01:31.444723 219087 util.h:71] NewGlobal N7oneflow7JobDescE
I0525 18:01:31.444746 219087 job_desc.cpp:90] Set piece_num_of_experiment_phase 19
I0525 18:01:31.448037 219087 util.h:71] NewGlobal N7oneflow7OpGraphE
I0525 18:01:31.449770 219087 util.h:76] DeleteGlobal N7oneflow7OpGraphE
I0525 18:01:31.449983 219087 oneflow.cpp:137] compile time: 5.17504e+06
I0525 18:01:31.450644 219087 oneflow.cpp:144] push_pull_plan:5.85702e+06
I0525 18:01:31.450780 219087 oneflow.cpp:168] compile and improve time: 6.01856e+06
I0525 18:01:31.450954 219087 util.h:76] DeleteGlobal N7oneflow7JobDescE
I0525 18:01:31.450973 219087 util.h:71] NewGlobal N7oneflow7JobDescE
I0525 18:01:31.450987 219087 job_desc.cpp:90] Set piece_num_of_experiment_phase 19
I0525 18:01:31.454241 219087 util.h:71] NewGlobal N7oneflow7OpGraphE
I0525 18:01:31.455960 219087 util.h:76] DeleteGlobal N7oneflow7OpGraphE
I0525 18:01:31.456151 219087 oneflow.cpp:137] compile time: 5.10438e+06
I0525 18:01:31.456835 219087 oneflow.cpp:144] push_pull_plan:5.80608e+06
I0525 18:01:31.456974 219087 oneflow.cpp:168] compile and improve time: 5.9712e+06
I0525 18:01:31.457144 219087 util.h:76] DeleteGlobal N7oneflow7JobDescE
I0525 18:01:31.457162 219087 util.h:71] NewGlobal N7oneflow7JobDescE
I0525 18:01:31.457168 219087 job_desc.cpp:90] Set piece_num_of_experiment_phase 19
I0525 18:01:31.460404 219087 util.h:71] NewGlobal N7oneflow7OpGraphE
I0525 18:01:31.462110 219087 util.h:76] DeleteGlobal N7oneflow7OpGraphE
I0525 18:01:31.462307 219087 oneflow.cpp:137] compile time: 5.08928e+06
I0525 18:01:31.463080 219087 oneflow.cpp:144] push_pull_plan:5.87904e+06
I0525 18:01:31.463946 219087 oneflow.cpp:168] compile and improve time: 6.76557e+06
I0525 18:01:31.464540 219087 util.h:76] DeleteGlobal N7oneflow7JobDescE
I0525 18:01:31.605305 219087 util.h:71] NewGlobal N7oneflow7JobDescE
I0525 18:01:31.605451 219087 job_desc.cpp:90] Set piece_num_of_experiment_phase 19
I0525 18:01:31.605500 219087 util.h:71] NewGlobal N7oneflow7OpGraphE
I0525 18:01:31.614173 219087 util.h:76] DeleteGlobal N7oneflow7OpGraphE
I0525 18:01:31.615587 219087 oneflow.cpp:137] compile time: 9.72672e+06
I0525 18:01:31.618862 219087 oneflow.cpp:144] push_pull_plan:1.31272e+07
I0525 18:01:31.619484 219087 oneflow.cpp:168] compile and improve time: 1.39843e+07
I0525 18:01:31.620236 219087 util.h:76] DeleteGlobal N7oneflow7JobDescE
I0525 18:01:32.225071 219087 util.h:71] NewGlobal N7oneflow10RuntimeCtxE
I0525 18:01:32.231110 219087 util.h:71] NewGlobal N7oneflow15MemoryAllocatorE
I0525 18:01:32.232275 219087 util.h:71] NewGlobal N7oneflow8RegstMgrE
I0525 18:01:33.034256 219087 util.h:71] NewGlobal N7oneflow11ActorMsgBusE
I0525 18:01:33.038220 219087 util.h:71] NewGlobal N7oneflow9ThreadMgrE
I0525 18:01:33.041616 219087 util.h:71] NewGlobal N7oneflow11NcclCommMgrE
I0525 18:01:33.041805 219087 util.h:71] NewGlobal N7oneflow15RuntimeJobDescsE
I0525 18:01:33.041860 219087 job_desc.cpp:90] Set piece_num_of_experiment_phase 19
I0525 18:01:33.041888 219087 job_desc.cpp:90] Set piece_num_of_experiment_phase 19
I0525 18:01:33.041913 219087 job_desc.cpp:90] Set piece_num_of_experiment_phase 19
I0525 18:01:33.041936 219087 job_desc.cpp:90] Set piece_num_of_experiment_phase 19
I0525 18:01:33.041960 219087 job_desc.cpp:90] Set piece_num_of_experiment_phase 19
I0525 18:01:33.041988 219087 job_desc.cpp:90] Set piece_num_of_experiment_phase 19
I0525 18:01:33.042016 219087 job_desc.cpp:90] Set piece_num_of_experiment_phase 19
I0525 18:01:33.042040 219087 job_desc.cpp:90] Set piece_num_of_experiment_phase 19
I0525 18:01:33.042065 219087 job_desc.cpp:90] Set piece_num_of_experiment_phase 19
I0525 18:01:33.042090 219087 job_desc.cpp:90] Set piece_num_of_experiment_phase 19
I0525 18:01:33.044361 219087 runtime_context.cpp:6] NewCounter constructing_actor_cnt 2273
I0525 18:01:33.045229 222302 thread.cpp:60] thread 0 construct actor 663
I0525 18:01:33.045323 222329 thread.cpp:60] thread 15 construct actor 65970697666560
I0525 18:01:33.045351 222336 thread.cpp:60] thread 22 construct actor 96757023244288
I0525 18:01:33.045351 222325 thread.cpp:60] thread 11 construct actor 48378511622144
I0525 18:01:33.045357 222328 thread.cpp:60] thread 14 construct actor 61572651155462
I0525 18:01:33.045356 222380 thread.cpp:60] thread 66 construct actor 290271069732864
I0525 18:01:33.045353 222324 thread.cpp:60] thread 10 construct actor 43980465111043
I0525 18:01:33.046429 222324 tick_compute_actor.cpp:7] actor 43980465111043 switch to &TickComputeActor::HandlerNormal
I0525 18:01:33.046475 222329 tick_compute_actor.cpp:7] actor 65970697666560 switch to &TickComputeActor::HandlerNormal
I0525 18:01:33.046519 222336 tick_compute_actor.cpp:7] actor 96757023244288 switch to &TickComputeActor::HandlerNormal
I0525 18:01:33.046445 222328 tick_compute_actor.cpp:7] actor 61572651155462 switch to &TickComputeActor::HandlerNormal
I0525 18:01:33.046568 222324 runtime_context.cpp:12] DecreaseCounter constructing_actor_cnt, current val is 2272
I0525 18:01:33.046602 222324 thread.cpp:60] thread 10 construct actor 43980465111046
I0525 18:01:33.046628 222329 runtime_context.cpp:12] DecreaseCounter constructing_actor_cnt, current val is 2271
I0525 18:01:33.046633 222325 tick_compute_actor.cpp:7] actor 48378511622144 switch to &TickComputeActor::HandlerNormal
I0525 18:01:33.046648 222336 runtime_context.cpp:12] DecreaseCounter constructing_actor_cnt, current val is 2270
I0525 18:01:33.046664 222329 thread.cpp:60] thread 15 construct actor 65970697666563
I0525 18:01:33.046684 222328 runtime_context.cpp:12] DecreaseCounter constructing_actor_cnt, current val is 2269
I0525 18:01:33.046766 222325 runtime_context.cpp:12] DecreaseCounter constructing_actor_cnt, current val is 2268
I0525 18:01:33.046865 222328 thread.cpp:60] thread 14 construct actor 61572651155463
I0525 18:01:33.046891 222325 thread.cpp:60] thread 11 construct actor 48378511622145
I0525 18:01:33.047308 222324 tick_compute_actor.cpp:7] actor 43980465111046 switch to &TickComputeActor::HandlerNormal
I0525 18:01:33.047400 222329 tick_compute_actor.cpp:7] actor 65970697666563 switch to &TickComputeActor::HandlerNormal
I0525 18:01:33.047417 222324 runtime_context.cpp:12] DecreaseCounter constructing_actor_cnt, current val is 2267
I0525 18:01:33.047448 222324 thread.cpp:60] thread 10 construct actor 43980465111047
I0525 18:01:33.047482 222329 runtime_context.cpp:12] DecreaseCounter constructing_actor_cnt, current val is 2266
I0525 18:01:33.047593 222328 tick_compute_actor.cpp:7] actor 61572651155463 switch to &TickComputeActor::HandlerNormal
I0525 18:01:33.047667 222325 tick_compute_actor.cpp:7] actor 48378511622145 switch to &TickComputeActor::HandlerNormal
I0525 18:01:33.047688 222328 runtime_context.cpp:12] DecreaseCounter constructing_actor_cnt, current val is 2265
I0525 18:01:33.047704 222328 thread.cpp:60] thread 14 construct actor 61572651155464
I0525 18:01:33.047747 222325 runtime_context.cpp:12] DecreaseCounter constructing_actor_cnt, current val is 2264
I0525 18:01:33.047776 222325 thread.cpp:60] thread 11 construct actor 48378511622146
I0525 18:01:33.048105 222324 tick_compute_actor.cpp:7] actor 43980465111047 switch to &TickComputeActor::HandlerNormal
I0525 18:01:33.048228 222324 runtime_context.cpp:12] DecreaseCounter constructing_actor_cnt, current val is 2263
I0525 18:01:33.048275 222324 thread.cpp:60] thread 10 construct actor 43980465111048
I0525 18:01:33.048362 222328 tick_compute_actor.cpp:7] actor 61572651155464 switch to &TickComputeActor::HandlerNormal
I0525 18:01:33.048446 222328 runtime_context.cpp:12] DecreaseCounter constructing_actor_cnt, current val is 2262
I0525 18:01:33.048516 222325 tick_compute_actor.cpp:7] actor 48378511622146 switch to &TickComputeActor::HandlerNormal
I0525 18:01:33.048625 222325 runtime_context.cpp:12] DecreaseCounter constructing_actor_cnt, current val is 2261
I0525 18:01:33.048979 222324 tick_compute_actor.cpp:7] actor 43980465111048 switch to &TickComputeActor::HandlerNormal
I0525 18:01:33.049072 222324 runtime_context.cpp:12] DecreaseCounter constructing_actor_cnt, current val is 2260
I0525 18:01:33.062718 222302 tick_compute_actor.cpp:7] actor 663 switch to &TickComputeActor::HandlerNormal
I0525 18:01:33.062804 222302 runtime_context.cpp:12] DecreaseCounter constructing_actor_cnt, current val is 2259
I0525 18:01:33.062836 222302 thread.cpp:60] thread 0 construct actor 1030
I0525 18:01:33.064175 222302 tick_compute_actor.cpp:7] actor 1030 switch to &TickComputeActor::HandlerNormal
I0525 18:01:33.064260 222302 runtime_context.cpp:12] DecreaseCounter constructing_actor_cnt, current val is 2258
I0525 18:01:33.064280 222302 thread.cpp:60] thread 0 construct actor 1031
I0525 18:01:33.072042 222302 tick_compute_actor.cpp:7] actor 1031 switch to &TickComputeActor::HandlerNormal
I0525 18:01:33.073004 222302 runtime_context.cpp:12] DecreaseCounter constructing_actor_cnt, current val is 2257
I0525 18:01:33.073037 222302 thread.cpp:60] thread 0 construct actor 1398
I0525 18:01:33.074299 222302 tick_compute_actor.cpp:7] actor 1398 switch to &TickComputeActor::HandlerNormal
I0525 18:01:33.074380 222302 runtime_context.cpp:12] DecreaseCounter constructing_actor_cnt, current val is 2256
I0525 18:01:33.074399 222302 thread.cpp:60] thread 0 construct actor 1399
I0525 18:01:33.078363 222380 wait_and_send_ids_compute_actor.cpp:12] actor 290271069732864 switch to &WaitAndSendIdsCompActor::HandlerWaitToStart
I0525 18:01:33.078830 222380 runtime_context.cpp:12] DecreaseCounter constructing_actor_cnt, current val is 2255
I0525 18:01:33.081802 222302 tick_compute_actor.cpp:7] actor 1399 switch to &TickComputeActor::HandlerNormal
I0525 18:01:33.085230 222302 runtime_context.cpp:12] DecreaseCounter constructing_actor_cnt, current val is 2254
I0525 18:01:33.085427 222302 thread.cpp:60] thread 0 construct actor 1767
I0525 18:01:33.097828 222302 tick_compute_actor.cpp:7] actor 1767 switch to &TickComputeActor::HandlerNormal
I0525 18:01:33.098285 222302 runtime_context.cpp:12] DecreaseCounter constructing_actor_cnt, current val is 2253
I0525 18:01:33.098330 222302 thread.cpp:60] thread 0 construct actor 1769
I0525 18:01:33.099422 222302 tick_compute_actor.cpp:7] actor 1769 switch to &TickComputeActor::HandlerNormal
I0525 18:01:33.099511 222302 runtime_context.cpp:12] DecreaseCounter constructing_actor_cnt, current val is 2252
I0525 18:01:33.099552 222302 thread.cpp:60] thread 0 construct actor 1770
I0525 18:01:33.100333 222302 tick_compute_actor.cpp:7] actor 1770 switch to &TickComputeActor::HandlerNormal
I0525 18:01:33.100395 222302 runtime_context.cpp:12] DecreaseCounter constructing_actor_cnt, current val is 2251
I0525 18:01:33.100422 222302 thread.cpp:60] thread 0 construct actor 1772
I0525 18:01:33.101101 222302 tick_compute_actor.cpp:7] actor 1772 switch to &TickComputeActor::HandlerNormal
I0525 18:01:33.101163 222302 runtime_context.cpp:12] DecreaseCounter constructing_actor_cnt, current val is 2250
I0525 18:01:33.101191 222302 thread.cpp:60] thread 0 construct actor 1773
I0525 18:01:33.101907 222302 tick_compute_actor.cpp:7] actor 1773 switch to &TickComputeActor::HandlerNormal
I0525 18:01:33.101966 222302 runtime_context.cpp:12] DecreaseCounter constructing_actor_cnt, current val is 2249
I0525 18:01:33.105908 222302 thread.cpp:60] thread 0 construct actor 0
I0525 18:01:33.106189 222328 thread.cpp:60] thread 14 construct actor 61572651155456
I0525 18:01:33.106391 222322 thread.cpp:60] thread 8 construct actor 35184372088832
I0525 18:01:33.106397 222321 thread.cpp:60] thread 7 construct actor 30786325577728
I0525 18:01:33.106482 222309 thread.cpp:60] thread 2 construct actor 8796093022208
I0525 18:01:33.106451 222323 thread.cpp:60] thread 9 construct actor 39582418599936
I0525 18:01:33.106590 222338 thread.cpp:60] thread 24 construct actor 105553116266496
I0525 18:01:33.106647 222325 thread.cpp:60] thread 11 construct actor 48378511622147
I0525 18:01:33.106736 222324 thread.cpp:60] thread 10 construct actor 43980465111044
I0525 18:01:33.106591 222339 thread.cpp:60] thread 25 construct actor 109951162777600
I0525 18:01:33.106595 222326 thread.cpp:60] thread 12 construct actor 52776558133248
I0525 18:01:33.106941 222372 thread.cpp:60] thread 58 construct actor 255086697644032
I0525 18:01:33.106617 222333 thread.cpp:60] thread 19 construct actor 83562883710976
I0525 18:01:33.106617 222334 thread.cpp:60] thread 20 construct actor 87960930222080
I0525 18:01:33.106662 222331 thread.cpp:60] thread 17 construct actor 74766790688769
I0525 18:01:33.106516 222381 thread.cpp:60] thread 67 construct actor 294669116243968
I0525 18:01:33.106602 222332 thread.cpp:60] thread 18 construct actor 79164837199872
I0525 18:01:33.106685 222343 thread.cpp:60] thread 29 construct actor 127543348822016
I0525 18:01:33.106649 222336 thread.cpp:60] thread 22 construct actor 96757023244289
I0525 18:01:33.106665 222330 thread.cpp:60] thread 16 construct actor 70368744177664
I0525 18:01:33.106664 222340 thread.cpp:60] thread 26 construct actor 114349209288704
I0525 18:01:33.106714 222342 thread.cpp:60] thread 28 construct actor 123145302310912
I0525 18:01:33.106721 222374 thread.cpp:60] thread 60 construct actor 263882790666240
I0525 18:01:33.106729 222341 thread.cpp:60] thread 27 construct actor 118747255799808
I0525 18:01:33.106406 222329 thread.cpp:60] thread 15 construct actor 65970697666561
I0525 18:01:33.106767 222335 thread.cpp:60] thread 21 construct actor 92358976733184
I0525 18:01:33.106786 222327 thread.cpp:60] thread 13 construct actor 57174604644352
I0525 18:01:33.106851 222337 thread.cpp:60] thread 23 construct actor 101155069755393
I0525 18:01:33.106875 222373 thread.cpp:60] thread 59 construct actor 259484744155136
I0525 18:01:33.106902 222376 thread.cpp:60] thread 62 construct actor 272678883688448
I0525 18:01:33.106945 222377 thread.cpp:60] thread 63 construct actor 277076930199552
I0525 18:01:33.106940 222302 normal_forward_compute_actor.cpp:13] actor 0 switch to &NormalForwardCompActor::HandlerNormal
I0525 18:01:33.106601 222371 thread.cpp:60] thread 57 construct actor 250688651132928
I0525 18:01:33.106972 222378 thread.cpp:60] thread 64 construct actor 281474976710656
I0525 18:01:33.106990 222379 thread.cpp:60] thread 65 construct actor 285873023221760
I0525 18:01:33.106998 222375 thread.cpp:60] thread 61 construct actor 268280837177344
I0525 18:01:33.107422 222322 normal_forward_compute_actor.cpp:13] actor 35184372088832 switch to &NormalForwardCompActor::HandlerNormal
I0525 18:01:33.107569 222325 tick_compute_actor.cpp:7] actor 48378511622147 switch to &TickComputeActor::HandlerNormal
I0525 18:01:33.107604 222328 tick_compute_actor.cpp:7] actor 61572651155456 switch to &TickComputeActor::HandlerNormal
I0525 18:01:33.107688 222321 normal_forward_compute_actor.cpp:13] actor 30786325577728 switch to &NormalForwardCompActor::HandlerNormal
I0525 18:01:33.107901 222339 tick_compute_actor.cpp:7] actor 109951162777600 switch to &TickComputeActor::HandlerNormal
I0525 18:01:33.107905 222326 tick_compute_actor.cpp:7] actor 52776558133248 switch to &TickComputeActor::HandlerNormal
I0525 18:01:33.107941 222338 tick_compute_actor.cpp:7] actor 105553116266496 switch to &TickComputeActor::HandlerNormal
I0525 18:01:33.117719 222326 runtime_context.cpp:12] DecreaseCounter constructing_actor_cnt, current val is 2242
I0525 18:01:33.117758 222338 runtime_context.cpp:12] DecreaseCounter constructing_actor_cnt, current val is 2241
I0525 18:01:33.108345 222309 copy_hd_actor.cpp:8] actor 8796093022208 switch to &CopyHdActor::HandlerNormal
I0525 18:01:33.108667 222372 normal_forward_compute_actor.cpp:13] actor 255086697644032 switch to &NormalForwardCompActor::HandlerNormal
I0525 18:01:33.109450 222333 tick_compute_actor.cpp:7] actor 83562883710976 switch to &TickComputeActor::HandlerNormal
I0525 18:01:33.109825 222381 sink_compute_actor.cpp:6] actor 294669116243968 switch to &SinkCompActor::HandlerNormal
I0525 18:01:33.110029 222332 tick_compute_actor.cpp:7] actor 79164837199872 switch to &TickComputeActor::HandlerNormal
I0525 18:01:33.110220 222334 tick_compute_actor.cpp:7] actor 87960930222080 switch to &TickComputeActor::HandlerNormal
I0525 18:01:33.110301 222331 tick_compute_actor.cpp:7] actor 74766790688769 switch to &TickComputeActor::HandlerNormal
I0525 18:01:33.110435 222343 esac_compute_actor.cpp:21] actor 127543348822016 switch to &EsacCompActor::HandlerNormal
I0525 18:01:33.111208 222336 tick_compute_actor.cpp:7] actor 96757023244289 switch to &TickComputeActor::HandlerNormal
I0525 18:01:33.118065 222332 runtime_context.cpp:12] DecreaseCounter constructing_actor_cnt, current val is 2236
I0525 18:01:33.112449 222340 tick_compute_actor.cpp:7] actor 114349209288704 switch to &TickComputeActor::HandlerNormal
I0525 18:01:33.112571 222341 tick_compute_actor.cpp:7] actor 118747255799808 switch to &TickComputeActor::HandlerNormal
I0525 18:01:33.112695 222342 esac_compute_actor.cpp:21] actor 123145302310912 switch to &EsacCompActor::HandlerNormal
I0525 18:01:33.112709 222335 tick_compute_actor.cpp:7] actor 92358976733184 switch to &TickComputeActor::HandlerNormal
I0525 18:01:33.118232 222336 runtime_context.cpp:12] DecreaseCounter constructing_actor_cnt, current val is 2233
I0525 18:01:33.112825 222374 normal_forward_compute_actor.cpp:13] actor 263882790666240 switch to &NormalForwardCompActor::HandlerNormal
I0525 18:01:33.114393 222329 tick_compute_actor.cpp:7] actor 65970697666561 switch to &TickComputeActor::HandlerNormal
I0525 18:01:33.115221 222327 tick_compute_actor.cpp:7] actor 57174604644352 switch to &TickComputeActor::HandlerNormal
I0525 18:01:33.115677 222337 tick_compute_actor.cpp:7] actor 101155069755393 switch to &TickComputeActor::HandlerNormal
I0525 18:01:33.116066 222376 normal_forward_compute_actor.cpp:13] actor 272678883688448 switch to &NormalForwardCompActor::HandlerNormal
I0525 18:01:33.118398 222341 runtime_context.cpp:12] DecreaseCounter constructing_actor_cnt, current val is 2230
I0525 18:01:33.116528 222302 runtime_context.cpp:12] DecreaseCounter constructing_actor_cnt, current val is 2248
I0525 18:01:33.116820 222378 normal_forward_compute_actor.cpp:13] actor 281474976710656 switch to &NormalForwardCompActor::HandlerNormal
I0525 18:01:33.116894 222379 normal_forward_compute_actor.cpp:13] actor 285873023221760 switch to &NormalForwardCompActor::HandlerNormal
I0525 18:01:33.118559 222327 runtime_context.cpp:12] DecreaseCounter constructing_actor_cnt, current val is 2229
I0525 18:01:33.118573 222376 runtime_context.cpp:12] DecreaseCounter constructing_actor_cnt, current val is 2228
I0525 18:01:33.117305 222371 normal_forward_compute_actor.cpp:13] actor 250688651132928 switch to &NormalForwardCompActor::HandlerNormal
I0525 18:01:33.117476 222375 normal_forward_compute_actor.cpp:13] actor 268280837177344 switch to &NormalForwardCompActor::HandlerNormal
I0525 18:01:33.117544 222328 runtime_context.cpp:12] DecreaseCounter constructing_actor_cnt, current val is 2245
I0525 18:01:33.117609 222321 runtime_context.cpp:12] DecreaseCounter constructing_actor_cnt, current val is 2244
I0525 18:01:33.118687 222378 runtime_context.cpp:12] DecreaseCounter constructing_actor_cnt, current val is 2224
I0525 18:01:33.107952 222324 tick_compute_actor.cpp:7] actor 43980465111044 switch to &TickComputeActor::HandlerNormal
I0525 18:01:33.108063 222323 normal_forward_compute_actor.cpp:13] actor 39582418599936 switch to &NormalForwardCompActor::HandlerNormal
I0525 18:01:33.117767 222326 thread.cpp:60] thread 12 construct actor 52776558133249
I0525 18:01:33.117803 222338 thread.cpp:60] thread 24 construct actor 105553116266497
I0525 18:01:33.117888 222309 runtime_context.cpp:12] DecreaseCounter constructing_actor_cnt, current val is 2240
I0525 18:01:33.117941 222372 runtime_context.cpp:12] DecreaseCounter constructing_actor_cnt, current val is 2239
I0525 18:01:33.117990 222381 runtime_context.cpp:12] DecreaseCounter constructing_actor_cnt, current val is 2238
I0525 18:01:33.118001 222333 runtime_context.cpp:12] DecreaseCounter constructing_actor_cnt, current val is 2237
I0525 18:01:33.111524 222330 tick_compute_actor.cpp:7] actor 70368744177664 switch to &TickComputeActor::HandlerNormal
I0525 18:01:33.118099 222332 thread.cpp:60] thread 18 construct actor 79164837199873
I0525 18:01:33.119520 222330 runtime_context.cpp:12] DecreaseCounter constructing_actor_cnt, current val is 2216
I0525 18:01:33.118149 222334 runtime_context.cpp:12] DecreaseCounter constructing_actor_cnt, current val is 2235
I0525 18:01:33.118366 222343 runtime_context.cpp:12] DecreaseCounter constructing_actor_cnt, current val is 2232
I0525 18:01:33.118386 222340 runtime_context.cpp:12] DecreaseCounter constructing_actor_cnt, current val is 2231
I0525 18:01:33.116389 222377 normal_forward_compute_actor.cpp:13] actor 277076930199552 switch to &NormalForwardCompActor::HandlerNormal
I0525 18:01:33.118497 222302 thread.cpp:60] thread 0 construct actor 1
I0525 18:01:33.116901 222322 runtime_context.cpp:12] DecreaseCounter constructing_actor_cnt, current val is 2247
I0525 18:01:33.116938 222325 runtime_context.cpp:12] DecreaseCounter constructing_actor_cnt, current val is 2246
I0525 18:01:33.118575 222374 runtime_context.cpp:12] DecreaseCounter constructing_actor_cnt, current val is 2227
I0525 18:01:33.118587 222327 thread.cpp:60] thread 13 construct actor 57174604644353
I0525 18:01:33.118592 222335 runtime_context.cpp:12] DecreaseCounter constructing_actor_cnt, current val is 2226
I0525 18:01:33.118683 222379 runtime_context.cpp:12] DecreaseCounter constructing_actor_cnt, current val is 2225
I0525 18:01:33.118690 222328 thread.cpp:60] thread 14 construct actor 61572651155457
I0525 18:01:33.120036 222326 tick_compute_actor.cpp:7] actor 52776558133249 switch to &TickComputeActor::HandlerNormal
I0525 18:01:33.118714 222321 thread.cpp:60] thread 7 construct actor 30786325577729
I0525 18:01:33.120126 222326 runtime_context.cpp:12] DecreaseCounter constructing_actor_cnt, current val is 2214
I0525 18:01:33.118860 222371 runtime_context.cpp:12] DecreaseCounter constructing_actor_cnt, current val is 2222
I0525 18:01:33.118902 222342 runtime_context.cpp:12] DecreaseCounter constructing_actor_cnt, current val is 2221
I0525 18:01:33.118947 222375 runtime_context.cpp:12] DecreaseCounter constructing_actor_cnt, current val is 2220
I0525 18:01:33.120301 222327 tick_compute_actor.cpp:7] actor 57174604644353 switch to &TickComputeActor::HandlerNormal
I0525 18:01:33.119019 222323 runtime_context.cpp:12] DecreaseCounter constructing_actor_cnt, current val is 2218
I0525 18:01:33.119298 222309 thread.cpp:60] thread 2 construct actor 8796093022209
I0525 18:01:33.120348 222323 thread.cpp:60] thread 9 construct actor 39582418599937
I0525 18:01:33.119325 222329 runtime_context.cpp:12] DecreaseCounter constructing_actor_cnt, current val is 2217
I0525 18:01:33.118196 222331 runtime_context.cpp:12] DecreaseCounter constructing_actor_cnt, current val is 2234
I0525 18:01:33.119542 222330 thread.cpp:60] thread 16 construct actor 70368744177671
I0525 18:01:33.119578 222334 thread.cpp:60] thread 20 construct actor 87960930222081
I0525 18:01:33.119722 222377 runtime_context.cpp:12] DecreaseCounter constructing_actor_cnt, current val is 2215
I0525 18:01:33.119791 222322 thread.cpp:60] thread 8 construct actor 35184372088833
I0525 18:01:33.119837 222325 thread.cpp:60] thread 11 construct actor 48378511622148
I0525 18:01:33.119944 222335 thread.cpp:60] thread 21 construct actor 92358976733185
I0525 18:01:33.120677 222332 tick_compute_actor.cpp:7] actor 79164837199873 switch to &TickComputeActor::HandlerNormal
I0525 18:01:33.120097 222338 tick_compute_actor.cpp:7] actor 105553116266497 switch to &TickComputeActor::HandlerNormal
I0525 18:01:33.118714 222337 runtime_context.cpp:12] DecreaseCounter constructing_actor_cnt, current val is 2223
I0525 18:01:33.120163 222326 thread.cpp:60] thread 12 construct actor 52776558133250
I0525 18:01:33.118991 222324 runtime_context.cpp:12] DecreaseCounter constructing_actor_cnt, current val is 2219
I0525 18:01:33.120349 222327 runtime_context.cpp:12] DecreaseCounter constructing_actor_cnt, current val is 2213
I0525 18:01:33.119441 222333 thread.cpp:60] thread 19 construct actor 83562883710977
I0525 18:01:33.120427 222329 thread.cpp:60] thread 15 construct actor 65970697666562
I0525 18:01:33.120451 222331 thread.cpp:60] thread 17 construct actor 74766790688770
I0525 18:01:33.120498 222302 normal_forward_compute_actor.cpp:13] actor 1 switch to &NormalForwardCompActor::HandlerNormal
I0525 18:01:33.117661 222339 runtime_context.cpp:12] DecreaseCounter constructing_actor_cnt, current val is 2243
I0525 18:01:33.120790 222328 tick_compute_actor.cpp:7] actor 61572651155457 switch to &TickComputeActor::HandlerNormal
I0525 18:01:33.121222 222302 runtime_context.cpp:12] DecreaseCounter constructing_actor_cnt, current val is 2210
I0525 18:01:33.120823 222338 runtime_context.cpp:12] DecreaseCounter constructing_actor_cnt, current val is 2211
I0525 18:01:33.120883 222321 tick_compute_actor.cpp:7] actor 30786325577729 switch to &TickComputeActor::HandlerNormal
I0525 18:01:33.120942 222324 thread.cpp:60] thread 10 construct actor 43980465111045
I0525 18:01:33.120991 222327 thread.cpp:60] thread 13 construct actor 57174604644354
I0525 18:01:33.121192 222339 thread.cpp:60] thread 25 construct actor 109951162777601
I0525 18:01:33.121199 222309 copy_hd_actor.cpp:8] actor 8796093022209 switch to &CopyHdActor::HandlerNormal
I0525 18:01:33.120798 222332 runtime_context.cpp:12] DecreaseCounter constructing_actor_cnt, current val is 2212
I0525 18:01:33.121258 222302 thread.cpp:60] thread 0 construct actor 2
I0525 18:01:33.121273 222328 runtime_context.cpp:12] DecreaseCounter constructing_actor_cnt, current val is 2209
I0525 18:01:33.121296 222334 tick_compute_actor.cpp:7] actor 87960930222081 switch to &TickComputeActor::HandlerNormal
I0525 18:01:33.121311 222330 tick_compute_actor.cpp:7] actor 70368744177671 switch to &TickComputeActor::HandlerNormal
I0525 18:01:33.121417 222321 runtime_context.cpp:12] DecreaseCounter constructing_actor_cnt, current val is 2208
I0525 18:01:33.121784 222333 tick_compute_actor.cpp:7] actor 83562883710977 switch to &TickComputeActor::HandlerNormal
I0525 18:01:33.121469 222323 tick_compute_actor.cpp:7] actor 39582418599937 switch to &TickComputeActor::HandlerNormal
I0525 18:01:33.121480 222335 tick_compute_actor.cpp:7] actor 92358976733185 switch to &TickComputeActor::HandlerNormal
I0525 18:01:33.121493 222331 tick_compute_actor.cpp:7] actor 74766790688770 switch to &TickComputeActor::HandlerNormal
I0525 18:01:33.121556 222332 thread.cpp:60] thread 18 construct actor 79164837199874
I0525 18:01:33.121563 222309 runtime_context.cpp:12] DecreaseCounter constructing_actor_cnt, current val is 2207
I0525 18:01:33.122061 222331 runtime_context.cpp:12] DecreaseCounter constructing_actor_cnt, current val is 2201
I0525 18:01:33.121644 222326 tick_compute_actor.cpp:7] actor 52776558133250 switch to &TickComputeActor::HandlerNormal
I0525 18:01:33.122196 222324 tick_compute_actor.cpp:7] actor 43980465111045 switch to &TickComputeActor::HandlerNormal
I0525 18:01:33.121775 222330 runtime_context.cpp:12] DecreaseCounter constructing_actor_cnt, current val is 2205
I0525 18:01:33.121436 222325 tick_compute_actor.cpp:7] actor 48378511622148 switch to &TickComputeActor::HandlerNormal
I0525 18:01:33.121795 222321 thread.cpp:60] thread 7 construct actor 30786325577730
I0525 18:01:33.122622 222325 runtime_context.cpp:12] DecreaseCounter constructing_actor_cnt, current val is 2198
I0525 18:01:33.121944 222323 runtime_context.cpp:12] DecreaseCounter constructing_actor_cnt, current val is 2203
I0525 18:01:33.121628 222328 thread.cpp:60] thread 14 construct actor 61572651155458
I0525 18:01:33.122064 222335 runtime_context.cpp:12] DecreaseCounter constructing_actor_cnt, current val is 2202
I0525 18:01:33.122071 222309 thread.cpp:60] thread 2 construct actor 8796093022210
I0525 18:01:33.122830 222332 tick_compute_actor.cpp:7] actor 79164837199874 switch to &TickComputeActor::HandlerNormal
I0525 18:01:33.122197 222327 tick_compute_actor.cpp:7] actor 57174604644354 switch to &TickComputeActor::HandlerNormal
I0525 18:01:33.121727 222334 runtime_context.cpp:12] DecreaseCounter constructing_actor_cnt, current val is 2206
I0525 18:01:33.122226 222339 tick_compute_actor.cpp:7] actor 109951162777601 switch to &TickComputeActor::HandlerNormal
I0525 18:01:33.122308 222326 runtime_context.cpp:12] DecreaseCounter constructing_actor_cnt, current val is 2200
I0525 18:01:33.122404 222302 normal_forward_compute_actor.cpp:13] actor 2 switch to &NormalForwardCompActor::HandlerNormal
I0525 18:01:33.123092 222373 normal_forward_compute_actor.cpp:13] actor 259484744155136 switch to &NormalForwardCompActor::HandlerNormal
I0525 18:01:33.122553 222330 thread.cpp:60] thread 16 construct actor 70368744177668
I0525 18:01:33.121868 222333 runtime_context.cpp:12] DecreaseCounter constructing_actor_cnt, current val is 2204
I0525 18:01:33.122661 222325 thread.cpp:60] thread 11 construct actor 48378511622149
I0525 18:01:33.122710 222323 thread.cpp:60] thread 9 construct actor 39582418599938
I0525 18:01:33.122089 222331 thread.cpp:60] thread 17 construct actor 74766790688771
I0525 18:01:33.122990 222332 runtime_context.cpp:12] DecreaseCounter constructing_actor_cnt, current val is 2197
I0525 18:01:33.123004 222327 runtime_context.cpp:12] DecreaseCounter constructing_actor_cnt, current val is 2196
I0525 18:01:33.123050 222339 runtime_context.cpp:12] DecreaseCounter constructing_actor_cnt, current val is 2195
I0525 18:01:33.123461 222321 tick_compute_actor.cpp:7] actor 30786325577730 switch to &TickComputeActor::HandlerNormal
I0525 18:01:33.122548 222324 runtime_context.cpp:12] DecreaseCounter constructing_actor_cnt, current val is 2199
I0525 18:01:33.123539 222328 tick_compute_actor.cpp:7] actor 61572651155458 switch to &TickComputeActor::HandlerNormal
I0525 18:01:33.123203 222333 thread.cpp:60] thread 19 construct actor 83562883710978
I0525 18:01:33.123343 222332 thread.cpp:60] thread 18 construct actor 79164837199875
I0525 18:01:33.123410 222327 thread.cpp:60] thread 13 construct actor 57174604644355
I0525 18:01:33.123070 222326 thread.cpp:60] thread 12 construct actor 52776558133251
I0525 18:01:33.123179 222302 runtime_context.cpp:12] DecreaseCounter constructing_actor_cnt, current val is 2194
I0525 18:01:33.123564 222324 thread.cpp:60] thread 10 construct actor 43980465111049
I0525 18:01:33.123585 222321 runtime_context.cpp:12] DecreaseCounter constructing_actor_cnt, current val is 2193
I0525 18:01:33.123659 222328 runtime_context.cpp:12] DecreaseCounter constructing_actor_cnt, current val is 2192
I0525 18:01:33.123842 222302 thread.cpp:60] thread 0 construct actor 3
I0525 18:01:33.123883 222331 tick_compute_actor.cpp:7] actor 74766790688771 switch to &TickComputeActor::HandlerNormal
I0525 18:01:33.124049 222330 tick_compute_actor.cpp:7] actor 70368744177668 switch to &TickComputeActor::HandlerNormal
I0525 18:01:33.124452 222325 tick_compute_actor.cpp:7] actor 48378511622149 switch to &TickComputeActor::HandlerNormal
I0525 18:01:33.124465 222332 tick_compute_actor.cpp:7] actor 79164837199875 switch to &TickComputeActor::HandlerNormal
I0525 18:01:33.124472 222333 tick_compute_actor.cpp:7] actor 83562883710978 switch to &TickComputeActor::HandlerNormal
I0525 18:01:33.124507 222323 tick_compute_actor.cpp:7] actor 39582418599938 switch to &TickComputeActor::HandlerNormal
I0525 18:01:33.124532 222329 tick_compute_actor.cpp:7] actor 65970697666562 switch to &TickComputeActor::HandlerNormal
I0525 18:01:33.124558 222321 thread.cpp:60] thread 7 construct actor 30786325577731
I0525 18:01:33.124564 222373 runtime_context.cpp:12] DecreaseCounter constructing_actor_cnt, current val is 2191
I0525 18:01:33.125237 222333 runtime_context.cpp:12] DecreaseCounter constructing_actor_cnt, current val is 2186
I0525 18:01:33.124723 222324 tick_compute_actor.cpp:7] actor 43980465111049 switch to &TickComputeActor::HandlerNormal
I0525 18:01:33.124832 222309 copy_hd_actor.cpp:8] actor 8796093022210 switch to &CopyHdActor::HandlerNormal
I0525 18:01:33.124881 222328 thread.cpp:60] thread 14 construct actor 61572651155459
I0525 18:01:33.125047 222331 runtime_context.cpp:12] DecreaseCounter constructing_actor_cnt, current val is 2190
I0525 18:01:33.125110 222330 runtime_context.cpp:12] DecreaseCounter constructing_actor_cnt, current val is 2189
I0525 18:01:33.125197 222332 runtime_context.cpp:12] DecreaseCounter constructing_actor_cnt, current val is 2188
I0525 18:01:33.125200 222325 runtime_context.cpp:12] DecreaseCounter constructing_actor_cnt, current val is 2187
I0525 18:01:33.124652 222326 tick_compute_actor.cpp:7] actor 52776558133251 switch to &TickComputeActor::HandlerNormal
I0525 18:01:33.125269 222323 runtime_context.cpp:12] DecreaseCounter constructing_actor_cnt, current val is 2185
I0525 18:01:33.125397 222324 runtime_context.cpp:12] DecreaseCounter constructing_actor_cnt, current val is 2184
I0525 18:01:33.125424 222331 thread.cpp:60] thread 17 construct actor 74766790688775
I0525 18:01:33.125442 222309 runtime_context.cpp:12] DecreaseCounter constructing_actor_cnt, current val is 2183
I0525 18:01:33.125463 222330 thread.cpp:60] thread 16 construct actor 70368744177669
I0525 18:01:33.125499 222332 thread.cpp:60] thread 18 construct actor 79164837199876
I0525 18:01:33.125536 222325 thread.cpp:60] thread 11 construct actor 48378511622150
I0525 18:01:33.125594 222323 thread.cpp:60] thread 9 construct actor 39582418599940
I0525 18:01:33.125635 222326 runtime_context.cpp:12] DecreaseCounter constructing_actor_cnt, current val is 2182
I0525 18:01:33.125643 222329 runtime_context.cpp:12] DecreaseCounter constructing_actor_cnt, current val is 2181
I0525 18:01:33.125677 222309 thread.cpp:60] thread 2 construct actor 8796093022211
I0525 18:01:33.125826 222326 thread.cpp:60] thread 12 construct actor 52776558133254
I0525 18:01:33.125871 222329 thread.cpp:60] thread 15 construct actor 65970697666567
I0525 18:01:33.125963 222321 tick_compute_actor.cpp:7] actor 30786325577731 switch to &TickComputeActor::HandlerNormal
I0525 18:01:33.126040 222321 runtime_context.cpp:12] DecreaseCounter constructing_actor_cnt, current val is 2180
I0525 18:01:33.126075 222321 thread.cpp:60] thread 7 construct actor 30786325577732
I0525 18:01:33.126091 222302 normal_forward_compute_actor.cpp:13] actor 3 switch to &NormalForwardCompActor::HandlerNormal
I0525 18:01:33.126124 222328 tick_compute_actor.cpp:7] actor 61572651155459 switch to &TickComputeActor::HandlerNormal
I0525 18:01:33.126235 222325 tick_compute_actor.cpp:7] actor 48378511622150 switch to &TickComputeActor::HandlerNormal
I0525 18:01:33.126324 222328 runtime_context.cpp:12] DecreaseCounter constructing_actor_cnt, current val is 2179
I0525 18:01:33.126338 222302 runtime_context.cpp:12] DecreaseCounter constructing_actor_cnt, current val is 2178
I0525 18:01:33.126338 222325 runtime_context.cpp:12] DecreaseCounter constructing_actor_cnt, current val is 2177
I0525 18:01:33.126360 222328 thread.cpp:60] thread 14 construct actor 61572651155460
I0525 18:01:33.126387 222302 thread.cpp:60] thread 0 construct actor 4
I0525 18:01:33.126433 222330 tick_compute_actor.cpp:7] actor 70368744177669 switch to &TickComputeActor::HandlerNormal
I0525 18:01:33.126471 222332 tick_compute_actor.cpp:7] actor 79164837199876 switch to &TickComputeActor::HandlerNormal
I0525 18:01:33.126641 222325 thread.cpp:60] thread 11 construct actor 48378511622151
I0525 18:01:33.126736 222331 tick_compute_actor.cpp:7] actor 74766790688775 switch to &TickComputeActor::HandlerNormal
I0525 18:01:33.126767 222330 runtime_context.cpp:12] DecreaseCounter constructing_actor_cnt, current val is 2176
I0525 18:01:33.126816 222332 runtime_context.cpp:12] DecreaseCounter constructing_actor_cnt, current val is 2175
I0525 18:01:33.126901 222321 tick_compute_actor.cpp:7] actor 30786325577732 switch to &TickComputeActor::HandlerNormal
I0525 18:01:33.126884 222331 runtime_context.cpp:12] DecreaseCounter constructing_actor_cnt, current val is 2174
I0525 18:01:33.126874 222330 thread.cpp:60] thread 16 construct actor 70368744177670
I0525 18:01:33.127013 222326 tick_compute_actor.cpp:7] actor 52776558133254 switch to &TickComputeActor::HandlerNormal
I0525 18:01:33.126986 222323 tick_compute_actor.cpp:7] actor 39582418599940 switch to &TickComputeActor::HandlerNormal
I0525 18:01:33.126994 222331 thread.cpp:60] thread 17 construct actor 74766790688772
I0525 18:01:33.127161 222323 runtime_context.cpp:12] DecreaseCounter constructing_actor_cnt, current val is 2171
I0525 18:01:33.127095 222309 copy_hd_actor.cpp:8] actor 8796093022211 switch to &CopyHdActor::HandlerNormal
I0525 18:01:33.127120 222329 tick_compute_actor.cpp:7] actor 65970697666567 switch to &TickComputeActor::HandlerNormal
I0525 18:01:33.127120 222326 runtime_context.cpp:12] DecreaseCounter constructing_actor_cnt, current val is 2172
I0525 18:01:33.126989 222321 runtime_context.cpp:12] DecreaseCounter constructing_actor_cnt, current val is 2173
I0525 18:01:33.127195 222323 thread.cpp:60] thread 9 construct actor 39582418599941
I0525 18:01:33.127266 222309 runtime_context.cpp:12] DecreaseCounter constructing_actor_cnt, current val is 2170
I0525 18:01:33.127300 222326 thread.cpp:60] thread 12 construct actor 52776558133255
I0525 18:01:33.127300 222329 runtime_context.cpp:12] DecreaseCounter constructing_actor_cnt, current val is 2169
I0525 18:01:33.127439 222302 normal_forward_compute_actor.cpp:13] actor 4 switch to &NormalForwardCompActor::HandlerNormal
I0525 18:01:33.127326 222321 thread.cpp:60] thread 7 construct actor 30786325577733
I0525 18:01:33.127496 222302 runtime_context.cpp:12] DecreaseCounter constructing_actor_cnt, current val is 2168
I0525 18:01:33.127324 222325 tick_compute_actor.cpp:7] actor 48378511622151 switch to &TickComputeActor::HandlerNormal
I0525 18:01:33.127454 222309 thread.cpp:60] thread 2 construct actor 8796093022212
I0525 18:01:33.127384 222328 tick_compute_actor.cpp:7] actor 61572651155460 switch to &TickComputeActor::HandlerNormal
I0525 18:01:33.127508 222327 tick_compute_actor.cpp:7] actor 57174604644355 switch to &TickComputeActor::HandlerNormal
I0525 18:01:33.127527 222302 thread.cpp:60] thread 0 construct actor 5
I0525 18:01:33.127585 222325 runtime_context.cpp:12] DecreaseCounter constructing_actor_cnt, current val is 2167
I0525 18:01:33.127669 222328 runtime_context.cpp:12] DecreaseCounter constructing_actor_cnt, current val is 2166
I0525 18:01:33.127740 222325 thread.cpp:60] thread 11 construct actor 48378511622152
I0525 18:01:33.127758 222328 thread.cpp:60] thread 14 construct actor 61572651155461
I0525 18:01:33.127873 222331 tick_compute_actor.cpp:7] actor 74766790688772 switch to &TickComputeActor::HandlerNormal
I0525 18:01:33.127981 222331 runtime_context.cpp:12] DecreaseCounter constructing_actor_cnt, current val is 2165
I0525 18:01:33.128011 222331 thread.cpp:60] thread 17 construct actor 74766790688773
I0525 18:01:33.128074 222327 runtime_context.cpp:12] DecreaseCounter constructing_actor_cnt, current val is 2164
I0525 18:01:33.128091 222330 tick_compute_actor.cpp:7] actor 70368744177670 switch to &TickComputeActor::HandlerNormal
I0525 18:01:33.128100 222327 thread.cpp:60] thread 13 construct actor 57174604644356
I0525 18:01:33.128159 222330 runtime_context.cpp:12] DecreaseCounter constructing_actor_cnt, current val is 2163
I0525 18:01:33.128162 222323 tick_compute_actor.cpp:7] actor 39582418599941 switch to &TickComputeActor::HandlerNormal
I0525 18:01:33.128170 222326 tick_compute_actor.cpp:7] actor 52776558133255 switch to &TickComputeActor::HandlerNormal
I0525 18:01:33.128269 222321 tick_compute_actor.cpp:7] actor 30786325577733 switch to &TickComputeActor::HandlerNormal
I0525 18:01:33.128262 222323 runtime_context.cpp:12] DecreaseCounter constructing_actor_cnt, current val is 2162
I0525 18:01:33.128307 222326 runtime_context.cpp:12] DecreaseCounter constructing_actor_cnt, current val is 2161
I0525 18:01:33.128337 222321 runtime_context.cpp:12] DecreaseCounter constructing_actor_cnt, current val is 2160
I0525 18:01:33.128386 222302 normal_forward_compute_actor.cpp:13] actor 5 switch to &NormalForwardCompActor::HandlerNormal
I0525 18:01:33.128367 222326 thread.cpp:60] thread 12 construct actor 52776558133256
I0525 18:01:33.128337 222323 thread.cpp:60] thread 9 construct actor 39582418599945
I0525 18:01:33.128437 222302 runtime_context.cpp:12] DecreaseCounter constructing_actor_cnt, current val is 2159
I0525 18:01:33.128394 222321 thread.cpp:60] thread 7 construct actor 30786325577734
I0525 18:01:33.128458 222302 thread.cpp:60] thread 0 construct actor 6
I0525 18:01:33.128521 222328 tick_compute_actor.cpp:7] actor 61572651155461 switch to &TickComputeActor::HandlerNormal
I0525 18:01:33.128543 222325 tick_compute_actor.cpp:7] actor 48378511622152 switch to &TickComputeActor::HandlerNormal
I0525 18:01:33.128592 222328 runtime_context.cpp:12] DecreaseCounter constructing_actor_cnt, current val is 2158
I0525 18:01:33.128620 222328 thread.cpp:60] thread 14 construct actor 61572651155465
I0525 18:01:33.128623 222325 runtime_context.cpp:12] DecreaseCounter constructing_actor_cnt, current val is 2157
I0525 18:01:33.128655 222327 tick_compute_actor.cpp:7] actor 57174604644356 switch to &TickComputeActor::HandlerNormal
I0525 18:01:33.128669 222325 thread.cpp:60] thread 11 construct actor 48378511622153
I0525 18:01:33.128706 222327 runtime_context.cpp:12] DecreaseCounter constructing_actor_cnt, current val is 2156
I0525 18:01:33.128717 222327 thread.cpp:60] thread 13 construct actor 57174604644357
I0525 18:01:33.128736 222331 tick_compute_actor.cpp:7] actor 74766790688773 switch to &TickComputeActor::HandlerNormal
I0525 18:01:33.128799 222331 runtime_context.cpp:12] DecreaseCounter constructing_actor_cnt, current val is 2155
I0525 18:01:33.128830 222331 thread.cpp:60] thread 17 construct actor 74766790688774
I0525 18:01:33.128836 222309 copy_hd_actor.cpp:8] actor 8796093022212 switch to &CopyHdActor::HandlerNormal
I0525 18:01:33.128914 222309 runtime_context.cpp:12] DecreaseCounter constructing_actor_cnt, current val is 2154
I0525 18:01:33.128947 222309 thread.cpp:60] thread 2 construct actor 8796093022213
I0525 18:01:33.129117 222326 tick_compute_actor.cpp:7] actor 52776558133256 switch to &TickComputeActor::HandlerNormal
I0525 18:01:33.129401 222325 tick_compute_actor.cpp:7] actor 48378511622153 switch to &TickComputeActor::HandlerNormal
I0525 18:01:33.129197 222321 normal_forward_compute_actor.cpp:13] actor 30786325577734 switch to &NormalForwardCompActor::HandlerNormal
I0525 18:01:33.129508 222325 runtime_context.cpp:12] DecreaseCounter constructing_actor_cnt, current val is 2152
I0525 18:01:33.129535 222331 tick_compute_actor.cpp:7] actor 74766790688774 switch to &TickComputeActor::HandlerNormal
I0525 18:01:33.129348 222328 tick_compute_actor.cpp:7] actor 61572651155465 switch to &TickComputeActor::HandlerNormal
I0525 18:01:33.129187 222302 normal_forward_compute_actor.cpp:13] actor 6 switch to &NormalForwardCompActor::HandlerNormal
I0525 18:01:33.129627 222328 runtime_context.cpp:12] DecreaseCounter constructing_actor_cnt, current val is 2149
