Log file created at: 2020/05/26 17:52:13
Running on machine: ai07
Log line format: [IWEF]mmdd hh:mm:ss.uuuuuu threadid file:line] msg
I0526 17:52:13.547646 214112 util.h:71] NewGlobal N7oneflow7EnvDescE
I0526 17:52:13.552402 214112 util.h:71] NewGlobal N7oneflow10CtrlServerE
I0526 17:52:13.563194 214112 ctrl_server.cpp:39] CtrlServer listening on 0.0.0.0:9789
I0526 17:52:13.563277 214112 util.h:71] NewGlobal N7oneflow10CtrlClientE
I0526 17:52:13.564261 214112 ctrl_client.cpp:187] LoadServer 127.0.0.1 Successful at 0 times
I0526 17:52:13.564321 214112 util.h:71] NewGlobal N7oneflow10MachineCtxE
I0526 17:52:13.564338 214112 machine_context.cpp:16] this machine id: 0
I0526 17:52:13.580631 214112 util.h:71] NewGlobal N7oneflow12ResourceDescE
I0526 17:52:13.580647 214112 util.h:71] NewGlobal N7oneflow6IOConfE
I0526 17:52:13.580653 214112 util.h:71] NewGlobal N7oneflow12ProfilerConfE
I0526 17:52:13.580658 214112 util.h:71] NewGlobal N7oneflow5IDMgrE
I0526 17:52:16.678918 214112 util.h:71] NewGlobal N7oneflow16AvailableMemDescE
I0526 17:52:16.679936 214112 util.h:71] NewGlobal St13unordered_mapISslSt4hashISsESt8equal_toISsESaISt4pairIKSslEEE
I0526 17:52:16.679947 214112 util.h:71] NewGlobal N7oneflow19CriticalSectionDescE
I0526 17:52:16.679951 214112 util.h:71] NewGlobal N7oneflow16InterUserJobInfoE
I0526 17:52:16.679967 214112 util.h:71] NewGlobal N7oneflow22JobBuildAndInferCtxMgrE
I0526 17:52:16.679976 214112 util.h:71] NewGlobal N7oneflow18LbiDiffWatcherInfoE
I0526 17:52:16.679982 214112 util.h:71] NewGlobal N7oneflow16JobSetCompileCtxE
I0526 17:52:16.679989 214112 util.h:71] NewGlobal N7oneflow26RuntimeBufferManagersScopeE
I0526 17:52:16.679993 214112 util.h:71] NewGlobal N7oneflow9BufferMgrIlEE
I0526 17:52:16.679996 214112 util.h:71] NewGlobal N7oneflow9BufferMgrISt10shared_ptrINS_18ForeignJobInstanceEEEE
I0526 17:52:16.680474 214112 oneflow_internal_helper.h:79] NewGlobal N7oneflow25SessionGlobalObjectsScopeE
I0526 17:52:16.684103 214112 util.h:71] NewGlobal N7oneflow7JobDescE
I0526 17:52:16.684123 214112 job_desc.cpp:90] Set piece_num_of_experiment_phase 19
I0526 17:52:17.336663 214112 util.h:76] DeleteGlobal N7oneflow7JobDescE
I0526 17:52:17.336694 214112 util.h:71] NewGlobal N7oneflow7JobDescE
I0526 17:52:17.336704 214112 job_desc.cpp:90] Set piece_num_of_experiment_phase 19
I0526 17:52:19.126147 214112 util.h:76] DeleteGlobal N7oneflow7JobDescE
I0526 17:52:19.130169 214112 util.h:71] NewGlobal N7oneflow24InterJobReuseMemStrategyE
I0526 17:52:19.130189 214112 util.h:71] NewGlobal N7oneflow7OneflowE
I0526 17:52:19.137748 214112 job_desc.cpp:90] Set piece_num_of_experiment_phase 19
I0526 17:52:19.140990 214112 job_desc.cpp:90] Set piece_num_of_experiment_phase 19
I0526 17:52:19.143258 214112 job_desc.cpp:90] Set piece_num_of_experiment_phase 19
I0526 17:52:19.144656 214112 job_desc.cpp:90] Set piece_num_of_experiment_phase 19
I0526 17:52:19.144672 214112 job_desc.cpp:90] Set piece_num_of_experiment_phase 19
I0526 17:52:19.144677 214112 job_desc.cpp:90] Set piece_num_of_experiment_phase 19
I0526 17:52:19.144682 214112 job_desc.cpp:90] Set piece_num_of_experiment_phase 19
I0526 17:52:19.146569 214112 util.h:71] NewGlobal N7oneflow7JobDescE
I0526 17:52:19.146581 214112 job_desc.cpp:90] Set piece_num_of_experiment_phase 19
I0526 17:52:19.774802 214112 util.h:71] NewGlobal N7oneflow7OpGraphE
I0526 17:52:19.969913 214112 util.h:76] DeleteGlobal N7oneflow7OpGraphE
I0526 17:52:19.991029 214112 oneflow.cpp:137] compile time: 8.36423e+08
I0526 17:52:20.067981 214112 oneflow.cpp:144] push_pull_plan:9.18135e+08
I0526 17:52:20.076486 214112 oneflow.cpp:168] compile and improve time: 9.29895e+08
I0526 17:52:20.092525 214112 util.h:76] DeleteGlobal N7oneflow7JobDescE
I0526 17:52:20.092562 214112 util.h:71] NewGlobal N7oneflow7JobDescE
I0526 17:52:20.092574 214112 job_desc.cpp:90] Set piece_num_of_experiment_phase 19
I0526 17:52:20.403513 214112 util.h:71] NewGlobal N7oneflow7OpGraphE
I0526 17:52:20.531591 214112 util.h:76] DeleteGlobal N7oneflow7OpGraphE
I0526 17:52:20.544906 214112 oneflow.cpp:137] compile time: 4.47202e+08
I0526 17:52:20.616261 214112 oneflow.cpp:144] push_pull_plan:5.21286e+08
I0526 17:52:20.634742 214112 oneflow.cpp:168] compile and improve time: 5.42117e+08
I0526 17:52:20.650221 214112 util.h:76] DeleteGlobal N7oneflow7JobDescE
I0526 17:52:20.650266 214112 util.h:71] NewGlobal N7oneflow7JobDescE
I0526 17:52:20.650283 214112 job_desc.cpp:90] Set piece_num_of_experiment_phase 19
I0526 17:52:20.996093 214112 util.h:71] NewGlobal N7oneflow7OpGraphE
I0526 17:52:21.149215 214112 util.h:76] DeleteGlobal N7oneflow7OpGraphE
I0526 17:52:21.165421 214112 oneflow.cpp:137] compile time: 5.09808e+08
I0526 17:52:21.235496 214112 oneflow.cpp:144] push_pull_plan:5.82868e+08
I0526 17:52:21.242096 214112 oneflow.cpp:168] compile and improve time: 5.91796e+08
I0526 17:52:21.253314 214112 util.h:76] DeleteGlobal N7oneflow7JobDescE
I0526 17:52:21.253346 214112 util.h:71] NewGlobal N7oneflow7JobDescE
I0526 17:52:21.253358 214112 job_desc.cpp:90] Set piece_num_of_experiment_phase 19
I0526 17:52:21.613054 214112 util.h:71] NewGlobal N7oneflow7OpGraphE
I0526 17:52:21.766448 214112 util.h:76] DeleteGlobal N7oneflow7OpGraphE
I0526 17:52:21.778795 214112 oneflow.cpp:137] compile time: 5.20981e+08
I0526 17:52:21.855264 214112 oneflow.cpp:144] push_pull_plan:5.99106e+08
I0526 17:52:21.863335 214112 oneflow.cpp:168] compile and improve time: 6.09964e+08
I0526 17:52:21.878183 214112 util.h:76] DeleteGlobal N7oneflow7JobDescE
I0526 17:52:21.878221 214112 util.h:71] NewGlobal N7oneflow7JobDescE
I0526 17:52:21.878232 214112 job_desc.cpp:90] Set piece_num_of_experiment_phase 19
I0526 17:52:21.881541 214112 util.h:71] NewGlobal N7oneflow7OpGraphE
I0526 17:52:21.883625 214112 util.h:76] DeleteGlobal N7oneflow7OpGraphE
I0526 17:52:21.883855 214112 oneflow.cpp:137] compile time: 5.5575e+06
I0526 17:52:21.884649 214112 oneflow.cpp:144] push_pull_plan:6.36877e+06
I0526 17:52:21.884800 214112 oneflow.cpp:168] compile and improve time: 6.55923e+06
I0526 17:52:21.884994 214112 util.h:76] DeleteGlobal N7oneflow7JobDescE
I0526 17:52:21.885002 214112 util.h:71] NewGlobal N7oneflow7JobDescE
I0526 17:52:21.885010 214112 job_desc.cpp:90] Set piece_num_of_experiment_phase 19
I0526 17:52:21.888109 214112 util.h:71] NewGlobal N7oneflow7OpGraphE
I0526 17:52:21.889971 214112 util.h:76] DeleteGlobal N7oneflow7OpGraphE
I0526 17:52:21.890177 214112 oneflow.cpp:137] compile time: 5.10797e+06
I0526 17:52:21.890944 214112 oneflow.cpp:144] push_pull_plan:5.89338e+06
I0526 17:52:21.891098 214112 oneflow.cpp:168] compile and improve time: 6.08051e+06
I0526 17:52:21.891284 214112 util.h:76] DeleteGlobal N7oneflow7JobDescE
I0526 17:52:21.891294 214112 util.h:71] NewGlobal N7oneflow7JobDescE
I0526 17:52:21.891299 214112 job_desc.cpp:90] Set piece_num_of_experiment_phase 19
I0526 17:52:21.894520 214112 util.h:71] NewGlobal N7oneflow7OpGraphE
I0526 17:52:21.896147 214112 util.h:76] DeleteGlobal N7oneflow7OpGraphE
I0526 17:52:21.896330 214112 oneflow.cpp:137] compile time: 4.97946e+06
I0526 17:52:21.896970 214112 oneflow.cpp:144] push_pull_plan:5.63789e+06
I0526 17:52:21.897094 214112 oneflow.cpp:168] compile and improve time: 5.78662e+06
I0526 17:52:21.897246 214112 util.h:76] DeleteGlobal N7oneflow7JobDescE
I0526 17:52:21.897254 214112 util.h:71] NewGlobal N7oneflow7JobDescE
I0526 17:52:21.897260 214112 job_desc.cpp:90] Set piece_num_of_experiment_phase 19
I0526 17:52:21.900470 214112 util.h:71] NewGlobal N7oneflow7OpGraphE
I0526 17:52:21.902081 214112 util.h:76] DeleteGlobal N7oneflow7OpGraphE
I0526 17:52:21.902261 214112 oneflow.cpp:137] compile time: 4.9495e+06
I0526 17:52:21.902906 214112 oneflow.cpp:144] push_pull_plan:5.61254e+06
I0526 17:52:21.903029 214112 oneflow.cpp:168] compile and improve time: 5.76179e+06
I0526 17:52:21.903178 214112 util.h:76] DeleteGlobal N7oneflow7JobDescE
I0526 17:52:21.903187 214112 util.h:71] NewGlobal N7oneflow7JobDescE
I0526 17:52:21.903192 214112 job_desc.cpp:90] Set piece_num_of_experiment_phase 19
I0526 17:52:21.906388 214112 util.h:71] NewGlobal N7oneflow7OpGraphE
I0526 17:52:21.908012 214112 util.h:76] DeleteGlobal N7oneflow7OpGraphE
I0526 17:52:21.908188 214112 oneflow.cpp:137] compile time: 4.9472e+06
I0526 17:52:21.908900 214112 oneflow.cpp:144] push_pull_plan:5.67578e+06
I0526 17:52:21.909615 214112 oneflow.cpp:168] compile and improve time: 6.41101e+06
I0526 17:52:21.910025 214112 util.h:76] DeleteGlobal N7oneflow7JobDescE
I0526 17:52:22.026309 214112 util.h:71] NewGlobal N7oneflow7JobDescE
I0526 17:52:22.026389 214112 job_desc.cpp:90] Set piece_num_of_experiment_phase 19
I0526 17:52:22.026432 214112 util.h:71] NewGlobal N7oneflow7OpGraphE
I0526 17:52:22.039680 214112 util.h:76] DeleteGlobal N7oneflow7OpGraphE
I0526 17:52:22.040715 214112 oneflow.cpp:137] compile time: 1.39082e+07
I0526 17:52:22.044093 214112 oneflow.cpp:144] push_pull_plan:1.745e+07
I0526 17:52:22.044616 214112 oneflow.cpp:168] compile and improve time: 1.81847e+07
I0526 17:52:22.045394 214112 util.h:76] DeleteGlobal N7oneflow7JobDescE
I0526 17:52:22.514539 214112 util.h:71] NewGlobal N7oneflow10RuntimeCtxE
I0526 17:52:22.515621 214112 util.h:71] NewGlobal N7oneflow15MemoryAllocatorE
I0526 17:52:22.515974 214112 util.h:71] NewGlobal N7oneflow8RegstMgrE
I0526 17:52:23.133947 214112 util.h:71] NewGlobal N7oneflow11ActorMsgBusE
I0526 17:52:23.133992 214112 util.h:71] NewGlobal N7oneflow9ThreadMgrE
I0526 17:52:23.135951 214112 util.h:71] NewGlobal N7oneflow11NcclCommMgrE
I0526 17:52:23.136032 214112 util.h:71] NewGlobal N7oneflow15RuntimeJobDescsE
I0526 17:52:23.136047 214112 job_desc.cpp:90] Set piece_num_of_experiment_phase 19
I0526 17:52:23.136056 214112 job_desc.cpp:90] Set piece_num_of_experiment_phase 19
I0526 17:52:23.136063 214112 job_desc.cpp:90] Set piece_num_of_experiment_phase 19
I0526 17:52:23.136070 214112 job_desc.cpp:90] Set piece_num_of_experiment_phase 19
I0526 17:52:23.136077 214112 job_desc.cpp:90] Set piece_num_of_experiment_phase 19
I0526 17:52:23.136087 214112 job_desc.cpp:90] Set piece_num_of_experiment_phase 19
I0526 17:52:23.136096 214112 job_desc.cpp:90] Set piece_num_of_experiment_phase 19
I0526 17:52:23.136102 214112 job_desc.cpp:90] Set piece_num_of_experiment_phase 19
I0526 17:52:23.136109 214112 job_desc.cpp:90] Set piece_num_of_experiment_phase 19
I0526 17:52:23.136116 214112 job_desc.cpp:90] Set piece_num_of_experiment_phase 19
I0526 17:52:23.137588 214112 runtime_context.cpp:6] NewCounter constructing_actor_cnt 2273
I0526 17:52:23.138000 214273 thread.cpp:60] thread 0 construct actor 663
I0526 17:52:23.138044 214295 thread.cpp:60] thread 15 construct actor 65970697666560
I0526 17:52:23.138068 214291 thread.cpp:60] thread 11 construct actor 48378511622144
I0526 17:52:23.138082 214302 thread.cpp:60] thread 22 construct actor 96757023244288
I0526 17:52:23.138092 214346 thread.cpp:60] thread 66 construct actor 290271069732864
I0526 17:52:23.138084 214294 thread.cpp:60] thread 14 construct actor 61572651155462
I0526 17:52:23.138070 214290 thread.cpp:60] thread 10 construct actor 43980465111043
I0526 17:52:23.139004 214302 tick_compute_actor.cpp:7] actor 96757023244288 switch to &TickComputeActor::HandlerNormal
I0526 17:52:23.139014 214291 tick_compute_actor.cpp:7] actor 48378511622144 switch to &TickComputeActor::HandlerNormal
I0526 17:52:23.139045 214295 tick_compute_actor.cpp:7] actor 65970697666560 switch to &TickComputeActor::HandlerNormal
I0526 17:52:23.139099 214294 tick_compute_actor.cpp:7] actor 61572651155462 switch to &TickComputeActor::HandlerNormal
I0526 17:52:23.139127 214291 runtime_context.cpp:12] DecreaseCounter constructing_actor_cnt, current val is 2271
I0526 17:52:23.139099 214302 runtime_context.cpp:12] DecreaseCounter constructing_actor_cnt, current val is 2272
I0526 17:52:23.139173 214295 runtime_context.cpp:12] DecreaseCounter constructing_actor_cnt, current val is 2270
I0526 17:52:23.139168 214273 tick_compute_actor.cpp:7] actor 663 switch to &TickComputeActor::HandlerNormal
I0526 17:52:23.139179 214294 runtime_context.cpp:12] DecreaseCounter constructing_actor_cnt, current val is 2269
I0526 17:52:23.139174 214291 thread.cpp:60] thread 11 construct actor 48378511622145
I0526 17:52:23.139242 214273 runtime_context.cpp:12] DecreaseCounter constructing_actor_cnt, current val is 2268
I0526 17:52:23.139197 214295 thread.cpp:60] thread 15 construct actor 65970697666563
I0526 17:52:23.139349 214273 thread.cpp:60] thread 0 construct actor 1030
I0526 17:52:23.139144 214290 tick_compute_actor.cpp:7] actor 43980465111043 switch to &TickComputeActor::HandlerNormal
I0526 17:52:23.139235 214294 thread.cpp:60] thread 14 construct actor 61572651155463
I0526 17:52:23.139454 214290 runtime_context.cpp:12] DecreaseCounter constructing_actor_cnt, current val is 2267
I0526 17:52:23.139482 214290 thread.cpp:60] thread 10 construct actor 43980465111046
I0526 17:52:23.139868 214291 tick_compute_actor.cpp:7] actor 48378511622145 switch to &TickComputeActor::HandlerNormal
I0526 17:52:23.139994 214295 tick_compute_actor.cpp:7] actor 65970697666563 switch to &TickComputeActor::HandlerNormal
I0526 17:52:23.140051 214294 tick_compute_actor.cpp:7] actor 61572651155463 switch to &TickComputeActor::HandlerNormal
I0526 17:52:23.140269 214291 runtime_context.cpp:12] DecreaseCounter constructing_actor_cnt, current val is 2266
I0526 17:52:23.140113 214290 tick_compute_actor.cpp:7] actor 43980465111046 switch to &TickComputeActor::HandlerNormal
I0526 17:52:23.140300 214291 thread.cpp:60] thread 11 construct actor 48378511622146
I0526 17:52:23.140321 214295 runtime_context.cpp:12] DecreaseCounter constructing_actor_cnt, current val is 2265
I0526 17:52:23.140344 214294 runtime_context.cpp:12] DecreaseCounter constructing_actor_cnt, current val is 2264
I0526 17:52:23.140383 214290 runtime_context.cpp:12] DecreaseCounter constructing_actor_cnt, current val is 2263
I0526 17:52:23.140396 214294 thread.cpp:60] thread 14 construct actor 61572651155464
I0526 17:52:23.140409 214290 thread.cpp:60] thread 10 construct actor 43980465111047
I0526 17:52:23.141093 214291 tick_compute_actor.cpp:7] actor 48378511622146 switch to &TickComputeActor::HandlerNormal
I0526 17:52:23.141173 214290 tick_compute_actor.cpp:7] actor 43980465111047 switch to &TickComputeActor::HandlerNormal
I0526 17:52:23.141181 214294 tick_compute_actor.cpp:7] actor 61572651155464 switch to &TickComputeActor::HandlerNormal
I0526 17:52:23.141196 214291 runtime_context.cpp:12] DecreaseCounter constructing_actor_cnt, current val is 2262
I0526 17:52:23.141283 214290 runtime_context.cpp:12] DecreaseCounter constructing_actor_cnt, current val is 2261
I0526 17:52:23.141299 214290 thread.cpp:60] thread 10 construct actor 43980465111048
I0526 17:52:23.141299 214294 runtime_context.cpp:12] DecreaseCounter constructing_actor_cnt, current val is 2260
I0526 17:52:23.141937 214290 tick_compute_actor.cpp:7] actor 43980465111048 switch to &TickComputeActor::HandlerNormal
I0526 17:52:23.141989 214290 runtime_context.cpp:12] DecreaseCounter constructing_actor_cnt, current val is 2259
I0526 17:52:23.161345 214273 tick_compute_actor.cpp:7] actor 1030 switch to &TickComputeActor::HandlerNormal
I0526 17:52:23.161450 214273 runtime_context.cpp:12] DecreaseCounter constructing_actor_cnt, current val is 2258
I0526 17:52:23.161470 214273 thread.cpp:60] thread 0 construct actor 1031
I0526 17:52:23.162783 214273 tick_compute_actor.cpp:7] actor 1031 switch to &TickComputeActor::HandlerNormal
I0526 17:52:23.162870 214273 runtime_context.cpp:12] DecreaseCounter constructing_actor_cnt, current val is 2257
I0526 17:52:23.162887 214273 thread.cpp:60] thread 0 construct actor 1398
I0526 17:52:23.167661 214273 tick_compute_actor.cpp:7] actor 1398 switch to &TickComputeActor::HandlerNormal
I0526 17:52:23.167745 214273 runtime_context.cpp:12] DecreaseCounter constructing_actor_cnt, current val is 2256
I0526 17:52:23.167762 214273 thread.cpp:60] thread 0 construct actor 1399
I0526 17:52:23.173238 214346 wait_and_send_ids_compute_actor.cpp:12] actor 290271069732864 switch to &WaitAndSendIdsCompActor::HandlerWaitToStart
I0526 17:52:23.173260 214273 tick_compute_actor.cpp:7] actor 1399 switch to &TickComputeActor::HandlerNormal
I0526 17:52:23.173326 214346 runtime_context.cpp:12] DecreaseCounter constructing_actor_cnt, current val is 2255
I0526 17:52:23.173413 214273 runtime_context.cpp:12] DecreaseCounter constructing_actor_cnt, current val is 2254
I0526 17:52:23.173501 214273 thread.cpp:60] thread 0 construct actor 1767
I0526 17:52:23.174845 214273 tick_compute_actor.cpp:7] actor 1767 switch to &TickComputeActor::HandlerNormal
I0526 17:52:23.175271 214273 runtime_context.cpp:12] DecreaseCounter constructing_actor_cnt, current val is 2253
I0526 17:52:23.175288 214273 thread.cpp:60] thread 0 construct actor 1769
I0526 17:52:23.175917 214273 tick_compute_actor.cpp:7] actor 1769 switch to &TickComputeActor::HandlerNormal
I0526 17:52:23.175952 214273 runtime_context.cpp:12] DecreaseCounter constructing_actor_cnt, current val is 2252
I0526 17:52:23.175971 214273 thread.cpp:60] thread 0 construct actor 1770
I0526 17:52:23.183091 214273 tick_compute_actor.cpp:7] actor 1770 switch to &TickComputeActor::HandlerNormal
I0526 17:52:23.183168 214273 runtime_context.cpp:12] DecreaseCounter constructing_actor_cnt, current val is 2251
I0526 17:52:23.183182 214273 thread.cpp:60] thread 0 construct actor 1772
I0526 17:52:23.183800 214273 tick_compute_actor.cpp:7] actor 1772 switch to &TickComputeActor::HandlerNormal
I0526 17:52:23.183867 214273 runtime_context.cpp:12] DecreaseCounter constructing_actor_cnt, current val is 2250
I0526 17:52:23.183879 214273 thread.cpp:60] thread 0 construct actor 1773
I0526 17:52:23.184528 214273 tick_compute_actor.cpp:7] actor 1773 switch to &TickComputeActor::HandlerNormal
I0526 17:52:23.184581 214273 runtime_context.cpp:12] DecreaseCounter constructing_actor_cnt, current val is 2249
I0526 17:52:23.196816 214273 thread.cpp:60] thread 0 construct actor 0
I0526 17:52:23.196947 214294 thread.cpp:60] thread 14 construct actor 61572651155456
I0526 17:52:23.197104 214289 thread.cpp:60] thread 9 construct actor 39582418599936
I0526 17:52:23.197114 214288 thread.cpp:60] thread 8 construct actor 35184372088832
I0526 17:52:23.197132 214295 thread.cpp:60] thread 15 construct actor 65970697666561
I0526 17:52:23.197108 214287 thread.cpp:60] thread 7 construct actor 30786325577728
I0526 17:52:23.197281 214301 thread.cpp:60] thread 21 construct actor 92358976733184
I0526 17:52:23.197315 214296 thread.cpp:60] thread 16 construct actor 70368744177664
I0526 17:52:23.197257 214292 thread.cpp:60] thread 12 construct actor 52776558133248
I0526 17:52:23.197273 214291 thread.cpp:60] thread 11 construct actor 48378511622147
I0526 17:52:23.197203 214347 thread.cpp:60] thread 67 construct actor 294669116243968
I0526 17:52:23.197451 214338 thread.cpp:60] thread 58 construct actor 255086697644032
I0526 17:52:23.197476 214299 thread.cpp:60] thread 19 construct actor 83562883710976
I0526 17:52:23.197345 214290 thread.cpp:60] thread 10 construct actor 43980465111044
I0526 17:52:23.197369 214304 thread.cpp:60] thread 24 construct actor 105553116266496
I0526 17:52:23.197373 214305 thread.cpp:60] thread 25 construct actor 109951162777600
I0526 17:52:23.197414 214337 thread.cpp:60] thread 57 construct actor 250688651132928
I0526 17:52:23.197417 214293 thread.cpp:60] thread 13 construct actor 57174604644352
I0526 17:52:23.197634 214341 thread.cpp:60] thread 61 construct actor 268280837177344
I0526 17:52:23.197427 214306 thread.cpp:60] thread 26 construct actor 114349209288704
I0526 17:52:23.197741 214345 thread.cpp:60] thread 65 construct actor 285873023221760
I0526 17:52:23.197806 214344 thread.cpp:60] thread 64 construct actor 281474976710656
I0526 17:52:23.197844 214342 thread.cpp:60] thread 62 construct actor 272678883688448
I0526 17:52:23.197476 214300 thread.cpp:60] thread 20 construct actor 87960930222080
I0526 17:52:23.197937 214307 thread.cpp:60] thread 27 construct actor 118747255799808
I0526 17:52:23.197428 214297 thread.cpp:60] thread 17 construct actor 74766790688769
I0526 17:52:23.197675 214343 thread.cpp:60] thread 63 construct actor 277076930199552
I0526 17:52:23.197687 214273 normal_forward_compute_actor.cpp:13] actor 0 switch to &NormalForwardCompActor::HandlerNormal
I0526 17:52:23.197700 214303 thread.cpp:60] thread 23 construct actor 101155069755393
I0526 17:52:23.198143 214273 runtime_context.cpp:12] DecreaseCounter constructing_actor_cnt, current val is 2248
I0526 17:52:23.197688 214308 thread.cpp:60] thread 28 construct actor 123145302310912
I0526 17:52:23.198320 214273 thread.cpp:60] thread 0 construct actor 1
I0526 17:52:23.198437 214288 normal_forward_compute_actor.cpp:13] actor 35184372088832 switch to &NormalForwardCompActor::HandlerNormal
I0526 17:52:23.197295 214302 thread.cpp:60] thread 22 construct actor 96757023244289
I0526 17:52:23.197460 214298 thread.cpp:60] thread 18 construct actor 79164837199872
I0526 17:52:23.197212 214277 thread.cpp:60] thread 2 construct actor 8796093022208
I0526 17:52:23.197573 214309 thread.cpp:60] thread 29 construct actor 127543348822016
I0526 17:52:23.197707 214339 thread.cpp:60] thread 59 construct actor 259484744155136
I0526 17:52:23.197728 214340 thread.cpp:60] thread 60 construct actor 263882790666240
I0526 17:52:23.198505 214287 normal_forward_compute_actor.cpp:13] actor 30786325577728 switch to &NormalForwardCompActor::HandlerNormal
I0526 17:52:23.198556 214289 normal_forward_compute_actor.cpp:13] actor 39582418599936 switch to &NormalForwardCompActor::HandlerNormal
I0526 17:52:23.198596 214288 runtime_context.cpp:12] DecreaseCounter constructing_actor_cnt, current val is 2247
I0526 17:52:23.199056 214287 runtime_context.cpp:12] DecreaseCounter constructing_actor_cnt, current val is 2246
I0526 17:52:23.199070 214289 runtime_context.cpp:12] DecreaseCounter constructing_actor_cnt, current val is 2245
I0526 17:52:23.199075 214287 thread.cpp:60] thread 7 construct actor 30786325577729
I0526 17:52:23.199090 214289 thread.cpp:60] thread 9 construct actor 39582418599937
I0526 17:52:23.199142 214304 tick_compute_actor.cpp:7] actor 105553116266496 switch to &TickComputeActor::HandlerNormal
I0526 17:52:23.199148 214294 tick_compute_actor.cpp:7] actor 61572651155456 switch to &TickComputeActor::HandlerNormal
I0526 17:52:23.199162 214306 tick_compute_actor.cpp:7] actor 114349209288704 switch to &TickComputeActor::HandlerNormal
I0526 17:52:23.199400 214294 runtime_context.cpp:12] DecreaseCounter constructing_actor_cnt, current val is 2243
I0526 17:52:23.199183 214293 tick_compute_actor.cpp:7] actor 57174604644352 switch to &TickComputeActor::HandlerNormal
I0526 17:52:23.199151 214338 normal_forward_compute_actor.cpp:13] actor 255086697644032 switch to &NormalForwardCompActor::HandlerNormal
I0526 17:52:23.199209 214300 tick_compute_actor.cpp:7] actor 87960930222080 switch to &TickComputeActor::HandlerNormal
I0526 17:52:23.199211 214297 tick_compute_actor.cpp:7] actor 74766790688769 switch to &TickComputeActor::HandlerNormal
I0526 17:52:23.199594 214300 runtime_context.cpp:12] DecreaseCounter constructing_actor_cnt, current val is 2239
I0526 17:52:23.199632 214300 thread.cpp:60] thread 20 construct actor 87960930222081
I0526 17:52:23.199306 214337 normal_forward_compute_actor.cpp:13] actor 250688651132928 switch to &NormalForwardCompActor::HandlerNormal
I0526 17:52:23.199723 214343 normal_forward_compute_actor.cpp:13] actor 277076930199552 switch to &NormalForwardCompActor::HandlerNormal
I0526 17:52:23.199313 214303 tick_compute_actor.cpp:7] actor 101155069755393 switch to &TickComputeActor::HandlerNormal
I0526 17:52:23.199795 214343 runtime_context.cpp:12] DecreaseCounter constructing_actor_cnt, current val is 2236
I0526 17:52:23.199168 214288 thread.cpp:60] thread 8 construct actor 35184372088833
I0526 17:52:23.199445 214294 thread.cpp:60] thread 14 construct actor 61572651155457
I0526 17:52:23.199445 214306 runtime_context.cpp:12] DecreaseCounter constructing_actor_cnt, current val is 2242
I0526 17:52:23.199517 214293 runtime_context.cpp:12] DecreaseCounter constructing_actor_cnt, current val is 2241
I0526 17:52:23.200927 214300 tick_compute_actor.cpp:7] actor 87960930222081 switch to &TickComputeActor::HandlerNormal
I0526 17:52:23.200963 214308 esac_compute_actor.cpp:21] actor 123145302310912 switch to &EsacCompActor::HandlerNormal
I0526 17:52:23.201004 214300 runtime_context.cpp:12] DecreaseCounter constructing_actor_cnt, current val is 2234
I0526 17:52:23.199301 214304 runtime_context.cpp:12] DecreaseCounter constructing_actor_cnt, current val is 2244
I0526 17:52:23.199311 214292 tick_compute_actor.cpp:7] actor 52776558133248 switch to &TickComputeActor::HandlerNormal
I0526 17:52:23.199784 214337 runtime_context.cpp:12] DecreaseCounter constructing_actor_cnt, current val is 2237
I0526 17:52:23.201202 214292 runtime_context.cpp:12] DecreaseCounter constructing_actor_cnt, current val is 2232
I0526 17:52:23.199829 214303 runtime_context.cpp:12] DecreaseCounter constructing_actor_cnt, current val is 2235
I0526 17:52:23.199895 214307 tick_compute_actor.cpp:7] actor 118747255799808 switch to &TickComputeActor::HandlerNormal
I0526 17:52:23.199930 214305 tick_compute_actor.cpp:7] actor 109951162777600 switch to &TickComputeActor::HandlerNormal
I0526 17:52:23.201325 214307 runtime_context.cpp:12] DecreaseCounter constructing_actor_cnt, current val is 2231
I0526 17:52:23.200131 214299 tick_compute_actor.cpp:7] actor 83562883710976 switch to &TickComputeActor::HandlerNormal
I0526 17:52:23.200147 214295 tick_compute_actor.cpp:7] actor 65970697666561 switch to &TickComputeActor::HandlerNormal
I0526 17:52:23.200186 214342 normal_forward_compute_actor.cpp:13] actor 272678883688448 switch to &NormalForwardCompActor::HandlerNormal
I0526 17:52:23.200217 214273 normal_forward_compute_actor.cpp:13] actor 1 switch to &NormalForwardCompActor::HandlerNormal
I0526 17:52:23.200218 214345 normal_forward_compute_actor.cpp:13] actor 285873023221760 switch to &NormalForwardCompActor::HandlerNormal
I0526 17:52:23.200250 214344 normal_forward_compute_actor.cpp:13] actor 281474976710656 switch to &NormalForwardCompActor::HandlerNormal
I0526 17:52:23.200523 214298 tick_compute_actor.cpp:7] actor 79164837199872 switch to &TickComputeActor::HandlerNormal
I0526 17:52:23.200636 214290 tick_compute_actor.cpp:7] actor 43980465111044 switch to &TickComputeActor::HandlerNormal
I0526 17:52:23.200708 214302 tick_compute_actor.cpp:7] actor 96757023244289 switch to &TickComputeActor::HandlerNormal
I0526 17:52:23.200747 214289 tick_compute_actor.cpp:7] actor 39582418599937 switch to &TickComputeActor::HandlerNormal
I0526 17:52:23.200774 214296 tick_compute_actor.cpp:7] actor 70368744177664 switch to &TickComputeActor::HandlerNormal
I0526 17:52:23.201697 214294 tick_compute_actor.cpp:7] actor 61572651155457 switch to &TickComputeActor::HandlerNormal
I0526 17:52:23.199564 214338 runtime_context.cpp:12] DecreaseCounter constructing_actor_cnt, current val is 2240
I0526 17:52:23.200940 214293 thread.cpp:60] thread 13 construct actor 57174604644353
I0526 17:52:23.199168 214291 tick_compute_actor.cpp:7] actor 48378511622147 switch to &TickComputeActor::HandlerNormal
I0526 17:52:23.199638 214297 runtime_context.cpp:12] DecreaseCounter constructing_actor_cnt, current val is 2238
I0526 17:52:23.201033 214340 normal_forward_compute_actor.cpp:13] actor 263882790666240 switch to &NormalForwardCompActor::HandlerNormal
I0526 17:52:23.201881 214294 runtime_context.cpp:12] DecreaseCounter constructing_actor_cnt, current val is 2220
I0526 17:52:23.201905 214296 runtime_context.cpp:12] DecreaseCounter constructing_actor_cnt, current val is 2219
I0526 17:52:23.201133 214304 thread.cpp:60] thread 24 construct actor 105553116266497
I0526 17:52:23.199327 214347 sink_compute_actor.cpp:6] actor 294669116243968 switch to &SinkCompActor::HandlerNormal
I0526 17:52:23.201213 214341 normal_forward_compute_actor.cpp:13] actor 268280837177344 switch to &NormalForwardCompActor::HandlerNormal
I0526 17:52:23.202028 214347 runtime_context.cpp:12] DecreaseCounter constructing_actor_cnt, current val is 2216
I0526 17:52:23.200067 214301 tick_compute_actor.cpp:7] actor 92358976733184 switch to &TickComputeActor::HandlerNormal
I0526 17:52:23.201365 214305 runtime_context.cpp:12] DecreaseCounter constructing_actor_cnt, current val is 2230
I0526 17:52:23.202113 214341 runtime_context.cpp:12] DecreaseCounter constructing_actor_cnt, current val is 2215
I0526 17:52:23.201552 214342 runtime_context.cpp:12] DecreaseCounter constructing_actor_cnt, current val is 2228
I0526 17:52:23.201609 214273 runtime_context.cpp:12] DecreaseCounter constructing_actor_cnt, current val is 2227
I0526 17:52:23.201611 214345 runtime_context.cpp:12] DecreaseCounter constructing_actor_cnt, current val is 2226
I0526 17:52:23.201617 214344 runtime_context.cpp:12] DecreaseCounter constructing_actor_cnt, current val is 2225
I0526 17:52:23.201638 214298 runtime_context.cpp:12] DecreaseCounter constructing_actor_cnt, current val is 2224
I0526 17:52:23.200798 214287 tick_compute_actor.cpp:7] actor 30786325577729 switch to &TickComputeActor::HandlerNormal
I0526 17:52:23.201720 214290 runtime_context.cpp:12] DecreaseCounter constructing_actor_cnt, current val is 2223
I0526 17:52:23.201746 214309 esac_compute_actor.cpp:21] actor 127543348822016 switch to &EsacCompActor::HandlerNormal
I0526 17:52:23.201797 214302 runtime_context.cpp:12] DecreaseCounter constructing_actor_cnt, current val is 2222
I0526 17:52:23.201831 214289 runtime_context.cpp:12] DecreaseCounter constructing_actor_cnt, current val is 2221
I0526 17:52:23.201864 214297 thread.cpp:60] thread 17 construct actor 74766790688770
I0526 17:52:23.201095 214277 copy_hd_actor.cpp:8] actor 8796093022208 switch to &CopyHdActor::HandlerNormal
I0526 17:52:23.201110 214308 runtime_context.cpp:12] DecreaseCounter constructing_actor_cnt, current val is 2233
I0526 17:52:23.202926 214277 runtime_context.cpp:12] DecreaseCounter constructing_actor_cnt, current val is 2210
I0526 17:52:23.201939 214296 thread.cpp:60] thread 16 construct actor 70368744177671
I0526 17:52:23.201946 214291 runtime_context.cpp:12] DecreaseCounter constructing_actor_cnt, current val is 2218
I0526 17:52:23.201977 214340 runtime_context.cpp:12] DecreaseCounter constructing_actor_cnt, current val is 2217
I0526 17:52:23.201243 214292 thread.cpp:60] thread 12 construct actor 52776558133249
I0526 17:52:23.201431 214299 runtime_context.cpp:12] DecreaseCounter constructing_actor_cnt, current val is 2229
I0526 17:52:23.202123 214305 thread.cpp:60] thread 25 construct actor 109951162777601
I0526 17:52:23.202172 214301 runtime_context.cpp:12] DecreaseCounter constructing_actor_cnt, current val is 2214
I0526 17:52:23.202203 214295 runtime_context.cpp:12] DecreaseCounter constructing_actor_cnt, current val is 2213
I0526 17:52:23.202252 214273 thread.cpp:60] thread 0 construct actor 2
I0526 17:52:23.202358 214298 thread.cpp:60] thread 18 construct actor 79164837199873
I0526 17:52:23.202455 214287 runtime_context.cpp:12] DecreaseCounter constructing_actor_cnt, current val is 2212
I0526 17:52:23.202571 214293 tick_compute_actor.cpp:7] actor 57174604644353 switch to &TickComputeActor::HandlerNormal
I0526 17:52:23.202716 214290 thread.cpp:60] thread 10 construct actor 43980465111045
I0526 17:52:23.202761 214304 tick_compute_actor.cpp:7] actor 105553116266497 switch to &TickComputeActor::HandlerNormal
I0526 17:52:23.203404 214293 runtime_context.cpp:12] DecreaseCounter constructing_actor_cnt, current val is 2209
I0526 17:52:23.202839 214289 thread.cpp:60] thread 9 construct actor 39582418599938
I0526 17:52:23.201915 214294 thread.cpp:60] thread 14 construct actor 61572651155458
I0526 17:52:23.202960 214277 thread.cpp:60] thread 2 construct actor 8796093022209
I0526 17:52:23.203020 214291 thread.cpp:60] thread 11 construct actor 48378511622148
I0526 17:52:23.203130 214299 thread.cpp:60] thread 19 construct actor 83562883710977
I0526 17:52:23.203761 214296 tick_compute_actor.cpp:7] actor 70368744177671 switch to &TickComputeActor::HandlerNormal
I0526 17:52:23.203205 214295 thread.cpp:60] thread 15 construct actor 65970697666562
I0526 17:52:23.203311 214287 thread.cpp:60] thread 7 construct actor 30786325577730
I0526 17:52:23.202814 214309 runtime_context.cpp:12] DecreaseCounter constructing_actor_cnt, current val is 2211
I0526 17:52:23.203436 214293 thread.cpp:60] thread 13 construct actor 57174604644354
I0526 17:52:23.203444 214304 runtime_context.cpp:12] DecreaseCounter constructing_actor_cnt, current val is 2208
I0526 17:52:23.203586 214297 tick_compute_actor.cpp:7] actor 74766790688770 switch to &TickComputeActor::HandlerNormal
I0526 17:52:23.204113 214290 tick_compute_actor.cpp:7] actor 43980465111045 switch to &TickComputeActor::HandlerNormal
I0526 17:52:23.203807 214298 tick_compute_actor.cpp:7] actor 79164837199873 switch to &TickComputeActor::HandlerNormal
I0526 17:52:23.203850 214296 runtime_context.cpp:12] DecreaseCounter constructing_actor_cnt, current val is 2207
I0526 17:52:23.204274 214298 runtime_context.cpp:12] DecreaseCounter constructing_actor_cnt, current val is 2204
I0526 17:52:23.203927 214305 tick_compute_actor.cpp:7] actor 109951162777601 switch to &TickComputeActor::HandlerNormal
I0526 17:52:23.204128 214297 runtime_context.cpp:12] DecreaseCounter constructing_actor_cnt, current val is 2206
I0526 17:52:23.204247 214294 tick_compute_actor.cpp:7] actor 61572651155458 switch to &TickComputeActor::HandlerNormal
I0526 17:52:23.204404 214299 tick_compute_actor.cpp:7] actor 83562883710977 switch to &TickComputeActor::HandlerNormal
I0526 17:52:23.203917 214292 tick_compute_actor.cpp:7] actor 52776558133249 switch to &TickComputeActor::HandlerNormal
I0526 17:52:23.204288 214296 thread.cpp:60] thread 16 construct actor 70368744177668
I0526 17:52:23.204306 214298 thread.cpp:60] thread 18 construct actor 79164837199874
I0526 17:52:23.204800 214292 runtime_context.cpp:12] DecreaseCounter constructing_actor_cnt, current val is 2200
I0526 17:52:23.204373 214305 runtime_context.cpp:12] DecreaseCounter constructing_actor_cnt, current val is 2203
I0526 17:52:23.204378 214297 thread.cpp:60] thread 17 construct actor 74766790688771
I0526 17:52:23.204258 214290 runtime_context.cpp:12] DecreaseCounter constructing_actor_cnt, current val is 2205
I0526 17:52:23.204443 214294 runtime_context.cpp:12] DecreaseCounter constructing_actor_cnt, current val is 2202
I0526 17:52:23.204491 214289 tick_compute_actor.cpp:7] actor 39582418599938 switch to &TickComputeActor::HandlerNormal
I0526 17:52:23.204522 214299 runtime_context.cpp:12] DecreaseCounter constructing_actor_cnt, current val is 2201
I0526 17:52:23.204640 214287 tick_compute_actor.cpp:7] actor 30786325577730 switch to &TickComputeActor::HandlerNormal
I0526 17:52:23.204672 214291 tick_compute_actor.cpp:7] actor 48378511622148 switch to &TickComputeActor::HandlerNormal
I0526 17:52:23.205101 214287 runtime_context.cpp:12] DecreaseCounter constructing_actor_cnt, current val is 2198
I0526 17:52:23.204347 214273 normal_forward_compute_actor.cpp:13] actor 2 switch to &NormalForwardCompActor::HandlerNormal
I0526 17:52:23.204838 214292 thread.cpp:60] thread 12 construct actor 52776558133250
I0526 17:52:23.204926 214290 thread.cpp:60] thread 10 construct actor 43980465111049
I0526 17:52:23.204957 214294 thread.cpp:60] thread 14 construct actor 61572651155459
I0526 17:52:23.205021 214299 thread.cpp:60] thread 19 construct actor 83562883710978
I0526 17:52:23.205024 214289 runtime_context.cpp:12] DecreaseCounter constructing_actor_cnt, current val is 2199
I0526 17:52:23.204764 214293 tick_compute_actor.cpp:7] actor 57174604644354 switch to &TickComputeActor::HandlerNormal
I0526 17:52:23.205144 214287 thread.cpp:60] thread 7 construct actor 30786325577731
I0526 17:52:23.205152 214291 runtime_context.cpp:12] DecreaseCounter constructing_actor_cnt, current val is 2197
I0526 17:52:23.203184 214301 thread.cpp:60] thread 21 construct actor 92358976733185
I0526 17:52:23.205181 214277 copy_hd_actor.cpp:8] actor 8796093022209 switch to &CopyHdActor::HandlerNormal
I0526 17:52:23.205206 214273 runtime_context.cpp:12] DecreaseCounter constructing_actor_cnt, current val is 2196
I0526 17:52:23.205308 214289 thread.cpp:60] thread 9 construct actor 39582418599940
I0526 17:52:23.205389 214293 runtime_context.cpp:12] DecreaseCounter constructing_actor_cnt, current val is 2195
I0526 17:52:23.205423 214291 thread.cpp:60] thread 11 construct actor 48378511622149
I0526 17:52:23.205519 214273 thread.cpp:60] thread 0 construct actor 3
I0526 17:52:23.205528 214277 runtime_context.cpp:12] DecreaseCounter constructing_actor_cnt, current val is 2194
I0526 17:52:23.205591 214293 thread.cpp:60] thread 13 construct actor 57174604644355
I0526 17:52:23.205668 214298 tick_compute_actor.cpp:7] actor 79164837199874 switch to &TickComputeActor::HandlerNormal
I0526 17:52:23.205705 214277 thread.cpp:60] thread 2 construct actor 8796093022210
I0526 17:52:23.205718 214296 tick_compute_actor.cpp:7] actor 70368744177668 switch to &TickComputeActor::HandlerNormal
I0526 17:52:23.205835 214298 runtime_context.cpp:12] DecreaseCounter constructing_actor_cnt, current val is 2193
I0526 17:52:23.205919 214298 thread.cpp:60] thread 18 construct actor 79164837199875
I0526 17:52:23.205930 214296 runtime_context.cpp:12] DecreaseCounter constructing_actor_cnt, current val is 2192
I0526 17:52:23.205946 214290 tick_compute_actor.cpp:7] actor 43980465111049 switch to &TickComputeActor::HandlerNormal
I0526 17:52:23.205971 214297 tick_compute_actor.cpp:7] actor 74766790688771 switch to &TickComputeActor::HandlerNormal
I0526 17:52:23.205976 214296 thread.cpp:60] thread 16 construct actor 70368744177669
I0526 17:52:23.206013 214299 tick_compute_actor.cpp:7] actor 83562883710978 switch to &TickComputeActor::HandlerNormal
I0526 17:52:23.206051 214290 runtime_context.cpp:12] DecreaseCounter constructing_actor_cnt, current val is 2191
I0526 17:52:23.206396 214299 runtime_context.cpp:12] DecreaseCounter constructing_actor_cnt, current val is 2189
I0526 17:52:23.206233 214294 tick_compute_actor.cpp:7] actor 61572651155459 switch to &TickComputeActor::HandlerNormal
I0526 17:52:23.206269 214287 tick_compute_actor.cpp:7] actor 30786325577731 switch to &TickComputeActor::HandlerNormal
I0526 17:52:23.206346 214297 runtime_context.cpp:12] DecreaseCounter constructing_actor_cnt, current val is 2190
I0526 17:52:23.206205 214292 tick_compute_actor.cpp:7] actor 52776558133250 switch to &TickComputeActor::HandlerNormal
I0526 17:52:23.206508 214294 runtime_context.cpp:12] DecreaseCounter constructing_actor_cnt, current val is 2188
I0526 17:52:23.206518 214295 tick_compute_actor.cpp:7] actor 65970697666562 switch to &TickComputeActor::HandlerNormal
I0526 17:52:23.206557 214297 thread.cpp:60] thread 17 construct actor 74766790688775
I0526 17:52:23.206568 214287 runtime_context.cpp:12] DecreaseCounter constructing_actor_cnt, current val is 2187
I0526 17:52:23.206580 214289 tick_compute_actor.cpp:7] actor 39582418599940 switch to &TickComputeActor::HandlerNormal
I0526 17:52:23.206568 214301 tick_compute_actor.cpp:7] actor 92358976733185 switch to &TickComputeActor::HandlerNormal
I0526 17:52:23.206634 214294 thread.cpp:60] thread 14 construct actor 61572651155460
I0526 17:52:23.206643 214292 runtime_context.cpp:12] DecreaseCounter constructing_actor_cnt, current val is 2186
I0526 17:52:23.206879 214289 runtime_context.cpp:12] DecreaseCounter constructing_actor_cnt, current val is 2185
I0526 17:52:23.206741 214287 thread.cpp:60] thread 7 construct actor 30786325577732
I0526 17:52:23.206820 214298 tick_compute_actor.cpp:7] actor 79164837199875 switch to &TickComputeActor::HandlerNormal
I0526 17:52:23.206672 214291 tick_compute_actor.cpp:7] actor 48378511622149 switch to &TickComputeActor::HandlerNormal
I0526 17:52:23.206887 214292 thread.cpp:60] thread 12 construct actor 52776558133251
I0526 17:52:23.207044 214298 runtime_context.cpp:12] DecreaseCounter constructing_actor_cnt, current val is 2183
I0526 17:52:23.206919 214289 thread.cpp:60] thread 9 construct actor 39582418599941
I0526 17:52:23.207087 214273 normal_forward_compute_actor.cpp:13] actor 3 switch to &NormalForwardCompActor::HandlerNormal
I0526 17:52:23.206918 214301 runtime_context.cpp:12] DecreaseCounter constructing_actor_cnt, current val is 2184
I0526 17:52:23.207068 214298 thread.cpp:60] thread 18 construct actor 79164837199876
I0526 17:52:23.207036 214339 normal_forward_compute_actor.cpp:13] actor 259484744155136 switch to &NormalForwardCompActor::HandlerNormal
I0526 17:52:23.207106 214291 runtime_context.cpp:12] DecreaseCounter constructing_actor_cnt, current val is 2182
I0526 17:52:23.207222 214291 thread.cpp:60] thread 11 construct actor 48378511622150
I0526 17:52:23.207311 214296 tick_compute_actor.cpp:7] actor 70368744177669 switch to &TickComputeActor::HandlerNormal
I0526 17:52:23.207346 214273 runtime_context.cpp:12] DecreaseCounter constructing_actor_cnt, current val is 2181
I0526 17:52:23.207453 214273 thread.cpp:60] thread 0 construct actor 4
I0526 17:52:23.207542 214296 runtime_context.cpp:12] DecreaseCounter constructing_actor_cnt, current val is 2180
I0526 17:52:23.207588 214296 thread.cpp:60] thread 16 construct actor 70368744177670
I0526 17:52:23.207636 214277 copy_hd_actor.cpp:8] actor 8796093022210 switch to &CopyHdActor::HandlerNormal
I0526 17:52:23.207779 214298 tick_compute_actor.cpp:7] actor 79164837199876 switch to &TickComputeActor::HandlerNormal
I0526 17:52:23.207798 214277 runtime_context.cpp:12] DecreaseCounter constructing_actor_cnt, current val is 2179
I0526 17:52:23.207820 214277 thread.cpp:60] thread 2 construct actor 8796093022211
I0526 17:52:23.207865 214298 runtime_context.cpp:12] DecreaseCounter constructing_actor_cnt, current val is 2178
I0526 17:52:23.207870 214297 tick_compute_actor.cpp:7] actor 74766790688775 switch to &TickComputeActor::HandlerNormal
I0526 17:52:23.207978 214294 tick_compute_actor.cpp:7] actor 61572651155460 switch to &TickComputeActor::HandlerNormal
I0526 17:52:23.208017 214297 runtime_context.cpp:12] DecreaseCounter constructing_actor_cnt, current val is 2176
I0526 17:52:23.208045 214291 tick_compute_actor.cpp:7] actor 48378511622150 switch to &TickComputeActor::HandlerNormal
I0526 17:52:23.208001 214295 runtime_context.cpp:12] DecreaseCounter constructing_actor_cnt, current val is 2177
I0526 17:52:23.208058 214297 thread.cpp:60] thread 17 construct actor 74766790688772
I0526 17:52:23.208107 214294 runtime_context.cpp:12] DecreaseCounter constructing_actor_cnt, current val is 2175
I0526 17:52:23.208135 214287 tick_compute_actor.cpp:7] actor 30786325577732 switch to &TickComputeActor::HandlerNormal
I0526 17:52:23.208091 214295 thread.cpp:60] thread 15 construct actor 65970697666567
I0526 17:52:23.208145 214294 thread.cpp:60] thread 14 construct actor 61572651155461
I0526 17:52:23.208153 214291 runtime_context.cpp:12] DecreaseCounter constructing_actor_cnt, current val is 2174
I0526 17:52:23.208184 214292 tick_compute_actor.cpp:7] actor 52776558133251 switch to &TickComputeActor::HandlerNormal
I0526 17:52:23.208578 214296 tick_compute_actor.cpp:7] actor 70368744177670 switch to &TickComputeActor::HandlerNormal
I0526 17:52:23.208238 214287 runtime_context.cpp:12] DecreaseCounter constructing_actor_cnt, current val is 2173
I0526 17:52:23.208345 214273 normal_forward_compute_actor.cpp:13] actor 4 switch to &NormalForwardCompActor::HandlerNormal
I0526 17:52:23.208678 214292 runtime_context.cpp:12] DecreaseCounter constructing_actor_cnt, current val is 2172
I0526 17:52:23.208707 214296 runtime_context.cpp:12] DecreaseCounter constructing_actor_cnt, current val is 2171
I0526 17:52:23.208657 214287 thread.cpp:60] thread 7 construct actor 30786325577733
I0526 17:52:23.208547 214291 thread.cpp:60] thread 11 construct actor 48378511622151
I0526 17:52:23.208238 214289 tick_compute_actor.cpp:7] actor 39582418599941 switch to &TickComputeActor::HandlerNormal
I0526 17:52:23.208715 214292 thread.cpp:60] thread 12 construct actor 52776558133254
I0526 17:52:23.208766 214273 runtime_context.cpp:12] DecreaseCounter constructing_actor_cnt, current val is 2170
I0526 17:52:23.208889 214273 thread.cpp:60] thread 0 construct actor 5
I0526 17:52:23.208891 214339 runtime_context.cpp:12] DecreaseCounter constructing_actor_cnt, current val is 2169
I0526 17:52:23.208896 214289 runtime_context.cpp:12] DecreaseCounter constructing_actor_cnt, current val is 2168
I0526 17:52:23.208984 214289 thread.cpp:60] thread 9 construct actor 39582418599945
I0526 17:52:23.209018 214295 tick_compute_actor.cpp:7] actor 65970697666567 switch to &TickComputeActor::HandlerNormal
I0526 17:52:23.209095 214295 runtime_context.cpp:12] DecreaseCounter constructing_actor_cnt, current val is 2167
I0526 17:52:23.209105 214297 tick_compute_actor.cpp:7] actor 74766790688772 switch to &TickComputeActor::HandlerNormal
I0526 17:52:23.209197 214297 runtime_context.cpp:12] DecreaseCounter constructing_actor_cnt, current val is 2166
I0526 17:52:23.209285 214297 thread.cpp:60] thread 17 construct actor 74766790688773
I0526 17:52:23.209426 214277 copy_hd_actor.cpp:8] actor 8796093022211 switch to &CopyHdActor::HandlerNormal
I0526 17:52:23.209488 214291 tick_compute_actor.cpp:7] actor 48378511622151 switch to &TickComputeActor::HandlerNormal
I0526 17:52:23.209522 214293 tick_compute_actor.cpp:7] actor 57174604644355 switch to &TickComputeActor::HandlerNormal
I0526 17:52:23.209514 214277 runtime_context.cpp:12] DecreaseCounter constructing_actor_cnt, current val is 2165
I0526 17:52:23.209578 214292 tick_compute_actor.cpp:7] actor 52776558133254 switch to &TickComputeActor::HandlerNormal
I0526 17:52:23.209599 214294 tick_compute_actor.cpp:7] actor 61572651155461 switch to &TickComputeActor::HandlerNormal
I0526 17:52:23.209504 214287 tick_compute_actor.cpp:7] actor 30786325577733 switch to &TickComputeActor::HandlerNormal
I0526 17:52:23.209560 214291 runtime_context.cpp:12] DecreaseCounter constructing_actor_cnt, current val is 2164
I0526 17:52:23.209699 214273 normal_forward_compute_actor.cpp:13] actor 5 switch to &NormalForwardCompActor::HandlerNormal
I0526 17:52:23.209707 214277 thread.cpp:60] thread 2 construct actor 8796093022212
I0526 17:52:23.209702 214292 runtime_context.cpp:12] DecreaseCounter constructing_actor_cnt, current val is 2163
I0526 17:52:23.210044 214287 runtime_context.cpp:12] DecreaseCounter constructing_actor_cnt, current val is 2161
I0526 17:52:23.210054 214292 thread.cpp:60] thread 12 construct actor 52776558133255
I0526 17:52:23.210075 214273 runtime_context.cpp:12] DecreaseCounter constructing_actor_cnt, current val is 2160
I0526 17:52:23.209959 214289 tick_compute_actor.cpp:7] actor 39582418599945 switch to &TickComputeActor::HandlerNormal
I0526 17:52:23.209964 214291 thread.cpp:60] thread 11 construct actor 48378511622152
I0526 17:52:23.210163 214293 runtime_context.cpp:12] DecreaseCounter constructing_actor_cnt, current val is 2159
I0526 17:52:23.210187 214289 runtime_context.cpp:12] DecreaseCounter constructing_actor_cnt, current val is 2158
I0526 17:52:23.210111 214273 thread.cpp:60] thread 0 construct actor 6
I0526 17:52:23.210063 214287 thread.cpp:60] thread 7 construct actor 30786325577734
I0526 17:52:23.210000 214294 runtime_context.cpp:12] DecreaseCounter constructing_actor_cnt, current val is 2162
I0526 17:52:23.210196 214293 thread.cpp:60] thread 13 construct actor 57174604644356
I0526 17:52:23.210202 214297 tick_compute_actor.cpp:7] actor 74766790688773 switch to &TickComputeActor::HandlerNormal
I0526 17:52:23.210296 214294 thread.cpp:60] thread 14 construct actor 61572651155465
I0526 17:52:23.210382 214297 runtime_context.cpp:12] DecreaseCounter constructing_actor_cnt, current val is 2157
I0526 17:52:23.210412 214297 thread.cpp:60] thread 17 construct actor 74766790688774
I0526 17:52:23.210784 214292 tick_compute_actor.cpp:7] actor 52776558133255 switch to &TickComputeActor::HandlerNormal
I0526 17:52:23.210857 214292 runtime_context.cpp:12] DecreaseCounter constructing_actor_cnt, current val is 2156
I0526 17:52:23.210868 214291 tick_compute_actor.cpp:7] actor 48378511622152 switch to &TickComputeActor::HandlerNormal
I0526 17:52:23.210884 214292 thread.cpp:60] thread 12 construct actor 52776558133256
I0526 17:52:23.210937 214291 runtime_context.cpp:12] DecreaseCounter constructing_actor_cnt, current val is 2155
I0526 17:52:23.210953 214273 normal_forward_compute_actor.cpp:13] actor 6 switch to &NormalForwardCompActor::HandlerNormal
I0526 17:52:23.210965 214287 normal_forward_compute_actor.cpp:13] actor 30786325577734 switch to &NormalForwardCompActor::HandlerNormal
I0526 17:52:23.211031 214273 runtime_context.cpp:12] DecreaseCounter constructing_actor_cnt, current val is 2154
I0526 17:52:23.210968 214291 thread.cpp:60] thread 11 construct actor 48378511622153
I0526 17:52:23.211091 214293 tick_compute_actor.cpp:7] actor 57174604644356 switch to &TickComputeActor::HandlerNormal
I0526 17:52:23.211067 214287 runtime_context.cpp:12] DecreaseCounter constructing_actor_cnt, current val is 2153
I0526 17:52:23.211064 214273 thread.cpp:60] thread 0 construct actor 7
I0526 17:52:23.211163 214293 runtime_context.cpp:12] DecreaseCounter constructing_actor_cnt, current val is 2152
I0526 17:52:23.211197 214287 thread.cpp:60] thread 7 construct actor 30786325577735
I0526 17:52:23.211251 214293 thread.cpp:60] thread 13 construct actor 57174604644357
I0526 17:52:23.211278 214277 copy_hd_actor.cpp:8] actor 8796093022212 switch to &CopyHdActor::HandlerNormal
I0526 17:52:23.211371 214277 runtime_context.cpp:12] DecreaseCounter constructing_actor_cnt, current val is 2151
I0526 17:52:23.211401 214277 thread.cpp:60] thread 2 construct actor 8796093022213
I0526 17:52:23.211480 214294 tick_compute_actor.cpp:7] actor 61572651155465 switch to &TickComputeActor::HandlerNormal
