Log file created at: 2020/05/26 17:53:08
Running on machine: ai07
Log line format: [IWEF]mmdd hh:mm:ss.uuuuuu threadid file:line] msg
I0526 17:53:08.073400 214417 util.h:71] NewGlobal N7oneflow7EnvDescE
I0526 17:53:08.077958 214417 util.h:71] NewGlobal N7oneflow10CtrlServerE
I0526 17:53:08.088672 214417 ctrl_server.cpp:39] CtrlServer listening on 0.0.0.0:9789
I0526 17:53:08.088759 214417 util.h:71] NewGlobal N7oneflow10CtrlClientE
I0526 17:53:08.089689 214417 ctrl_client.cpp:187] LoadServer 127.0.0.1 Successful at 0 times
I0526 17:53:08.089782 214417 util.h:71] NewGlobal N7oneflow10MachineCtxE
I0526 17:53:08.089802 214417 machine_context.cpp:16] this machine id: 0
I0526 17:53:08.108098 214417 util.h:71] NewGlobal N7oneflow12ResourceDescE
I0526 17:53:08.108120 214417 util.h:71] NewGlobal N7oneflow6IOConfE
I0526 17:53:08.108129 214417 util.h:71] NewGlobal N7oneflow12ProfilerConfE
I0526 17:53:08.108135 214417 util.h:71] NewGlobal N7oneflow5IDMgrE
I0526 17:53:11.212975 214417 util.h:71] NewGlobal N7oneflow16AvailableMemDescE
I0526 17:53:11.213816 214417 util.h:71] NewGlobal St13unordered_mapISslSt4hashISsESt8equal_toISsESaISt4pairIKSslEEE
I0526 17:53:11.213856 214417 util.h:71] NewGlobal N7oneflow19CriticalSectionDescE
I0526 17:53:11.213865 214417 util.h:71] NewGlobal N7oneflow16InterUserJobInfoE
I0526 17:53:11.213881 214417 util.h:71] NewGlobal N7oneflow22JobBuildAndInferCtxMgrE
I0526 17:53:11.213893 214417 util.h:71] NewGlobal N7oneflow18LbiDiffWatcherInfoE
I0526 17:53:11.213903 214417 util.h:71] NewGlobal N7oneflow16JobSetCompileCtxE
I0526 17:53:11.213913 214417 util.h:71] NewGlobal N7oneflow26RuntimeBufferManagersScopeE
I0526 17:53:11.213920 214417 util.h:71] NewGlobal N7oneflow9BufferMgrIlEE
I0526 17:53:11.213927 214417 util.h:71] NewGlobal N7oneflow9BufferMgrISt10shared_ptrINS_18ForeignJobInstanceEEEE
I0526 17:53:11.214699 214417 oneflow_internal_helper.h:79] NewGlobal N7oneflow25SessionGlobalObjectsScopeE
I0526 17:53:11.220917 214417 util.h:71] NewGlobal N7oneflow7JobDescE
I0526 17:53:11.220948 214417 job_desc.cpp:90] Set piece_num_of_experiment_phase 19
I0526 17:53:11.868786 214417 util.h:76] DeleteGlobal N7oneflow7JobDescE
I0526 17:53:11.868809 214417 util.h:71] NewGlobal N7oneflow7JobDescE
I0526 17:53:11.868818 214417 job_desc.cpp:90] Set piece_num_of_experiment_phase 19
I0526 17:53:13.645597 214417 util.h:76] DeleteGlobal N7oneflow7JobDescE
I0526 17:53:13.649492 214417 util.h:71] NewGlobal N7oneflow24InterJobReuseMemStrategyE
I0526 17:53:13.649515 214417 util.h:71] NewGlobal N7oneflow7OneflowE
I0526 17:53:13.657145 214417 job_desc.cpp:90] Set piece_num_of_experiment_phase 19
I0526 17:53:13.660343 214417 job_desc.cpp:90] Set piece_num_of_experiment_phase 19
I0526 17:53:13.662597 214417 job_desc.cpp:90] Set piece_num_of_experiment_phase 19
I0526 17:53:13.663938 214417 job_desc.cpp:90] Set piece_num_of_experiment_phase 19
I0526 17:53:13.663954 214417 job_desc.cpp:90] Set piece_num_of_experiment_phase 19
I0526 17:53:13.663959 214417 job_desc.cpp:90] Set piece_num_of_experiment_phase 19
I0526 17:53:13.663964 214417 job_desc.cpp:90] Set piece_num_of_experiment_phase 19
I0526 17:53:13.665835 214417 util.h:71] NewGlobal N7oneflow7JobDescE
I0526 17:53:13.665848 214417 job_desc.cpp:90] Set piece_num_of_experiment_phase 19
I0526 17:53:14.292896 214417 util.h:71] NewGlobal N7oneflow7OpGraphE
I0526 17:53:14.491510 214417 util.h:76] DeleteGlobal N7oneflow7OpGraphE
I0526 17:53:14.512732 214417 oneflow.cpp:137] compile time: 8.38796e+08
I0526 17:53:14.589190 214417 oneflow.cpp:144] push_pull_plan:9.20087e+08
I0526 17:53:14.597704 214417 oneflow.cpp:168] compile and improve time: 9.31845e+08
I0526 17:53:14.614096 214417 util.h:76] DeleteGlobal N7oneflow7JobDescE
I0526 17:53:14.614131 214417 util.h:71] NewGlobal N7oneflow7JobDescE
I0526 17:53:14.614143 214417 job_desc.cpp:90] Set piece_num_of_experiment_phase 19
I0526 17:53:14.924146 214417 util.h:71] NewGlobal N7oneflow7OpGraphE
I0526 17:53:15.051571 214417 util.h:76] DeleteGlobal N7oneflow7OpGraphE
I0526 17:53:15.065258 214417 oneflow.cpp:137] compile time: 4.45777e+08
I0526 17:53:15.137323 214417 oneflow.cpp:144] push_pull_plan:5.20808e+08
I0526 17:53:15.154570 214417 oneflow.cpp:168] compile and improve time: 5.40399e+08
I0526 17:53:15.170876 214417 util.h:76] DeleteGlobal N7oneflow7JobDescE
I0526 17:53:15.170917 214417 util.h:71] NewGlobal N7oneflow7JobDescE
I0526 17:53:15.170933 214417 job_desc.cpp:90] Set piece_num_of_experiment_phase 19
I0526 17:53:15.495661 214417 util.h:71] NewGlobal N7oneflow7OpGraphE
I0526 17:53:15.623304 214417 util.h:76] DeleteGlobal N7oneflow7OpGraphE
I0526 17:53:15.636445 214417 oneflow.cpp:137] compile time: 4.60466e+08
I0526 17:53:15.706970 214417 oneflow.cpp:144] push_pull_plan:5.33697e+08
I0526 17:53:15.713543 214417 oneflow.cpp:168] compile and improve time: 5.42596e+08
I0526 17:53:15.724985 214417 util.h:76] DeleteGlobal N7oneflow7JobDescE
I0526 17:53:15.725018 214417 util.h:71] NewGlobal N7oneflow7JobDescE
I0526 17:53:15.725030 214417 job_desc.cpp:90] Set piece_num_of_experiment_phase 19
I0526 17:53:16.086393 214417 util.h:71] NewGlobal N7oneflow7OpGraphE
I0526 17:53:16.243728 214417 util.h:76] DeleteGlobal N7oneflow7OpGraphE
I0526 17:53:16.255955 214417 oneflow.cpp:137] compile time: 5.30627e+08
I0526 17:53:16.333184 214417 oneflow.cpp:144] push_pull_plan:6.05284e+08
I0526 17:53:16.341296 214417 oneflow.cpp:168] compile and improve time: 6.16252e+08
I0526 17:53:16.355983 214417 util.h:76] DeleteGlobal N7oneflow7JobDescE
I0526 17:53:16.356016 214417 util.h:71] NewGlobal N7oneflow7JobDescE
I0526 17:53:16.356029 214417 job_desc.cpp:90] Set piece_num_of_experiment_phase 19
I0526 17:53:16.359342 214417 util.h:71] NewGlobal N7oneflow7OpGraphE
I0526 17:53:16.361346 214417 util.h:76] DeleteGlobal N7oneflow7OpGraphE
I0526 17:53:16.361575 214417 oneflow.cpp:137] compile time: 5.4807e+06
I0526 17:53:16.362377 214417 oneflow.cpp:144] push_pull_plan:6.2999e+06
I0526 17:53:16.362540 214417 oneflow.cpp:168] compile and improve time: 6.5024e+06
I0526 17:53:16.362738 214417 util.h:76] DeleteGlobal N7oneflow7JobDescE
I0526 17:53:16.362748 214417 util.h:71] NewGlobal N7oneflow7JobDescE
I0526 17:53:16.362756 214417 job_desc.cpp:90] Set piece_num_of_experiment_phase 19
I0526 17:53:16.365849 214417 util.h:71] NewGlobal N7oneflow7OpGraphE
I0526 17:53:16.367727 214417 util.h:76] DeleteGlobal N7oneflow7OpGraphE
I0526 17:53:16.367934 214417 oneflow.cpp:137] compile time: 5.12051e+06
I0526 17:53:16.368698 214417 oneflow.cpp:144] push_pull_plan:5.90182e+06
I0526 17:53:16.368851 214417 oneflow.cpp:168] compile and improve time: 6.08922e+06
I0526 17:53:16.369040 214417 util.h:76] DeleteGlobal N7oneflow7JobDescE
I0526 17:53:16.369048 214417 util.h:71] NewGlobal N7oneflow7JobDescE
I0526 17:53:16.369055 214417 job_desc.cpp:90] Set piece_num_of_experiment_phase 19
I0526 17:53:16.372292 214417 util.h:71] NewGlobal N7oneflow7OpGraphE
I0526 17:53:16.373911 214417 util.h:76] DeleteGlobal N7oneflow7OpGraphE
I0526 17:53:16.374097 214417 oneflow.cpp:137] compile time: 4.99021e+06
I0526 17:53:16.374748 214417 oneflow.cpp:144] push_pull_plan:5.65939e+06
I0526 17:53:16.374873 214417 oneflow.cpp:168] compile and improve time: 5.81094e+06
I0526 17:53:16.375025 214417 util.h:76] DeleteGlobal N7oneflow7JobDescE
I0526 17:53:16.375034 214417 util.h:71] NewGlobal N7oneflow7JobDescE
I0526 17:53:16.375041 214417 job_desc.cpp:90] Set piece_num_of_experiment_phase 19
I0526 17:53:16.378235 214417 util.h:71] NewGlobal N7oneflow7OpGraphE
I0526 17:53:16.379853 214417 util.h:76] DeleteGlobal N7oneflow7OpGraphE
I0526 17:53:16.380033 214417 oneflow.cpp:137] compile time: 4.94285e+06
I0526 17:53:16.380671 214417 oneflow.cpp:144] push_pull_plan:5.59795e+06
I0526 17:53:16.380793 214417 oneflow.cpp:168] compile and improve time: 5.74592e+06
I0526 17:53:16.380944 214417 util.h:76] DeleteGlobal N7oneflow7JobDescE
I0526 17:53:16.380952 214417 util.h:71] NewGlobal N7oneflow7JobDescE
I0526 17:53:16.380959 214417 job_desc.cpp:90] Set piece_num_of_experiment_phase 19
I0526 17:53:16.384166 214417 util.h:71] NewGlobal N7oneflow7OpGraphE
I0526 17:53:16.385773 214417 util.h:76] DeleteGlobal N7oneflow7OpGraphE
I0526 17:53:16.385949 214417 oneflow.cpp:137] compile time: 4.94208e+06
I0526 17:53:16.386670 214417 oneflow.cpp:144] push_pull_plan:5.67962e+06
I0526 17:53:16.387542 214417 oneflow.cpp:168] compile and improve time: 6.5705e+06
I0526 17:53:16.387989 214417 util.h:76] DeleteGlobal N7oneflow7JobDescE
I0526 17:53:16.492264 214417 util.h:71] NewGlobal N7oneflow7JobDescE
I0526 17:53:16.492354 214417 job_desc.cpp:90] Set piece_num_of_experiment_phase 19
I0526 17:53:16.492404 214417 util.h:71] NewGlobal N7oneflow7OpGraphE
I0526 17:53:16.505611 214417 util.h:76] DeleteGlobal N7oneflow7OpGraphE
I0526 17:53:16.506376 214417 oneflow.cpp:137] compile time: 1.37032e+07
I0526 17:53:16.509317 214417 oneflow.cpp:144] push_pull_plan:1.6715e+07
I0526 17:53:16.509853 214417 oneflow.cpp:168] compile and improve time: 1.74482e+07
I0526 17:53:16.510684 214417 util.h:76] DeleteGlobal N7oneflow7JobDescE
I0526 17:53:16.960693 214417 util.h:71] NewGlobal N7oneflow10RuntimeCtxE
I0526 17:53:16.961787 214417 util.h:71] NewGlobal N7oneflow15MemoryAllocatorE
I0526 17:53:16.962152 214417 util.h:71] NewGlobal N7oneflow8RegstMgrE
I0526 17:53:17.583640 214417 util.h:71] NewGlobal N7oneflow11ActorMsgBusE
I0526 17:53:17.583684 214417 util.h:71] NewGlobal N7oneflow9ThreadMgrE
I0526 17:53:17.585645 214417 util.h:71] NewGlobal N7oneflow11NcclCommMgrE
I0526 17:53:17.585718 214417 util.h:71] NewGlobal N7oneflow15RuntimeJobDescsE
I0526 17:53:17.585734 214417 job_desc.cpp:90] Set piece_num_of_experiment_phase 19
I0526 17:53:17.585742 214417 job_desc.cpp:90] Set piece_num_of_experiment_phase 19
I0526 17:53:17.585748 214417 job_desc.cpp:90] Set piece_num_of_experiment_phase 19
I0526 17:53:17.585755 214417 job_desc.cpp:90] Set piece_num_of_experiment_phase 19
I0526 17:53:17.585762 214417 job_desc.cpp:90] Set piece_num_of_experiment_phase 19
I0526 17:53:17.585772 214417 job_desc.cpp:90] Set piece_num_of_experiment_phase 19
I0526 17:53:17.585779 214417 job_desc.cpp:90] Set piece_num_of_experiment_phase 19
I0526 17:53:17.585786 214417 job_desc.cpp:90] Set piece_num_of_experiment_phase 19
I0526 17:53:17.585793 214417 job_desc.cpp:90] Set piece_num_of_experiment_phase 19
I0526 17:53:17.585799 214417 job_desc.cpp:90] Set piece_num_of_experiment_phase 19
I0526 17:53:17.586978 214417 runtime_context.cpp:6] NewCounter constructing_actor_cnt 2273
I0526 17:53:17.587380 214566 thread.cpp:60] thread 0 construct actor 663
I0526 17:53:17.587494 214595 thread.cpp:60] thread 22 construct actor 96757023244288
I0526 17:53:17.587520 214588 thread.cpp:60] thread 15 construct actor 65970697666560
I0526 17:53:17.587515 214584 thread.cpp:60] thread 11 construct actor 48378511622144
I0526 17:53:17.587519 214587 thread.cpp:60] thread 14 construct actor 61572651155459
I0526 17:53:17.587529 214639 thread.cpp:60] thread 66 construct actor 290271069732864
I0526 17:53:17.587500 214583 thread.cpp:60] thread 10 construct actor 43980465111043
I0526 17:53:17.588394 214588 tick_compute_actor.cpp:7] actor 65970697666560 switch to &TickComputeActor::HandlerNormal
I0526 17:53:17.588459 214595 tick_compute_actor.cpp:7] actor 96757023244288 switch to &TickComputeActor::HandlerNormal
I0526 17:53:17.588469 214584 tick_compute_actor.cpp:7] actor 48378511622144 switch to &TickComputeActor::HandlerNormal
I0526 17:53:17.588497 214588 runtime_context.cpp:12] DecreaseCounter constructing_actor_cnt, current val is 2272
I0526 17:53:17.588498 214583 tick_compute_actor.cpp:7] actor 43980465111043 switch to &TickComputeActor::HandlerNormal
I0526 17:53:17.588554 214587 tick_compute_actor.cpp:7] actor 61572651155459 switch to &TickComputeActor::HandlerNormal
I0526 17:53:17.588573 214595 runtime_context.cpp:12] DecreaseCounter constructing_actor_cnt, current val is 2271
I0526 17:53:17.588590 214584 runtime_context.cpp:12] DecreaseCounter constructing_actor_cnt, current val is 2270
I0526 17:53:17.588616 214584 thread.cpp:60] thread 11 construct actor 48378511622145
I0526 17:53:17.588650 214583 runtime_context.cpp:12] DecreaseCounter constructing_actor_cnt, current val is 2269
I0526 17:53:17.588658 214587 runtime_context.cpp:12] DecreaseCounter constructing_actor_cnt, current val is 2268
I0526 17:53:17.588681 214583 thread.cpp:60] thread 10 construct actor 43980465111046
I0526 17:53:17.588771 214587 thread.cpp:60] thread 14 construct actor 61572651155462
I0526 17:53:17.589253 214584 tick_compute_actor.cpp:7] actor 48378511622145 switch to &TickComputeActor::HandlerNormal
I0526 17:53:17.589404 214583 tick_compute_actor.cpp:7] actor 43980465111046 switch to &TickComputeActor::HandlerNormal
I0526 17:53:17.589429 214587 tick_compute_actor.cpp:7] actor 61572651155462 switch to &TickComputeActor::HandlerNormal
I0526 17:53:17.589633 214584 runtime_context.cpp:12] DecreaseCounter constructing_actor_cnt, current val is 2267
I0526 17:53:17.589653 214584 thread.cpp:60] thread 11 construct actor 48378511622146
I0526 17:53:17.589660 214583 runtime_context.cpp:12] DecreaseCounter constructing_actor_cnt, current val is 2266
I0526 17:53:17.589675 214583 thread.cpp:60] thread 10 construct actor 43980465111047
I0526 17:53:17.589695 214587 runtime_context.cpp:12] DecreaseCounter constructing_actor_cnt, current val is 2265
I0526 17:53:17.589735 214587 thread.cpp:60] thread 14 construct actor 61572651155463
I0526 17:53:17.590282 214584 tick_compute_actor.cpp:7] actor 48378511622146 switch to &TickComputeActor::HandlerNormal
I0526 17:53:17.590313 214583 tick_compute_actor.cpp:7] actor 43980465111047 switch to &TickComputeActor::HandlerNormal
I0526 17:53:17.590391 214584 runtime_context.cpp:12] DecreaseCounter constructing_actor_cnt, current val is 2264
I0526 17:53:17.590402 214583 runtime_context.cpp:12] DecreaseCounter constructing_actor_cnt, current val is 2263
I0526 17:53:17.590428 214583 thread.cpp:60] thread 10 construct actor 43980465111048
I0526 17:53:17.590426 214587 tick_compute_actor.cpp:7] actor 61572651155463 switch to &TickComputeActor::HandlerNormal
I0526 17:53:17.590529 214587 runtime_context.cpp:12] DecreaseCounter constructing_actor_cnt, current val is 2262
I0526 17:53:17.590543 214587 thread.cpp:60] thread 14 construct actor 61572651155464
I0526 17:53:17.591078 214583 tick_compute_actor.cpp:7] actor 43980465111048 switch to &TickComputeActor::HandlerNormal
I0526 17:53:17.591156 214583 runtime_context.cpp:12] DecreaseCounter constructing_actor_cnt, current val is 2261
I0526 17:53:17.591182 214587 tick_compute_actor.cpp:7] actor 61572651155464 switch to &TickComputeActor::HandlerNormal
I0526 17:53:17.591250 214587 runtime_context.cpp:12] DecreaseCounter constructing_actor_cnt, current val is 2260
I0526 17:53:17.598273 214566 tick_compute_actor.cpp:7] actor 663 switch to &TickComputeActor::HandlerNormal
I0526 17:53:17.598335 214566 runtime_context.cpp:12] DecreaseCounter constructing_actor_cnt, current val is 2259
I0526 17:53:17.598352 214566 thread.cpp:60] thread 0 construct actor 1030
I0526 17:53:17.599613 214566 tick_compute_actor.cpp:7] actor 1030 switch to &TickComputeActor::HandlerNormal
I0526 17:53:17.599692 214566 runtime_context.cpp:12] DecreaseCounter constructing_actor_cnt, current val is 2258
I0526 17:53:17.599709 214566 thread.cpp:60] thread 0 construct actor 1031
I0526 17:53:17.606125 214566 tick_compute_actor.cpp:7] actor 1031 switch to &TickComputeActor::HandlerNormal
I0526 17:53:17.606312 214566 runtime_context.cpp:12] DecreaseCounter constructing_actor_cnt, current val is 2257
I0526 17:53:17.606325 214566 thread.cpp:60] thread 0 construct actor 1398
I0526 17:53:17.607620 214566 tick_compute_actor.cpp:7] actor 1398 switch to &TickComputeActor::HandlerNormal
I0526 17:53:17.607817 214566 runtime_context.cpp:12] DecreaseCounter constructing_actor_cnt, current val is 2256
I0526 17:53:17.607834 214566 thread.cpp:60] thread 0 construct actor 1399
I0526 17:53:17.614202 214566 tick_compute_actor.cpp:7] actor 1399 switch to &TickComputeActor::HandlerNormal
I0526 17:53:17.614395 214566 runtime_context.cpp:12] DecreaseCounter constructing_actor_cnt, current val is 2255
I0526 17:53:17.614413 214566 thread.cpp:60] thread 0 construct actor 1767
I0526 17:53:17.615720 214566 tick_compute_actor.cpp:7] actor 1767 switch to &TickComputeActor::HandlerNormal
I0526 17:53:17.615916 214566 runtime_context.cpp:12] DecreaseCounter constructing_actor_cnt, current val is 2254
I0526 17:53:17.615988 214566 thread.cpp:60] thread 0 construct actor 1769
I0526 17:53:17.620862 214639 wait_and_send_ids_compute_actor.cpp:12] actor 290271069732864 switch to &WaitAndSendIdsCompActor::HandlerWaitToStart
I0526 17:53:17.621191 214639 runtime_context.cpp:12] DecreaseCounter constructing_actor_cnt, current val is 2253
I0526 17:53:17.621592 214566 tick_compute_actor.cpp:7] actor 1769 switch to &TickComputeActor::HandlerNormal
I0526 17:53:17.621631 214566 runtime_context.cpp:12] DecreaseCounter constructing_actor_cnt, current val is 2252
I0526 17:53:17.621649 214566 thread.cpp:60] thread 0 construct actor 1770
I0526 17:53:17.622344 214566 tick_compute_actor.cpp:7] actor 1770 switch to &TickComputeActor::HandlerNormal
I0526 17:53:17.622414 214566 runtime_context.cpp:12] DecreaseCounter constructing_actor_cnt, current val is 2251
I0526 17:53:17.622427 214566 thread.cpp:60] thread 0 construct actor 1772
I0526 17:53:17.623039 214566 tick_compute_actor.cpp:7] actor 1772 switch to &TickComputeActor::HandlerNormal
I0526 17:53:17.623102 214566 runtime_context.cpp:12] DecreaseCounter constructing_actor_cnt, current val is 2250
I0526 17:53:17.623116 214566 thread.cpp:60] thread 0 construct actor 1773
I0526 17:53:17.623755 214566 tick_compute_actor.cpp:7] actor 1773 switch to &TickComputeActor::HandlerNormal
I0526 17:53:17.623819 214566 runtime_context.cpp:12] DecreaseCounter constructing_actor_cnt, current val is 2249
I0526 17:53:17.625993 214566 thread.cpp:60] thread 0 construct actor 0
I0526 17:53:17.626088 214587 thread.cpp:60] thread 14 construct actor 61572651155456
I0526 17:53:17.626240 214588 thread.cpp:60] thread 15 construct actor 65970697666561
I0526 17:53:17.626287 214601 thread.cpp:60] thread 28 construct actor 123145302310912
I0526 17:53:17.626283 214570 thread.cpp:60] thread 2 construct actor 8796093022208
I0526 17:53:17.626271 214594 thread.cpp:60] thread 21 construct actor 92358976733184
I0526 17:53:17.626278 214586 thread.cpp:60] thread 13 construct actor 57174604644352
I0526 17:53:17.626274 214582 thread.cpp:60] thread 9 construct actor 39582418599936
I0526 17:53:17.626277 214602 thread.cpp:60] thread 29 construct actor 127543348822016
I0526 17:53:17.626276 214589 thread.cpp:60] thread 16 construct actor 70368744177664
I0526 17:53:17.626519 214597 thread.cpp:60] thread 24 construct actor 105553116266496
I0526 17:53:17.626372 214595 thread.cpp:60] thread 22 construct actor 96757023244289
I0526 17:53:17.626425 214583 thread.cpp:60] thread 10 construct actor 43980465111044
I0526 17:53:17.626498 214630 thread.cpp:60] thread 57 construct actor 250688651132928
I0526 17:53:17.626516 214598 thread.cpp:60] thread 25 construct actor 109951162777600
I0526 17:53:17.626703 214590 thread.cpp:60] thread 17 construct actor 74766790688769
I0526 17:53:17.626523 214581 thread.cpp:60] thread 8 construct actor 35184372088832
I0526 17:53:17.626498 214640 thread.cpp:60] thread 67 construct actor 294669116243968
I0526 17:53:17.626937 214566 normal_forward_compute_actor.cpp:13] actor 0 switch to &NormalForwardCompActor::HandlerNormal
I0526 17:53:17.626528 214593 thread.cpp:60] thread 20 construct actor 87960930222080
I0526 17:53:17.626564 214591 thread.cpp:60] thread 18 construct actor 79164837199872
I0526 17:53:17.626576 214592 thread.cpp:60] thread 19 construct actor 83562883710976
I0526 17:53:17.626693 214600 thread.cpp:60] thread 27 construct actor 118747255799808
I0526 17:53:17.626703 214634 thread.cpp:60] thread 61 construct actor 268280837177344
I0526 17:53:17.626714 214635 thread.cpp:60] thread 62 construct actor 272678883688448
I0526 17:53:17.626521 214580 thread.cpp:60] thread 7 construct actor 30786325577728
I0526 17:53:17.626703 214599 thread.cpp:60] thread 26 construct actor 114349209288704
I0526 17:53:17.626734 214585 thread.cpp:60] thread 12 construct actor 52776558133248
I0526 17:53:17.626735 214637 thread.cpp:60] thread 64 construct actor 281474976710656
I0526 17:53:17.626739 214636 thread.cpp:60] thread 63 construct actor 277076930199552
I0526 17:53:17.626744 214631 thread.cpp:60] thread 58 construct actor 255086697644032
I0526 17:53:17.626740 214638 thread.cpp:60] thread 65 construct actor 285873023221760
I0526 17:53:17.626754 214632 thread.cpp:60] thread 59 construct actor 259484744155136
I0526 17:53:17.628672 214602 esac_compute_actor.cpp:21] actor 127543348822016 switch to &EsacCompActor::HandlerNormal
I0526 17:53:17.626909 214633 thread.cpp:60] thread 60 construct actor 263882790666240
I0526 17:53:17.626365 214584 thread.cpp:60] thread 11 construct actor 48378511622147
I0526 17:53:17.628788 214602 runtime_context.cpp:12] DecreaseCounter constructing_actor_cnt, current val is 2247
I0526 17:53:17.627091 214640 sink_compute_actor.cpp:6] actor 294669116243968 switch to &SinkCompActor::HandlerNormal
I0526 17:53:17.629261 214585 tick_compute_actor.cpp:7] actor 52776558133248 switch to &TickComputeActor::HandlerNormal
I0526 17:53:17.627377 214587 tick_compute_actor.cpp:7] actor 61572651155456 switch to &TickComputeActor::HandlerNormal
I0526 17:53:17.629341 214585 runtime_context.cpp:12] DecreaseCounter constructing_actor_cnt, current val is 2245
I0526 17:53:17.627696 214595 tick_compute_actor.cpp:7] actor 96757023244289 switch to &TickComputeActor::HandlerNormal
I0526 17:53:17.627699 214591 tick_compute_actor.cpp:7] actor 79164837199872 switch to &TickComputeActor::HandlerNormal
I0526 17:53:17.627712 214582 normal_forward_compute_actor.cpp:13] actor 39582418599936 switch to &NormalForwardCompActor::HandlerNormal
I0526 17:53:17.627868 214581 normal_forward_compute_actor.cpp:13] actor 35184372088832 switch to &NormalForwardCompActor::HandlerNormal
I0526 17:53:17.627887 214589 tick_compute_actor.cpp:7] actor 70368744177664 switch to &TickComputeActor::HandlerNormal
I0526 17:53:17.627982 214600 tick_compute_actor.cpp:7] actor 118747255799808 switch to &TickComputeActor::HandlerNormal
I0526 17:53:17.628057 214583 tick_compute_actor.cpp:7] actor 43980465111044 switch to &TickComputeActor::HandlerNormal
I0526 17:53:17.628162 214592 tick_compute_actor.cpp:7] actor 83562883710976 switch to &TickComputeActor::HandlerNormal
I0526 17:53:17.629621 214589 runtime_context.cpp:12] DecreaseCounter constructing_actor_cnt, current val is 2239
I0526 17:53:17.628299 214588 tick_compute_actor.cpp:7] actor 65970697666561 switch to &TickComputeActor::HandlerNormal
I0526 17:53:17.628334 214593 tick_compute_actor.cpp:7] actor 87960930222080 switch to &TickComputeActor::HandlerNormal
I0526 17:53:17.628336 214601 esac_compute_actor.cpp:21] actor 123145302310912 switch to &EsacCompActor::HandlerNormal
I0526 17:53:17.628362 214598 tick_compute_actor.cpp:7] actor 109951162777600 switch to &TickComputeActor::HandlerNormal
I0526 17:53:17.628384 214586 tick_compute_actor.cpp:7] actor 57174604644352 switch to &TickComputeActor::HandlerNormal
I0526 17:53:17.628424 214635 normal_forward_compute_actor.cpp:13] actor 272678883688448 switch to &NormalForwardCompActor::HandlerNormal
I0526 17:53:17.628428 214580 normal_forward_compute_actor.cpp:13] actor 30786325577728 switch to &NormalForwardCompActor::HandlerNormal
I0526 17:53:17.628471 214630 normal_forward_compute_actor.cpp:13] actor 250688651132928 switch to &NormalForwardCompActor::HandlerNormal
I0526 17:53:17.628525 214597 tick_compute_actor.cpp:7] actor 105553116266496 switch to &TickComputeActor::HandlerNormal
I0526 17:53:17.628540 214634 normal_forward_compute_actor.cpp:13] actor 268280837177344 switch to &NormalForwardCompActor::HandlerNormal
I0526 17:53:17.626904 214596 thread.cpp:60] thread 23 construct actor 101155069755393
I0526 17:53:17.627080 214566 runtime_context.cpp:12] DecreaseCounter constructing_actor_cnt, current val is 2248
I0526 17:53:17.628820 214637 normal_forward_compute_actor.cpp:13] actor 281474976710656 switch to &NormalForwardCompActor::HandlerNormal
I0526 17:53:17.628921 214636 normal_forward_compute_actor.cpp:13] actor 277076930199552 switch to &NormalForwardCompActor::HandlerNormal
I0526 17:53:17.628962 214638 normal_forward_compute_actor.cpp:13] actor 285873023221760 switch to &NormalForwardCompActor::HandlerNormal
I0526 17:53:17.629079 214631 normal_forward_compute_actor.cpp:13] actor 255086697644032 switch to &NormalForwardCompActor::HandlerNormal
I0526 17:53:17.630144 214630 runtime_context.cpp:12] DecreaseCounter constructing_actor_cnt, current val is 2230
I0526 17:53:17.630177 214634 runtime_context.cpp:12] DecreaseCounter constructing_actor_cnt, current val is 2227
I0526 17:53:17.629321 214640 runtime_context.cpp:12] DecreaseCounter constructing_actor_cnt, current val is 2246
I0526 17:53:17.630219 214601 runtime_context.cpp:12] DecreaseCounter constructing_actor_cnt, current val is 2225
I0526 17:53:17.630254 214631 runtime_context.cpp:12] DecreaseCounter constructing_actor_cnt, current val is 2223
I0526 17:53:17.629386 214587 runtime_context.cpp:12] DecreaseCounter constructing_actor_cnt, current val is 2244
I0526 17:53:17.629436 214595 runtime_context.cpp:12] DecreaseCounter constructing_actor_cnt, current val is 2243
I0526 17:53:17.629451 214591 runtime_context.cpp:12] DecreaseCounter constructing_actor_cnt, current val is 2242
I0526 17:53:17.630326 214591 thread.cpp:60] thread 18 construct actor 79164837199873
I0526 17:53:17.629546 214582 runtime_context.cpp:12] DecreaseCounter constructing_actor_cnt, current val is 2241
I0526 17:53:17.629555 214581 runtime_context.cpp:12] DecreaseCounter constructing_actor_cnt, current val is 2240
I0526 17:53:17.630393 214588 runtime_context.cpp:12] DecreaseCounter constructing_actor_cnt, current val is 2222
I0526 17:53:17.629643 214589 thread.cpp:60] thread 16 construct actor 70368744177671
I0526 17:53:17.629652 214583 runtime_context.cpp:12] DecreaseCounter constructing_actor_cnt, current val is 2238
I0526 17:53:17.629652 214600 runtime_context.cpp:12] DecreaseCounter constructing_actor_cnt, current val is 2237
I0526 17:53:17.629662 214592 runtime_context.cpp:12] DecreaseCounter constructing_actor_cnt, current val is 2236
I0526 17:53:17.629663 214633 normal_forward_compute_actor.cpp:13] actor 263882790666240 switch to &NormalForwardCompActor::HandlerNormal
I0526 17:53:17.629758 214593 runtime_context.cpp:12] DecreaseCounter constructing_actor_cnt, current val is 2235
I0526 17:53:17.629941 214598 runtime_context.cpp:12] DecreaseCounter constructing_actor_cnt, current val is 2234
I0526 17:53:17.629974 214586 runtime_context.cpp:12] DecreaseCounter constructing_actor_cnt, current val is 2233
I0526 17:53:17.630028 214566 thread.cpp:60] thread 0 construct actor 1
I0526 17:53:17.630064 214635 runtime_context.cpp:12] DecreaseCounter constructing_actor_cnt, current val is 2232
I0526 17:53:17.630139 214580 runtime_context.cpp:12] DecreaseCounter constructing_actor_cnt, current val is 2231
I0526 17:53:17.630144 214636 runtime_context.cpp:12] DecreaseCounter constructing_actor_cnt, current val is 2229
I0526 17:53:17.630149 214637 runtime_context.cpp:12] DecreaseCounter constructing_actor_cnt, current val is 2228
I0526 17:53:17.629267 214599 tick_compute_actor.cpp:7] actor 114349209288704 switch to &TickComputeActor::HandlerNormal
I0526 17:53:17.627336 214594 tick_compute_actor.cpp:7] actor 92358976733184 switch to &TickComputeActor::HandlerNormal
I0526 17:53:17.630209 214638 runtime_context.cpp:12] DecreaseCounter constructing_actor_cnt, current val is 2226
I0526 17:53:17.627481 214590 tick_compute_actor.cpp:7] actor 74766790688769 switch to &TickComputeActor::HandlerNormal
I0526 17:53:17.630234 214597 runtime_context.cpp:12] DecreaseCounter constructing_actor_cnt, current val is 2224
I0526 17:53:17.629374 214585 thread.cpp:60] thread 12 construct actor 52776558133249
I0526 17:53:17.631515 214590 runtime_context.cpp:12] DecreaseCounter constructing_actor_cnt, current val is 2218
I0526 17:53:17.629526 214584 tick_compute_actor.cpp:7] actor 48378511622147 switch to &TickComputeActor::HandlerNormal
I0526 17:53:17.630376 214582 thread.cpp:60] thread 9 construct actor 39582418599937
I0526 17:53:17.628295 214570 copy_hd_actor.cpp:8] actor 8796093022208 switch to &CopyHdActor::HandlerNormal
I0526 17:53:17.630404 214581 thread.cpp:60] thread 8 construct actor 35184372088833
I0526 17:53:17.630429 214588 thread.cpp:60] thread 15 construct actor 65970697666562
I0526 17:53:17.630460 214583 thread.cpp:60] thread 10 construct actor 43980465111045
I0526 17:53:17.630514 214592 thread.cpp:60] thread 19 construct actor 83562883710977
I0526 17:53:17.630564 214593 thread.cpp:60] thread 20 construct actor 87960930222081
I0526 17:53:17.630568 214633 runtime_context.cpp:12] DecreaseCounter constructing_actor_cnt, current val is 2221
I0526 17:53:17.630681 214596 tick_compute_actor.cpp:7] actor 101155069755393 switch to &TickComputeActor::HandlerNormal
I0526 17:53:17.630697 214591 tick_compute_actor.cpp:7] actor 79164837199873 switch to &TickComputeActor::HandlerNormal
I0526 17:53:17.630887 214598 thread.cpp:60] thread 25 construct actor 109951162777601
I0526 17:53:17.630934 214586 thread.cpp:60] thread 13 construct actor 57174604644353
I0526 17:53:17.631126 214580 thread.cpp:60] thread 7 construct actor 30786325577729
I0526 17:53:17.631182 214589 tick_compute_actor.cpp:7] actor 70368744177671 switch to &TickComputeActor::HandlerNormal
I0526 17:53:17.631382 214599 runtime_context.cpp:12] DecreaseCounter constructing_actor_cnt, current val is 2220
I0526 17:53:17.632738 214583 tick_compute_actor.cpp:7] actor 43980465111045 switch to &TickComputeActor::HandlerNormal
I0526 17:53:17.632778 214592 tick_compute_actor.cpp:7] actor 83562883710977 switch to &TickComputeActor::HandlerNormal
I0526 17:53:17.632828 214583 runtime_context.cpp:12] DecreaseCounter constructing_actor_cnt, current val is 2212
I0526 17:53:17.631570 214590 thread.cpp:60] thread 17 construct actor 74766790688770
I0526 17:53:17.631659 214584 runtime_context.cpp:12] DecreaseCounter constructing_actor_cnt, current val is 2217
I0526 17:53:17.632918 214593 tick_compute_actor.cpp:7] actor 87960930222081 switch to &TickComputeActor::HandlerNormal
I0526 17:53:17.631819 214570 runtime_context.cpp:12] DecreaseCounter constructing_actor_cnt, current val is 2216
I0526 17:53:17.632266 214596 runtime_context.cpp:12] DecreaseCounter constructing_actor_cnt, current val is 2215
I0526 17:53:17.632395 214585 tick_compute_actor.cpp:7] actor 52776558133249 switch to &TickComputeActor::HandlerNormal
I0526 17:53:17.632458 214582 tick_compute_actor.cpp:7] actor 39582418599937 switch to &TickComputeActor::HandlerNormal
I0526 17:53:17.633113 214585 runtime_context.cpp:12] DecreaseCounter constructing_actor_cnt, current val is 2209
I0526 17:53:17.633149 214582 runtime_context.cpp:12] DecreaseCounter constructing_actor_cnt, current val is 2208
I0526 17:53:17.632748 214589 runtime_context.cpp:12] DecreaseCounter constructing_actor_cnt, current val is 2213
I0526 17:53:17.631492 214597 thread.cpp:60] thread 24 construct actor 105553116266497
I0526 17:53:17.630293 214587 thread.cpp:60] thread 14 construct actor 61572651155457
I0526 17:53:17.632864 214592 runtime_context.cpp:12] DecreaseCounter constructing_actor_cnt, current val is 2211
I0526 17:53:17.632869 214583 thread.cpp:60] thread 10 construct actor 43980465111049
I0526 17:53:17.631783 214566 normal_forward_compute_actor.cpp:13] actor 1 switch to &NormalForwardCompActor::HandlerNormal
I0526 17:53:17.632946 214584 thread.cpp:60] thread 11 construct actor 48378511622148
I0526 17:53:17.633409 214566 runtime_context.cpp:12] DecreaseCounter constructing_actor_cnt, current val is 2207
I0526 17:53:17.633024 214593 runtime_context.cpp:12] DecreaseCounter constructing_actor_cnt, current val is 2210
I0526 17:53:17.632571 214591 runtime_context.cpp:12] DecreaseCounter constructing_actor_cnt, current val is 2214
I0526 17:53:17.631409 214594 runtime_context.cpp:12] DecreaseCounter constructing_actor_cnt, current val is 2219
I0526 17:53:17.633157 214585 thread.cpp:60] thread 12 construct actor 52776558133250
I0526 17:53:17.633183 214582 thread.cpp:60] thread 9 construct actor 39582418599938
I0526 17:53:17.633211 214589 thread.cpp:60] thread 16 construct actor 70368744177668
I0526 17:53:17.633301 214592 thread.cpp:60] thread 19 construct actor 83562883710978
I0526 17:53:17.634708 214589 tick_compute_actor.cpp:7] actor 70368744177668 switch to &TickComputeActor::HandlerNormal
I0526 17:53:17.633015 214570 thread.cpp:60] thread 2 construct actor 8796093022209
I0526 17:53:17.634860 214589 runtime_context.cpp:12] DecreaseCounter constructing_actor_cnt, current val is 2206
I0526 17:53:17.633447 214580 tick_compute_actor.cpp:7] actor 30786325577729 switch to &TickComputeActor::HandlerNormal
I0526 17:53:17.633512 214591 thread.cpp:60] thread 18 construct actor 79164837199874
I0526 17:53:17.633558 214594 thread.cpp:60] thread 21 construct actor 92358976733185
I0526 17:53:17.633638 214590 tick_compute_actor.cpp:7] actor 74766790688770 switch to &TickComputeActor::HandlerNormal
I0526 17:53:17.633675 214598 tick_compute_actor.cpp:7] actor 109951162777601 switch to &TickComputeActor::HandlerNormal
I0526 17:53:17.633976 214587 tick_compute_actor.cpp:7] actor 61572651155457 switch to &TickComputeActor::HandlerNormal
I0526 17:53:17.634049 214597 tick_compute_actor.cpp:7] actor 105553116266497 switch to &TickComputeActor::HandlerNormal
I0526 17:53:17.634145 214583 tick_compute_actor.cpp:7] actor 43980465111049 switch to &TickComputeActor::HandlerNormal
I0526 17:53:17.634186 214584 tick_compute_actor.cpp:7] actor 48378511622148 switch to &TickComputeActor::HandlerNormal
I0526 17:53:17.634675 214588 tick_compute_actor.cpp:7] actor 65970697666562 switch to &TickComputeActor::HandlerNormal
I0526 17:53:17.634706 214582 tick_compute_actor.cpp:7] actor 39582418599938 switch to &TickComputeActor::HandlerNormal
I0526 17:53:17.633311 214586 tick_compute_actor.cpp:7] actor 57174604644353 switch to &TickComputeActor::HandlerNormal
I0526 17:53:17.634791 214585 tick_compute_actor.cpp:7] actor 52776558133250 switch to &TickComputeActor::HandlerNormal
I0526 17:53:17.633442 214566 thread.cpp:60] thread 0 construct actor 2
I0526 17:53:17.634893 214589 thread.cpp:60] thread 16 construct actor 70368744177669
I0526 17:53:17.634956 214580 runtime_context.cpp:12] DecreaseCounter constructing_actor_cnt, current val is 2205
I0526 17:53:17.635377 214590 runtime_context.cpp:12] DecreaseCounter constructing_actor_cnt, current val is 2204
I0526 17:53:17.635429 214598 runtime_context.cpp:12] DecreaseCounter constructing_actor_cnt, current val is 2203
I0526 17:53:17.635449 214592 tick_compute_actor.cpp:7] actor 83562883710978 switch to &TickComputeActor::HandlerNormal
I0526 17:53:17.635462 214587 runtime_context.cpp:12] DecreaseCounter constructing_actor_cnt, current val is 2202
I0526 17:53:17.635478 214597 runtime_context.cpp:12] DecreaseCounter constructing_actor_cnt, current val is 2201
I0526 17:53:17.635519 214583 runtime_context.cpp:12] DecreaseCounter constructing_actor_cnt, current val is 2200
I0526 17:53:17.635576 214584 runtime_context.cpp:12] DecreaseCounter constructing_actor_cnt, current val is 2199
I0526 17:53:17.635673 214582 runtime_context.cpp:12] DecreaseCounter constructing_actor_cnt, current val is 2198
I0526 17:53:17.635687 214591 tick_compute_actor.cpp:7] actor 79164837199874 switch to &TickComputeActor::HandlerNormal
I0526 17:53:17.635731 214586 runtime_context.cpp:12] DecreaseCounter constructing_actor_cnt, current val is 2197
I0526 17:53:17.635751 214580 thread.cpp:60] thread 7 construct actor 30786325577730
I0526 17:53:17.635766 214585 runtime_context.cpp:12] DecreaseCounter constructing_actor_cnt, current val is 2196
I0526 17:53:17.636083 214591 runtime_context.cpp:12] DecreaseCounter constructing_actor_cnt, current val is 2194
I0526 17:53:17.636092 214585 thread.cpp:60] thread 12 construct actor 52776558133251
I0526 17:53:17.635915 214592 runtime_context.cpp:12] DecreaseCounter constructing_actor_cnt, current val is 2195
I0526 17:53:17.636150 214588 runtime_context.cpp:12] DecreaseCounter constructing_actor_cnt, current val is 2193
I0526 17:53:17.635991 214582 thread.cpp:60] thread 9 construct actor 39582418599940
I0526 17:53:17.636023 214632 normal_forward_compute_actor.cpp:13] actor 259484744155136 switch to &NormalForwardCompActor::HandlerNormal
I0526 17:53:17.636229 214570 copy_hd_actor.cpp:8] actor 8796093022209 switch to &CopyHdActor::HandlerNormal
I0526 17:53:17.635787 214590 thread.cpp:60] thread 17 construct actor 74766790688771
I0526 17:53:17.635875 214587 thread.cpp:60] thread 14 construct actor 61572651155458
I0526 17:53:17.636102 214591 thread.cpp:60] thread 18 construct actor 79164837199875
I0526 17:53:17.635964 214584 thread.cpp:60] thread 11 construct actor 48378511622149
I0526 17:53:17.636186 214588 thread.cpp:60] thread 15 construct actor 65970697666563
I0526 17:53:17.636201 214594 tick_compute_actor.cpp:7] actor 92358976733185 switch to &TickComputeActor::HandlerNormal
I0526 17:53:17.636544 214566 normal_forward_compute_actor.cpp:13] actor 2 switch to &NormalForwardCompActor::HandlerNormal
I0526 17:53:17.636340 214570 runtime_context.cpp:12] DecreaseCounter constructing_actor_cnt, current val is 2192
I0526 17:53:17.636653 214594 runtime_context.cpp:12] DecreaseCounter constructing_actor_cnt, current val is 2191
I0526 17:53:17.636052 214586 thread.cpp:60] thread 13 construct actor 57174604644354
I0526 17:53:17.636493 214589 tick_compute_actor.cpp:7] actor 70368744177669 switch to &TickComputeActor::HandlerNormal
I0526 17:53:17.636667 214570 thread.cpp:60] thread 2 construct actor 8796093022210
I0526 17:53:17.636667 214566 runtime_context.cpp:12] DecreaseCounter constructing_actor_cnt, current val is 2190
I0526 17:53:17.637117 214587 tick_compute_actor.cpp:7] actor 61572651155458 switch to &TickComputeActor::HandlerNormal
I0526 17:53:17.636842 214585 tick_compute_actor.cpp:7] actor 52776558133251 switch to &TickComputeActor::HandlerNormal
I0526 17:53:17.636947 214582 tick_compute_actor.cpp:7] actor 39582418599940 switch to &TickComputeActor::HandlerNormal
I0526 17:53:17.637210 214590 tick_compute_actor.cpp:7] actor 74766790688771 switch to &TickComputeActor::HandlerNormal
I0526 17:53:17.636826 214580 tick_compute_actor.cpp:7] actor 30786325577730 switch to &TickComputeActor::HandlerNormal
I0526 17:53:17.637127 214566 thread.cpp:60] thread 0 construct actor 3
I0526 17:53:17.637109 214589 runtime_context.cpp:12] DecreaseCounter constructing_actor_cnt, current val is 2189
I0526 17:53:17.637261 214587 runtime_context.cpp:12] DecreaseCounter constructing_actor_cnt, current val is 2188
I0526 17:53:17.637364 214590 runtime_context.cpp:12] DecreaseCounter constructing_actor_cnt, current val is 2184
I0526 17:53:17.637284 214632 runtime_context.cpp:12] DecreaseCounter constructing_actor_cnt, current val is 2187
I0526 17:53:17.637306 214585 runtime_context.cpp:12] DecreaseCounter constructing_actor_cnt, current val is 2186
I0526 17:53:17.637338 214589 thread.cpp:60] thread 16 construct actor 70368744177670
I0526 17:53:17.637353 214582 runtime_context.cpp:12] DecreaseCounter constructing_actor_cnt, current val is 2185
I0526 17:53:17.637370 214580 runtime_context.cpp:12] DecreaseCounter constructing_actor_cnt, current val is 2183
I0526 17:53:17.637275 214591 tick_compute_actor.cpp:7] actor 79164837199875 switch to &TickComputeActor::HandlerNormal
I0526 17:53:17.637375 214587 thread.cpp:60] thread 14 construct actor 61572651155460
I0526 17:53:17.637400 214590 thread.cpp:60] thread 17 construct actor 74766790688775
I0526 17:53:17.637461 214585 thread.cpp:60] thread 12 construct actor 52776558133254
I0526 17:53:17.637516 214582 thread.cpp:60] thread 9 construct actor 39582418599941
I0526 17:53:17.637542 214580 thread.cpp:60] thread 7 construct actor 30786325577731
I0526 17:53:17.637583 214584 tick_compute_actor.cpp:7] actor 48378511622149 switch to &TickComputeActor::HandlerNormal
I0526 17:53:17.637625 214591 runtime_context.cpp:12] DecreaseCounter constructing_actor_cnt, current val is 2182
I0526 17:53:17.637814 214584 runtime_context.cpp:12] DecreaseCounter constructing_actor_cnt, current val is 2181
I0526 17:53:17.637738 214586 tick_compute_actor.cpp:7] actor 57174604644354 switch to &TickComputeActor::HandlerNormal
I0526 17:53:17.637827 214591 thread.cpp:60] thread 18 construct actor 79164837199876
I0526 17:53:17.637847 214584 thread.cpp:60] thread 11 construct actor 48378511622150
I0526 17:53:17.637933 214586 runtime_context.cpp:12] DecreaseCounter constructing_actor_cnt, current val is 2180
I0526 17:53:17.638041 214586 thread.cpp:60] thread 13 construct actor 57174604644355
I0526 17:53:17.638237 214589 tick_compute_actor.cpp:7] actor 70368744177670 switch to &TickComputeActor::HandlerNormal
I0526 17:53:17.638315 214587 tick_compute_actor.cpp:7] actor 61572651155460 switch to &TickComputeActor::HandlerNormal
I0526 17:53:17.638388 214590 tick_compute_actor.cpp:7] actor 74766790688775 switch to &TickComputeActor::HandlerNormal
I0526 17:53:17.638579 214589 runtime_context.cpp:12] DecreaseCounter constructing_actor_cnt, current val is 2179
I0526 17:53:17.638592 214587 runtime_context.cpp:12] DecreaseCounter constructing_actor_cnt, current val is 2178
I0526 17:53:17.638412 214585 tick_compute_actor.cpp:7] actor 52776558133254 switch to &TickComputeActor::HandlerNormal
I0526 17:53:17.638624 214590 runtime_context.cpp:12] DecreaseCounter constructing_actor_cnt, current val is 2177
I0526 17:53:17.638397 214582 tick_compute_actor.cpp:7] actor 39582418599941 switch to &TickComputeActor::HandlerNormal
I0526 17:53:17.638409 214566 normal_forward_compute_actor.cpp:13] actor 3 switch to &NormalForwardCompActor::HandlerNormal
I0526 17:53:17.638674 214585 runtime_context.cpp:12] DecreaseCounter constructing_actor_cnt, current val is 2176
I0526 17:53:17.638442 214580 tick_compute_actor.cpp:7] actor 30786325577731 switch to &TickComputeActor::HandlerNormal
I0526 17:53:17.638722 214582 runtime_context.cpp:12] DecreaseCounter constructing_actor_cnt, current val is 2175
I0526 17:53:17.638612 214587 thread.cpp:60] thread 14 construct actor 61572651155461
I0526 17:53:17.638692 214585 thread.cpp:60] thread 12 construct actor 52776558133255
I0526 17:53:17.638696 214570 copy_hd_actor.cpp:8] actor 8796093022210 switch to &CopyHdActor::HandlerNormal
I0526 17:53:17.638643 214590 thread.cpp:60] thread 17 construct actor 74766790688772
I0526 17:53:17.638753 214582 thread.cpp:60] thread 9 construct actor 39582418599945
I0526 17:53:17.638803 214566 runtime_context.cpp:12] DecreaseCounter constructing_actor_cnt, current val is 2174
I0526 17:53:17.638805 214580 runtime_context.cpp:12] DecreaseCounter constructing_actor_cnt, current val is 2173
I0526 17:53:17.638885 214570 runtime_context.cpp:12] DecreaseCounter constructing_actor_cnt, current val is 2172
I0526 17:53:17.638936 214566 thread.cpp:60] thread 0 construct actor 4
I0526 17:53:17.638959 214591 tick_compute_actor.cpp:7] actor 79164837199876 switch to &TickComputeActor::HandlerNormal
I0526 17:53:17.638974 214580 thread.cpp:60] thread 7 construct actor 30786325577732
I0526 17:53:17.639008 214570 thread.cpp:60] thread 2 construct actor 8796093022211
I0526 17:53:17.639068 214584 tick_compute_actor.cpp:7] actor 48378511622150 switch to &TickComputeActor::HandlerNormal
I0526 17:53:17.639103 214591 runtime_context.cpp:12] DecreaseCounter constructing_actor_cnt, current val is 2171
I0526 17:53:17.639205 214584 runtime_context.cpp:12] DecreaseCounter constructing_actor_cnt, current val is 2170
I0526 17:53:17.639130 214586 tick_compute_actor.cpp:7] actor 57174604644355 switch to &TickComputeActor::HandlerNormal
I0526 17:53:17.639241 214584 thread.cpp:60] thread 11 construct actor 48378511622151
I0526 17:53:17.639310 214586 runtime_context.cpp:12] DecreaseCounter constructing_actor_cnt, current val is 2169
I0526 17:53:17.639346 214586 thread.cpp:60] thread 13 construct actor 57174604644356
I0526 17:53:17.639456 214587 tick_compute_actor.cpp:7] actor 61572651155461 switch to &TickComputeActor::HandlerNormal
I0526 17:53:17.639489 214585 tick_compute_actor.cpp:7] actor 52776558133255 switch to &TickComputeActor::HandlerNormal
I0526 17:53:17.639518 214587 runtime_context.cpp:12] DecreaseCounter constructing_actor_cnt, current val is 2168
I0526 17:53:17.639545 214587 thread.cpp:60] thread 14 construct actor 61572651155465
I0526 17:53:17.639550 214585 runtime_context.cpp:12] DecreaseCounter constructing_actor_cnt, current val is 2167
I0526 17:53:17.639588 214590 tick_compute_actor.cpp:7] actor 74766790688772 switch to &TickComputeActor::HandlerNormal
I0526 17:53:17.639597 214585 thread.cpp:60] thread 12 construct actor 52776558133256
I0526 17:53:17.639648 214590 runtime_context.cpp:12] DecreaseCounter constructing_actor_cnt, current val is 2166
I0526 17:53:17.639657 214582 tick_compute_actor.cpp:7] actor 39582418599945 switch to &TickComputeActor::HandlerNormal
I0526 17:53:17.639729 214566 normal_forward_compute_actor.cpp:13] actor 4 switch to &NormalForwardCompActor::HandlerNormal
I0526 17:53:17.639729 214590 thread.cpp:60] thread 17 construct actor 74766790688773
I0526 17:53:17.639801 214588 tick_compute_actor.cpp:7] actor 65970697666563 switch to &TickComputeActor::HandlerNormal
I0526 17:53:17.639828 214580 tick_compute_actor.cpp:7] actor 30786325577732 switch to &TickComputeActor::HandlerNormal
I0526 17:53:17.639796 214582 runtime_context.cpp:12] DecreaseCounter constructing_actor_cnt, current val is 2165
I0526 17:53:17.639832 214566 runtime_context.cpp:12] DecreaseCounter constructing_actor_cnt, current val is 2164
I0526 17:53:17.639922 214566 thread.cpp:60] thread 0 construct actor 5
I0526 17:53:17.639946 214580 runtime_context.cpp:12] DecreaseCounter constructing_actor_cnt, current val is 2163
I0526 17:53:17.639976 214580 thread.cpp:60] thread 7 construct actor 30786325577733
I0526 17:53:17.640280 214587 tick_compute_actor.cpp:7] actor 61572651155465 switch to &TickComputeActor::HandlerNormal
I0526 17:53:17.640529 214590 tick_compute_actor.cpp:7] actor 74766790688773 switch to &TickComputeActor::HandlerNormal
I0526 17:53:17.640377 214584 tick_compute_actor.cpp:7] actor 48378511622151 switch to &TickComputeActor::HandlerNormal
I0526 17:53:17.640403 214586 tick_compute_actor.cpp:7] actor 57174604644356 switch to &TickComputeActor::HandlerNormal
I0526 17:53:17.640419 214585 tick_compute_actor.cpp:7] actor 52776558133256 switch to &TickComputeActor::HandlerNormal
I0526 17:53:17.640461 214588 runtime_context.cpp:12] DecreaseCounter constructing_actor_cnt, current val is 2162
I0526 17:53:17.640367 214570 copy_hd_actor.cpp:8] actor 8796093022211 switch to &CopyHdActor::HandlerNormal
I0526 17:53:17.640599 214587 runtime_context.cpp:12] DecreaseCounter constructing_actor_cnt, current val is 2161
I0526 17:53:17.640681 214584 runtime_context.cpp:12] DecreaseCounter constructing_actor_cnt, current val is 2159
I0526 17:53:17.640698 214586 runtime_context.cpp:12] DecreaseCounter constructing_actor_cnt, current val is 2158
I0526 17:53:17.640641 214566 normal_forward_compute_actor.cpp:13] actor 5 switch to &NormalForwardCompActor::HandlerNormal
I0526 17:53:17.640624 214590 runtime_context.cpp:12] DecreaseCounter constructing_actor_cnt, current val is 2160
I0526 17:53:17.640702 214585 runtime_context.cpp:12] DecreaseCounter constructing_actor_cnt, current val is 2157
I0526 17:53:17.640640 214588 thread.cpp:60] thread 15 construct actor 65970697666567
I0526 17:53:17.640707 214584 thread.cpp:60] thread 11 construct actor 48378511622152
I0526 17:53:17.640714 214570 runtime_context.cpp:12] DecreaseCounter constructing_actor_cnt, current val is 2156
I0526 17:53:17.640714 214580 tick_compute_actor.cpp:7] actor 30786325577733 switch to &TickComputeActor::HandlerNormal
I0526 17:53:17.640733 214586 thread.cpp:60] thread 13 construct actor 57174604644357
I0526 17:53:17.640965 214580 runtime_context.cpp:12] DecreaseCounter constructing_actor_cnt, current val is 2154
I0526 17:53:17.640790 214590 thread.cpp:60] thread 17 construct actor 74766790688774
I0526 17:53:17.640816 214585 thread.cpp:60] thread 12 construct actor 52776558133257
I0526 17:53:17.640967 214570 thread.cpp:60] thread 2 construct actor 8796093022212
I0526 17:53:17.640789 214566 runtime_context.cpp:12] DecreaseCounter constructing_actor_cnt, current val is 2155
I0526 17:53:17.640997 214580 thread.cpp:60] thread 7 construct actor 30786325577734
I0526 17:53:17.641113 214566 thread.cpp:60] thread 0 construct actor 6
I0526 17:53:17.641578 214588 tick_compute_actor.cpp:7] actor 65970697666567 switch to &TickComputeActor::HandlerNormal
I0526 17:53:17.641654 214588 runtime_context.cpp:12] DecreaseCounter constructing_actor_cnt, current val is 2153
I0526 17:53:17.641693 214590 tick_compute_actor.cpp:7] actor 74766790688774 switch to &TickComputeActor::HandlerNormal
I0526 17:53:17.641736 214585 tick_compute_actor.cpp:7] actor 52776558133257 switch to &TickComputeActor::HandlerNormal
I0526 17:53:17.641801 214580 normal_forward_compute_actor.cpp:13] actor 30786325577734 switch to &NormalForwardCompActor::HandlerNormal
I0526 17:53:17.641829 214585 runtime_context.cpp:12] DecreaseCounter constructing_actor_cnt, current val is 2151
I0526 17:53:17.641857 214566 normal_forward_compute_actor.cpp:13] actor 6 switch to &NormalForwardCompActor::HandlerNormal
I0526 17:53:17.641810 214590 runtime_context.cpp:12] DecreaseCounter constructing_actor_cnt, current val is 2152
I0526 17:53:17.641866 214580 runtime_context.cpp:12] DecreaseCounter constructing_actor_cnt, current val is 2150
