Log file created at: 2020/05/26 17:51:10
Running on machine: ai07
Log line format: [IWEF]mmdd hh:mm:ss.uuuuuu threadid file:line] msg
I0526 17:51:10.662139 213538 util.h:71] NewGlobal N7oneflow7EnvDescE
I0526 17:51:10.667521 213538 util.h:71] NewGlobal N7oneflow10CtrlServerE
I0526 17:51:10.678390 213538 ctrl_server.cpp:39] CtrlServer listening on 0.0.0.0:9789
I0526 17:51:10.678480 213538 util.h:71] NewGlobal N7oneflow10CtrlClientE
I0526 17:51:10.679455 213538 ctrl_client.cpp:187] LoadServer 127.0.0.1 Successful at 0 times
I0526 17:51:10.679515 213538 util.h:71] NewGlobal N7oneflow10MachineCtxE
I0526 17:51:10.679533 213538 machine_context.cpp:16] this machine id: 0
I0526 17:51:10.694721 213538 util.h:71] NewGlobal N7oneflow12ResourceDescE
I0526 17:51:10.694736 213538 util.h:71] NewGlobal N7oneflow6IOConfE
I0526 17:51:10.694742 213538 util.h:71] NewGlobal N7oneflow12ProfilerConfE
I0526 17:51:10.694746 213538 util.h:71] NewGlobal N7oneflow5IDMgrE
I0526 17:51:13.786546 213538 util.h:71] NewGlobal N7oneflow16AvailableMemDescE
I0526 17:51:13.787202 213538 util.h:71] NewGlobal St13unordered_mapISslSt4hashISsESt8equal_toISsESaISt4pairIKSslEEE
I0526 17:51:13.787214 213538 util.h:71] NewGlobal N7oneflow19CriticalSectionDescE
I0526 17:51:13.787218 213538 util.h:71] NewGlobal N7oneflow16InterUserJobInfoE
I0526 17:51:13.787227 213538 util.h:71] NewGlobal N7oneflow22JobBuildAndInferCtxMgrE
I0526 17:51:13.787233 213538 util.h:71] NewGlobal N7oneflow18LbiDiffWatcherInfoE
I0526 17:51:13.787240 213538 util.h:71] NewGlobal N7oneflow16JobSetCompileCtxE
I0526 17:51:13.787245 213538 util.h:71] NewGlobal N7oneflow26RuntimeBufferManagersScopeE
I0526 17:51:13.787248 213538 util.h:71] NewGlobal N7oneflow9BufferMgrIlEE
I0526 17:51:13.787251 213538 util.h:71] NewGlobal N7oneflow9BufferMgrISt10shared_ptrINS_18ForeignJobInstanceEEEE
I0526 17:51:13.787712 213538 oneflow_internal_helper.h:79] NewGlobal N7oneflow25SessionGlobalObjectsScopeE
I0526 17:51:13.791203 213538 util.h:71] NewGlobal N7oneflow7JobDescE
I0526 17:51:13.791221 213538 job_desc.cpp:90] Set piece_num_of_experiment_phase 19
I0526 17:51:14.441681 213538 util.h:76] DeleteGlobal N7oneflow7JobDescE
I0526 17:51:14.441712 213538 util.h:71] NewGlobal N7oneflow7JobDescE
I0526 17:51:14.441720 213538 job_desc.cpp:90] Set piece_num_of_experiment_phase 19
I0526 17:51:16.994922 213538 util.h:76] DeleteGlobal N7oneflow7JobDescE
I0526 17:51:16.999068 213538 util.h:71] NewGlobal N7oneflow24InterJobReuseMemStrategyE
I0526 17:51:16.999089 213538 util.h:71] NewGlobal N7oneflow7OneflowE
I0526 17:51:17.006664 213538 job_desc.cpp:90] Set piece_num_of_experiment_phase 19
I0526 17:51:17.009893 213538 job_desc.cpp:90] Set piece_num_of_experiment_phase 19
I0526 17:51:17.012151 213538 job_desc.cpp:90] Set piece_num_of_experiment_phase 19
I0526 17:51:17.013515 213538 job_desc.cpp:90] Set piece_num_of_experiment_phase 19
I0526 17:51:17.013530 213538 job_desc.cpp:90] Set piece_num_of_experiment_phase 19
I0526 17:51:17.013535 213538 job_desc.cpp:90] Set piece_num_of_experiment_phase 19
I0526 17:51:17.013540 213538 job_desc.cpp:90] Set piece_num_of_experiment_phase 19
I0526 17:51:17.015432 213538 util.h:71] NewGlobal N7oneflow7JobDescE
I0526 17:51:17.015445 213538 job_desc.cpp:90] Set piece_num_of_experiment_phase 19
I0526 17:51:17.639032 213538 util.h:71] NewGlobal N7oneflow7OpGraphE
I0526 17:51:17.829074 213538 util.h:76] DeleteGlobal N7oneflow7OpGraphE
I0526 17:51:17.849809 213538 oneflow.cpp:137] compile time: 8.2642e+08
I0526 17:51:17.929430 213538 oneflow.cpp:144] push_pull_plan:9.10699e+08
I0526 17:51:17.938043 213538 oneflow.cpp:168] compile and improve time: 9.22588e+08
I0526 17:51:17.954380 213538 util.h:76] DeleteGlobal N7oneflow7JobDescE
I0526 17:51:17.954414 213538 util.h:71] NewGlobal N7oneflow7JobDescE
I0526 17:51:17.954427 213538 job_desc.cpp:90] Set piece_num_of_experiment_phase 19
I0526 17:51:18.265733 213538 util.h:71] NewGlobal N7oneflow7OpGraphE
I0526 17:51:18.393028 213538 util.h:76] DeleteGlobal N7oneflow7OpGraphE
I0526 17:51:18.406389 213538 oneflow.cpp:137] compile time: 4.46797e+08
I0526 17:51:18.478516 213538 oneflow.cpp:144] push_pull_plan:5.21679e+08
I0526 17:51:18.485347 213538 oneflow.cpp:168] compile and improve time: 5.30907e+08
I0526 17:51:18.506654 213538 util.h:76] DeleteGlobal N7oneflow7JobDescE
I0526 17:51:18.506705 213538 util.h:71] NewGlobal N7oneflow7JobDescE
I0526 17:51:18.506727 213538 job_desc.cpp:90] Set piece_num_of_experiment_phase 19
I0526 17:51:18.832104 213538 util.h:71] NewGlobal N7oneflow7OpGraphE
I0526 17:51:18.961274 213538 util.h:76] DeleteGlobal N7oneflow7OpGraphE
I0526 17:51:18.974275 213538 oneflow.cpp:137] compile time: 4.62615e+08
I0526 17:51:19.044456 213538 oneflow.cpp:144] push_pull_plan:5.35471e+08
I0526 17:51:19.051064 213538 oneflow.cpp:168] compile and improve time: 5.44319e+08
I0526 17:51:19.062381 213538 util.h:76] DeleteGlobal N7oneflow7JobDescE
I0526 17:51:19.062412 213538 util.h:71] NewGlobal N7oneflow7JobDescE
I0526 17:51:19.062423 213538 job_desc.cpp:90] Set piece_num_of_experiment_phase 19
I0526 17:51:19.418473 213538 util.h:71] NewGlobal N7oneflow7OpGraphE
I0526 17:51:19.572726 213538 util.h:76] DeleteGlobal N7oneflow7OpGraphE
I0526 17:51:19.584878 213538 oneflow.cpp:137] compile time: 5.22182e+08
I0526 17:51:19.661752 213538 oneflow.cpp:144] push_pull_plan:5.96561e+08
I0526 17:51:19.669867 213538 oneflow.cpp:168] compile and improve time: 6.07431e+08
I0526 17:51:19.684569 213538 util.h:76] DeleteGlobal N7oneflow7JobDescE
I0526 17:51:19.684607 213538 util.h:71] NewGlobal N7oneflow7JobDescE
I0526 17:51:19.684617 213538 job_desc.cpp:90] Set piece_num_of_experiment_phase 19
I0526 17:51:19.687912 213538 util.h:71] NewGlobal N7oneflow7OpGraphE
I0526 17:51:19.689934 213538 util.h:76] DeleteGlobal N7oneflow7OpGraphE
I0526 17:51:19.690161 213538 oneflow.cpp:137] compile time: 5.47686e+06
I0526 17:51:19.690968 213538 oneflow.cpp:144] push_pull_plan:6.30272e+06
I0526 17:51:19.691123 213538 oneflow.cpp:168] compile and improve time: 6.49574e+06
I0526 17:51:19.691315 213538 util.h:76] DeleteGlobal N7oneflow7JobDescE
I0526 17:51:19.691324 213538 util.h:71] NewGlobal N7oneflow7JobDescE
I0526 17:51:19.691330 213538 job_desc.cpp:90] Set piece_num_of_experiment_phase 19
I0526 17:51:19.694406 213538 util.h:71] NewGlobal N7oneflow7OpGraphE
I0526 17:51:19.696274 213538 util.h:76] DeleteGlobal N7oneflow7OpGraphE
I0526 17:51:19.696475 213538 oneflow.cpp:137] compile time: 5.08595e+06
I0526 17:51:19.697230 213538 oneflow.cpp:144] push_pull_plan:5.85907e+06
I0526 17:51:19.697382 213538 oneflow.cpp:168] compile and improve time: 6.04518e+06
I0526 17:51:19.697569 213538 util.h:76] DeleteGlobal N7oneflow7JobDescE
I0526 17:51:19.697578 213538 util.h:71] NewGlobal N7oneflow7JobDescE
I0526 17:51:19.697584 213538 job_desc.cpp:90] Set piece_num_of_experiment_phase 19
I0526 17:51:19.700807 213538 util.h:71] NewGlobal N7oneflow7OpGraphE
I0526 17:51:19.702425 213538 util.h:76] DeleteGlobal N7oneflow7OpGraphE
I0526 17:51:19.702615 213538 oneflow.cpp:137] compile time: 4.97894e+06
I0526 17:51:19.703259 213538 oneflow.cpp:144] push_pull_plan:5.64198e+06
I0526 17:51:19.703383 213538 oneflow.cpp:168] compile and improve time: 5.79277e+06
I0526 17:51:19.703536 213538 util.h:76] DeleteGlobal N7oneflow7JobDescE
I0526 17:51:19.703543 213538 util.h:71] NewGlobal N7oneflow7JobDescE
I0526 17:51:19.703550 213538 job_desc.cpp:90] Set piece_num_of_experiment_phase 19
I0526 17:51:19.706749 213538 util.h:71] NewGlobal N7oneflow7OpGraphE
I0526 17:51:19.708351 213538 util.h:76] DeleteGlobal N7oneflow7OpGraphE
I0526 17:51:19.708528 213538 oneflow.cpp:137] compile time: 4.92877e+06
I0526 17:51:19.709164 213538 oneflow.cpp:144] push_pull_plan:5.58182e+06
I0526 17:51:19.709285 213538 oneflow.cpp:168] compile and improve time: 5.72954e+06
I0526 17:51:19.709435 213538 util.h:76] DeleteGlobal N7oneflow7JobDescE
I0526 17:51:19.709444 213538 util.h:71] NewGlobal N7oneflow7JobDescE
I0526 17:51:19.709450 213538 job_desc.cpp:90] Set piece_num_of_experiment_phase 19
I0526 17:51:19.712657 213538 util.h:71] NewGlobal N7oneflow7OpGraphE
I0526 17:51:19.714267 213538 util.h:76] DeleteGlobal N7oneflow7OpGraphE
I0526 17:51:19.714439 213538 oneflow.cpp:137] compile time: 4.94106e+06
I0526 17:51:19.715159 213538 oneflow.cpp:144] push_pull_plan:5.67808e+06
I0526 17:51:19.715953 213538 oneflow.cpp:168] compile and improve time: 6.4919e+06
I0526 17:51:19.716346 213538 util.h:76] DeleteGlobal N7oneflow7JobDescE
I0526 17:51:19.833078 213538 util.h:71] NewGlobal N7oneflow7JobDescE
I0526 17:51:19.833112 213538 job_desc.cpp:90] Set piece_num_of_experiment_phase 19
I0526 17:51:19.833122 213538 util.h:71] NewGlobal N7oneflow7OpGraphE
I0526 17:51:19.842983 213538 util.h:76] DeleteGlobal N7oneflow7OpGraphE
I0526 17:51:19.844586 213538 oneflow.cpp:137] compile time: 1.10638e+07
I0526 17:51:19.848906 213538 oneflow.cpp:144] push_pull_plan:1.54877e+07
I0526 17:51:19.849637 213538 oneflow.cpp:168] compile and improve time: 1.65128e+07
I0526 17:51:19.850435 213538 util.h:76] DeleteGlobal N7oneflow7JobDescE
I0526 17:51:20.319414 213538 util.h:71] NewGlobal N7oneflow10RuntimeCtxE
I0526 17:51:20.320479 213538 util.h:71] NewGlobal N7oneflow15MemoryAllocatorE
I0526 17:51:20.320847 213538 util.h:71] NewGlobal N7oneflow8RegstMgrE
I0526 17:51:21.015898 213538 util.h:71] NewGlobal N7oneflow11ActorMsgBusE
I0526 17:51:21.016002 213538 util.h:71] NewGlobal N7oneflow9ThreadMgrE
I0526 17:51:21.019084 213538 util.h:71] NewGlobal N7oneflow11NcclCommMgrE
I0526 17:51:21.019189 213538 util.h:71] NewGlobal N7oneflow15RuntimeJobDescsE
I0526 17:51:21.019219 213538 job_desc.cpp:90] Set piece_num_of_experiment_phase 19
I0526 17:51:21.019235 213538 job_desc.cpp:90] Set piece_num_of_experiment_phase 19
I0526 17:51:21.019248 213538 job_desc.cpp:90] Set piece_num_of_experiment_phase 19
I0526 17:51:21.019261 213538 job_desc.cpp:90] Set piece_num_of_experiment_phase 19
I0526 17:51:21.019274 213538 job_desc.cpp:90] Set piece_num_of_experiment_phase 19
I0526 17:51:21.019291 213538 job_desc.cpp:90] Set piece_num_of_experiment_phase 19
I0526 17:51:21.019307 213538 job_desc.cpp:90] Set piece_num_of_experiment_phase 19
I0526 17:51:21.019321 213538 job_desc.cpp:90] Set piece_num_of_experiment_phase 19
I0526 17:51:21.019335 213538 job_desc.cpp:90] Set piece_num_of_experiment_phase 19
I0526 17:51:21.019347 213538 job_desc.cpp:90] Set piece_num_of_experiment_phase 19
I0526 17:51:21.021538 213538 runtime_context.cpp:6] NewCounter constructing_actor_cnt 2273
I0526 17:51:21.022339 213695 thread.cpp:60] thread 0 construct actor 663
I0526 17:51:21.022415 213713 thread.cpp:60] thread 11 construct actor 48378511622144
I0526 17:51:21.022415 213724 thread.cpp:60] thread 22 construct actor 96757023244288
I0526 17:51:21.022428 213716 thread.cpp:60] thread 14 construct actor 61572651155462
I0526 17:51:21.022415 213717 thread.cpp:60] thread 15 construct actor 65970697666560
I0526 17:51:21.022429 213712 thread.cpp:60] thread 10 construct actor 43980465111043
I0526 17:51:21.022430 213768 thread.cpp:60] thread 66 construct actor 290271069732864
I0526 17:51:21.023427 213717 tick_compute_actor.cpp:7] actor 65970697666560 switch to &TickComputeActor::HandlerNormal
I0526 17:51:21.023444 213716 tick_compute_actor.cpp:7] actor 61572651155462 switch to &TickComputeActor::HandlerNormal
I0526 17:51:21.023551 213712 tick_compute_actor.cpp:7] actor 43980465111043 switch to &TickComputeActor::HandlerNormal
I0526 17:51:21.023561 213717 runtime_context.cpp:12] DecreaseCounter constructing_actor_cnt, current val is 2272
I0526 17:51:21.023576 213716 runtime_context.cpp:12] DecreaseCounter constructing_actor_cnt, current val is 2271
I0526 17:51:21.023608 213717 thread.cpp:60] thread 15 construct actor 65970697666563
I0526 17:51:21.023622 213716 thread.cpp:60] thread 14 construct actor 61572651155463
I0526 17:51:21.023654 213712 runtime_context.cpp:12] DecreaseCounter constructing_actor_cnt, current val is 2270
I0526 17:51:21.023682 213712 thread.cpp:60] thread 10 construct actor 43980465111046
I0526 17:51:21.023769 213724 tick_compute_actor.cpp:7] actor 96757023244288 switch to &TickComputeActor::HandlerNormal
I0526 17:51:21.023864 213713 tick_compute_actor.cpp:7] actor 48378511622144 switch to &TickComputeActor::HandlerNormal
I0526 17:51:21.023882 213724 runtime_context.cpp:12] DecreaseCounter constructing_actor_cnt, current val is 2269
I0526 17:51:21.023943 213713 runtime_context.cpp:12] DecreaseCounter constructing_actor_cnt, current val is 2268
I0526 17:51:21.024003 213713 thread.cpp:60] thread 11 construct actor 48378511622145
I0526 17:51:21.024300 213717 tick_compute_actor.cpp:7] actor 65970697666563 switch to &TickComputeActor::HandlerNormal
I0526 17:51:21.024309 213716 tick_compute_actor.cpp:7] actor 61572651155463 switch to &TickComputeActor::HandlerNormal
I0526 17:51:21.024665 213713 tick_compute_actor.cpp:7] actor 48378511622145 switch to &TickComputeActor::HandlerNormal
I0526 17:51:21.024392 213717 runtime_context.cpp:12] DecreaseCounter constructing_actor_cnt, current val is 2267
I0526 17:51:21.024361 213712 tick_compute_actor.cpp:7] actor 43980465111046 switch to &TickComputeActor::HandlerNormal
I0526 17:51:21.024824 213713 runtime_context.cpp:12] DecreaseCounter constructing_actor_cnt, current val is 2265
I0526 17:51:21.024825 213716 runtime_context.cpp:12] DecreaseCounter constructing_actor_cnt, current val is 2266
I0526 17:51:21.024838 213712 runtime_context.cpp:12] DecreaseCounter constructing_actor_cnt, current val is 2264
I0526 17:51:21.024839 213713 thread.cpp:60] thread 11 construct actor 48378511622146
I0526 17:51:21.024871 213716 thread.cpp:60] thread 14 construct actor 61572651155464
I0526 17:51:21.024917 213712 thread.cpp:60] thread 10 construct actor 43980465111047
I0526 17:51:21.025753 213716 tick_compute_actor.cpp:7] actor 61572651155464 switch to &TickComputeActor::HandlerNormal
I0526 17:51:21.025755 213713 tick_compute_actor.cpp:7] actor 48378511622146 switch to &TickComputeActor::HandlerNormal
I0526 17:51:21.025754 213712 tick_compute_actor.cpp:7] actor 43980465111047 switch to &TickComputeActor::HandlerNormal
I0526 17:51:21.025971 213713 runtime_context.cpp:12] DecreaseCounter constructing_actor_cnt, current val is 2263
I0526 17:51:21.025975 213712 runtime_context.cpp:12] DecreaseCounter constructing_actor_cnt, current val is 2262
I0526 17:51:21.025976 213716 runtime_context.cpp:12] DecreaseCounter constructing_actor_cnt, current val is 2261
I0526 17:51:21.026007 213712 thread.cpp:60] thread 10 construct actor 43980465111048
I0526 17:51:21.026671 213712 tick_compute_actor.cpp:7] actor 43980465111048 switch to &TickComputeActor::HandlerNormal
I0526 17:51:21.026747 213712 runtime_context.cpp:12] DecreaseCounter constructing_actor_cnt, current val is 2260
I0526 17:51:21.043393 213695 tick_compute_actor.cpp:7] actor 663 switch to &TickComputeActor::HandlerNormal
I0526 17:51:21.043473 213695 runtime_context.cpp:12] DecreaseCounter constructing_actor_cnt, current val is 2259
I0526 17:51:21.043493 213695 thread.cpp:60] thread 0 construct actor 1030
I0526 17:51:21.044842 213695 tick_compute_actor.cpp:7] actor 1030 switch to &TickComputeActor::HandlerNormal
I0526 17:51:21.044934 213695 runtime_context.cpp:12] DecreaseCounter constructing_actor_cnt, current val is 2258
I0526 17:51:21.044952 213695 thread.cpp:60] thread 0 construct actor 1031
I0526 17:51:21.057863 213695 tick_compute_actor.cpp:7] actor 1031 switch to &TickComputeActor::HandlerNormal
I0526 17:51:21.057915 213768 wait_and_send_ids_compute_actor.cpp:12] actor 290271069732864 switch to &WaitAndSendIdsCompActor::HandlerWaitToStart
I0526 17:51:21.057987 213768 runtime_context.cpp:12] DecreaseCounter constructing_actor_cnt, current val is 2257
I0526 17:51:21.058099 213695 runtime_context.cpp:12] DecreaseCounter constructing_actor_cnt, current val is 2256
I0526 17:51:21.058116 213695 thread.cpp:60] thread 0 construct actor 1398
I0526 17:51:21.059362 213695 tick_compute_actor.cpp:7] actor 1398 switch to &TickComputeActor::HandlerNormal
I0526 17:51:21.059425 213695 runtime_context.cpp:12] DecreaseCounter constructing_actor_cnt, current val is 2255
I0526 17:51:21.059443 213695 thread.cpp:60] thread 0 construct actor 1399
I0526 17:51:21.069659 213695 tick_compute_actor.cpp:7] actor 1399 switch to &TickComputeActor::HandlerNormal
I0526 17:51:21.069847 213695 runtime_context.cpp:12] DecreaseCounter constructing_actor_cnt, current val is 2254
I0526 17:51:21.069926 213695 thread.cpp:60] thread 0 construct actor 1767
I0526 17:51:21.071292 213695 tick_compute_actor.cpp:7] actor 1767 switch to &TickComputeActor::HandlerNormal
I0526 17:51:21.071882 213695 runtime_context.cpp:12] DecreaseCounter constructing_actor_cnt, current val is 2253
I0526 17:51:21.071907 213695 thread.cpp:60] thread 0 construct actor 1769
I0526 17:51:21.072630 213695 tick_compute_actor.cpp:7] actor 1769 switch to &TickComputeActor::HandlerNormal
I0526 17:51:21.072726 213695 runtime_context.cpp:12] DecreaseCounter constructing_actor_cnt, current val is 2252
I0526 17:51:21.072739 213695 thread.cpp:60] thread 0 construct actor 1770
I0526 17:51:21.073439 213695 tick_compute_actor.cpp:7] actor 1770 switch to &TickComputeActor::HandlerNormal
I0526 17:51:21.073478 213695 runtime_context.cpp:12] DecreaseCounter constructing_actor_cnt, current val is 2251
I0526 17:51:21.073496 213695 thread.cpp:60] thread 0 construct actor 1772
I0526 17:51:21.075076 213695 tick_compute_actor.cpp:7] actor 1772 switch to &TickComputeActor::HandlerNormal
I0526 17:51:21.075111 213695 runtime_context.cpp:12] DecreaseCounter constructing_actor_cnt, current val is 2250
I0526 17:51:21.075127 213695 thread.cpp:60] thread 0 construct actor 1773
I0526 17:51:21.081097 213695 tick_compute_actor.cpp:7] actor 1773 switch to &TickComputeActor::HandlerNormal
I0526 17:51:21.081132 213695 runtime_context.cpp:12] DecreaseCounter constructing_actor_cnt, current val is 2249
I0526 17:51:21.086388 213695 thread.cpp:60] thread 0 construct actor 0
I0526 17:51:21.086519 213716 thread.cpp:60] thread 14 construct actor 61572651155456
I0526 17:51:21.086622 213717 thread.cpp:60] thread 15 construct actor 65970697666561
I0526 17:51:21.086724 213713 thread.cpp:60] thread 11 construct actor 48378511622147
I0526 17:51:21.086767 213709 thread.cpp:60] thread 7 construct actor 30786325577728
I0526 17:51:21.086726 213710 thread.cpp:60] thread 8 construct actor 35184372088832
I0526 17:51:21.086736 213699 thread.cpp:60] thread 2 construct actor 8796093022208
I0526 17:51:21.086776 213712 thread.cpp:60] thread 10 construct actor 43980465111044
I0526 17:51:21.086725 213724 thread.cpp:60] thread 22 construct actor 96757023244289
I0526 17:51:21.086962 213731 thread.cpp:60] thread 29 construct actor 127543348822016
I0526 17:51:21.087008 213719 thread.cpp:60] thread 17 construct actor 74766790688769
I0526 17:51:21.087050 213728 thread.cpp:60] thread 26 construct actor 114349209288704
I0526 17:51:21.086992 213715 thread.cpp:60] thread 13 construct actor 57174604644352
I0526 17:51:21.086994 213721 thread.cpp:60] thread 19 construct actor 83562883710976
I0526 17:51:21.087002 213729 thread.cpp:60] thread 27 construct actor 118747255799808
I0526 17:51:21.087159 213764 thread.cpp:60] thread 62 construct actor 272678883688448
I0526 17:51:21.086984 213720 thread.cpp:60] thread 18 construct actor 79164837199872
I0526 17:51:21.086989 213714 thread.cpp:60] thread 12 construct actor 52776558133248
I0526 17:51:21.087071 213726 thread.cpp:60] thread 24 construct actor 105553116266496
I0526 17:51:21.087072 213730 thread.cpp:60] thread 28 construct actor 123145302310912
I0526 17:51:21.087069 213722 thread.cpp:60] thread 20 construct actor 87960930222080
I0526 17:51:21.087080 213762 thread.cpp:60] thread 60 construct actor 263882790666240
I0526 17:51:21.087095 213761 thread.cpp:60] thread 59 construct actor 259484744155136
I0526 17:51:21.087080 213723 thread.cpp:60] thread 21 construct actor 92358976733184
I0526 17:51:21.087112 213718 thread.cpp:60] thread 16 construct actor 70368744177664
I0526 17:51:21.087116 213711 thread.cpp:60] thread 9 construct actor 39582418599936
I0526 17:51:21.087131 213769 thread.cpp:60] thread 67 construct actor 294669116243968
I0526 17:51:21.087162 213766 thread.cpp:60] thread 64 construct actor 281474976710656
I0526 17:51:21.087167 213767 thread.cpp:60] thread 65 construct actor 285873023221760
I0526 17:51:21.087003 213760 thread.cpp:60] thread 58 construct actor 255086697644032
I0526 17:51:21.087200 213727 thread.cpp:60] thread 25 construct actor 109951162777600
I0526 17:51:21.087211 213725 thread.cpp:60] thread 23 construct actor 101155069755393
I0526 17:51:21.087309 213759 thread.cpp:60] thread 57 construct actor 250688651132928
I0526 17:51:21.087316 213765 thread.cpp:60] thread 63 construct actor 277076930199552
I0526 17:51:21.087417 213763 thread.cpp:60] thread 61 construct actor 268280837177344
I0526 17:51:21.087705 213695 normal_forward_compute_actor.cpp:13] actor 0 switch to &NormalForwardCompActor::HandlerNormal
I0526 17:51:21.089756 213767 normal_forward_compute_actor.cpp:13] actor 285873023221760 switch to &NormalForwardCompActor::HandlerNormal
I0526 17:51:21.088137 213710 normal_forward_compute_actor.cpp:13] actor 35184372088832 switch to &NormalForwardCompActor::HandlerNormal
I0526 17:51:21.088305 213709 normal_forward_compute_actor.cpp:13] actor 30786325577728 switch to &NormalForwardCompActor::HandlerNormal
I0526 17:51:21.088315 213724 tick_compute_actor.cpp:7] actor 96757023244289 switch to &TickComputeActor::HandlerNormal
I0526 17:51:21.090413 213709 runtime_context.cpp:12] DecreaseCounter constructing_actor_cnt, current val is 2245
I0526 17:51:21.088346 213728 tick_compute_actor.cpp:7] actor 114349209288704 switch to &TickComputeActor::HandlerNormal
I0526 17:51:21.088415 213729 tick_compute_actor.cpp:7] actor 118747255799808 switch to &TickComputeActor::HandlerNormal
I0526 17:51:21.088460 213721 tick_compute_actor.cpp:7] actor 83562883710976 switch to &TickComputeActor::HandlerNormal
I0526 17:51:21.088555 213726 tick_compute_actor.cpp:7] actor 105553116266496 switch to &TickComputeActor::HandlerNormal
I0526 17:51:21.090659 213721 runtime_context.cpp:12] DecreaseCounter constructing_actor_cnt, current val is 2241
I0526 17:51:21.088738 213714 tick_compute_actor.cpp:7] actor 52776558133248 switch to &TickComputeActor::HandlerNormal
I0526 17:51:21.088788 213719 tick_compute_actor.cpp:7] actor 74766790688769 switch to &TickComputeActor::HandlerNormal
I0526 17:51:21.088821 213762 normal_forward_compute_actor.cpp:13] actor 263882790666240 switch to &NormalForwardCompActor::HandlerNormal
I0526 17:51:21.088829 213720 tick_compute_actor.cpp:7] actor 79164837199872 switch to &TickComputeActor::HandlerNormal
I0526 17:51:21.088891 213715 tick_compute_actor.cpp:7] actor 57174604644352 switch to &TickComputeActor::HandlerNormal
I0526 17:51:21.088985 213722 tick_compute_actor.cpp:7] actor 87960930222080 switch to &TickComputeActor::HandlerNormal
I0526 17:51:21.090889 213719 runtime_context.cpp:12] DecreaseCounter constructing_actor_cnt, current val is 2237
I0526 17:51:21.089084 213712 tick_compute_actor.cpp:7] actor 43980465111044 switch to &TickComputeActor::HandlerNormal
I0526 17:51:21.089141 213730 esac_compute_actor.cpp:21] actor 123145302310912 switch to &EsacCompActor::HandlerNormal
I0526 17:51:21.090986 213712 runtime_context.cpp:12] DecreaseCounter constructing_actor_cnt, current val is 2233
I0526 17:51:21.087788 213713 tick_compute_actor.cpp:7] actor 48378511622147 switch to &TickComputeActor::HandlerNormal
I0526 17:51:21.089802 213766 normal_forward_compute_actor.cpp:13] actor 281474976710656 switch to &NormalForwardCompActor::HandlerNormal
I0526 17:51:21.091074 213713 runtime_context.cpp:12] DecreaseCounter constructing_actor_cnt, current val is 2231
I0526 17:51:21.089836 213767 runtime_context.cpp:12] DecreaseCounter constructing_actor_cnt, current val is 2247
I0526 17:51:21.090016 213710 runtime_context.cpp:12] DecreaseCounter constructing_actor_cnt, current val is 2246
I0526 17:51:21.090062 213765 normal_forward_compute_actor.cpp:13] actor 277076930199552 switch to &NormalForwardCompActor::HandlerNormal
I0526 17:51:21.090057 213731 esac_compute_actor.cpp:21] actor 127543348822016 switch to &EsacCompActor::HandlerNormal
I0526 17:51:21.090078 213718 tick_compute_actor.cpp:7] actor 70368744177664 switch to &TickComputeActor::HandlerNormal
I0526 17:51:21.090085 213760 normal_forward_compute_actor.cpp:13] actor 255086697644032 switch to &NormalForwardCompActor::HandlerNormal
I0526 17:51:21.090148 213717 tick_compute_actor.cpp:7] actor 65970697666561 switch to &TickComputeActor::HandlerNormal
I0526 17:51:21.090242 213711 normal_forward_compute_actor.cpp:13] actor 39582418599936 switch to &NormalForwardCompActor::HandlerNormal
I0526 17:51:21.090320 213723 tick_compute_actor.cpp:7] actor 92358976733184 switch to &TickComputeActor::HandlerNormal
I0526 17:51:21.090404 213727 tick_compute_actor.cpp:7] actor 109951162777600 switch to &TickComputeActor::HandlerNormal
I0526 17:51:21.088320 213699 copy_hd_actor.cpp:8] actor 8796093022208 switch to &CopyHdActor::HandlerNormal
I0526 17:51:21.090478 213725 tick_compute_actor.cpp:7] actor 101155069755393 switch to &TickComputeActor::HandlerNormal
I0526 17:51:21.090481 213709 thread.cpp:60] thread 7 construct actor 30786325577729
I0526 17:51:21.090497 213724 runtime_context.cpp:12] DecreaseCounter constructing_actor_cnt, current val is 2244
I0526 17:51:21.090533 213759 normal_forward_compute_actor.cpp:13] actor 250688651132928 switch to &NormalForwardCompActor::HandlerNormal
I0526 17:51:21.090576 213728 runtime_context.cpp:12] DecreaseCounter constructing_actor_cnt, current val is 2243
I0526 17:51:21.090610 213729 runtime_context.cpp:12] DecreaseCounter constructing_actor_cnt, current val is 2242
I0526 17:51:21.088697 213716 tick_compute_actor.cpp:7] actor 61572651155456 switch to &TickComputeActor::HandlerNormal
I0526 17:51:21.091586 213727 runtime_context.cpp:12] DecreaseCounter constructing_actor_cnt, current val is 2224
I0526 17:51:21.090705 213721 thread.cpp:60] thread 19 construct actor 83562883710977
I0526 17:51:21.091627 213723 runtime_context.cpp:12] DecreaseCounter constructing_actor_cnt, current val is 2222
I0526 17:51:21.090842 213714 runtime_context.cpp:12] DecreaseCounter constructing_actor_cnt, current val is 2239
I0526 17:51:21.090873 213762 runtime_context.cpp:12] DecreaseCounter constructing_actor_cnt, current val is 2238
I0526 17:51:21.089048 213764 normal_forward_compute_actor.cpp:13] actor 272678883688448 switch to &NormalForwardCompActor::HandlerNormal
I0526 17:51:21.090911 213719 thread.cpp:60] thread 17 construct actor 74766790688770
I0526 17:51:21.090916 213720 runtime_context.cpp:12] DecreaseCounter constructing_actor_cnt, current val is 2236
I0526 17:51:21.090935 213715 runtime_context.cpp:12] DecreaseCounter constructing_actor_cnt, current val is 2235
I0526 17:51:21.090942 213722 runtime_context.cpp:12] DecreaseCounter constructing_actor_cnt, current val is 2234
I0526 17:51:21.089483 213769 sink_compute_actor.cpp:6] actor 294669116243968 switch to &SinkCompActor::HandlerNormal
I0526 17:51:21.091023 213712 thread.cpp:60] thread 10 construct actor 43980465111045
I0526 17:51:21.091053 213730 runtime_context.cpp:12] DecreaseCounter constructing_actor_cnt, current val is 2232
I0526 17:51:21.089831 213695 runtime_context.cpp:12] DecreaseCounter constructing_actor_cnt, current val is 2248
I0526 17:51:21.091094 213766 runtime_context.cpp:12] DecreaseCounter constructing_actor_cnt, current val is 2230
I0526 17:51:21.091096 213713 thread.cpp:60] thread 11 construct actor 48378511622148
I0526 17:51:21.091141 213710 thread.cpp:60] thread 8 construct actor 35184372088833
I0526 17:51:21.091166 213765 runtime_context.cpp:12] DecreaseCounter constructing_actor_cnt, current val is 2229
I0526 17:51:21.091260 213760 runtime_context.cpp:12] DecreaseCounter constructing_actor_cnt, current val is 2228
I0526 17:51:21.091279 213731 runtime_context.cpp:12] DecreaseCounter constructing_actor_cnt, current val is 2227
I0526 17:51:21.091280 213718 runtime_context.cpp:12] DecreaseCounter constructing_actor_cnt, current val is 2226
I0526 17:51:21.091519 213711 runtime_context.cpp:12] DecreaseCounter constructing_actor_cnt, current val is 2225
I0526 17:51:21.090667 213763 normal_forward_compute_actor.cpp:13] actor 268280837177344 switch to &NormalForwardCompActor::HandlerNormal
I0526 17:51:21.091598 213699 runtime_context.cpp:12] DecreaseCounter constructing_actor_cnt, current val is 2223
I0526 17:51:21.091620 213727 thread.cpp:60] thread 25 construct actor 109951162777601
I0526 17:51:21.091630 213725 runtime_context.cpp:12] DecreaseCounter constructing_actor_cnt, current val is 2221
I0526 17:51:21.090705 213726 runtime_context.cpp:12] DecreaseCounter constructing_actor_cnt, current val is 2240
I0526 17:51:21.091650 213723 thread.cpp:60] thread 21 construct actor 92358976733185
I0526 17:51:21.091732 213759 runtime_context.cpp:12] DecreaseCounter constructing_actor_cnt, current val is 2220
I0526 17:51:21.091764 213716 runtime_context.cpp:12] DecreaseCounter constructing_actor_cnt, current val is 2219
I0526 17:51:21.091972 213714 thread.cpp:60] thread 12 construct actor 52776558133249
I0526 17:51:21.092118 213717 runtime_context.cpp:12] DecreaseCounter constructing_actor_cnt, current val is 2218
I0526 17:51:21.092159 213720 thread.cpp:60] thread 18 construct actor 79164837199873
I0526 17:51:21.093084 213713 tick_compute_actor.cpp:7] actor 48378511622148 switch to &TickComputeActor::HandlerNormal
I0526 17:51:21.092191 213715 thread.cpp:60] thread 13 construct actor 57174604644353
I0526 17:51:21.092207 213722 thread.cpp:60] thread 20 construct actor 87960930222081
I0526 17:51:21.092237 213769 runtime_context.cpp:12] DecreaseCounter constructing_actor_cnt, current val is 2216
I0526 17:51:21.092308 213695 thread.cpp:60] thread 0 construct actor 1
I0526 17:51:21.092371 213709 tick_compute_actor.cpp:7] actor 30786325577729 switch to &TickComputeActor::HandlerNormal
I0526 17:51:21.092449 213721 tick_compute_actor.cpp:7] actor 83562883710977 switch to &TickComputeActor::HandlerNormal
I0526 17:51:21.092545 213718 thread.cpp:60] thread 16 construct actor 70368744177671
I0526 17:51:21.092574 213711 thread.cpp:60] thread 9 construct actor 39582418599937
I0526 17:51:21.092633 213763 runtime_context.cpp:12] DecreaseCounter constructing_actor_cnt, current val is 2215
I0526 17:51:21.092733 213699 thread.cpp:60] thread 2 construct actor 8796093022209
I0526 17:51:21.092818 213726 thread.cpp:60] thread 24 construct actor 105553116266497
I0526 17:51:21.092886 213719 tick_compute_actor.cpp:7] actor 74766790688770 switch to &TickComputeActor::HandlerNormal
I0526 17:51:21.092952 213716 thread.cpp:60] thread 14 construct actor 61572651155457
I0526 17:51:21.093052 213717 thread.cpp:60] thread 15 construct actor 65970697666562
I0526 17:51:21.092151 213764 runtime_context.cpp:12] DecreaseCounter constructing_actor_cnt, current val is 2217
I0526 17:51:21.093088 213712 tick_compute_actor.cpp:7] actor 43980465111045 switch to &TickComputeActor::HandlerNormal
I0526 17:51:21.093186 213713 runtime_context.cpp:12] DecreaseCounter constructing_actor_cnt, current val is 2214
I0526 17:51:21.094264 213712 runtime_context.cpp:12] DecreaseCounter constructing_actor_cnt, current val is 2210
I0526 17:51:21.093466 213721 runtime_context.cpp:12] DecreaseCounter constructing_actor_cnt, current val is 2212
I0526 17:51:21.094343 213715 tick_compute_actor.cpp:7] actor 57174604644353 switch to &TickComputeActor::HandlerNormal
I0526 17:51:21.093657 213723 tick_compute_actor.cpp:7] actor 92358976733185 switch to &TickComputeActor::HandlerNormal
I0526 17:51:21.093829 213714 tick_compute_actor.cpp:7] actor 52776558133249 switch to &TickComputeActor::HandlerNormal
I0526 17:51:21.094033 213695 normal_forward_compute_actor.cpp:13] actor 1 switch to &NormalForwardCompActor::HandlerNormal
I0526 17:51:21.094125 213719 runtime_context.cpp:12] DecreaseCounter constructing_actor_cnt, current val is 2211
I0526 17:51:21.094246 213720 tick_compute_actor.cpp:7] actor 79164837199873 switch to &TickComputeActor::HandlerNormal
I0526 17:51:21.093385 213709 runtime_context.cpp:12] DecreaseCounter constructing_actor_cnt, current val is 2213
I0526 17:51:21.094269 213713 thread.cpp:60] thread 11 construct actor 48378511622149
I0526 17:51:21.094296 213712 thread.cpp:60] thread 10 construct actor 43980465111049
I0526 17:51:21.094631 213723 runtime_context.cpp:12] DecreaseCounter constructing_actor_cnt, current val is 2208
I0526 17:51:21.093467 213727 tick_compute_actor.cpp:7] actor 109951162777601 switch to &TickComputeActor::HandlerNormal
I0526 17:51:21.094357 213721 thread.cpp:60] thread 19 construct actor 83562883710978
I0526 17:51:21.094779 213718 tick_compute_actor.cpp:7] actor 70368744177671 switch to &TickComputeActor::HandlerNormal
I0526 17:51:21.094511 213719 thread.cpp:60] thread 17 construct actor 74766790688771
I0526 17:51:21.094584 213709 thread.cpp:60] thread 7 construct actor 30786325577730
I0526 17:51:21.094331 213722 tick_compute_actor.cpp:7] actor 87960930222081 switch to &TickComputeActor::HandlerNormal
I0526 17:51:21.094926 213716 tick_compute_actor.cpp:7] actor 61572651155457 switch to &TickComputeActor::HandlerNormal
I0526 17:51:21.094705 213695 runtime_context.cpp:12] DecreaseCounter constructing_actor_cnt, current val is 2206
I0526 17:51:21.095002 213722 runtime_context.cpp:12] DecreaseCounter constructing_actor_cnt, current val is 2202
I0526 17:51:21.095027 213716 runtime_context.cpp:12] DecreaseCounter constructing_actor_cnt, current val is 2201
I0526 17:51:21.094765 213727 runtime_context.cpp:12] DecreaseCounter constructing_actor_cnt, current val is 2204
I0526 17:51:21.094497 213715 runtime_context.cpp:12] DecreaseCounter constructing_actor_cnt, current val is 2209
I0526 17:51:21.094869 213726 tick_compute_actor.cpp:7] actor 105553116266497 switch to &TickComputeActor::HandlerNormal
I0526 17:51:21.094879 213718 runtime_context.cpp:12] DecreaseCounter constructing_actor_cnt, current val is 2203
I0526 17:51:21.094656 213714 runtime_context.cpp:12] DecreaseCounter constructing_actor_cnt, current val is 2207
I0526 17:51:21.094709 213711 tick_compute_actor.cpp:7] actor 39582418599937 switch to &TickComputeActor::HandlerNormal
I0526 17:51:21.095013 213695 thread.cpp:60] thread 0 construct actor 2
I0526 17:51:21.094715 213720 runtime_context.cpp:12] DecreaseCounter constructing_actor_cnt, current val is 2205
I0526 17:51:21.095062 213716 thread.cpp:60] thread 14 construct actor 61572651155458
I0526 17:51:21.095120 213715 thread.cpp:60] thread 13 construct actor 57174604644354
I0526 17:51:21.095178 213726 runtime_context.cpp:12] DecreaseCounter constructing_actor_cnt, current val is 2200
I0526 17:51:21.095181 213718 thread.cpp:60] thread 16 construct actor 70368744177668
I0526 17:51:21.095212 213714 thread.cpp:60] thread 12 construct actor 52776558133250
I0526 17:51:21.095278 213699 copy_hd_actor.cpp:8] actor 8796093022209 switch to &CopyHdActor::HandlerNormal
I0526 17:51:21.095284 213711 runtime_context.cpp:12] DecreaseCounter constructing_actor_cnt, current val is 2199
I0526 17:51:21.095319 213720 thread.cpp:60] thread 18 construct actor 79164837199874
I0526 17:51:21.095418 213713 tick_compute_actor.cpp:7] actor 48378511622149 switch to &TickComputeActor::HandlerNormal
I0526 17:51:21.095460 213712 tick_compute_actor.cpp:7] actor 43980465111049 switch to &TickComputeActor::HandlerNormal
I0526 17:51:21.095588 213721 tick_compute_actor.cpp:7] actor 83562883710978 switch to &TickComputeActor::HandlerNormal
I0526 17:51:21.095664 213719 tick_compute_actor.cpp:7] actor 74766790688771 switch to &TickComputeActor::HandlerNormal
I0526 17:51:21.095754 213709 tick_compute_actor.cpp:7] actor 30786325577730 switch to &TickComputeActor::HandlerNormal
I0526 17:51:21.096088 213716 tick_compute_actor.cpp:7] actor 61572651155458 switch to &TickComputeActor::HandlerNormal
I0526 17:51:21.096143 213712 runtime_context.cpp:12] DecreaseCounter constructing_actor_cnt, current val is 2196
I0526 17:51:21.095871 213699 runtime_context.cpp:12] DecreaseCounter constructing_actor_cnt, current val is 2198
I0526 17:51:21.096060 213713 runtime_context.cpp:12] DecreaseCounter constructing_actor_cnt, current val is 2197
I0526 17:51:21.095870 213711 thread.cpp:60] thread 9 construct actor 39582418599938
I0526 17:51:21.096166 213721 runtime_context.cpp:12] DecreaseCounter constructing_actor_cnt, current val is 2195
I0526 17:51:21.096212 213719 runtime_context.cpp:12] DecreaseCounter constructing_actor_cnt, current val is 2194
I0526 17:51:21.096210 213718 tick_compute_actor.cpp:7] actor 70368744177668 switch to &TickComputeActor::HandlerNormal
I0526 17:51:21.096222 213716 runtime_context.cpp:12] DecreaseCounter constructing_actor_cnt, current val is 2193
I0526 17:51:21.096212 213699 thread.cpp:60] thread 2 construct actor 8796093022210
I0526 17:51:21.096235 213709 runtime_context.cpp:12] DecreaseCounter constructing_actor_cnt, current val is 2192
I0526 17:51:21.096150 213715 tick_compute_actor.cpp:7] actor 57174604644354 switch to &TickComputeActor::HandlerNormal
I0526 17:51:21.096253 213713 thread.cpp:60] thread 11 construct actor 48378511622150
I0526 17:51:21.096627 213720 tick_compute_actor.cpp:7] actor 79164837199874 switch to &TickComputeActor::HandlerNormal
I0526 17:51:21.096415 213695 normal_forward_compute_actor.cpp:13] actor 2 switch to &NormalForwardCompActor::HandlerNormal
I0526 17:51:21.096704 213720 runtime_context.cpp:12] DecreaseCounter constructing_actor_cnt, current val is 2189
I0526 17:51:21.096491 213716 thread.cpp:60] thread 14 construct actor 61572651155459
I0526 17:51:21.096567 213709 thread.cpp:60] thread 7 construct actor 30786325577731
I0526 17:51:21.096593 213714 tick_compute_actor.cpp:7] actor 52776558133250 switch to &TickComputeActor::HandlerNormal
I0526 17:51:21.096626 213715 runtime_context.cpp:12] DecreaseCounter constructing_actor_cnt, current val is 2190
I0526 17:51:21.096354 213719 thread.cpp:60] thread 17 construct actor 74766790688775
I0526 17:51:21.096431 213718 runtime_context.cpp:12] DecreaseCounter constructing_actor_cnt, current val is 2191
I0526 17:51:21.096738 213720 thread.cpp:60] thread 18 construct actor 79164837199875
I0526 17:51:21.096748 213695 runtime_context.cpp:12] DecreaseCounter constructing_actor_cnt, current val is 2188
I0526 17:51:21.096873 213715 thread.cpp:60] thread 13 construct actor 57174604644355
I0526 17:51:21.096876 213714 runtime_context.cpp:12] DecreaseCounter constructing_actor_cnt, current val is 2187
I0526 17:51:21.096948 213718 thread.cpp:60] thread 16 construct actor 70368744177669
I0526 17:51:21.097007 213695 thread.cpp:60] thread 0 construct actor 3
I0526 17:51:21.097074 213714 thread.cpp:60] thread 12 construct actor 52776558133251
I0526 17:51:21.097236 213711 tick_compute_actor.cpp:7] actor 39582418599938 switch to &TickComputeActor::HandlerNormal
I0526 17:51:21.097324 213761 normal_forward_compute_actor.cpp:13] actor 259484744155136 switch to &NormalForwardCompActor::HandlerNormal
I0526 17:51:21.097436 213713 tick_compute_actor.cpp:7] actor 48378511622150 switch to &TickComputeActor::HandlerNormal
I0526 17:51:21.097682 213717 tick_compute_actor.cpp:7] actor 65970697666562 switch to &TickComputeActor::HandlerNormal
I0526 17:51:21.097553 213709 tick_compute_actor.cpp:7] actor 30786325577731 switch to &TickComputeActor::HandlerNormal
I0526 17:51:21.097672 213720 tick_compute_actor.cpp:7] actor 79164837199875 switch to &TickComputeActor::HandlerNormal
I0526 17:51:21.097681 213711 runtime_context.cpp:12] DecreaseCounter constructing_actor_cnt, current val is 2186
I0526 17:51:21.097501 213716 tick_compute_actor.cpp:7] actor 61572651155459 switch to &TickComputeActor::HandlerNormal
I0526 17:51:21.097780 213719 tick_compute_actor.cpp:7] actor 74766790688775 switch to &TickComputeActor::HandlerNormal
I0526 17:51:21.097777 213699 copy_hd_actor.cpp:8] actor 8796093022210 switch to &CopyHdActor::HandlerNormal
I0526 17:51:21.097787 213713 runtime_context.cpp:12] DecreaseCounter constructing_actor_cnt, current val is 2185
I0526 17:51:21.097833 213711 thread.cpp:60] thread 9 construct actor 39582418599940
I0526 17:51:21.097863 213709 runtime_context.cpp:12] DecreaseCounter constructing_actor_cnt, current val is 2184
I0526 17:51:21.097911 213720 runtime_context.cpp:12] DecreaseCounter constructing_actor_cnt, current val is 2183
I0526 17:51:21.098042 213699 runtime_context.cpp:12] DecreaseCounter constructing_actor_cnt, current val is 2180
I0526 17:51:21.097993 213716 runtime_context.cpp:12] DecreaseCounter constructing_actor_cnt, current val is 2182
I0526 17:51:21.098022 213709 thread.cpp:60] thread 7 construct actor 30786325577732
I0526 17:51:21.098024 213719 runtime_context.cpp:12] DecreaseCounter constructing_actor_cnt, current val is 2181
I0526 17:51:21.097956 213713 thread.cpp:60] thread 11 construct actor 48378511622151
I0526 17:51:21.098047 213720 thread.cpp:60] thread 18 construct actor 79164837199876
I0526 17:51:21.098075 213699 thread.cpp:60] thread 2 construct actor 8796093022211
I0526 17:51:21.098103 213716 thread.cpp:60] thread 14 construct actor 61572651155460
I0526 17:51:21.098170 213719 thread.cpp:60] thread 17 construct actor 74766790688772
I0526 17:51:21.098384 213714 tick_compute_actor.cpp:7] actor 52776558133251 switch to &TickComputeActor::HandlerNormal
I0526 17:51:21.098521 213714 runtime_context.cpp:12] DecreaseCounter constructing_actor_cnt, current val is 2179
I0526 17:51:21.098560 213714 thread.cpp:60] thread 12 construct actor 52776558133254
I0526 17:51:21.098748 213717 runtime_context.cpp:12] DecreaseCounter constructing_actor_cnt, current val is 2178
I0526 17:51:21.098863 213709 tick_compute_actor.cpp:7] actor 30786325577732 switch to &TickComputeActor::HandlerNormal
I0526 17:51:21.098896 213717 thread.cpp:60] thread 15 construct actor 65970697666567
I0526 17:51:21.098995 213709 runtime_context.cpp:12] DecreaseCounter constructing_actor_cnt, current val is 2177
I0526 17:51:21.099020 213718 tick_compute_actor.cpp:7] actor 70368744177669 switch to &TickComputeActor::HandlerNormal
I0526 17:51:21.099071 213711 tick_compute_actor.cpp:7] actor 39582418599940 switch to &TickComputeActor::HandlerNormal
I0526 17:51:21.099036 213713 tick_compute_actor.cpp:7] actor 48378511622151 switch to &TickComputeActor::HandlerNormal
I0526 17:51:21.099052 213720 tick_compute_actor.cpp:7] actor 79164837199876 switch to &TickComputeActor::HandlerNormal
I0526 17:51:21.099028 213709 thread.cpp:60] thread 7 construct actor 30786325577733
I0526 17:51:21.099083 213716 tick_compute_actor.cpp:7] actor 61572651155460 switch to &TickComputeActor::HandlerNormal
I0526 17:51:21.099206 213718 runtime_context.cpp:12] DecreaseCounter constructing_actor_cnt, current val is 2176
I0526 17:51:21.099270 213711 runtime_context.cpp:12] DecreaseCounter constructing_actor_cnt, current val is 2175
I0526 17:51:21.099300 213713 runtime_context.cpp:12] DecreaseCounter constructing_actor_cnt, current val is 2173
I0526 17:51:21.099321 213716 runtime_context.cpp:12] DecreaseCounter constructing_actor_cnt, current val is 2171
I0526 17:51:21.099279 213718 thread.cpp:60] thread 16 construct actor 70368744177670
I0526 17:51:21.099311 213711 thread.cpp:60] thread 9 construct actor 39582418599941
I0526 17:51:21.099316 213720 runtime_context.cpp:12] DecreaseCounter constructing_actor_cnt, current val is 2172
I0526 17:51:21.099292 213761 runtime_context.cpp:12] DecreaseCounter constructing_actor_cnt, current val is 2174
I0526 17:51:21.099332 213713 thread.cpp:60] thread 11 construct actor 48378511622152
I0526 17:51:21.099357 213716 thread.cpp:60] thread 14 construct actor 61572651155461
I0526 17:51:21.099459 213719 tick_compute_actor.cpp:7] actor 74766790688772 switch to &TickComputeActor::HandlerNormal
I0526 17:51:21.099607 213699 copy_hd_actor.cpp:8] actor 8796093022211 switch to &CopyHdActor::HandlerNormal
I0526 17:51:21.099638 213719 runtime_context.cpp:12] DecreaseCounter constructing_actor_cnt, current val is 2170
I0526 17:51:21.099620 213714 tick_compute_actor.cpp:7] actor 52776558133254 switch to &TickComputeActor::HandlerNormal
I0526 17:51:21.099684 213719 thread.cpp:60] thread 17 construct actor 74766790688773
I0526 17:51:21.099687 213699 runtime_context.cpp:12] DecreaseCounter constructing_actor_cnt, current val is 2169
I0526 17:51:21.099746 213714 runtime_context.cpp:12] DecreaseCounter constructing_actor_cnt, current val is 2168
I0526 17:51:21.099777 213699 thread.cpp:60] thread 2 construct actor 8796093022212
I0526 17:51:21.099803 213714 thread.cpp:60] thread 12 construct actor 52776558133255
I0526 17:51:21.099854 213717 tick_compute_actor.cpp:7] actor 65970697666567 switch to &TickComputeActor::HandlerNormal
I0526 17:51:21.099913 213695 normal_forward_compute_actor.cpp:13] actor 3 switch to &NormalForwardCompActor::HandlerNormal
I0526 17:51:21.099931 213717 runtime_context.cpp:12] DecreaseCounter constructing_actor_cnt, current val is 2167
I0526 17:51:21.099946 213709 tick_compute_actor.cpp:7] actor 30786325577733 switch to &TickComputeActor::HandlerNormal
I0526 17:51:21.100015 213695 runtime_context.cpp:12] DecreaseCounter constructing_actor_cnt, current val is 2166
I0526 17:51:21.100064 213715 tick_compute_actor.cpp:7] actor 57174604644355 switch to &TickComputeActor::HandlerNormal
I0526 17:51:21.100087 213695 thread.cpp:60] thread 0 construct actor 4
I0526 17:51:21.100095 213709 runtime_context.cpp:12] DecreaseCounter constructing_actor_cnt, current val is 2165
I0526 17:51:21.100140 213709 thread.cpp:60] thread 7 construct actor 30786325577734
I0526 17:51:21.100241 213713 tick_compute_actor.cpp:7] actor 48378511622152 switch to &TickComputeActor::HandlerNormal
I0526 17:51:21.100255 213716 tick_compute_actor.cpp:7] actor 61572651155461 switch to &TickComputeActor::HandlerNormal
I0526 17:51:21.100383 213713 runtime_context.cpp:12] DecreaseCounter constructing_actor_cnt, current val is 2164
I0526 17:51:21.100395 213716 runtime_context.cpp:12] DecreaseCounter constructing_actor_cnt, current val is 2163
I0526 17:51:21.100499 213711 tick_compute_actor.cpp:7] actor 39582418599941 switch to &TickComputeActor::HandlerNormal
I0526 17:51:21.100616 213714 tick_compute_actor.cpp:7] actor 52776558133255 switch to &TickComputeActor::HandlerNormal
I0526 17:51:21.100642 213718 tick_compute_actor.cpp:7] actor 70368744177670 switch to &TickComputeActor::HandlerNormal
I0526 17:51:21.100672 213713 thread.cpp:60] thread 11 construct actor 48378511622153
I0526 17:51:21.100688 213716 thread.cpp:60] thread 14 construct actor 61572651155465
I0526 17:51:21.100715 213715 runtime_context.cpp:12] DecreaseCounter constructing_actor_cnt, current val is 2162
I0526 17:51:21.100811 213718 runtime_context.cpp:12] DecreaseCounter constructing_actor_cnt, current val is 2159
I0526 17:51:21.100772 213711 runtime_context.cpp:12] DecreaseCounter constructing_actor_cnt, current val is 2161
I0526 17:51:21.100788 213714 runtime_context.cpp:12] DecreaseCounter constructing_actor_cnt, current val is 2160
I0526 17:51:21.100733 213719 tick_compute_actor.cpp:7] actor 74766790688773 switch to &TickComputeActor::HandlerNormal
I0526 17:51:21.100821 213715 thread.cpp:60] thread 13 construct actor 57174604644356
I0526 17:51:21.100850 213711 thread.cpp:60] thread 9 construct actor 39582418599945
I0526 17:51:21.100946 213719 runtime_context.cpp:12] DecreaseCounter constructing_actor_cnt, current val is 2158
I0526 17:51:21.100875 213695 normal_forward_compute_actor.cpp:13] actor 4 switch to &NormalForwardCompActor::HandlerNormal
I0526 17:51:21.100880 213709 normal_forward_compute_actor.cpp:13] actor 30786325577734 switch to &NormalForwardCompActor::HandlerNormal
I0526 17:51:21.100878 213714 thread.cpp:60] thread 12 construct actor 52776558133256
I0526 17:51:21.100968 213719 thread.cpp:60] thread 17 construct actor 74766790688774
I0526 17:51:21.101024 213695 runtime_context.cpp:12] DecreaseCounter constructing_actor_cnt, current val is 2157
I0526 17:51:21.101024 213699 copy_hd_actor.cpp:8] actor 8796093022212 switch to &CopyHdActor::HandlerNormal
I0526 17:51:21.101060 213709 runtime_context.cpp:12] DecreaseCounter constructing_actor_cnt, current val is 2156
I0526 17:51:21.101116 213695 thread.cpp:60] thread 0 construct actor 5
I0526 17:51:21.101179 213699 runtime_context.cpp:12] DecreaseCounter constructing_actor_cnt, current val is 2155
I0526 17:51:21.101181 213709 thread.cpp:60] thread 7 construct actor 30786325577735
I0526 17:51:21.101233 213699 thread.cpp:60] thread 2 construct actor 8796093022213
I0526 17:51:21.101501 213713 tick_compute_actor.cpp:7] actor 48378511622153 switch to &TickComputeActor::HandlerNormal
I0526 17:51:21.101512 213716 tick_compute_actor.cpp:7] actor 61572651155465 switch to &TickComputeActor::HandlerNormal
I0526 17:51:21.101596 213713 runtime_context.cpp:12] DecreaseCounter constructing_actor_cnt, current val is 2154
I0526 17:51:21.101614 213716 runtime_context.cpp:12] DecreaseCounter constructing_actor_cnt, current val is 2153
I0526 17:51:21.101678 213715 tick_compute_actor.cpp:7] actor 57174604644356 switch to &TickComputeActor::HandlerNormal
I0526 17:51:21.101752 213714 tick_compute_actor.cpp:7] actor 52776558133256 switch to &TickComputeActor::HandlerNormal
I0526 17:51:21.101812 213715 runtime_context.cpp:12] DecreaseCounter constructing_actor_cnt, current val is 2152
I0526 17:51:21.101826 213714 runtime_context.cpp:12] DecreaseCounter constructing_actor_cnt, current val is 2151
I0526 17:51:21.101845 213715 thread.cpp:60] thread 13 construct actor 57174604644357
I0526 17:51:21.101871 213714 thread.cpp:60] thread 12 construct actor 52776558133257
I0526 17:51:21.101895 213695 normal_forward_compute_actor.cpp:13] actor 5 switch to &NormalForwardCompActor::HandlerNormal
