Log file created at: 2020/05/26 17:51:35
Running on machine: ai07
Log line format: [IWEF]mmdd hh:mm:ss.uuuuuu threadid file:line] msg
I0526 17:51:35.954365 213821 util.h:71] NewGlobal N7oneflow7EnvDescE
I0526 17:51:35.959995 213821 util.h:71] NewGlobal N7oneflow10CtrlServerE
I0526 17:51:35.970659 213821 ctrl_server.cpp:39] CtrlServer listening on 0.0.0.0:9789
I0526 17:51:35.970738 213821 util.h:71] NewGlobal N7oneflow10CtrlClientE
I0526 17:51:35.971542 213821 ctrl_client.cpp:187] LoadServer 127.0.0.1 Successful at 0 times
I0526 17:51:35.971596 213821 util.h:71] NewGlobal N7oneflow10MachineCtxE
I0526 17:51:35.971612 213821 machine_context.cpp:16] this machine id: 0
I0526 17:51:35.986035 213821 util.h:71] NewGlobal N7oneflow12ResourceDescE
I0526 17:51:35.986052 213821 util.h:71] NewGlobal N7oneflow6IOConfE
I0526 17:51:35.986057 213821 util.h:71] NewGlobal N7oneflow12ProfilerConfE
I0526 17:51:35.986061 213821 util.h:71] NewGlobal N7oneflow5IDMgrE
I0526 17:51:39.067010 213821 util.h:71] NewGlobal N7oneflow16AvailableMemDescE
I0526 17:51:39.067735 213821 util.h:71] NewGlobal St13unordered_mapISslSt4hashISsESt8equal_toISsESaISt4pairIKSslEEE
I0526 17:51:39.067764 213821 util.h:71] NewGlobal N7oneflow19CriticalSectionDescE
I0526 17:51:39.067773 213821 util.h:71] NewGlobal N7oneflow16InterUserJobInfoE
I0526 17:51:39.067788 213821 util.h:71] NewGlobal N7oneflow22JobBuildAndInferCtxMgrE
I0526 17:51:39.067800 213821 util.h:71] NewGlobal N7oneflow18LbiDiffWatcherInfoE
I0526 17:51:39.067809 213821 util.h:71] NewGlobal N7oneflow16JobSetCompileCtxE
I0526 17:51:39.067821 213821 util.h:71] NewGlobal N7oneflow26RuntimeBufferManagersScopeE
I0526 17:51:39.067828 213821 util.h:71] NewGlobal N7oneflow9BufferMgrIlEE
I0526 17:51:39.067836 213821 util.h:71] NewGlobal N7oneflow9BufferMgrISt10shared_ptrINS_18ForeignJobInstanceEEEE
I0526 17:51:39.068545 213821 oneflow_internal_helper.h:79] NewGlobal N7oneflow25SessionGlobalObjectsScopeE
I0526 17:51:39.072273 213821 util.h:71] NewGlobal N7oneflow7JobDescE
I0526 17:51:39.072301 213821 job_desc.cpp:90] Set piece_num_of_experiment_phase 19
I0526 17:51:39.731582 213821 util.h:76] DeleteGlobal N7oneflow7JobDescE
I0526 17:51:39.731611 213821 util.h:71] NewGlobal N7oneflow7JobDescE
I0526 17:51:39.731621 213821 job_desc.cpp:90] Set piece_num_of_experiment_phase 19
I0526 17:51:41.519663 213821 util.h:76] DeleteGlobal N7oneflow7JobDescE
I0526 17:51:41.523924 213821 util.h:71] NewGlobal N7oneflow24InterJobReuseMemStrategyE
I0526 17:51:41.523946 213821 util.h:71] NewGlobal N7oneflow7OneflowE
I0526 17:51:41.531488 213821 job_desc.cpp:90] Set piece_num_of_experiment_phase 19
I0526 17:51:41.534689 213821 job_desc.cpp:90] Set piece_num_of_experiment_phase 19
I0526 17:51:41.536940 213821 job_desc.cpp:90] Set piece_num_of_experiment_phase 19
I0526 17:51:41.538303 213821 job_desc.cpp:90] Set piece_num_of_experiment_phase 19
I0526 17:51:41.538318 213821 job_desc.cpp:90] Set piece_num_of_experiment_phase 19
I0526 17:51:41.538323 213821 job_desc.cpp:90] Set piece_num_of_experiment_phase 19
I0526 17:51:41.538328 213821 job_desc.cpp:90] Set piece_num_of_experiment_phase 19
I0526 17:51:41.540210 213821 util.h:71] NewGlobal N7oneflow7JobDescE
I0526 17:51:41.540222 213821 job_desc.cpp:90] Set piece_num_of_experiment_phase 19
I0526 17:51:42.168190 213821 util.h:71] NewGlobal N7oneflow7OpGraphE
I0526 17:51:42.361588 213821 util.h:76] DeleteGlobal N7oneflow7OpGraphE
I0526 17:51:42.382836 213821 oneflow.cpp:137] compile time: 8.34514e+08
I0526 17:51:42.459889 213821 oneflow.cpp:144] push_pull_plan:9.16374e+08
I0526 17:51:42.468469 213821 oneflow.cpp:168] compile and improve time: 9.28237e+08
I0526 17:51:42.484176 213821 util.h:76] DeleteGlobal N7oneflow7JobDescE
I0526 17:51:42.484215 213821 util.h:71] NewGlobal N7oneflow7JobDescE
I0526 17:51:42.484227 213821 job_desc.cpp:90] Set piece_num_of_experiment_phase 19
I0526 17:51:42.796027 213821 util.h:71] NewGlobal N7oneflow7OpGraphE
I0526 17:51:42.923976 213821 util.h:76] DeleteGlobal N7oneflow7OpGraphE
I0526 17:51:42.937402 213821 oneflow.cpp:137] compile time: 4.47981e+08
I0526 17:51:43.008675 213821 oneflow.cpp:144] push_pull_plan:5.22074e+08
I0526 17:51:43.025395 213821 oneflow.cpp:168] compile and improve time: 5.41125e+08
I0526 17:51:43.040570 213821 util.h:76] DeleteGlobal N7oneflow7JobDescE
I0526 17:51:43.040606 213821 util.h:71] NewGlobal N7oneflow7JobDescE
I0526 17:51:43.040621 213821 job_desc.cpp:90] Set piece_num_of_experiment_phase 19
I0526 17:51:43.348474 213821 util.h:71] NewGlobal N7oneflow7OpGraphE
I0526 17:51:43.489627 213821 util.h:76] DeleteGlobal N7oneflow7OpGraphE
I0526 17:51:43.506160 213821 oneflow.cpp:137] compile time: 4.60342e+08
I0526 17:51:43.576210 213821 oneflow.cpp:144] push_pull_plan:5.33305e+08
I0526 17:51:43.582784 213821 oneflow.cpp:168] compile and improve time: 5.42149e+08
I0526 17:51:43.594156 213821 util.h:76] DeleteGlobal N7oneflow7JobDescE
I0526 17:51:43.594193 213821 util.h:71] NewGlobal N7oneflow7JobDescE
I0526 17:51:43.594205 213821 job_desc.cpp:90] Set piece_num_of_experiment_phase 19
I0526 17:51:43.954602 213821 util.h:71] NewGlobal N7oneflow7OpGraphE
I0526 17:51:44.109551 213821 util.h:76] DeleteGlobal N7oneflow7OpGraphE
I0526 17:51:44.121839 213821 oneflow.cpp:137] compile time: 5.27333e+08
I0526 17:51:44.199784 213821 oneflow.cpp:144] push_pull_plan:6.02638e+08
I0526 17:51:44.207933 213821 oneflow.cpp:168] compile and improve time: 6.13714e+08
I0526 17:51:44.222802 213821 util.h:76] DeleteGlobal N7oneflow7JobDescE
I0526 17:51:44.222839 213821 util.h:71] NewGlobal N7oneflow7JobDescE
I0526 17:51:44.222851 213821 job_desc.cpp:90] Set piece_num_of_experiment_phase 19
I0526 17:51:44.226162 213821 util.h:71] NewGlobal N7oneflow7OpGraphE
I0526 17:51:44.228175 213821 util.h:76] DeleteGlobal N7oneflow7OpGraphE
I0526 17:51:44.228411 213821 oneflow.cpp:137] compile time: 5.49248e+06
I0526 17:51:44.229219 213821 oneflow.cpp:144] push_pull_plan:6.32166e+06
I0526 17:51:44.229377 213821 oneflow.cpp:168] compile and improve time: 6.51597e+06
I0526 17:51:44.229573 213821 util.h:76] DeleteGlobal N7oneflow7JobDescE
I0526 17:51:44.229584 213821 util.h:71] NewGlobal N7oneflow7JobDescE
I0526 17:51:44.229590 213821 job_desc.cpp:90] Set piece_num_of_experiment_phase 19
I0526 17:51:44.232694 213821 util.h:71] NewGlobal N7oneflow7OpGraphE
I0526 17:51:44.234560 213821 util.h:76] DeleteGlobal N7oneflow7OpGraphE
I0526 17:51:44.234766 213821 oneflow.cpp:137] compile time: 5.11667e+06
I0526 17:51:44.235535 213821 oneflow.cpp:144] push_pull_plan:5.9031e+06
I0526 17:51:44.235690 213821 oneflow.cpp:168] compile and improve time: 6.09229e+06
I0526 17:51:44.235877 213821 util.h:76] DeleteGlobal N7oneflow7JobDescE
I0526 17:51:44.235888 213821 util.h:71] NewGlobal N7oneflow7JobDescE
I0526 17:51:44.235894 213821 job_desc.cpp:90] Set piece_num_of_experiment_phase 19
I0526 17:51:44.239117 213821 util.h:71] NewGlobal N7oneflow7OpGraphE
I0526 17:51:44.240747 213821 util.h:76] DeleteGlobal N7oneflow7OpGraphE
I0526 17:51:44.240934 213821 oneflow.cpp:137] compile time: 4.98765e+06
I0526 17:51:44.241582 213821 oneflow.cpp:144] push_pull_plan:5.6553e+06
I0526 17:51:44.241708 213821 oneflow.cpp:168] compile and improve time: 5.8071e+06
I0526 17:51:44.241861 213821 util.h:76] DeleteGlobal N7oneflow7JobDescE
I0526 17:51:44.241870 213821 util.h:71] NewGlobal N7oneflow7JobDescE
I0526 17:51:44.241878 213821 job_desc.cpp:90] Set piece_num_of_experiment_phase 19
I0526 17:51:44.245085 213821 util.h:71] NewGlobal N7oneflow7OpGraphE
I0526 17:51:44.246711 213821 util.h:76] DeleteGlobal N7oneflow7OpGraphE
I0526 17:51:44.246891 213821 oneflow.cpp:137] compile time: 4.9641e+06
I0526 17:51:44.247535 213821 oneflow.cpp:144] push_pull_plan:5.6256e+06
I0526 17:51:44.247658 213821 oneflow.cpp:168] compile and improve time: 5.77485e+06
I0526 17:51:44.247809 213821 util.h:76] DeleteGlobal N7oneflow7JobDescE
I0526 17:51:44.247818 213821 util.h:71] NewGlobal N7oneflow7JobDescE
I0526 17:51:44.247824 213821 job_desc.cpp:90] Set piece_num_of_experiment_phase 19
I0526 17:51:44.251019 213821 util.h:71] NewGlobal N7oneflow7OpGraphE
I0526 17:51:44.252624 213821 util.h:76] DeleteGlobal N7oneflow7OpGraphE
I0526 17:51:44.252800 213821 oneflow.cpp:137] compile time: 4.92698e+06
I0526 17:51:44.253515 213821 oneflow.cpp:144] push_pull_plan:5.65811e+06
I0526 17:51:44.254267 213821 oneflow.cpp:168] compile and improve time: 6.43149e+06
I0526 17:51:44.254684 213821 util.h:76] DeleteGlobal N7oneflow7JobDescE
I0526 17:51:44.371356 213821 util.h:71] NewGlobal N7oneflow7JobDescE
I0526 17:51:44.371392 213821 job_desc.cpp:90] Set piece_num_of_experiment_phase 19
I0526 17:51:44.371402 213821 util.h:71] NewGlobal N7oneflow7OpGraphE
I0526 17:51:44.381273 213821 util.h:76] DeleteGlobal N7oneflow7OpGraphE
I0526 17:51:44.382860 213821 oneflow.cpp:137] compile time: 1.10564e+07
I0526 17:51:44.386713 213821 oneflow.cpp:144] push_pull_plan:1.50723e+07
I0526 17:51:44.387331 213821 oneflow.cpp:168] compile and improve time: 1.59276e+07
I0526 17:51:44.388260 213821 util.h:76] DeleteGlobal N7oneflow7JobDescE
I0526 17:51:44.857542 213821 util.h:71] NewGlobal N7oneflow10RuntimeCtxE
I0526 17:51:44.858610 213821 util.h:71] NewGlobal N7oneflow15MemoryAllocatorE
I0526 17:51:44.858973 213821 util.h:71] NewGlobal N7oneflow8RegstMgrE
I0526 17:51:45.476040 213821 util.h:71] NewGlobal N7oneflow11ActorMsgBusE
I0526 17:51:45.476084 213821 util.h:71] NewGlobal N7oneflow9ThreadMgrE
I0526 17:51:45.478066 213821 util.h:71] NewGlobal N7oneflow11NcclCommMgrE
I0526 17:51:45.478147 213821 util.h:71] NewGlobal N7oneflow15RuntimeJobDescsE
I0526 17:51:45.478163 213821 job_desc.cpp:90] Set piece_num_of_experiment_phase 19
I0526 17:51:45.478171 213821 job_desc.cpp:90] Set piece_num_of_experiment_phase 19
I0526 17:51:45.478179 213821 job_desc.cpp:90] Set piece_num_of_experiment_phase 19
I0526 17:51:45.478185 213821 job_desc.cpp:90] Set piece_num_of_experiment_phase 19
I0526 17:51:45.478193 213821 job_desc.cpp:90] Set piece_num_of_experiment_phase 19
I0526 17:51:45.478204 213821 job_desc.cpp:90] Set piece_num_of_experiment_phase 19
I0526 17:51:45.478211 213821 job_desc.cpp:90] Set piece_num_of_experiment_phase 19
I0526 17:51:45.478219 213821 job_desc.cpp:90] Set piece_num_of_experiment_phase 19
I0526 17:51:45.478226 213821 job_desc.cpp:90] Set piece_num_of_experiment_phase 19
I0526 17:51:45.478233 213821 job_desc.cpp:90] Set piece_num_of_experiment_phase 19
I0526 17:51:45.479663 213821 runtime_context.cpp:6] NewCounter constructing_actor_cnt 2273
I0526 17:51:45.480073 213972 thread.cpp:60] thread 0 construct actor 663
I0526 17:51:45.480151 213989 thread.cpp:60] thread 10 construct actor 43980465111043
I0526 17:51:45.480191 214045 thread.cpp:60] thread 66 construct actor 290271069732864
I0526 17:51:45.480165 213990 thread.cpp:60] thread 11 construct actor 48378511622144
I0526 17:51:45.480177 213994 thread.cpp:60] thread 15 construct actor 65970697666560
I0526 17:51:45.480165 214001 thread.cpp:60] thread 22 construct actor 96757023244288
I0526 17:51:45.480181 213993 thread.cpp:60] thread 14 construct actor 61572651155459
I0526 17:51:45.481165 213989 tick_compute_actor.cpp:7] actor 43980465111043 switch to &TickComputeActor::HandlerNormal
I0526 17:51:45.481215 214001 tick_compute_actor.cpp:7] actor 96757023244288 switch to &TickComputeActor::HandlerNormal
I0526 17:51:45.481266 213994 tick_compute_actor.cpp:7] actor 65970697666560 switch to &TickComputeActor::HandlerNormal
I0526 17:51:45.481307 213989 runtime_context.cpp:12] DecreaseCounter constructing_actor_cnt, current val is 2272
I0526 17:51:45.481323 213989 thread.cpp:60] thread 10 construct actor 43980465111046
I0526 17:51:45.481349 213994 runtime_context.cpp:12] DecreaseCounter constructing_actor_cnt, current val is 2270
I0526 17:51:45.481325 213993 tick_compute_actor.cpp:7] actor 61572651155459 switch to &TickComputeActor::HandlerNormal
I0526 17:51:45.481323 214001 runtime_context.cpp:12] DecreaseCounter constructing_actor_cnt, current val is 2271
I0526 17:51:45.481421 213990 tick_compute_actor.cpp:7] actor 48378511622144 switch to &TickComputeActor::HandlerNormal
I0526 17:51:45.481465 213993 runtime_context.cpp:12] DecreaseCounter constructing_actor_cnt, current val is 2269
I0526 17:51:45.481498 213993 thread.cpp:60] thread 14 construct actor 61572651155462
I0526 17:51:45.481499 213990 runtime_context.cpp:12] DecreaseCounter constructing_actor_cnt, current val is 2268
I0526 17:51:45.481616 213990 thread.cpp:60] thread 11 construct actor 48378511622145
I0526 17:51:45.482007 213989 tick_compute_actor.cpp:7] actor 43980465111046 switch to &TickComputeActor::HandlerNormal
I0526 17:51:45.482223 213993 tick_compute_actor.cpp:7] actor 61572651155462 switch to &TickComputeActor::HandlerNormal
I0526 17:51:45.482441 213990 tick_compute_actor.cpp:7] actor 48378511622145 switch to &TickComputeActor::HandlerNormal
I0526 17:51:45.482442 213993 runtime_context.cpp:12] DecreaseCounter constructing_actor_cnt, current val is 2266
I0526 17:51:45.482445 213989 runtime_context.cpp:12] DecreaseCounter constructing_actor_cnt, current val is 2267
I0526 17:51:45.482498 213993 thread.cpp:60] thread 14 construct actor 61572651155463
I0526 17:51:45.482528 213990 runtime_context.cpp:12] DecreaseCounter constructing_actor_cnt, current val is 2265
I0526 17:51:45.482524 213989 thread.cpp:60] thread 10 construct actor 43980465111047
I0526 17:51:45.482547 213990 thread.cpp:60] thread 11 construct actor 48378511622146
I0526 17:51:45.483161 213993 tick_compute_actor.cpp:7] actor 61572651155463 switch to &TickComputeActor::HandlerNormal
I0526 17:51:45.483223 213990 tick_compute_actor.cpp:7] actor 48378511622146 switch to &TickComputeActor::HandlerNormal
I0526 17:51:45.483258 213989 tick_compute_actor.cpp:7] actor 43980465111047 switch to &TickComputeActor::HandlerNormal
I0526 17:51:45.483261 213993 runtime_context.cpp:12] DecreaseCounter constructing_actor_cnt, current val is 2264
I0526 17:51:45.483296 213993 thread.cpp:60] thread 14 construct actor 61572651155464
I0526 17:51:45.483316 213990 runtime_context.cpp:12] DecreaseCounter constructing_actor_cnt, current val is 2263
I0526 17:51:45.483343 213989 runtime_context.cpp:12] DecreaseCounter constructing_actor_cnt, current val is 2262
I0526 17:51:45.483376 213989 thread.cpp:60] thread 10 construct actor 43980465111048
I0526 17:51:45.483933 213993 tick_compute_actor.cpp:7] actor 61572651155464 switch to &TickComputeActor::HandlerNormal
I0526 17:51:45.484004 213989 tick_compute_actor.cpp:7] actor 43980465111048 switch to &TickComputeActor::HandlerNormal
I0526 17:51:45.484019 213993 runtime_context.cpp:12] DecreaseCounter constructing_actor_cnt, current val is 2261
I0526 17:51:45.484073 213989 runtime_context.cpp:12] DecreaseCounter constructing_actor_cnt, current val is 2260
I0526 17:51:45.491097 213972 tick_compute_actor.cpp:7] actor 663 switch to &TickComputeActor::HandlerNormal
I0526 17:51:45.491158 213972 runtime_context.cpp:12] DecreaseCounter constructing_actor_cnt, current val is 2259
I0526 17:51:45.491175 213972 thread.cpp:60] thread 0 construct actor 1030
I0526 17:51:45.492445 213972 tick_compute_actor.cpp:7] actor 1030 switch to &TickComputeActor::HandlerNormal
I0526 17:51:45.492522 213972 runtime_context.cpp:12] DecreaseCounter constructing_actor_cnt, current val is 2258
I0526 17:51:45.492539 213972 thread.cpp:60] thread 0 construct actor 1031
I0526 17:51:45.493749 213972 tick_compute_actor.cpp:7] actor 1031 switch to &TickComputeActor::HandlerNormal
I0526 17:51:45.493822 213972 runtime_context.cpp:12] DecreaseCounter constructing_actor_cnt, current val is 2257
I0526 17:51:45.493840 213972 thread.cpp:60] thread 0 construct actor 1398
I0526 17:51:45.495604 213972 tick_compute_actor.cpp:7] actor 1398 switch to &TickComputeActor::HandlerNormal
I0526 17:51:45.495679 213972 runtime_context.cpp:12] DecreaseCounter constructing_actor_cnt, current val is 2256
I0526 17:51:45.495697 213972 thread.cpp:60] thread 0 construct actor 1399
I0526 17:51:45.501468 213972 tick_compute_actor.cpp:7] actor 1399 switch to &TickComputeActor::HandlerNormal
I0526 17:51:45.501652 213972 runtime_context.cpp:12] DecreaseCounter constructing_actor_cnt, current val is 2255
I0526 17:51:45.501672 213972 thread.cpp:60] thread 0 construct actor 1767
I0526 17:51:45.502949 213972 tick_compute_actor.cpp:7] actor 1767 switch to &TickComputeActor::HandlerNormal
I0526 17:51:45.503140 213972 runtime_context.cpp:12] DecreaseCounter constructing_actor_cnt, current val is 2254
I0526 17:51:45.503211 213972 thread.cpp:60] thread 0 construct actor 1769
I0526 17:51:45.503799 213972 tick_compute_actor.cpp:7] actor 1769 switch to &TickComputeActor::HandlerNormal
I0526 17:51:45.504166 213972 runtime_context.cpp:12] DecreaseCounter constructing_actor_cnt, current val is 2253
I0526 17:51:45.504186 213972 thread.cpp:60] thread 0 construct actor 1770
I0526 17:51:45.510264 213972 tick_compute_actor.cpp:7] actor 1770 switch to &TickComputeActor::HandlerNormal
I0526 17:51:45.510354 213972 runtime_context.cpp:12] DecreaseCounter constructing_actor_cnt, current val is 2252
I0526 17:51:45.510368 213972 thread.cpp:60] thread 0 construct actor 1772
I0526 17:51:45.510999 213972 tick_compute_actor.cpp:7] actor 1772 switch to &TickComputeActor::HandlerNormal
I0526 17:51:45.511096 213972 runtime_context.cpp:12] DecreaseCounter constructing_actor_cnt, current val is 2251
I0526 17:51:45.511109 213972 thread.cpp:60] thread 0 construct actor 1773
I0526 17:51:45.511765 213972 tick_compute_actor.cpp:7] actor 1773 switch to &TickComputeActor::HandlerNormal
I0526 17:51:45.511843 213972 runtime_context.cpp:12] DecreaseCounter constructing_actor_cnt, current val is 2250
I0526 17:51:45.513028 214045 wait_and_send_ids_compute_actor.cpp:12] actor 290271069732864 switch to &WaitAndSendIdsCompActor::HandlerWaitToStart
I0526 17:51:45.513077 214045 runtime_context.cpp:12] DecreaseCounter constructing_actor_cnt, current val is 2249
I0526 17:51:45.520793 213972 thread.cpp:60] thread 0 construct actor 0
I0526 17:51:45.520889 213993 thread.cpp:60] thread 14 construct actor 61572651155456
I0526 17:51:45.521025 213994 thread.cpp:60] thread 15 construct actor 65970697666561
I0526 17:51:45.521131 213976 thread.cpp:60] thread 2 construct actor 8796093022208
I0526 17:51:45.521210 213992 thread.cpp:60] thread 13 construct actor 57174604644352
I0526 17:51:45.521184 214001 thread.cpp:60] thread 22 construct actor 96757023244289
I0526 17:51:45.521275 213988 thread.cpp:60] thread 9 construct actor 39582418599936
I0526 17:51:45.521311 214004 thread.cpp:60] thread 25 construct actor 109951162777600
I0526 17:51:45.521217 213991 thread.cpp:60] thread 12 construct actor 52776558133248
I0526 17:51:45.521363 214046 thread.cpp:60] thread 67 construct actor 294669116243968
I0526 17:51:45.521373 214006 thread.cpp:60] thread 27 construct actor 118747255799808
I0526 17:51:45.521420 213995 thread.cpp:60] thread 16 construct actor 70368744177664
I0526 17:51:45.521265 214003 thread.cpp:60] thread 24 construct actor 105553116266496
I0526 17:51:45.521170 213990 thread.cpp:60] thread 11 construct actor 48378511622147
I0526 17:51:45.521276 213987 thread.cpp:60] thread 8 construct actor 35184372088832
I0526 17:51:45.521284 213998 thread.cpp:60] thread 19 construct actor 83562883710976
I0526 17:51:45.521216 213986 thread.cpp:60] thread 7 construct actor 30786325577728
I0526 17:51:45.521340 214036 thread.cpp:60] thread 57 construct actor 250688651132928
I0526 17:51:45.521245 213989 thread.cpp:60] thread 10 construct actor 43980465111044
I0526 17:51:45.521255 214000 thread.cpp:60] thread 21 construct actor 92358976733184
I0526 17:51:45.521389 214008 thread.cpp:60] thread 29 construct actor 127543348822016
I0526 17:51:45.521392 214037 thread.cpp:60] thread 58 construct actor 255086697644032
I0526 17:51:45.521390 213996 thread.cpp:60] thread 17 construct actor 74766790688769
I0526 17:51:45.521409 214005 thread.cpp:60] thread 26 construct actor 114349209288704
I0526 17:51:45.521257 213999 thread.cpp:60] thread 20 construct actor 87960930222080
I0526 17:51:45.521523 213997 thread.cpp:60] thread 18 construct actor 79164837199872
I0526 17:51:45.521555 214043 thread.cpp:60] thread 64 construct actor 281474976710656
I0526 17:51:45.521560 214044 thread.cpp:60] thread 65 construct actor 285873023221760
I0526 17:51:45.521569 214038 thread.cpp:60] thread 59 construct actor 259484744155136
I0526 17:51:45.521564 214039 thread.cpp:60] thread 60 construct actor 263882790666240
I0526 17:51:45.521566 214040 thread.cpp:60] thread 61 construct actor 268280837177344
I0526 17:51:45.521586 214041 thread.cpp:60] thread 62 construct actor 272678883688448
I0526 17:51:45.522408 213995 tick_compute_actor.cpp:7] actor 70368744177664 switch to &TickComputeActor::HandlerNormal
I0526 17:51:45.521606 214042 thread.cpp:60] thread 63 construct actor 277076930199552
I0526 17:51:45.521730 214007 thread.cpp:60] thread 28 construct actor 123145302310912
I0526 17:51:45.523792 213988 normal_forward_compute_actor.cpp:13] actor 39582418599936 switch to &NormalForwardCompActor::HandlerNormal
I0526 17:51:45.522285 213986 normal_forward_compute_actor.cpp:13] actor 30786325577728 switch to &NormalForwardCompActor::HandlerNormal
I0526 17:51:45.521589 214002 thread.cpp:60] thread 23 construct actor 101155069755393
I0526 17:51:45.522495 213990 tick_compute_actor.cpp:7] actor 48378511622147 switch to &TickComputeActor::HandlerNormal
I0526 17:51:45.522511 213995 runtime_context.cpp:12] DecreaseCounter constructing_actor_cnt, current val is 2248
I0526 17:51:45.522662 213987 normal_forward_compute_actor.cpp:13] actor 35184372088832 switch to &NormalForwardCompActor::HandlerNormal
I0526 17:51:45.522701 214003 tick_compute_actor.cpp:7] actor 105553116266496 switch to &TickComputeActor::HandlerNormal
I0526 17:51:45.522753 213993 tick_compute_actor.cpp:7] actor 61572651155456 switch to &TickComputeActor::HandlerNormal
I0526 17:51:45.522783 214001 tick_compute_actor.cpp:7] actor 96757023244289 switch to &TickComputeActor::HandlerNormal
I0526 17:51:45.522868 213998 tick_compute_actor.cpp:7] actor 83562883710976 switch to &TickComputeActor::HandlerNormal
I0526 17:51:45.522938 213991 tick_compute_actor.cpp:7] actor 52776558133248 switch to &TickComputeActor::HandlerNormal
I0526 17:51:45.522997 214005 tick_compute_actor.cpp:7] actor 114349209288704 switch to &TickComputeActor::HandlerNormal
I0526 17:51:45.524510 213991 runtime_context.cpp:12] DecreaseCounter constructing_actor_cnt, current val is 2239
I0526 17:51:45.523072 214000 tick_compute_actor.cpp:7] actor 92358976733184 switch to &TickComputeActor::HandlerNormal
I0526 17:51:45.523180 214036 normal_forward_compute_actor.cpp:13] actor 250688651132928 switch to &NormalForwardCompActor::HandlerNormal
I0526 17:51:45.523232 214046 sink_compute_actor.cpp:6] actor 294669116243968 switch to &SinkCompActor::HandlerNormal
I0526 17:51:45.524621 214036 runtime_context.cpp:12] DecreaseCounter constructing_actor_cnt, current val is 2236
I0526 17:51:45.523253 213999 tick_compute_actor.cpp:7] actor 87960930222080 switch to &TickComputeActor::HandlerNormal
I0526 17:51:45.523277 214004 tick_compute_actor.cpp:7] actor 109951162777600 switch to &TickComputeActor::HandlerNormal
I0526 17:51:45.523316 213992 tick_compute_actor.cpp:7] actor 57174604644352 switch to &TickComputeActor::HandlerNormal
I0526 17:51:45.523349 214044 normal_forward_compute_actor.cpp:13] actor 285873023221760 switch to &NormalForwardCompActor::HandlerNormal
I0526 17:51:45.523520 214042 normal_forward_compute_actor.cpp:13] actor 277076930199552 switch to &NormalForwardCompActor::HandlerNormal
I0526 17:51:45.524827 214044 runtime_context.cpp:12] DecreaseCounter constructing_actor_cnt, current val is 2231
I0526 17:51:45.523564 213997 tick_compute_actor.cpp:7] actor 79164837199872 switch to &TickComputeActor::HandlerNormal
I0526 17:51:45.523604 214008 esac_compute_actor.cpp:21] actor 127543348822016 switch to &EsacCompActor::HandlerNormal
I0526 17:51:45.523633 214006 tick_compute_actor.cpp:7] actor 118747255799808 switch to &TickComputeActor::HandlerNormal
I0526 17:51:45.523694 213996 tick_compute_actor.cpp:7] actor 74766790688769 switch to &TickComputeActor::HandlerNormal
I0526 17:51:45.523732 213976 copy_hd_actor.cpp:8] actor 8796093022208 switch to &CopyHdActor::HandlerNormal
I0526 17:51:45.521890 213972 normal_forward_compute_actor.cpp:13] actor 0 switch to &NormalForwardCompActor::HandlerNormal
I0526 17:51:45.523910 214037 normal_forward_compute_actor.cpp:13] actor 255086697644032 switch to &NormalForwardCompActor::HandlerNormal
I0526 17:51:45.525032 214002 tick_compute_actor.cpp:7] actor 101155069755393 switch to &TickComputeActor::HandlerNormal
I0526 17:51:45.524013 214040 normal_forward_compute_actor.cpp:13] actor 268280837177344 switch to &NormalForwardCompActor::HandlerNormal
I0526 17:51:45.524036 213986 runtime_context.cpp:12] DecreaseCounter constructing_actor_cnt, current val is 2246
I0526 17:51:45.525203 214040 runtime_context.cpp:12] DecreaseCounter constructing_actor_cnt, current val is 2221
I0526 17:51:45.525207 214007 esac_compute_actor.cpp:21] actor 123145302310912 switch to &EsacCompActor::HandlerNormal
I0526 17:51:45.524184 213995 thread.cpp:60] thread 16 construct actor 70368744177671
I0526 17:51:45.524296 213987 runtime_context.cpp:12] DecreaseCounter constructing_actor_cnt, current val is 2244
I0526 17:51:45.524354 214003 runtime_context.cpp:12] DecreaseCounter constructing_actor_cnt, current val is 2243
I0526 17:51:45.524391 213993 runtime_context.cpp:12] DecreaseCounter constructing_actor_cnt, current val is 2242
I0526 17:51:45.524422 214001 runtime_context.cpp:12] DecreaseCounter constructing_actor_cnt, current val is 2241
I0526 17:51:45.524443 213994 tick_compute_actor.cpp:7] actor 65970697666561 switch to &TickComputeActor::HandlerNormal
I0526 17:51:45.524487 213998 runtime_context.cpp:12] DecreaseCounter constructing_actor_cnt, current val is 2240
I0526 17:51:45.523049 214043 normal_forward_compute_actor.cpp:13] actor 281474976710656 switch to &NormalForwardCompActor::HandlerNormal
I0526 17:51:45.525671 213998 thread.cpp:60] thread 19 construct actor 83562883710977
I0526 17:51:45.524557 214005 runtime_context.cpp:12] DecreaseCounter constructing_actor_cnt, current val is 2238
I0526 17:51:45.524602 214000 runtime_context.cpp:12] DecreaseCounter constructing_actor_cnt, current val is 2237
I0526 17:51:45.523245 213989 tick_compute_actor.cpp:7] actor 43980465111044 switch to &TickComputeActor::HandlerNormal
I0526 17:51:45.524641 214046 runtime_context.cpp:12] DecreaseCounter constructing_actor_cnt, current val is 2235
I0526 17:51:45.524734 213999 runtime_context.cpp:12] DecreaseCounter constructing_actor_cnt, current val is 2234
I0526 17:51:45.525810 213989 runtime_context.cpp:12] DecreaseCounter constructing_actor_cnt, current val is 2217
I0526 17:51:45.524787 213992 runtime_context.cpp:12] DecreaseCounter constructing_actor_cnt, current val is 2232
I0526 17:51:45.523538 214039 normal_forward_compute_actor.cpp:13] actor 263882790666240 switch to &NormalForwardCompActor::HandlerNormal
I0526 17:51:45.524854 214042 runtime_context.cpp:12] DecreaseCounter constructing_actor_cnt, current val is 2230
I0526 17:51:45.524914 213997 runtime_context.cpp:12] DecreaseCounter constructing_actor_cnt, current val is 2229
I0526 17:51:45.525897 214039 runtime_context.cpp:12] DecreaseCounter constructing_actor_cnt, current val is 2216
I0526 17:51:45.525032 214006 runtime_context.cpp:12] DecreaseCounter constructing_actor_cnt, current val is 2227
I0526 17:51:45.523914 213988 runtime_context.cpp:12] DecreaseCounter constructing_actor_cnt, current val is 2247
I0526 17:51:45.525082 213996 runtime_context.cpp:12] DecreaseCounter constructing_actor_cnt, current val is 2226
I0526 17:51:45.525096 213976 runtime_context.cpp:12] DecreaseCounter constructing_actor_cnt, current val is 2225
I0526 17:51:45.525126 213972 runtime_context.cpp:12] DecreaseCounter constructing_actor_cnt, current val is 2224
I0526 17:51:45.525127 214037 runtime_context.cpp:12] DecreaseCounter constructing_actor_cnt, current val is 2223
I0526 17:51:45.525189 214002 runtime_context.cpp:12] DecreaseCounter constructing_actor_cnt, current val is 2222
I0526 17:51:45.524039 214041 normal_forward_compute_actor.cpp:13] actor 272678883688448 switch to &NormalForwardCompActor::HandlerNormal
I0526 17:51:45.525213 213986 thread.cpp:60] thread 7 construct actor 30786325577729
I0526 17:51:45.524173 213990 runtime_context.cpp:12] DecreaseCounter constructing_actor_cnt, current val is 2245
I0526 17:51:45.526075 214041 runtime_context.cpp:12] DecreaseCounter constructing_actor_cnt, current val is 2215
I0526 17:51:45.525321 214007 runtime_context.cpp:12] DecreaseCounter constructing_actor_cnt, current val is 2220
I0526 17:51:45.525336 214003 thread.cpp:60] thread 24 construct actor 105553116266497
I0526 17:51:45.525362 213993 thread.cpp:60] thread 14 construct actor 61572651155457
I0526 17:51:45.524538 213991 thread.cpp:60] thread 12 construct actor 52776558133249
I0526 17:51:45.525719 214043 runtime_context.cpp:12] DecreaseCounter constructing_actor_cnt, current val is 2219
I0526 17:51:45.525751 214000 thread.cpp:60] thread 21 construct actor 92358976733185
I0526 17:51:45.525785 213994 runtime_context.cpp:12] DecreaseCounter constructing_actor_cnt, current val is 2218
I0526 17:51:45.524749 214004 runtime_context.cpp:12] DecreaseCounter constructing_actor_cnt, current val is 2233
I0526 17:51:45.525817 213999 thread.cpp:60] thread 20 construct actor 87960930222081
I0526 17:51:45.525841 213989 thread.cpp:60] thread 10 construct actor 43980465111045
I0526 17:51:45.525857 213992 thread.cpp:60] thread 13 construct actor 57174604644353
I0526 17:51:45.525012 214008 runtime_context.cpp:12] DecreaseCounter constructing_actor_cnt, current val is 2228
I0526 17:51:45.526484 213998 tick_compute_actor.cpp:7] actor 83562883710977 switch to &TickComputeActor::HandlerNormal
I0526 17:51:45.525946 213988 thread.cpp:60] thread 9 construct actor 39582418599937
I0526 17:51:45.525961 213996 thread.cpp:60] thread 17 construct actor 74766790688770
I0526 17:51:45.525979 213976 thread.cpp:60] thread 2 construct actor 8796093022209
I0526 17:51:45.525998 213972 thread.cpp:60] thread 0 construct actor 1
I0526 17:51:45.526998 213993 tick_compute_actor.cpp:7] actor 61572651155457 switch to &TickComputeActor::HandlerNormal
I0526 17:51:45.525300 213987 thread.cpp:60] thread 8 construct actor 35184372088833
I0526 17:51:45.526089 213990 thread.cpp:60] thread 11 construct actor 48378511622148
I0526 17:51:45.526355 213994 thread.cpp:60] thread 15 construct actor 65970697666562
I0526 17:51:45.526369 214004 thread.cpp:60] thread 25 construct actor 109951162777601
I0526 17:51:45.525904 213997 thread.cpp:60] thread 18 construct actor 79164837199873
I0526 17:51:45.526566 213998 runtime_context.cpp:12] DecreaseCounter constructing_actor_cnt, current val is 2214
I0526 17:51:45.526852 213986 tick_compute_actor.cpp:7] actor 30786325577729 switch to &TickComputeActor::HandlerNormal
I0526 17:51:45.526073 213995 tick_compute_actor.cpp:7] actor 70368744177671 switch to &TickComputeActor::HandlerNormal
I0526 17:51:45.527084 213993 runtime_context.cpp:12] DecreaseCounter constructing_actor_cnt, current val is 2213
I0526 17:51:45.527132 214003 tick_compute_actor.cpp:7] actor 105553116266497 switch to &TickComputeActor::HandlerNormal
I0526 17:51:45.527134 214000 tick_compute_actor.cpp:7] actor 92358976733185 switch to &TickComputeActor::HandlerNormal
I0526 17:51:45.527176 213992 tick_compute_actor.cpp:7] actor 57174604644353 switch to &TickComputeActor::HandlerNormal
I0526 17:51:45.527277 213991 tick_compute_actor.cpp:7] actor 52776558133249 switch to &TickComputeActor::HandlerNormal
I0526 17:51:45.527326 213999 tick_compute_actor.cpp:7] actor 87960930222081 switch to &TickComputeActor::HandlerNormal
I0526 17:51:45.528622 213991 runtime_context.cpp:12] DecreaseCounter constructing_actor_cnt, current val is 2207
I0526 17:51:45.527513 213989 tick_compute_actor.cpp:7] actor 43980465111045 switch to &TickComputeActor::HandlerNormal
I0526 17:51:45.527644 213996 tick_compute_actor.cpp:7] actor 74766790688770 switch to &TickComputeActor::HandlerNormal
I0526 17:51:45.527812 214038 normal_forward_compute_actor.cpp:13] actor 259484744155136 switch to &NormalForwardCompActor::HandlerNormal
I0526 17:51:45.528736 213989 runtime_context.cpp:12] DecreaseCounter constructing_actor_cnt, current val is 2205
I0526 17:51:45.528749 213996 runtime_context.cpp:12] DecreaseCounter constructing_actor_cnt, current val is 2204
I0526 17:51:45.528421 213986 runtime_context.cpp:12] DecreaseCounter constructing_actor_cnt, current val is 2212
I0526 17:51:45.528475 213993 thread.cpp:60] thread 14 construct actor 61572651155458
I0526 17:51:45.528484 213995 runtime_context.cpp:12] DecreaseCounter constructing_actor_cnt, current val is 2211
I0526 17:51:45.528550 214003 runtime_context.cpp:12] DecreaseCounter constructing_actor_cnt, current val is 2210
I0526 17:51:45.528574 214000 runtime_context.cpp:12] DecreaseCounter constructing_actor_cnt, current val is 2209
I0526 17:51:45.528977 214004 tick_compute_actor.cpp:7] actor 109951162777601 switch to &TickComputeActor::HandlerNormal
I0526 17:51:45.528594 213992 runtime_context.cpp:12] DecreaseCounter constructing_actor_cnt, current val is 2208
I0526 17:51:45.527384 213988 tick_compute_actor.cpp:7] actor 39582418599937 switch to &TickComputeActor::HandlerNormal
I0526 17:51:45.529078 214004 runtime_context.cpp:12] DecreaseCounter constructing_actor_cnt, current val is 2203
I0526 17:51:45.528658 213999 runtime_context.cpp:12] DecreaseCounter constructing_actor_cnt, current val is 2206
I0526 17:51:45.528049 213972 normal_forward_compute_actor.cpp:13] actor 1 switch to &NormalForwardCompActor::HandlerNormal
I0526 17:51:45.528331 213998 thread.cpp:60] thread 19 construct actor 83562883710978
I0526 17:51:45.528760 213989 thread.cpp:60] thread 10 construct actor 43980465111049
I0526 17:51:45.528780 213996 thread.cpp:60] thread 17 construct actor 74766790688771
I0526 17:51:45.528807 213986 thread.cpp:60] thread 7 construct actor 30786325577730
I0526 17:51:45.528909 213990 tick_compute_actor.cpp:7] actor 48378511622148 switch to &TickComputeActor::HandlerNormal
I0526 17:51:45.528931 213995 thread.cpp:60] thread 16 construct actor 70368744177668
I0526 17:51:45.528594 213976 copy_hd_actor.cpp:8] actor 8796093022209 switch to &CopyHdActor::HandlerNormal
I0526 17:51:45.529050 213992 thread.cpp:60] thread 13 construct actor 57174604644354
I0526 17:51:45.528656 213991 thread.cpp:60] thread 12 construct actor 52776558133250
I0526 17:51:45.529081 213997 tick_compute_actor.cpp:7] actor 79164837199873 switch to &TickComputeActor::HandlerNormal
I0526 17:51:45.529645 213997 runtime_context.cpp:12] DecreaseCounter constructing_actor_cnt, current val is 2198
I0526 17:51:45.529247 213972 runtime_context.cpp:12] DecreaseCounter constructing_actor_cnt, current val is 2201
I0526 17:51:45.529434 213990 runtime_context.cpp:12] DecreaseCounter constructing_actor_cnt, current val is 2200
I0526 17:51:45.529505 213976 runtime_context.cpp:12] DecreaseCounter constructing_actor_cnt, current val is 2199
I0526 17:51:45.529150 213988 runtime_context.cpp:12] DecreaseCounter constructing_actor_cnt, current val is 2202
I0526 17:51:45.530099 213996 tick_compute_actor.cpp:7] actor 74766790688771 switch to &TickComputeActor::HandlerNormal
I0526 17:51:45.529880 214038 runtime_context.cpp:12] DecreaseCounter constructing_actor_cnt, current val is 2197
I0526 17:51:45.530160 213996 runtime_context.cpp:12] DecreaseCounter constructing_actor_cnt, current val is 2196
I0526 17:51:45.529990 213998 tick_compute_actor.cpp:7] actor 83562883710978 switch to &TickComputeActor::HandlerNormal
I0526 17:51:45.529990 213972 thread.cpp:60] thread 0 construct actor 2
I0526 17:51:45.530236 213992 tick_compute_actor.cpp:7] actor 57174604644354 switch to &TickComputeActor::HandlerNormal
I0526 17:51:45.530058 213986 tick_compute_actor.cpp:7] actor 30786325577730 switch to &TickComputeActor::HandlerNormal
I0526 17:51:45.530061 213976 thread.cpp:60] thread 2 construct actor 8796093022210
I0526 17:51:45.530340 213992 runtime_context.cpp:12] DecreaseCounter constructing_actor_cnt, current val is 2194
I0526 17:51:45.530107 213988 thread.cpp:60] thread 9 construct actor 39582418599938
I0526 17:51:45.529958 213997 thread.cpp:60] thread 18 construct actor 79164837199874
I0526 17:51:45.530189 213996 thread.cpp:60] thread 17 construct actor 74766790688775
I0526 17:51:45.530215 213995 tick_compute_actor.cpp:7] actor 70368744177668 switch to &TickComputeActor::HandlerNormal
I0526 17:51:45.530534 213991 tick_compute_actor.cpp:7] actor 52776558133250 switch to &TickComputeActor::HandlerNormal
I0526 17:51:45.530244 213998 runtime_context.cpp:12] DecreaseCounter constructing_actor_cnt, current val is 2195
I0526 17:51:45.529774 213993 tick_compute_actor.cpp:7] actor 61572651155458 switch to &TickComputeActor::HandlerNormal
I0526 17:51:45.530349 213989 tick_compute_actor.cpp:7] actor 43980465111049 switch to &TickComputeActor::HandlerNormal
I0526 17:51:45.530740 213993 runtime_context.cpp:12] DecreaseCounter constructing_actor_cnt, current val is 2190
I0526 17:51:45.530375 213992 thread.cpp:60] thread 13 construct actor 57174604644355
I0526 17:51:45.530788 213989 runtime_context.cpp:12] DecreaseCounter constructing_actor_cnt, current val is 2189
I0526 17:51:45.530589 213995 runtime_context.cpp:12] DecreaseCounter constructing_actor_cnt, current val is 2192
I0526 17:51:45.530632 213991 runtime_context.cpp:12] DecreaseCounter constructing_actor_cnt, current val is 2191
I0526 17:51:45.530362 213986 runtime_context.cpp:12] DecreaseCounter constructing_actor_cnt, current val is 2193
I0526 17:51:45.530773 213993 thread.cpp:60] thread 14 construct actor 61572651155460
I0526 17:51:45.530021 213990 thread.cpp:60] thread 11 construct actor 48378511622149
I0526 17:51:45.530864 213995 thread.cpp:60] thread 16 construct actor 70368744177669
I0526 17:51:45.531013 213972 normal_forward_compute_actor.cpp:13] actor 2 switch to &NormalForwardCompActor::HandlerNormal
I0526 17:51:45.530937 213986 thread.cpp:60] thread 7 construct actor 30786325577731
I0526 17:51:45.530907 213991 thread.cpp:60] thread 12 construct actor 52776558133251
I0526 17:51:45.531097 213972 runtime_context.cpp:12] DecreaseCounter constructing_actor_cnt, current val is 2188
I0526 17:51:45.531157 213972 thread.cpp:60] thread 0 construct actor 3
I0526 17:51:45.531222 213996 tick_compute_actor.cpp:7] actor 74766790688775 switch to &TickComputeActor::HandlerNormal
I0526 17:51:45.531240 213997 tick_compute_actor.cpp:7] actor 79164837199874 switch to &TickComputeActor::HandlerNormal
I0526 17:51:45.531302 213996 runtime_context.cpp:12] DecreaseCounter constructing_actor_cnt, current val is 2187
I0526 17:51:45.531328 213996 thread.cpp:60] thread 17 construct actor 74766790688772
I0526 17:51:45.531338 213997 runtime_context.cpp:12] DecreaseCounter constructing_actor_cnt, current val is 2186
I0526 17:51:45.531395 213988 tick_compute_actor.cpp:7] actor 39582418599938 switch to &TickComputeActor::HandlerNormal
I0526 17:51:45.531402 213994 tick_compute_actor.cpp:7] actor 65970697666562 switch to &TickComputeActor::HandlerNormal
I0526 17:51:45.531497 213992 tick_compute_actor.cpp:7] actor 57174604644355 switch to &TickComputeActor::HandlerNormal
I0526 17:51:45.531621 213997 thread.cpp:60] thread 18 construct actor 79164837199875
I0526 17:51:45.531673 213993 tick_compute_actor.cpp:7] actor 61572651155460 switch to &TickComputeActor::HandlerNormal
I0526 17:51:45.531679 213988 runtime_context.cpp:12] DecreaseCounter constructing_actor_cnt, current val is 2185
I0526 17:51:45.531783 213992 runtime_context.cpp:12] DecreaseCounter constructing_actor_cnt, current val is 2184
I0526 17:51:45.531713 213990 tick_compute_actor.cpp:7] actor 48378511622149 switch to &TickComputeActor::HandlerNormal
I0526 17:51:45.531790 213988 thread.cpp:60] thread 9 construct actor 39582418599940
I0526 17:51:45.531813 213992 thread.cpp:60] thread 13 construct actor 57174604644356
I0526 17:51:45.531831 213993 runtime_context.cpp:12] DecreaseCounter constructing_actor_cnt, current val is 2183
I0526 17:51:45.531852 213986 tick_compute_actor.cpp:7] actor 30786325577731 switch to &TickComputeActor::HandlerNormal
I0526 17:51:45.531917 213990 runtime_context.cpp:12] DecreaseCounter constructing_actor_cnt, current val is 2182
I0526 17:51:45.531920 213993 thread.cpp:60] thread 14 construct actor 61572651155461
I0526 17:51:45.531952 213976 copy_hd_actor.cpp:8] actor 8796093022210 switch to &CopyHdActor::HandlerNormal
I0526 17:51:45.531981 213990 thread.cpp:60] thread 11 construct actor 48378511622150
I0526 17:51:45.532035 213991 tick_compute_actor.cpp:7] actor 52776558133251 switch to &TickComputeActor::HandlerNormal
I0526 17:51:45.532032 213986 runtime_context.cpp:12] DecreaseCounter constructing_actor_cnt, current val is 2181
I0526 17:51:45.532088 213996 tick_compute_actor.cpp:7] actor 74766790688772 switch to &TickComputeActor::HandlerNormal
I0526 17:51:45.532095 213995 tick_compute_actor.cpp:7] actor 70368744177669 switch to &TickComputeActor::HandlerNormal
I0526 17:51:45.532117 213976 runtime_context.cpp:12] DecreaseCounter constructing_actor_cnt, current val is 2180
I0526 17:51:45.532173 213986 thread.cpp:60] thread 7 construct actor 30786325577732
I0526 17:51:45.532174 213991 runtime_context.cpp:12] DecreaseCounter constructing_actor_cnt, current val is 2179
I0526 17:51:45.532259 213976 thread.cpp:60] thread 2 construct actor 8796093022211
I0526 17:51:45.532331 213972 normal_forward_compute_actor.cpp:13] actor 3 switch to &NormalForwardCompActor::HandlerNormal
I0526 17:51:45.532312 213991 thread.cpp:60] thread 12 construct actor 52776558133254
I0526 17:51:45.532315 213995 runtime_context.cpp:12] DecreaseCounter constructing_actor_cnt, current val is 2177
I0526 17:51:45.532274 213996 runtime_context.cpp:12] DecreaseCounter constructing_actor_cnt, current val is 2178
I0526 17:51:45.532425 213995 thread.cpp:60] thread 16 construct actor 70368744177670
I0526 17:51:45.532452 213996 thread.cpp:60] thread 17 construct actor 74766790688773
I0526 17:51:45.532490 213997 tick_compute_actor.cpp:7] actor 79164837199875 switch to &TickComputeActor::HandlerNormal
I0526 17:51:45.532524 213972 runtime_context.cpp:12] DecreaseCounter constructing_actor_cnt, current val is 2176
I0526 17:51:45.532572 213972 thread.cpp:60] thread 0 construct actor 4
I0526 17:51:45.532608 213997 runtime_context.cpp:12] DecreaseCounter constructing_actor_cnt, current val is 2175
I0526 17:51:45.532616 213994 runtime_context.cpp:12] DecreaseCounter constructing_actor_cnt, current val is 2174
I0526 17:51:45.532644 213997 thread.cpp:60] thread 18 construct actor 79164837199876
I0526 17:51:45.532651 213992 tick_compute_actor.cpp:7] actor 57174604644356 switch to &TickComputeActor::HandlerNormal
I0526 17:51:45.532682 213994 thread.cpp:60] thread 15 construct actor 65970697666563
I0526 17:51:45.532752 213992 runtime_context.cpp:12] DecreaseCounter constructing_actor_cnt, current val is 2173
I0526 17:51:45.532757 213993 tick_compute_actor.cpp:7] actor 61572651155461 switch to &TickComputeActor::HandlerNormal
I0526 17:51:45.532802 213990 tick_compute_actor.cpp:7] actor 48378511622150 switch to &TickComputeActor::HandlerNormal
I0526 17:51:45.532842 213993 runtime_context.cpp:12] DecreaseCounter constructing_actor_cnt, current val is 2172
I0526 17:51:45.532785 213992 thread.cpp:60] thread 13 construct actor 57174604644357
I0526 17:51:45.532862 213993 thread.cpp:60] thread 14 construct actor 61572651155465
I0526 17:51:45.532876 213990 runtime_context.cpp:12] DecreaseCounter constructing_actor_cnt, current val is 2171
I0526 17:51:45.532914 213990 thread.cpp:60] thread 11 construct actor 48378511622151
I0526 17:51:45.532995 213988 tick_compute_actor.cpp:7] actor 39582418599940 switch to &TickComputeActor::HandlerNormal
I0526 17:51:45.533293 213972 normal_forward_compute_actor.cpp:13] actor 4 switch to &NormalForwardCompActor::HandlerNormal
I0526 17:51:45.533197 213996 tick_compute_actor.cpp:7] actor 74766790688773 switch to &TickComputeActor::HandlerNormal
I0526 17:51:45.533035 213986 tick_compute_actor.cpp:7] actor 30786325577732 switch to &TickComputeActor::HandlerNormal
I0526 17:51:45.533365 213988 runtime_context.cpp:12] DecreaseCounter constructing_actor_cnt, current val is 2170
I0526 17:51:45.533394 213991 tick_compute_actor.cpp:7] actor 52776558133254 switch to &TickComputeActor::HandlerNormal
I0526 17:51:45.533408 213972 runtime_context.cpp:12] DecreaseCounter constructing_actor_cnt, current val is 2169
I0526 17:51:45.533435 213988 thread.cpp:60] thread 9 construct actor 39582418599941
I0526 17:51:45.533438 213997 tick_compute_actor.cpp:7] actor 79164837199876 switch to &TickComputeActor::HandlerNormal
I0526 17:51:45.533442 213996 runtime_context.cpp:12] DecreaseCounter constructing_actor_cnt, current val is 2168
I0526 17:51:45.533454 213986 runtime_context.cpp:12] DecreaseCounter constructing_actor_cnt, current val is 2167
I0526 17:51:45.533493 213991 runtime_context.cpp:12] DecreaseCounter constructing_actor_cnt, current val is 2166
I0526 17:51:45.533496 213972 thread.cpp:60] thread 0 construct actor 5
I0526 17:51:45.533555 213995 tick_compute_actor.cpp:7] actor 70368744177670 switch to &TickComputeActor::HandlerNormal
I0526 17:51:45.533565 213992 tick_compute_actor.cpp:7] actor 57174604644357 switch to &TickComputeActor::HandlerNormal
I0526 17:51:45.533592 213997 runtime_context.cpp:12] DecreaseCounter constructing_actor_cnt, current val is 2165
I0526 17:51:45.533594 213996 thread.cpp:60] thread 17 construct actor 74766790688774
I0526 17:51:45.533599 213993 tick_compute_actor.cpp:7] actor 61572651155465 switch to &TickComputeActor::HandlerNormal
I0526 17:51:45.533641 213990 tick_compute_actor.cpp:7] actor 48378511622151 switch to &TickComputeActor::HandlerNormal
I0526 17:51:45.533926 213993 runtime_context.cpp:12] DecreaseCounter constructing_actor_cnt, current val is 2162
I0526 17:51:45.533715 213991 thread.cpp:60] thread 12 construct actor 52776558133255
I0526 17:51:45.533988 213976 copy_hd_actor.cpp:8] actor 8796093022211 switch to &CopyHdActor::HandlerNormal
I0526 17:51:45.533849 213992 runtime_context.cpp:12] DecreaseCounter constructing_actor_cnt, current val is 2163
I0526 17:51:45.533674 213986 thread.cpp:60] thread 7 construct actor 30786325577733
I0526 17:51:45.533958 213990 runtime_context.cpp:12] DecreaseCounter constructing_actor_cnt, current val is 2161
I0526 17:51:45.533819 213995 runtime_context.cpp:12] DecreaseCounter constructing_actor_cnt, current val is 2164
I0526 17:51:45.534061 213992 thread.cpp:60] thread 13 construct actor 57174604644358
I0526 17:51:45.534065 213976 runtime_context.cpp:12] DecreaseCounter constructing_actor_cnt, current val is 2160
I0526 17:51:45.534121 213990 thread.cpp:60] thread 11 construct actor 48378511622152
I0526 17:51:45.534261 213976 thread.cpp:60] thread 2 construct actor 8796093022212
I0526 17:51:45.534440 213972 normal_forward_compute_actor.cpp:13] actor 5 switch to &NormalForwardCompActor::HandlerNormal
I0526 17:51:45.534451 213988 tick_compute_actor.cpp:7] actor 39582418599941 switch to &TickComputeActor::HandlerNormal
I0526 17:51:45.534516 213972 runtime_context.cpp:12] DecreaseCounter constructing_actor_cnt, current val is 2159
I0526 17:51:45.534533 213972 thread.cpp:60] thread 0 construct actor 6
I0526 17:51:45.534548 213988 runtime_context.cpp:12] DecreaseCounter constructing_actor_cnt, current val is 2158
I0526 17:51:45.534569 213988 thread.cpp:60] thread 9 construct actor 39582418599945
I0526 17:51:45.534584 213996 tick_compute_actor.cpp:7] actor 74766790688774 switch to &TickComputeActor::HandlerNormal
I0526 17:51:45.534654 213996 runtime_context.cpp:12] DecreaseCounter constructing_actor_cnt, current val is 2157
I0526 17:51:45.534803 213986 tick_compute_actor.cpp:7] actor 30786325577733 switch to &TickComputeActor::HandlerNormal
I0526 17:51:45.534886 213992 tick_compute_actor.cpp:7] actor 57174604644358 switch to &TickComputeActor::HandlerNormal
I0526 17:51:45.534974 213986 runtime_context.cpp:12] DecreaseCounter constructing_actor_cnt, current val is 2156
I0526 17:51:45.534955 213990 tick_compute_actor.cpp:7] actor 48378511622152 switch to &TickComputeActor::HandlerNormal
I0526 17:51:45.535007 213986 thread.cpp:60] thread 7 construct actor 30786325577734
I0526 17:51:45.535013 213992 runtime_context.cpp:12] DecreaseCounter constructing_actor_cnt, current val is 2155
I0526 17:51:45.535068 213990 runtime_context.cpp:12] DecreaseCounter constructing_actor_cnt, current val is 2154
I0526 17:51:45.535068 213991 tick_compute_actor.cpp:7] actor 52776558133255 switch to &TickComputeActor::HandlerNormal
I0526 17:51:45.535102 213992 thread.cpp:60] thread 13 construct actor 57174604644359
I0526 17:51:45.535132 213990 thread.cpp:60] thread 11 construct actor 48378511622153
I0526 17:51:45.535207 213991 runtime_context.cpp:12] DecreaseCounter constructing_actor_cnt, current val is 2153
I0526 17:51:45.535220 213972 normal_forward_compute_actor.cpp:13] actor 6 switch to &NormalForwardCompActor::HandlerNormal
I0526 17:51:45.535265 213991 thread.cpp:60] thread 12 construct actor 52776558133256
I0526 17:51:45.535368 213972 runtime_context.cpp:12] DecreaseCounter constructing_actor_cnt, current val is 2152
I0526 17:51:45.535398 213972 thread.cpp:60] thread 0 construct actor 7
I0526 17:51:45.535475 213976 copy_hd_actor.cpp:8] actor 8796093022212 switch to &CopyHdActor::HandlerNormal
I0526 17:51:45.535542 213976 runtime_context.cpp:12] DecreaseCounter constructing_actor_cnt, current val is 2151
I0526 17:51:45.535568 213976 thread.cpp:60] thread 2 construct actor 8796093022213
I0526 17:51:45.535629 213988 tick_compute_actor.cpp:7] actor 39582418599945 switch to &TickComputeActor::HandlerNormal
